{"id": "gqAmIg0fcts", "title": "Jobless Claim Falls For a Sixth Straight Week | The Close 7/24/2025", "formats": [{"format_id": "sb3", "format_note": "storyboard", "ext": "mhtml", "protocol": "mhtml", "acodec": "none", "vcodec": "none", "url": "https://i.ytimg.com/sb/gqAmIg0fcts/storyboard3_L0/default.jpg?sqp=-oaymwENSDfyq4qpAwVwAcABBqLzl_8DBgjfuIvEBg==&sigh=rs$AOn4CLDwqQt9yLqBWkB0rADtLArEQ1v6IA", "width": 48, "height": 27, "fps": 0.01662510390689942, "rows": 10, "columns": 10, "fragments": [{"url": "https://i.ytimg.com/sb/gqAmIg0fcts/storyboard3_L0/default.jpg?sqp=-oaymwENSDfyq4qpAwVwAcABBqLzl_8DBgjfuIvEBg==&sigh=rs$AOn4CLDwqQt9yLqBWkB0rADtLArEQ1v6IA", "duration": 6015.0}], "audio_ext": "none", "video_ext": "none", "vbr": 0, "abr": 0, "tbr": null, "resolution": "48x27", "aspect_ratio": 1.78, "filesize_approx": null, "http_headers": {"User-Agent": "Mozilla/5.0 (Windows NT 10.0; Win64; x64) AppleWebKit/537.36 (KHTML, like Gecko) Chrome/92.0.4515.159 Safari/537.36", "Accept": "text/html,application/xhtml+xml,application/xml;q=0.9,*/*;q=0.8", "Accept-Language": "en-us,en;q=0.5", "Sec-Fetch-Mode": "navigate"}, "format": "sb3 - 48x27 (storyboard)"}, {"format_id": "sb2", "format_note": "storyboard", "ext": "mhtml", "protocol": "mhtml", "acodec": "none", "vcodec": "none", "url": "https://i.ytimg.com/sb/gqAmIg0fcts/storyboard3_L1/M$M.jpg?sqp=-oaymwENSDfyq4qpAwVwAcABBqLzl_8DBgjfuIvEBg==&sigh=rs$AOn4CLApcf2IkTxZep4D1s_bW_-hlJCHcQ", "width": 80, "height": 45, "fps": 0.1002493765586035, "rows": 10, "columns": 10, "fragments": [{"url": "https://i.ytimg.com/sb/gqAmIg0fcts/storyboard3_L1/M0.jpg?sqp=-oaymwENSDfyq4qpAwVwAcABBqLzl_8DBgjfuIvEBg==&sigh=rs$AOn4CLApcf2IkTxZep4D1s_bW_-hlJCHcQ", "duration": 997.5124378109452}, {"url": "https://i.ytimg.com/sb/gqAmIg0fcts/storyboard3_L1/M1.jpg?sqp=-oaymwENSDfyq4qpAwVwAcABBqLzl_8DBgjfuIvEBg==&sigh=rs$AOn4CLApcf2IkTxZep4D1s_bW_-hlJCHcQ", "duration": 997.5124378109452}, {"url": "https://i.ytimg.com/sb/gqAmIg0fcts/storyboard3_L1/M2.jpg?sqp=-oaymwENSDfyq4qpAwVwAcABBqLzl_8DBgjfuIvEBg==&sigh=rs$AOn4CLApcf2IkTxZep4D1s_bW_-hlJCHcQ", "duration": 997.5124378109452}, {"url": "https://i.ytimg.com/sb/gqAmIg0fcts/storyboard3_L1/M3.jpg?sqp=-oaymwENSDfyq4qpAwVwAcABBqLzl_8DBgjfuIvEBg==&sigh=rs$AOn4CLApcf2IkTxZep4D1s_bW_-hlJCHcQ", "duration": 997.5124378109452}, {"url": "https://i.ytimg.com/sb/gqAmIg0fcts/storyboard3_L1/M4.jpg?sqp=-oaymwENSDfyq4qpAwVwAcABBqLzl_8DBgjfuIvEBg==&sigh=rs$AOn4CLApcf2IkTxZep4D1s_bW_-hlJCHcQ", "duration": 997.5124378109452}, {"url": "https://i.ytimg.com/sb/gqAmIg0fcts/storyboard3_L1/M5.jpg?sqp=-oaymwENSDfyq4qpAwVwAcABBqLzl_8DBgjfuIvEBg==&sigh=rs$AOn4CLApcf2IkTxZep4D1s_bW_-hlJCHcQ", "duration": 997.5124378109452}, {"url": "https://i.ytimg.com/sb/gqAmIg0fcts/storyboard3_L1/M6.jpg?sqp=-oaymwENSDfyq4qpAwVwAcABBqLzl_8DBgjfuIvEBg==&sigh=rs$AOn4CLApcf2IkTxZep4D1s_bW_-hlJCHcQ", "duration": 29.925373134328765}], "audio_ext": "none", "video_ext": "none", "vbr": 0, "abr": 0, "tbr": null, "resolution": "80x45", "aspect_ratio": 1.78, "filesize_approx": null, "http_headers": {"User-Agent": "Mozilla/5.0 (Windows NT 10.0; Win64; x64) AppleWebKit/537.36 (KHTML, like Gecko) Chrome/92.0.4515.159 Safari/537.36", "Accept": "text/html,application/xhtml+xml,application/xml;q=0.9,*/*;q=0.8", "Accept-Language": "en-us,en;q=0.5", "Sec-Fetch-Mode": "navigate"}, "format": "sb2 - 80x45 (storyboard)"}, {"format_id": "sb1", "format_note": "storyboard", "ext": "mhtml", "protocol": "mhtml", "acodec": "none", "vcodec": "none", "url": "https://i.ytimg.com/sb/gqAmIg0fcts/storyboard3_L2/M$M.jpg?sqp=-oaymwENSDfyq4qpAwVwAcABBqLzl_8DBgjfuIvEBg==&sigh=rs$AOn4CLADXsKKu49gdh_XnEV_Qe6pvj3VLw", "width": 160, "height": 90, "fps": 0.1002493765586035, "rows": 5, "columns": 5, "fragments": [{"url": "https://i.ytimg.com/sb/gqAmIg0fcts/storyboard3_L2/M0.jpg?sqp=-oaymwENSDfyq4qpAwVwAcABBqLzl_8DBgjfuIvEBg==&sigh=rs$AOn4CLADXsKKu49gdh_XnEV_Qe6pvj3VLw", "duration": 249.3781094527363}, {"url": "https://i.ytimg.com/sb/gqAmIg0fcts/storyboard3_L2/M1.jpg?sqp=-oaymwENSDfyq4qpAwVwAcABBqLzl_8DBgjfuIvEBg==&sigh=rs$AOn4CLADXsKKu49gdh_XnEV_Qe6pvj3VLw", "duration": 249.3781094527363}, {"url": "https://i.ytimg.com/sb/gqAmIg0fcts/storyboard3_L2/M2.jpg?sqp=-oaymwENSDfyq4qpAwVwAcABBqLzl_8DBgjfuIvEBg==&sigh=rs$AOn4CLADXsKKu49gdh_XnEV_Qe6pvj3VLw", "duration": 249.3781094527363}, {"url": "https://i.ytimg.com/sb/gqAmIg0fcts/storyboard3_L2/M3.jpg?sqp=-oaymwENSDfyq4qpAwVwAcABBqLzl_8DBgjfuIvEBg==&sigh=rs$AOn4CLADXsKKu49gdh_XnEV_Qe6pvj3VLw", "duration": 249.3781094527363}, {"url": "https://i.ytimg.com/sb/gqAmIg0fcts/storyboard3_L2/M4.jpg?sqp=-oaymwENSDfyq4qpAwVwAcABBqLzl_8DBgjfuIvEBg==&sigh=rs$AOn4CLADXsKKu49gdh_XnEV_Qe6pvj3VLw", "duration": 249.3781094527363}, {"url": "https://i.ytimg.com/sb/gqAmIg0fcts/storyboard3_L2/M5.jpg?sqp=-oaymwENSDfyq4qpAwVwAcABBqLzl_8DBgjfuIvEBg==&sigh=rs$AOn4CLADXsKKu49gdh_XnEV_Qe6pvj3VLw", "duration": 249.3781094527363}, {"url": "https://i.ytimg.com/sb/gqAmIg0fcts/storyboard3_L2/M6.jpg?sqp=-oaymwENSDfyq4qpAwVwAcABBqLzl_8DBgjfuIvEBg==&sigh=rs$AOn4CLADXsKKu49gdh_XnEV_Qe6pvj3VLw", "duration": 249.3781094527363}, {"url": "https://i.ytimg.com/sb/gqAmIg0fcts/storyboard3_L2/M7.jpg?sqp=-oaymwENSDfyq4qpAwVwAcABBqLzl_8DBgjfuIvEBg==&sigh=rs$AOn4CLADXsKKu49gdh_XnEV_Qe6pvj3VLw", "duration": 249.3781094527363}, {"url": "https://i.ytimg.com/sb/gqAmIg0fcts/storyboard3_L2/M8.jpg?sqp=-oaymwENSDfyq4qpAwVwAcABBqLzl_8DBgjfuIvEBg==&sigh=rs$AOn4CLADXsKKu49gdh_XnEV_Qe6pvj3VLw", "duration": 249.3781094527363}, {"url": "https://i.ytimg.com/sb/gqAmIg0fcts/storyboard3_L2/M9.jpg?sqp=-oaymwENSDfyq4qpAwVwAcABBqLzl_8DBgjfuIvEBg==&sigh=rs$AOn4CLADXsKKu49gdh_XnEV_Qe6pvj3VLw", "duration": 249.3781094527363}, {"url": "https://i.ytimg.com/sb/gqAmIg0fcts/storyboard3_L2/M10.jpg?sqp=-oaymwENSDfyq4qpAwVwAcABBqLzl_8DBgjfuIvEBg==&sigh=rs$AOn4CLADXsKKu49gdh_XnEV_Qe6pvj3VLw", "duration": 249.3781094527363}, {"url": "https://i.ytimg.com/sb/gqAmIg0fcts/storyboard3_L2/M11.jpg?sqp=-oaymwENSDfyq4qpAwVwAcABBqLzl_8DBgjfuIvEBg==&sigh=rs$AOn4CLADXsKKu49gdh_XnEV_Qe6pvj3VLw", "duration": 249.3781094527363}, {"url": "https://i.ytimg.com/sb/gqAmIg0fcts/storyboard3_L2/M12.jpg?sqp=-oaymwENSDfyq4qpAwVwAcABBqLzl_8DBgjfuIvEBg==&sigh=rs$AOn4CLADXsKKu49gdh_XnEV_Qe6pvj3VLw", "duration": 249.3781094527363}, {"url": "https://i.ytimg.com/sb/gqAmIg0fcts/storyboard3_L2/M13.jpg?sqp=-oaymwENSDfyq4qpAwVwAcABBqLzl_8DBgjfuIvEBg==&sigh=rs$AOn4CLADXsKKu49gdh_XnEV_Qe6pvj3VLw", "duration": 249.3781094527363}, {"url": "https://i.ytimg.com/sb/gqAmIg0fcts/storyboard3_L2/M14.jpg?sqp=-oaymwENSDfyq4qpAwVwAcABBqLzl_8DBgjfuIvEBg==&sigh=rs$AOn4CLADXsKKu49gdh_XnEV_Qe6pvj3VLw", "duration": 249.3781094527363}, {"url": "https://i.ytimg.com/sb/gqAmIg0fcts/storyboard3_L2/M15.jpg?sqp=-oaymwENSDfyq4qpAwVwAcABBqLzl_8DBgjfuIvEBg==&sigh=rs$AOn4CLADXsKKu49gdh_XnEV_Qe6pvj3VLw", "duration": 249.3781094527363}, {"url": "https://i.ytimg.com/sb/gqAmIg0fcts/storyboard3_L2/M16.jpg?sqp=-oaymwENSDfyq4qpAwVwAcABBqLzl_8DBgjfuIvEBg==&sigh=rs$AOn4CLADXsKKu49gdh_XnEV_Qe6pvj3VLw", "duration": 249.3781094527363}, {"url": "https://i.ytimg.com/sb/gqAmIg0fcts/storyboard3_L2/M17.jpg?sqp=-oaymwENSDfyq4qpAwVwAcABBqLzl_8DBgjfuIvEBg==&sigh=rs$AOn4CLADXsKKu49gdh_XnEV_Qe6pvj3VLw", "duration": 249.3781094527363}, {"url": "https://i.ytimg.com/sb/gqAmIg0fcts/storyboard3_L2/M18.jpg?sqp=-oaymwENSDfyq4qpAwVwAcABBqLzl_8DBgjfuIvEBg==&sigh=rs$AOn4CLADXsKKu49gdh_XnEV_Qe6pvj3VLw", "duration": 249.3781094527363}, {"url": "https://i.ytimg.com/sb/gqAmIg0fcts/storyboard3_L2/M19.jpg?sqp=-oaymwENSDfyq4qpAwVwAcABBqLzl_8DBgjfuIvEBg==&sigh=rs$AOn4CLADXsKKu49gdh_XnEV_Qe6pvj3VLw", "duration": 249.3781094527363}, {"url": "https://i.ytimg.com/sb/gqAmIg0fcts/storyboard3_L2/M20.jpg?sqp=-oaymwENSDfyq4qpAwVwAcABBqLzl_8DBgjfuIvEBg==&sigh=rs$AOn4CLADXsKKu49gdh_XnEV_Qe6pvj3VLw", "duration": 249.3781094527363}, {"url": "https://i.ytimg.com/sb/gqAmIg0fcts/storyboard3_L2/M21.jpg?sqp=-oaymwENSDfyq4qpAwVwAcABBqLzl_8DBgjfuIvEBg==&sigh=rs$AOn4CLADXsKKu49gdh_XnEV_Qe6pvj3VLw", "duration": 249.3781094527363}, {"url": "https://i.ytimg.com/sb/gqAmIg0fcts/storyboard3_L2/M22.jpg?sqp=-oaymwENSDfyq4qpAwVwAcABBqLzl_8DBgjfuIvEBg==&sigh=rs$AOn4CLADXsKKu49gdh_XnEV_Qe6pvj3VLw", "duration": 249.3781094527363}, {"url": "https://i.ytimg.com/sb/gqAmIg0fcts/storyboard3_L2/M23.jpg?sqp=-oaymwENSDfyq4qpAwVwAcABBqLzl_8DBgjfuIvEBg==&sigh=rs$AOn4CLADXsKKu49gdh_XnEV_Qe6pvj3VLw", "duration": 249.3781094527363}, {"url": "https://i.ytimg.com/sb/gqAmIg0fcts/storyboard3_L2/M24.jpg?sqp=-oaymwENSDfyq4qpAwVwAcABBqLzl_8DBgjfuIvEBg==&sigh=rs$AOn4CLADXsKKu49gdh_XnEV_Qe6pvj3VLw", "duration": 29.925373134328765}], "audio_ext": "none", "video_ext": "none", "vbr": 0, "abr": 0, "tbr": null, "resolution": "160x90", "aspect_ratio": 1.78, "filesize_approx": null, "http_headers": {"User-Agent": "Mozilla/5.0 (Windows NT 10.0; Win64; x64) AppleWebKit/537.36 (KHTML, like Gecko) Chrome/92.0.4515.159 Safari/537.36", "Accept": "text/html,application/xhtml+xml,application/xml;q=0.9,*/*;q=0.8", "Accept-Language": "en-us,en;q=0.5", "Sec-Fetch-Mode": "navigate"}, "format": "sb1 - 160x90 (storyboard)"}, {"format_id": "sb0", "format_note": "storyboard", "ext": "mhtml", "protocol": "mhtml", "acodec": "none", "vcodec": "none", "url": "https://i.ytimg.com/sb/gqAmIg0fcts/storyboard3_L3/M$M.jpg?sqp=-oaymwENSDfyq4qpAwVwAcABBqLzl_8DBgjfuIvEBg==&sigh=rs$AOn4CLCNsmiMNVkvxWUSW-snOTOpSE1SMg", "width": 320, "height": 180, "fps": 0.1002493765586035, "rows": 3, "columns": 3, "fragments": [{"url": "https://i.ytimg.com/sb/gqAmIg0fcts/storyboard3_L3/M0.jpg?sqp=-oaymwENSDfyq4qpAwVwAcABBqLzl_8DBgjfuIvEBg==&sigh=rs$AOn4CLCNsmiMNVkvxWUSW-snOTOpSE1SMg", "duration": 89.77611940298507}, {"url": "https://i.ytimg.com/sb/gqAmIg0fcts/storyboard3_L3/M1.jpg?sqp=-oaymwENSDfyq4qpAwVwAcABBqLzl_8DBgjfuIvEBg==&sigh=rs$AOn4CLCNsmiMNVkvxWUSW-snOTOpSE1SMg", "duration": 89.77611940298507}, {"url": "https://i.ytimg.com/sb/gqAmIg0fcts/storyboard3_L3/M2.jpg?sqp=-oaymwENSDfyq4qpAwVwAcABBqLzl_8DBgjfuIvEBg==&sigh=rs$AOn4CLCNsmiMNVkvxWUSW-snOTOpSE1SMg", "duration": 89.77611940298507}, {"url": "https://i.ytimg.com/sb/gqAmIg0fcts/storyboard3_L3/M3.jpg?sqp=-oaymwENSDfyq4qpAwVwAcABBqLzl_8DBgjfuIvEBg==&sigh=rs$AOn4CLCNsmiMNVkvxWUSW-snOTOpSE1SMg", "duration": 89.77611940298507}, {"url": "https://i.ytimg.com/sb/gqAmIg0fcts/storyboard3_L3/M4.jpg?sqp=-oaymwENSDfyq4qpAwVwAcABBqLzl_8DBgjfuIvEBg==&sigh=rs$AOn4CLCNsmiMNVkvxWUSW-snOTOpSE1SMg", "duration": 89.77611940298507}, {"url": "https://i.ytimg.com/sb/gqAmIg0fcts/storyboard3_L3/M5.jpg?sqp=-oaymwENSDfyq4qpAwVwAcABBqLzl_8DBgjfuIvEBg==&sigh=rs$AOn4CLCNsmiMNVkvxWUSW-snOTOpSE1SMg", "duration": 89.77611940298507}, {"url": "https://i.ytimg.com/sb/gqAmIg0fcts/storyboard3_L3/M6.jpg?sqp=-oaymwENSDfyq4qpAwVwAcABBqLzl_8DBgjfuIvEBg==&sigh=rs$AOn4CLCNsmiMNVkvxWUSW-snOTOpSE1SMg", "duration": 89.77611940298507}, {"url": "https://i.ytimg.com/sb/gqAmIg0fcts/storyboard3_L3/M7.jpg?sqp=-oaymwENSDfyq4qpAwVwAcABBqLzl_8DBgjfuIvEBg==&sigh=rs$AOn4CLCNsmiMNVkvxWUSW-snOTOpSE1SMg", "duration": 89.77611940298507}, {"url": "https://i.ytimg.com/sb/gqAmIg0fcts/storyboard3_L3/M8.jpg?sqp=-oaymwENSDfyq4qpAwVwAcABBqLzl_8DBgjfuIvEBg==&sigh=rs$AOn4CLCNsmiMNVkvxWUSW-snOTOpSE1SMg", "duration": 89.77611940298507}, {"url": "https://i.ytimg.com/sb/gqAmIg0fcts/storyboard3_L3/M9.jpg?sqp=-oaymwENSDfyq4qpAwVwAcABBqLzl_8DBgjfuIvEBg==&sigh=rs$AOn4CLCNsmiMNVkvxWUSW-snOTOpSE1SMg", "duration": 89.77611940298507}, {"url": "https://i.ytimg.com/sb/gqAmIg0fcts/storyboard3_L3/M10.jpg?sqp=-oaymwENSDfyq4qpAwVwAcABBqLzl_8DBgjfuIvEBg==&sigh=rs$AOn4CLCNsmiMNVkvxWUSW-snOTOpSE1SMg", "duration": 89.77611940298507}, {"url": "https://i.ytimg.com/sb/gqAmIg0fcts/storyboard3_L3/M11.jpg?sqp=-oaymwENSDfyq4qpAwVwAcABBqLzl_8DBgjfuIvEBg==&sigh=rs$AOn4CLCNsmiMNVkvxWUSW-snOTOpSE1SMg", "duration": 89.77611940298507}, {"url": "https://i.ytimg.com/sb/gqAmIg0fcts/storyboard3_L3/M12.jpg?sqp=-oaymwENSDfyq4qpAwVwAcABBqLzl_8DBgjfuIvEBg==&sigh=rs$AOn4CLCNsmiMNVkvxWUSW-snOTOpSE1SMg", "duration": 89.77611940298507}, {"url": "https://i.ytimg.com/sb/gqAmIg0fcts/storyboard3_L3/M13.jpg?sqp=-oaymwENSDfyq4qpAwVwAcABBqLzl_8DBgjfuIvEBg==&sigh=rs$AOn4CLCNsmiMNVkvxWUSW-snOTOpSE1SMg", "duration": 89.77611940298507}, {"url": "https://i.ytimg.com/sb/gqAmIg0fcts/storyboard3_L3/M14.jpg?sqp=-oaymwENSDfyq4qpAwVwAcABBqLzl_8DBgjfuIvEBg==&sigh=rs$AOn4CLCNsmiMNVkvxWUSW-snOTOpSE1SMg", "duration": 89.77611940298507}, {"url": "https://i.ytimg.com/sb/gqAmIg0fcts/storyboard3_L3/M15.jpg?sqp=-oaymwENSDfyq4qpAwVwAcABBqLzl_8DBgjfuIvEBg==&sigh=rs$AOn4CLCNsmiMNVkvxWUSW-snOTOpSE1SMg", "duration": 89.77611940298507}, {"url": "https://i.ytimg.com/sb/gqAmIg0fcts/storyboard3_L3/M16.jpg?sqp=-oaymwENSDfyq4qpAwVwAcABBqLzl_8DBgjfuIvEBg==&sigh=rs$AOn4CLCNsmiMNVkvxWUSW-snOTOpSE1SMg", "duration": 89.77611940298507}, {"url": "https://i.ytimg.com/sb/gqAmIg0fcts/storyboard3_L3/M17.jpg?sqp=-oaymwENSDfyq4qpAwVwAcABBqLzl_8DBgjfuIvEBg==&sigh=rs$AOn4CLCNsmiMNVkvxWUSW-snOTOpSE1SMg", "duration": 89.77611940298507}, {"url": "https://i.ytimg.com/sb/gqAmIg0fcts/storyboard3_L3/M18.jpg?sqp=-oaymwENSDfyq4qpAwVwAcABBqLzl_8DBgjfuIvEBg==&sigh=rs$AOn4CLCNsmiMNVkvxWUSW-snOTOpSE1SMg", "duration": 89.77611940298507}, {"url": "https://i.ytimg.com/sb/gqAmIg0fcts/storyboard3_L3/M19.jpg?sqp=-oaymwENSDfyq4qpAwVwAcABBqLzl_8DBgjfuIvEBg==&sigh=rs$AOn4CLCNsmiMNVkvxWUSW-snOTOpSE1SMg", "duration": 89.77611940298507}, {"url": "https://i.ytimg.com/sb/gqAmIg0fcts/storyboard3_L3/M20.jpg?sqp=-oaymwENSDfyq4qpAwVwAcABBqLzl_8DBgjfuIvEBg==&sigh=rs$AOn4CLCNsmiMNVkvxWUSW-snOTOpSE1SMg", "duration": 89.77611940298507}, {"url": "https://i.ytimg.com/sb/gqAmIg0fcts/storyboard3_L3/M21.jpg?sqp=-oaymwENSDfyq4qpAwVwAcABBqLzl_8DBgjfuIvEBg==&sigh=rs$AOn4CLCNsmiMNVkvxWUSW-snOTOpSE1SMg", "duration": 89.77611940298507}, {"url": "https://i.ytimg.com/sb/gqAmIg0fcts/storyboard3_L3/M22.jpg?sqp=-oaymwENSDfyq4qpAwVwAcABBqLzl_8DBgjfuIvEBg==&sigh=rs$AOn4CLCNsmiMNVkvxWUSW-snOTOpSE1SMg", "duration": 89.77611940298507}, {"url": "https://i.ytimg.com/sb/gqAmIg0fcts/storyboard3_L3/M23.jpg?sqp=-oaymwENSDfyq4qpAwVwAcABBqLzl_8DBgjfuIvEBg==&sigh=rs$AOn4CLCNsmiMNVkvxWUSW-snOTOpSE1SMg", "duration": 89.77611940298507}, {"url": "https://i.ytimg.com/sb/gqAmIg0fcts/storyboard3_L3/M24.jpg?sqp=-oaymwENSDfyq4qpAwVwAcABBqLzl_8DBgjfuIvEBg==&sigh=rs$AOn4CLCNsmiMNVkvxWUSW-snOTOpSE1SMg", "duration": 89.77611940298507}, {"url": "https://i.ytimg.com/sb/gqAmIg0fcts/storyboard3_L3/M25.jpg?sqp=-oaymwENSDfyq4qpAwVwAcABBqLzl_8DBgjfuIvEBg==&sigh=rs$AOn4CLCNsmiMNVkvxWUSW-snOTOpSE1SMg", "duration": 89.77611940298507}, {"url": "https://i.ytimg.com/sb/gqAmIg0fcts/storyboard3_L3/M26.jpg?sqp=-oaymwENSDfyq4qpAwVwAcABBqLzl_8DBgjfuIvEBg==&sigh=rs$AOn4CLCNsmiMNVkvxWUSW-snOTOpSE1SMg", "duration": 89.77611940298507}, {"url": "https://i.ytimg.com/sb/gqAmIg0fcts/storyboard3_L3/M27.jpg?sqp=-oaymwENSDfyq4qpAwVwAcABBqLzl_8DBgjfuIvEBg==&sigh=rs$AOn4CLCNsmiMNVkvxWUSW-snOTOpSE1SMg", "duration": 89.77611940298507}, {"url": "https://i.ytimg.com/sb/gqAmIg0fcts/storyboard3_L3/M28.jpg?sqp=-oaymwENSDfyq4qpAwVwAcABBqLzl_8DBgjfuIvEBg==&sigh=rs$AOn4CLCNsmiMNVkvxWUSW-snOTOpSE1SMg", "duration": 89.77611940298507}, {"url": "https://i.ytimg.com/sb/gqAmIg0fcts/storyboard3_L3/M29.jpg?sqp=-oaymwENSDfyq4qpAwVwAcABBqLzl_8DBgjfuIvEBg==&sigh=rs$AOn4CLCNsmiMNVkvxWUSW-snOTOpSE1SMg", "duration": 89.77611940298507}, {"url": "https://i.ytimg.com/sb/gqAmIg0fcts/storyboard3_L3/M30.jpg?sqp=-oaymwENSDfyq4qpAwVwAcABBqLzl_8DBgjfuIvEBg==&sigh=rs$AOn4CLCNsmiMNVkvxWUSW-snOTOpSE1SMg", "duration": 89.77611940298507}, {"url": "https://i.ytimg.com/sb/gqAmIg0fcts/storyboard3_L3/M31.jpg?sqp=-oaymwENSDfyq4qpAwVwAcABBqLzl_8DBgjfuIvEBg==&sigh=rs$AOn4CLCNsmiMNVkvxWUSW-snOTOpSE1SMg", "duration": 89.77611940298507}, {"url": "https://i.ytimg.com/sb/gqAmIg0fcts/storyboard3_L3/M32.jpg?sqp=-oaymwENSDfyq4qpAwVwAcABBqLzl_8DBgjfuIvEBg==&sigh=rs$AOn4CLCNsmiMNVkvxWUSW-snOTOpSE1SMg", "duration": 89.77611940298507}, {"url": "https://i.ytimg.com/sb/gqAmIg0fcts/storyboard3_L3/M33.jpg?sqp=-oaymwENSDfyq4qpAwVwAcABBqLzl_8DBgjfuIvEBg==&sigh=rs$AOn4CLCNsmiMNVkvxWUSW-snOTOpSE1SMg", "duration": 89.77611940298507}, {"url": "https://i.ytimg.com/sb/gqAmIg0fcts/storyboard3_L3/M34.jpg?sqp=-oaymwENSDfyq4qpAwVwAcABBqLzl_8DBgjfuIvEBg==&sigh=rs$AOn4CLCNsmiMNVkvxWUSW-snOTOpSE1SMg", "duration": 89.77611940298507}, {"url": "https://i.ytimg.com/sb/gqAmIg0fcts/storyboard3_L3/M35.jpg?sqp=-oaymwENSDfyq4qpAwVwAcABBqLzl_8DBgjfuIvEBg==&sigh=rs$AOn4CLCNsmiMNVkvxWUSW-snOTOpSE1SMg", "duration": 89.77611940298507}, {"url": "https://i.ytimg.com/sb/gqAmIg0fcts/storyboard3_L3/M36.jpg?sqp=-oaymwENSDfyq4qpAwVwAcABBqLzl_8DBgjfuIvEBg==&sigh=rs$AOn4CLCNsmiMNVkvxWUSW-snOTOpSE1SMg", "duration": 89.77611940298507}, {"url": "https://i.ytimg.com/sb/gqAmIg0fcts/storyboard3_L3/M37.jpg?sqp=-oaymwENSDfyq4qpAwVwAcABBqLzl_8DBgjfuIvEBg==&sigh=rs$AOn4CLCNsmiMNVkvxWUSW-snOTOpSE1SMg", "duration": 89.77611940298507}, {"url": "https://i.ytimg.com/sb/gqAmIg0fcts/storyboard3_L3/M38.jpg?sqp=-oaymwENSDfyq4qpAwVwAcABBqLzl_8DBgjfuIvEBg==&sigh=rs$AOn4CLCNsmiMNVkvxWUSW-snOTOpSE1SMg", "duration": 89.77611940298507}, {"url": "https://i.ytimg.com/sb/gqAmIg0fcts/storyboard3_L3/M39.jpg?sqp=-oaymwENSDfyq4qpAwVwAcABBqLzl_8DBgjfuIvEBg==&sigh=rs$AOn4CLCNsmiMNVkvxWUSW-snOTOpSE1SMg", "duration": 89.77611940298507}, {"url": "https://i.ytimg.com/sb/gqAmIg0fcts/storyboard3_L3/M40.jpg?sqp=-oaymwENSDfyq4qpAwVwAcABBqLzl_8DBgjfuIvEBg==&sigh=rs$AOn4CLCNsmiMNVkvxWUSW-snOTOpSE1SMg", "duration": 89.77611940298507}, {"url": "https://i.ytimg.com/sb/gqAmIg0fcts/storyboard3_L3/M41.jpg?sqp=-oaymwENSDfyq4qpAwVwAcABBqLzl_8DBgjfuIvEBg==&sigh=rs$AOn4CLCNsmiMNVkvxWUSW-snOTOpSE1SMg", "duration": 89.77611940298507}, {"url": "https://i.ytimg.com/sb/gqAmIg0fcts/storyboard3_L3/M42.jpg?sqp=-oaymwENSDfyq4qpAwVwAcABBqLzl_8DBgjfuIvEBg==&sigh=rs$AOn4CLCNsmiMNVkvxWUSW-snOTOpSE1SMg", "duration": 89.77611940298507}, {"url": "https://i.ytimg.com/sb/gqAmIg0fcts/storyboard3_L3/M43.jpg?sqp=-oaymwENSDfyq4qpAwVwAcABBqLzl_8DBgjfuIvEBg==&sigh=rs$AOn4CLCNsmiMNVkvxWUSW-snOTOpSE1SMg", "duration": 89.77611940298507}, {"url": "https://i.ytimg.com/sb/gqAmIg0fcts/storyboard3_L3/M44.jpg?sqp=-oaymwENSDfyq4qpAwVwAcABBqLzl_8DBgjfuIvEBg==&sigh=rs$AOn4CLCNsmiMNVkvxWUSW-snOTOpSE1SMg", "duration": 89.77611940298507}, {"url": "https://i.ytimg.com/sb/gqAmIg0fcts/storyboard3_L3/M45.jpg?sqp=-oaymwENSDfyq4qpAwVwAcABBqLzl_8DBgjfuIvEBg==&sigh=rs$AOn4CLCNsmiMNVkvxWUSW-snOTOpSE1SMg", "duration": 89.77611940298507}, {"url": "https://i.ytimg.com/sb/gqAmIg0fcts/storyboard3_L3/M46.jpg?sqp=-oaymwENSDfyq4qpAwVwAcABBqLzl_8DBgjfuIvEBg==&sigh=rs$AOn4CLCNsmiMNVkvxWUSW-snOTOpSE1SMg", "duration": 89.77611940298507}, {"url": "https://i.ytimg.com/sb/gqAmIg0fcts/storyboard3_L3/M47.jpg?sqp=-oaymwENSDfyq4qpAwVwAcABBqLzl_8DBgjfuIvEBg==&sigh=rs$AOn4CLCNsmiMNVkvxWUSW-snOTOpSE1SMg", "duration": 89.77611940298507}, {"url": "https://i.ytimg.com/sb/gqAmIg0fcts/storyboard3_L3/M48.jpg?sqp=-oaymwENSDfyq4qpAwVwAcABBqLzl_8DBgjfuIvEBg==&sigh=rs$AOn4CLCNsmiMNVkvxWUSW-snOTOpSE1SMg", "duration": 89.77611940298507}, {"url": "https://i.ytimg.com/sb/gqAmIg0fcts/storyboard3_L3/M49.jpg?sqp=-oaymwENSDfyq4qpAwVwAcABBqLzl_8DBgjfuIvEBg==&sigh=rs$AOn4CLCNsmiMNVkvxWUSW-snOTOpSE1SMg", "duration": 89.77611940298507}, {"url": "https://i.ytimg.com/sb/gqAmIg0fcts/storyboard3_L3/M50.jpg?sqp=-oaymwENSDfyq4qpAwVwAcABBqLzl_8DBgjfuIvEBg==&sigh=rs$AOn4CLCNsmiMNVkvxWUSW-snOTOpSE1SMg", "duration": 89.77611940298507}, {"url": "https://i.ytimg.com/sb/gqAmIg0fcts/storyboard3_L3/M51.jpg?sqp=-oaymwENSDfyq4qpAwVwAcABBqLzl_8DBgjfuIvEBg==&sigh=rs$AOn4CLCNsmiMNVkvxWUSW-snOTOpSE1SMg", "duration": 89.77611940298507}, {"url": "https://i.ytimg.com/sb/gqAmIg0fcts/storyboard3_L3/M52.jpg?sqp=-oaymwENSDfyq4qpAwVwAcABBqLzl_8DBgjfuIvEBg==&sigh=rs$AOn4CLCNsmiMNVkvxWUSW-snOTOpSE1SMg", "duration": 89.77611940298507}, {"url": "https://i.ytimg.com/sb/gqAmIg0fcts/storyboard3_L3/M53.jpg?sqp=-oaymwENSDfyq4qpAwVwAcABBqLzl_8DBgjfuIvEBg==&sigh=rs$AOn4CLCNsmiMNVkvxWUSW-snOTOpSE1SMg", "duration": 89.77611940298507}, {"url": "https://i.ytimg.com/sb/gqAmIg0fcts/storyboard3_L3/M54.jpg?sqp=-oaymwENSDfyq4qpAwVwAcABBqLzl_8DBgjfuIvEBg==&sigh=rs$AOn4CLCNsmiMNVkvxWUSW-snOTOpSE1SMg", "duration": 89.77611940298507}, {"url": "https://i.ytimg.com/sb/gqAmIg0fcts/storyboard3_L3/M55.jpg?sqp=-oaymwENSDfyq4qpAwVwAcABBqLzl_8DBgjfuIvEBg==&sigh=rs$AOn4CLCNsmiMNVkvxWUSW-snOTOpSE1SMg", "duration": 89.77611940298507}, {"url": "https://i.ytimg.com/sb/gqAmIg0fcts/storyboard3_L3/M56.jpg?sqp=-oaymwENSDfyq4qpAwVwAcABBqLzl_8DBgjfuIvEBg==&sigh=rs$AOn4CLCNsmiMNVkvxWUSW-snOTOpSE1SMg", "duration": 89.77611940298507}, {"url": "https://i.ytimg.com/sb/gqAmIg0fcts/storyboard3_L3/M57.jpg?sqp=-oaymwENSDfyq4qpAwVwAcABBqLzl_8DBgjfuIvEBg==&sigh=rs$AOn4CLCNsmiMNVkvxWUSW-snOTOpSE1SMg", "duration": 89.77611940298507}, {"url": "https://i.ytimg.com/sb/gqAmIg0fcts/storyboard3_L3/M58.jpg?sqp=-oaymwENSDfyq4qpAwVwAcABBqLzl_8DBgjfuIvEBg==&sigh=rs$AOn4CLCNsmiMNVkvxWUSW-snOTOpSE1SMg", "duration": 89.77611940298507}, {"url": "https://i.ytimg.com/sb/gqAmIg0fcts/storyboard3_L3/M59.jpg?sqp=-oaymwENSDfyq4qpAwVwAcABBqLzl_8DBgjfuIvEBg==&sigh=rs$AOn4CLCNsmiMNVkvxWUSW-snOTOpSE1SMg", "duration": 89.77611940298507}, {"url": "https://i.ytimg.com/sb/gqAmIg0fcts/storyboard3_L3/M60.jpg?sqp=-oaymwENSDfyq4qpAwVwAcABBqLzl_8DBgjfuIvEBg==&sigh=rs$AOn4CLCNsmiMNVkvxWUSW-snOTOpSE1SMg", "duration": 89.77611940298507}, {"url": "https://i.ytimg.com/sb/gqAmIg0fcts/storyboard3_L3/M61.jpg?sqp=-oaymwENSDfyq4qpAwVwAcABBqLzl_8DBgjfuIvEBg==&sigh=rs$AOn4CLCNsmiMNVkvxWUSW-snOTOpSE1SMg", "duration": 89.77611940298507}, {"url": "https://i.ytimg.com/sb/gqAmIg0fcts/storyboard3_L3/M62.jpg?sqp=-oaymwENSDfyq4qpAwVwAcABBqLzl_8DBgjfuIvEBg==&sigh=rs$AOn4CLCNsmiMNVkvxWUSW-snOTOpSE1SMg", "duration": 89.77611940298507}, {"url": "https://i.ytimg.com/sb/gqAmIg0fcts/storyboard3_L3/M63.jpg?sqp=-oaymwENSDfyq4qpAwVwAcABBqLzl_8DBgjfuIvEBg==&sigh=rs$AOn4CLCNsmiMNVkvxWUSW-snOTOpSE1SMg", "duration": 89.77611940298507}, {"url": "https://i.ytimg.com/sb/gqAmIg0fcts/storyboard3_L3/M64.jpg?sqp=-oaymwENSDfyq4qpAwVwAcABBqLzl_8DBgjfuIvEBg==&sigh=rs$AOn4CLCNsmiMNVkvxWUSW-snOTOpSE1SMg", "duration": 89.77611940298507}, {"url": "https://i.ytimg.com/sb/gqAmIg0fcts/storyboard3_L3/M65.jpg?sqp=-oaymwENSDfyq4qpAwVwAcABBqLzl_8DBgjfuIvEBg==&sigh=rs$AOn4CLCNsmiMNVkvxWUSW-snOTOpSE1SMg", "duration": 89.77611940298507}, {"url": "https://i.ytimg.com/sb/gqAmIg0fcts/storyboard3_L3/M66.jpg?sqp=-oaymwENSDfyq4qpAwVwAcABBqLzl_8DBgjfuIvEBg==&sigh=rs$AOn4CLCNsmiMNVkvxWUSW-snOTOpSE1SMg", "duration": 89.77611940298507}], "audio_ext": "none", "video_ext": "none", "vbr": 0, "abr": 0, "tbr": null, "resolution": "320x180", "aspect_ratio": 1.78, "filesize_approx": null, "http_headers": {"User-Agent": "Mozilla/5.0 (Windows NT 10.0; Win64; x64) AppleWebKit/537.36 (KHTML, like Gecko) Chrome/92.0.4515.159 Safari/537.36", "Accept": "text/html,application/xhtml+xml,application/xml;q=0.9,*/*;q=0.8", "Accept-Language": "en-us,en;q=0.5", "Sec-Fetch-Mode": "navigate"}, "format": "sb0 - 320x180 (storyboard)"}, {"format_id": "233", "format_note": "Default, low", "format_index": null, "url": "https://manifest.googlevideo.com/api/manifest/hls_playlist/expire/1753469360/ei/UH2DaOGNEcaEt7EP9efF0Qk/ip/194.146.14.42/id/82a026220d1f72db/itag/233/source/youtube/requiressl/yes/ratebypass/yes/pfa/1/goi/133/sgoap/clen%3D36681249%3Bdur%3D6015.314%3Bgir%3Dyes%3Bitag%3D139%3Blmt%3D1753416841317729/rqh/1/hls_chunk_host/rr4---sn-a5mlrnek.googlevideo.com/xpc/EgVo2aDSNQ%3D%3D/met/1753447760,/mh/56/mm/31,29/mn/sn-a5mlrnek,sn-a5mekndz/ms/au,rdu/mv/m/mvi/4/pl/24/rms/au,au/initcwndbps/2357500/bui/AY1jyLMXYpIac_WtC3tUqof4qLVkVaddTqsrNjMYhaDqV42Orp4wmEwc73rT1KjEot6CIbS3mEGc-mzx/spc/l3OVKfD1B7BiH8NueAlbdpKjsZANmYlcyIgy6GSiAFbl7qKjGvS0xPMSFbmIsYss/vprv/1/playlist_type/DVR/dover/13/txp/4432534/mt/1753447267/fvip/2/short_key/1/keepalive/yes/fexp/51542236/sparams/expire,ei,ip,id,itag,source,requiressl,ratebypass,pfa,goi,sgoap,rqh,xpc,bui,spc,vprv,playlist_type/sig/AJfQdSswRgIhAKCwRdEQiAkVFJnFex3I2UmS9WMPDdX21Vu_iAJVcCdxAiEAhvv5O1pkeaQkq7zzqUieluU_4oR09zXH6ev8jdVPND0%3D/lsparams/hls_chunk_host,met,mh,mm,mn,ms,mv,mvi,pl,rms,initcwndbps/lsig/APaTxxMwRQIhAPiW-8TycN7ekGbanShBMfUQwvK8Nbps8Pg_7BXGLKXdAiAHFQQwVFTsLe-3TtGADy8UZkvzxXk4kHu35IDT04U6vA%3D%3D/playlist/index.m3u8", "manifest_url": "https://manifest.googlevideo.com/api/manifest/hls_variant/expire/1753469360/ei/UH2DaOGNEcaEt7EP9efF0Qk/ip/194.146.14.42/id/82a026220d1f72db/source/youtube/requiressl/yes/xpc/EgVo2aDSNQ%3D%3D/playback_host/rr4---sn-a5mlrnek.googlevideo.com/met/1753447760%2C/mh/56/mm/31%2C29/mn/sn-a5mlrnek%2Csn-a5mekndz/ms/au%2Crdu/mv/m/mvi/4/pl/24/rms/au%2Cau/tx/51539855/txs/51539853%2C51539854%2C51539855/hfr/1/demuxed/1/tts_caps/1/maudio/1/initcwndbps/2357500/bui/AY1jyLMXYpIac_WtC3tUqof4qLVkVaddTqsrNjMYhaDqV42Orp4wmEwc73rT1KjEot6CIbS3mEGc-mzx/spc/l3OVKfD1B7BiH8NueAlbdpKjsZANmYlcyIgy6GSiAFbl7qKjGvS0xPMSFbmIsYss/vprv/1/go/1/rqh/5/mt/1753447267/fvip/2/nvgoi/1/short_key/1/ncsapi/1/keepalive/yes/fexp/51542236/dover/13/itag/0/playlist_type/DVR/sparams/expire%2Cei%2Cip%2Cid%2Csource%2Crequiressl%2Cxpc%2Ctx%2Ctxs%2Chfr%2Cdemuxed%2Ctts_caps%2Cmaudio%2Cbui%2Cspc%2Cvprv%2Cgo%2Crqh%2Citag%2Cplaylist_type/sig/AJfQdSswRQIhAKv405WjjkSVNTbPQoWd8xE0-VGePLBrTMB2psdr3EpHAiAltztDRXlQ6fXpdp7O2CAeOvNWvm7DjmJRDqa_kqlygg%3D%3D/lsparams/playback_host%2Cmet%2Cmh%2Cmm%2Cmn%2Cms%2Cmv%2Cmvi%2Cpl%2Crms%2Cinitcwndbps/lsig/APaTxxMwRQIhANlhvdLyoPquphFFvFDgN-f6u5DuVR7yP4u8IWOKnq0JAiBK9AtM_4MzGcfmwI6DuqButjBdzhmNlW1uroLxvrVj7Q%3D%3D/file/index.m3u8", "language": "en", "ext": "mp4", "protocol": "m3u8_native", "preference": null, "quality": -1, "has_drm": false, "vcodec": "none", "source_preference": 0, "__needs_testing": true, "audio_ext": "mp4", "video_ext": "none", "vbr": 0, "abr": null, "tbr": null, "resolution": "audio only", "aspect_ratio": null, "http_headers": {"User-Agent": "Mozilla/5.0 (Windows NT 10.0; Win64; x64) AppleWebKit/537.36 (KHTML, like Gecko) Chrome/92.0.4515.159 Safari/537.36", "Accept": "text/html,application/xhtml+xml,application/xml;q=0.9,*/*;q=0.8", "Accept-Language": "en-us,en;q=0.5", "Sec-Fetch-Mode": "navigate"}, "format": "233 - audio only (Default, low)"}, {"format_id": "234", "format_note": "Default, high", "format_index": null, "url": "https://manifest.googlevideo.com/api/manifest/hls_playlist/expire/1753469360/ei/UH2DaOGNEcaEt7EP9efF0Qk/ip/194.146.14.42/id/82a026220d1f72db/itag/234/source/youtube/requiressl/yes/ratebypass/yes/pfa/1/goi/133/sgoap/clen%3D97351224%3Bdur%3D6015.268%3Bgir%3Dyes%3Bitag%3D140%3Blmt%3D1753416903446683/rqh/1/hls_chunk_host/rr4---sn-a5mlrnek.googlevideo.com/xpc/EgVo2aDSNQ%3D%3D/met/1753447760,/mh/56/mm/31,29/mn/sn-a5mlrnek,sn-a5mekndz/ms/au,rdu/mv/m/mvi/4/pl/24/rms/au,au/initcwndbps/2357500/bui/AY1jyLMXYpIac_WtC3tUqof4qLVkVaddTqsrNjMYhaDqV42Orp4wmEwc73rT1KjEot6CIbS3mEGc-mzx/spc/l3OVKfD1B7BiH8NueAlbdpKjsZANmYlcyIgy6GSiAFbl7qKjGvS0xPMSFbmIsYss/vprv/1/playlist_type/DVR/dover/13/txp/4432534/mt/1753447267/fvip/2/short_key/1/keepalive/yes/fexp/51542236/sparams/expire,ei,ip,id,itag,source,requiressl,ratebypass,pfa,goi,sgoap,rqh,xpc,bui,spc,vprv,playlist_type/sig/AJfQdSswRQIhANXppaTUW9dhwXi3DchPYBdovwkqcMAR0c5vs709S-U6AiA1eWKBjU1LuiQcf9PHmB3UE0Z4NbrdNFnQ6oKxdUOttg%3D%3D/lsparams/hls_chunk_host,met,mh,mm,mn,ms,mv,mvi,pl,rms,initcwndbps/lsig/APaTxxMwRQIhAMjBohTA74O7qsYsvAy3s40p9jvLMFHnjvnVyH1VF36oAiAnBW25o2SOp5WNaOgpMICLcEP6yMHzve35B6AbGw6QDw%3D%3D/playlist/index.m3u8", "manifest_url": "https://manifest.googlevideo.com/api/manifest/hls_variant/expire/1753469360/ei/UH2DaOGNEcaEt7EP9efF0Qk/ip/194.146.14.42/id/82a026220d1f72db/source/youtube/requiressl/yes/xpc/EgVo2aDSNQ%3D%3D/playback_host/rr4---sn-a5mlrnek.googlevideo.com/met/1753447760%2C/mh/56/mm/31%2C29/mn/sn-a5mlrnek%2Csn-a5mekndz/ms/au%2Crdu/mv/m/mvi/4/pl/24/rms/au%2Cau/tx/51539855/txs/51539853%2C51539854%2C51539855/hfr/1/demuxed/1/tts_caps/1/maudio/1/initcwndbps/2357500/bui/AY1jyLMXYpIac_WtC3tUqof4qLVkVaddTqsrNjMYhaDqV42Orp4wmEwc73rT1KjEot6CIbS3mEGc-mzx/spc/l3OVKfD1B7BiH8NueAlbdpKjsZANmYlcyIgy6GSiAFbl7qKjGvS0xPMSFbmIsYss/vprv/1/go/1/rqh/5/mt/1753447267/fvip/2/nvgoi/1/short_key/1/ncsapi/1/keepalive/yes/fexp/51542236/dover/13/itag/0/playlist_type/DVR/sparams/expire%2Cei%2Cip%2Cid%2Csource%2Crequiressl%2Cxpc%2Ctx%2Ctxs%2Chfr%2Cdemuxed%2Ctts_caps%2Cmaudio%2Cbui%2Cspc%2Cvprv%2Cgo%2Crqh%2Citag%2Cplaylist_type/sig/AJfQdSswRQIhAKv405WjjkSVNTbPQoWd8xE0-VGePLBrTMB2psdr3EpHAiAltztDRXlQ6fXpdp7O2CAeOvNWvm7DjmJRDqa_kqlygg%3D%3D/lsparams/playback_host%2Cmet%2Cmh%2Cmm%2Cmn%2Cms%2Cmv%2Cmvi%2Cpl%2Crms%2Cinitcwndbps/lsig/APaTxxMwRQIhANlhvdLyoPquphFFvFDgN-f6u5DuVR7yP4u8IWOKnq0JAiBK9AtM_4MzGcfmwI6DuqButjBdzhmNlW1uroLxvrVj7Q%3D%3D/file/index.m3u8", "language": "en", "ext": "mp4", "protocol": "m3u8_native", "preference": null, "quality": -1, "has_drm": false, "vcodec": "none", "source_preference": 1, "__needs_testing": true, "audio_ext": "mp4", "video_ext": "none", "vbr": 0, "abr": null, "tbr": null, "resolution": "audio only", "aspect_ratio": null, "http_headers": {"User-Agent": "Mozilla/5.0 (Windows NT 10.0; Win64; x64) AppleWebKit/537.36 (KHTML, like Gecko) Chrome/92.0.4515.159 Safari/537.36", "Accept": "text/html,application/xhtml+xml,application/xml;q=0.9,*/*;q=0.8", "Accept-Language": "en-us,en;q=0.5", "Sec-Fetch-Mode": "navigate"}, "format": "234 - audio only (Default, high)"}, {"asr": 48000, "filesize": 38226452, "format_id": "249-drc", "format_note": "low, DRC", "source_preference": -1, "fps": null, "audio_channels": 2, "height": null, "quality": 1.5, "has_drm": false, "tbr": 50.839, "filesize_approx": 38225977, "url": "https://rr4---sn-a5mlrnek.googlevideo.com/videoplayback?expire=1753469360&ei=T32DaNr0O9zXsfIP_qmmyAk&ip=194.146.14.42&id=o-ADP616ZXNM_2NkbN_5RfopJP3RRAA0JwgtGYQQwlL_xB&itag=249&source=youtube&requiressl=yes&xpc=EgVo2aDSNQ%3D%3D&met=1753447760%2C&mh=56&mm=31%2C29&mn=sn-a5mlrnek%2Csn-a5mekndz&ms=au%2Crdu&mv=m&mvi=4&pl=24&rms=au%2Cau&initcwndbps=2520000&bui=AY1jyLMbYens3xC6p44TDDvI0HOi7MDtK1HeJPplcLMUNcx894LQUeGcGOk-yb7gD4CDH8a9CODMbfcp&vprv=1&svpuc=1&xtags=drc%3D1&mime=audio%2Fwebm&ns=9J1BEuU_X8kAFKi-TaXbAfoQ&rqh=1&gir=yes&clen=38226452&dur=6015.221&lmt=1753416450300313&mt=1753447267&fvip=2&keepalive=yes&lmw=1&fexp=51542236%2C51543008&c=TVHTML5&sefc=1&txp=4432534&n=xa19pLuDrwYulA&sparams=expire%2Cei%2Cip%2Cid%2Citag%2Csource%2Crequiressl%2Cxpc%2Cbui%2Cvprv%2Csvpuc%2Cxtags%2Cmime%2Cns%2Crqh%2Cgir%2Cclen%2Cdur%2Clmt&sig=AJfQdSswRQIgXItC_iQTzUCjU7HL3aoNpsbR_QrJ7q77PVyPEBReCtYCIQDb9Q8YrgWwDkPFqyflGZ2e7i7bhg2Tn_pNUS763vRijw%3D%3D&lsparams=met%2Cmh%2Cmm%2Cmn%2Cms%2Cmv%2Cmvi%2Cpl%2Crms%2Cinitcwndbps&lsig=APaTxxMwRQIgOE_RSS7xTtXnW7NTQSneeLTFMKbcOUq4kXvv8I_8zbECIQDL1-vntlXI6uAxvoDCbzGfOG0a1F-hezOn4IX7fZ4cTg%3D%3D", "width": null, "language": "en", "language_preference": -1, "preference": null, "ext": "webm", "vcodec": "none", "acodec": "opus", "dynamic_range": null, "container": "webm_dash", "downloader_options": {"http_chunk_size": 10485760}, "protocol": "https", "audio_ext": "webm", "video_ext": "none", "vbr": 0, "abr": 50.839, "resolution": "audio only", "aspect_ratio": null, "http_headers": {"User-Agent": "Mozilla/5.0 (Windows NT 10.0; Win64; x64) AppleWebKit/537.36 (KHTML, like Gecko) Chrome/92.0.4515.159 Safari/537.36", "Accept": "text/html,application/xhtml+xml,application/xml;q=0.9,*/*;q=0.8", "Accept-Language": "en-us,en;q=0.5", "Sec-Fetch-Mode": "navigate"}, "format": "249-drc - audio only (low, DRC)"}, {"asr": 48000, "filesize": 46480249, "format_id": "250-drc", "format_note": "low, DRC", "source_preference": -1, "fps": null, "audio_channels": 2, "height": null, "quality": 1.5, "has_drm": false, "tbr": 61.816, "filesize_approx": 46479612, "url": "https://rr4---sn-a5mlrnek.googlevideo.com/videoplayback?expire=1753469360&ei=T32DaNr0O9zXsfIP_qmmyAk&ip=194.146.14.42&id=o-ADP616ZXNM_2NkbN_5RfopJP3RRAA0JwgtGYQQwlL_xB&itag=250&source=youtube&requiressl=yes&xpc=EgVo2aDSNQ%3D%3D&met=1753447760%2C&mh=56&mm=31%2C29&mn=sn-a5mlrnek%2Csn-a5mekndz&ms=au%2Crdu&mv=m&mvi=4&pl=24&rms=au%2Cau&initcwndbps=2520000&bui=AY1jyLMbYens3xC6p44TDDvI0HOi7MDtK1HeJPplcLMUNcx894LQUeGcGOk-yb7gD4CDH8a9CODMbfcp&vprv=1&svpuc=1&xtags=drc%3D1&mime=audio%2Fwebm&ns=9J1BEuU_X8kAFKi-TaXbAfoQ&rqh=1&gir=yes&clen=46480249&dur=6015.221&lmt=1753416450205385&mt=1753447267&fvip=2&keepalive=yes&lmw=1&fexp=51542236%2C51543008&c=TVHTML5&sefc=1&txp=4432534&n=xa19pLuDrwYulA&sparams=expire%2Cei%2Cip%2Cid%2Citag%2Csource%2Crequiressl%2Cxpc%2Cbui%2Cvprv%2Csvpuc%2Cxtags%2Cmime%2Cns%2Crqh%2Cgir%2Cclen%2Cdur%2Clmt&sig=AJfQdSswRgIhALi5DosmMLngmnpdYZwJdbocmydd8YR7ZuoKOnsIqJb1AiEA32DwwGf4TpSmTZxWMi3j2IWeVSM00WmqbeVAEK44j1E%3D&lsparams=met%2Cmh%2Cmm%2Cmn%2Cms%2Cmv%2Cmvi%2Cpl%2Crms%2Cinitcwndbps&lsig=APaTxxMwRQIgOE_RSS7xTtXnW7NTQSneeLTFMKbcOUq4kXvv8I_8zbECIQDL1-vntlXI6uAxvoDCbzGfOG0a1F-hezOn4IX7fZ4cTg%3D%3D", "width": null, "language": "en", "language_preference": -1, "preference": null, "ext": "webm", "vcodec": "none", "acodec": "opus", "dynamic_range": null, "container": "webm_dash", "downloader_options": {"http_chunk_size": 10485760}, "protocol": "https", "audio_ext": "webm", "video_ext": "none", "vbr": 0, "abr": 61.816, "resolution": "audio only", "aspect_ratio": null, "http_headers": {"User-Agent": "Mozilla/5.0 (Windows NT 10.0; Win64; x64) AppleWebKit/537.36 (KHTML, like Gecko) Chrome/92.0.4515.159 Safari/537.36", "Accept": "text/html,application/xhtml+xml,application/xml;q=0.9,*/*;q=0.8", "Accept-Language": "en-us,en;q=0.5", "Sec-Fetch-Mode": "navigate"}, "format": "250-drc - audio only (low, DRC)"}, {"asr": 48000, "filesize": 38098785, "format_id": "249", "format_note": "low", "source_preference": -1, "fps": null, "audio_channels": 2, "height": null, "quality": 2.0, "has_drm": false, "tbr": 50.669, "filesize_approx": 38098154, "url": "https://rr4---sn-a5mlrnek.googlevideo.com/videoplayback?expire=1753469360&ei=T32DaNr0O9zXsfIP_qmmyAk&ip=194.146.14.42&id=o-ADP616ZXNM_2NkbN_5RfopJP3RRAA0JwgtGYQQwlL_xB&itag=249&source=youtube&requiressl=yes&xpc=EgVo2aDSNQ%3D%3D&met=1753447760%2C&mh=56&mm=31%2C29&mn=sn-a5mlrnek%2Csn-a5mekndz&ms=au%2Crdu&mv=m&mvi=4&pl=24&rms=au%2Cau&initcwndbps=2520000&bui=AY1jyLMbYens3xC6p44TDDvI0HOi7MDtK1HeJPplcLMUNcx894LQUeGcGOk-yb7gD4CDH8a9CODMbfcp&vprv=1&svpuc=1&mime=audio%2Fwebm&ns=9J1BEuU_X8kAFKi-TaXbAfoQ&rqh=1&gir=yes&clen=38098785&dur=6015.221&lmt=1753419709866921&mt=1753447267&fvip=2&keepalive=yes&lmw=1&fexp=51542236%2C51543008&c=TVHTML5&sefc=1&txp=4432534&n=xa19pLuDrwYulA&sparams=expire%2Cei%2Cip%2Cid%2Citag%2Csource%2Crequiressl%2Cxpc%2Cbui%2Cvprv%2Csvpuc%2Cmime%2Cns%2Crqh%2Cgir%2Cclen%2Cdur%2Clmt&sig=AJfQdSswRQIhAMdoiQ7sCbRn8JjD0zcKH1pXkK77nFNs-kaiGfRUdGjoAiAqZ1yfogNBK_TW6lbIB6Zc1aeNwRvQK0UATcZ452DY9w%3D%3D&lsparams=met%2Cmh%2Cmm%2Cmn%2Cms%2Cmv%2Cmvi%2Cpl%2Crms%2Cinitcwndbps&lsig=APaTxxMwRQIgOE_RSS7xTtXnW7NTQSneeLTFMKbcOUq4kXvv8I_8zbECIQDL1-vntlXI6uAxvoDCbzGfOG0a1F-hezOn4IX7fZ4cTg%3D%3D", "width": null, "language": "en", "language_preference": -1, "preference": null, "ext": "webm", "vcodec": "none", "acodec": "opus", "dynamic_range": null, "container": "webm_dash", "downloader_options": {"http_chunk_size": 10485760}, "protocol": "https", "audio_ext": "webm", "video_ext": "none", "vbr": 0, "abr": 50.669, "resolution": "audio only", "aspect_ratio": null, "http_headers": {"User-Agent": "Mozilla/5.0 (Windows NT 10.0; Win64; x64) AppleWebKit/537.36 (KHTML, like Gecko) Chrome/92.0.4515.159 Safari/537.36", "Accept": "text/html,application/xhtml+xml,application/xml;q=0.9,*/*;q=0.8", "Accept-Language": "en-us,en;q=0.5", "Sec-Fetch-Mode": "navigate"}, "format": "249 - audio only (low)"}, {"asr": 48000, "filesize": 46418291, "format_id": "250", "format_note": "low", "source_preference": -1, "fps": null, "audio_channels": 2, "height": null, "quality": 2.0, "has_drm": false, "tbr": 61.734, "filesize_approx": 46417956, "url": "https://rr4---sn-a5mlrnek.googlevideo.com/videoplayback?expire=1753469360&ei=T32DaNr0O9zXsfIP_qmmyAk&ip=194.146.14.42&id=o-ADP616ZXNM_2NkbN_5RfopJP3RRAA0JwgtGYQQwlL_xB&itag=250&source=youtube&requiressl=yes&xpc=EgVo2aDSNQ%3D%3D&met=1753447760%2C&mh=56&mm=31%2C29&mn=sn-a5mlrnek%2Csn-a5mekndz&ms=au%2Crdu&mv=m&mvi=4&pl=24&rms=au%2Cau&initcwndbps=2520000&bui=AY1jyLMbYens3xC6p44TDDvI0HOi7MDtK1HeJPplcLMUNcx894LQUeGcGOk-yb7gD4CDH8a9CODMbfcp&vprv=1&svpuc=1&mime=audio%2Fwebm&ns=9J1BEuU_X8kAFKi-TaXbAfoQ&rqh=1&gir=yes&clen=46418291&dur=6015.221&lmt=1753419710012845&mt=1753447267&fvip=2&keepalive=yes&lmw=1&fexp=51542236%2C51543008&c=TVHTML5&sefc=1&txp=4432534&n=xa19pLuDrwYulA&sparams=expire%2Cei%2Cip%2Cid%2Citag%2Csource%2Crequiressl%2Cxpc%2Cbui%2Cvprv%2Csvpuc%2Cmime%2Cns%2Crqh%2Cgir%2Cclen%2Cdur%2Clmt&sig=AJfQdSswRgIhAPZpBzFSH1zj-sAWZqVcM0dzOPCJIE5uDE1PbyWRLD7eAiEAs_vhhjKcd1GCmjEAZkWp8v9KGBQ8SXmRcYk7K_WHbmg%3D&lsparams=met%2Cmh%2Cmm%2Cmn%2Cms%2Cmv%2Cmvi%2Cpl%2Crms%2Cinitcwndbps&lsig=APaTxxMwRQIgOE_RSS7xTtXnW7NTQSneeLTFMKbcOUq4kXvv8I_8zbECIQDL1-vntlXI6uAxvoDCbzGfOG0a1F-hezOn4IX7fZ4cTg%3D%3D", "width": null, "language": "en", "language_preference": -1, "preference": null, "ext": "webm", "vcodec": "none", "acodec": "opus", "dynamic_range": null, "container": "webm_dash", "downloader_options": {"http_chunk_size": 10485760}, "protocol": "https", "audio_ext": "webm", "video_ext": "none", "vbr": 0, "abr": 61.734, "resolution": "audio only", "aspect_ratio": null, "http_headers": {"User-Agent": "Mozilla/5.0 (Windows NT 10.0; Win64; x64) AppleWebKit/537.36 (KHTML, like Gecko) Chrome/92.0.4515.159 Safari/537.36", "Accept": "text/html,application/xhtml+xml,application/xml;q=0.9,*/*;q=0.8", "Accept-Language": "en-us,en;q=0.5", "Sec-Fetch-Mode": "navigate"}, "format": "250 - audio only (low)"}, {"asr": 44100, "filesize": 97351224, "format_id": "140-drc", "format_note": "medium, DRC", "source_preference": -1, "fps": null, "audio_channels": 2, "height": null, "quality": 2.5, "has_drm": false, "tbr": 129.472, "filesize_approx": 97351097, "url": "https://rr4---sn-a5mlrnek.googlevideo.com/videoplayback?expire=1753469360&ei=T32DaNr0O9zXsfIP_qmmyAk&ip=194.146.14.42&id=o-ADP616ZXNM_2NkbN_5RfopJP3RRAA0JwgtGYQQwlL_xB&itag=140&source=youtube&requiressl=yes&xpc=EgVo2aDSNQ%3D%3D&met=1753447760%2C&mh=56&mm=31%2C29&mn=sn-a5mlrnek%2Csn-a5mekndz&ms=au%2Crdu&mv=m&mvi=4&pl=24&rms=au%2Cau&initcwndbps=2520000&bui=AY1jyLMbYens3xC6p44TDDvI0HOi7MDtK1HeJPplcLMUNcx894LQUeGcGOk-yb7gD4CDH8a9CODMbfcp&vprv=1&svpuc=1&xtags=drc%3D1&mime=audio%2Fmp4&ns=9J1BEuU_X8kAFKi-TaXbAfoQ&rqh=1&gir=yes&clen=97351224&dur=6015.268&lmt=1753416064477628&mt=1753447267&fvip=2&keepalive=yes&lmw=1&fexp=51542236%2C51543008&c=TVHTML5&sefc=1&txp=4432534&n=xa19pLuDrwYulA&sparams=expire%2Cei%2Cip%2Cid%2Citag%2Csource%2Crequiressl%2Cxpc%2Cbui%2Cvprv%2Csvpuc%2Cxtags%2Cmime%2Cns%2Crqh%2Cgir%2Cclen%2Cdur%2Clmt&sig=AJfQdSswRgIhAMVQMV5rWVzPgzDTlWqk0srbLR0SrqO2wR3MhRngJL8MAiEA-r5Vj7ELPVOs7P-F5vM5UoHk4YCVK3VZbqyjjCBrrzE%3D&lsparams=met%2Cmh%2Cmm%2Cmn%2Cms%2Cmv%2Cmvi%2Cpl%2Crms%2Cinitcwndbps&lsig=APaTxxMwRQIgOE_RSS7xTtXnW7NTQSneeLTFMKbcOUq4kXvv8I_8zbECIQDL1-vntlXI6uAxvoDCbzGfOG0a1F-hezOn4IX7fZ4cTg%3D%3D", "width": null, "language": "en", "language_preference": -1, "preference": null, "ext": "m4a", "vcodec": "none", "acodec": "mp4a.40.2", "dynamic_range": null, "container": "m4a_dash", "downloader_options": {"http_chunk_size": 10485760}, "protocol": "https", "audio_ext": "m4a", "video_ext": "none", "vbr": 0, "abr": 129.472, "resolution": "audio only", "aspect_ratio": null, "http_headers": {"User-Agent": "Mozilla/5.0 (Windows NT 10.0; Win64; x64) AppleWebKit/537.36 (KHTML, like Gecko) Chrome/92.0.4515.159 Safari/537.36", "Accept": "text/html,application/xhtml+xml,application/xml;q=0.9,*/*;q=0.8", "Accept-Language": "en-us,en;q=0.5", "Sec-Fetch-Mode": "navigate"}, "format": "140-drc - audio only (medium, DRC)"}, {"asr": 48000, "filesize": 83949169, "format_id": "251-drc", "format_note": "medium, DRC", "source_preference": -1, "fps": null, "audio_channels": 2, "height": null, "quality": 2.5, "has_drm": false, "tbr": 111.648, "filesize_approx": 83948424, "url": "https://rr4---sn-a5mlrnek.googlevideo.com/videoplayback?expire=1753469360&ei=T32DaNr0O9zXsfIP_qmmyAk&ip=194.146.14.42&id=o-ADP616ZXNM_2NkbN_5RfopJP3RRAA0JwgtGYQQwlL_xB&itag=251&source=youtube&requiressl=yes&xpc=EgVo2aDSNQ%3D%3D&met=1753447760%2C&mh=56&mm=31%2C29&mn=sn-a5mlrnek%2Csn-a5mekndz&ms=au%2Crdu&mv=m&mvi=4&pl=24&rms=au%2Cau&initcwndbps=2520000&bui=AY1jyLMbYens3xC6p44TDDvI0HOi7MDtK1HeJPplcLMUNcx894LQUeGcGOk-yb7gD4CDH8a9CODMbfcp&vprv=1&svpuc=1&xtags=drc%3D1&mime=audio%2Fwebm&ns=9J1BEuU_X8kAFKi-TaXbAfoQ&rqh=1&gir=yes&clen=83949169&dur=6015.221&lmt=1753416450369440&mt=1753447267&fvip=2&keepalive=yes&lmw=1&fexp=51542236%2C51543008&c=TVHTML5&sefc=1&txp=4432534&n=xa19pLuDrwYulA&sparams=expire%2Cei%2Cip%2Cid%2Citag%2Csource%2Crequiressl%2Cxpc%2Cbui%2Cvprv%2Csvpuc%2Cxtags%2Cmime%2Cns%2Crqh%2Cgir%2Cclen%2Cdur%2Clmt&sig=AJfQdSswRQIgC6VrX5-MGRDh7yHFEAg15GCsGRIgbryNjvXi0xBcm90CIQDJ_Fu2CxfI65M8hnQ-PwHA44VltBMO7o5dswVl81VD9w%3D%3D&lsparams=met%2Cmh%2Cmm%2Cmn%2Cms%2Cmv%2Cmvi%2Cpl%2Crms%2Cinitcwndbps&lsig=APaTxxMwRQIgOE_RSS7xTtXnW7NTQSneeLTFMKbcOUq4kXvv8I_8zbECIQDL1-vntlXI6uAxvoDCbzGfOG0a1F-hezOn4IX7fZ4cTg%3D%3D", "width": null, "language": "en", "language_preference": -1, "preference": null, "ext": "webm", "vcodec": "none", "acodec": "opus", "dynamic_range": null, "container": "webm_dash", "downloader_options": {"http_chunk_size": 10485760}, "protocol": "https", "audio_ext": "webm", "video_ext": "none", "vbr": 0, "abr": 111.648, "resolution": "audio only", "aspect_ratio": null, "http_headers": {"User-Agent": "Mozilla/5.0 (Windows NT 10.0; Win64; x64) AppleWebKit/537.36 (KHTML, like Gecko) Chrome/92.0.4515.159 Safari/537.36", "Accept": "text/html,application/xhtml+xml,application/xml;q=0.9,*/*;q=0.8", "Accept-Language": "en-us,en;q=0.5", "Sec-Fetch-Mode": "navigate"}, "format": "251-drc - audio only (medium, DRC)"}, {"asr": 44100, "filesize": 97351224, "format_id": "140", "format_note": "medium", "source_preference": -1, "fps": null, "audio_channels": 2, "height": null, "quality": 3.0, "has_drm": false, "tbr": 129.472, "filesize_approx": 97351097, "url": "https://rr4---sn-a5mlrnek.googlevideo.com/videoplayback?expire=1753469360&ei=T32DaNr0O9zXsfIP_qmmyAk&ip=194.146.14.42&id=o-ADP616ZXNM_2NkbN_5RfopJP3RRAA0JwgtGYQQwlL_xB&itag=140&source=youtube&requiressl=yes&xpc=EgVo2aDSNQ%3D%3D&met=1753447760%2C&mh=56&mm=31%2C29&mn=sn-a5mlrnek%2Csn-a5mekndz&ms=au%2Crdu&mv=m&mvi=4&pl=24&rms=au%2Cau&initcwndbps=2520000&bui=AY1jyLMbYens3xC6p44TDDvI0HOi7MDtK1HeJPplcLMUNcx894LQUeGcGOk-yb7gD4CDH8a9CODMbfcp&vprv=1&svpuc=1&mime=audio%2Fmp4&ns=9J1BEuU_X8kAFKi-TaXbAfoQ&rqh=1&gir=yes&clen=97351224&dur=6015.268&lmt=1753416903446683&mt=1753447267&fvip=2&keepalive=yes&lmw=1&fexp=51542236%2C51543008&c=TVHTML5&sefc=1&txp=4432534&n=xa19pLuDrwYulA&sparams=expire%2Cei%2Cip%2Cid%2Citag%2Csource%2Crequiressl%2Cxpc%2Cbui%2Cvprv%2Csvpuc%2Cmime%2Cns%2Crqh%2Cgir%2Cclen%2Cdur%2Clmt&sig=AJfQdSswRQIhAMRQFmr4mPDcK7dnKGvaodQPUHM_d3jeNyeLciFaO_z5AiAuj7bgY918FGd01KdXA1XBEJoCpxIdFgsbmTk4vUTMEA%3D%3D&lsparams=met%2Cmh%2Cmm%2Cmn%2Cms%2Cmv%2Cmvi%2Cpl%2Crms%2Cinitcwndbps&lsig=APaTxxMwRQIgOE_RSS7xTtXnW7NTQSneeLTFMKbcOUq4kXvv8I_8zbECIQDL1-vntlXI6uAxvoDCbzGfOG0a1F-hezOn4IX7fZ4cTg%3D%3D", "width": null, "language": "en", "language_preference": -1, "preference": null, "ext": "m4a", "vcodec": "none", "acodec": "mp4a.40.2", "dynamic_range": null, "container": "m4a_dash", "downloader_options": {"http_chunk_size": 10485760}, "protocol": "https", "audio_ext": "m4a", "video_ext": "none", "vbr": 0, "abr": 129.472, "resolution": "audio only", "aspect_ratio": null, "http_headers": {"User-Agent": "Mozilla/5.0 (Windows NT 10.0; Win64; x64) AppleWebKit/537.36 (KHTML, like Gecko) Chrome/92.0.4515.159 Safari/537.36", "Accept": "text/html,application/xhtml+xml,application/xml;q=0.9,*/*;q=0.8", "Accept-Language": "en-us,en;q=0.5", "Sec-Fetch-Mode": "navigate"}, "format": "140 - audio only (medium)"}, {"asr": 48000, "filesize": 83871015, "format_id": "251", "format_note": "medium", "source_preference": -1, "fps": null, "audio_channels": 2, "height": null, "quality": 3.0, "has_drm": false, "tbr": 111.545, "filesize_approx": 83870978, "url": "https://rr4---sn-a5mlrnek.googlevideo.com/videoplayback?expire=1753469360&ei=T32DaNr0O9zXsfIP_qmmyAk&ip=194.146.14.42&id=o-ADP616ZXNM_2NkbN_5RfopJP3RRAA0JwgtGYQQwlL_xB&itag=251&source=youtube&requiressl=yes&xpc=EgVo2aDSNQ%3D%3D&met=1753447760%2C&mh=56&mm=31%2C29&mn=sn-a5mlrnek%2Csn-a5mekndz&ms=au%2Crdu&mv=m&mvi=4&pl=24&rms=au%2Cau&initcwndbps=2520000&bui=AY1jyLMbYens3xC6p44TDDvI0HOi7MDtK1HeJPplcLMUNcx894LQUeGcGOk-yb7gD4CDH8a9CODMbfcp&vprv=1&svpuc=1&mime=audio%2Fwebm&ns=9J1BEuU_X8kAFKi-TaXbAfoQ&rqh=1&gir=yes&clen=83871015&dur=6015.221&lmt=1753419710790025&mt=1753447267&fvip=2&keepalive=yes&lmw=1&fexp=51542236%2C51543008&c=TVHTML5&sefc=1&txp=4432534&n=xa19pLuDrwYulA&sparams=expire%2Cei%2Cip%2Cid%2Citag%2Csource%2Crequiressl%2Cxpc%2Cbui%2Cvprv%2Csvpuc%2Cmime%2Cns%2Crqh%2Cgir%2Cclen%2Cdur%2Clmt&sig=AJfQdSswRgIhAN6coMQUGharPeY-9oKN3hlu0AN2yBWwx4N09WOZ0Fk6AiEA9uHtpp5DhJ7ueMoMuCzFUIlOcUJkKUwWIIsKjkM23XA%3D&lsparams=met%2Cmh%2Cmm%2Cmn%2Cms%2Cmv%2Cmvi%2Cpl%2Crms%2Cinitcwndbps&lsig=APaTxxMwRQIgOE_RSS7xTtXnW7NTQSneeLTFMKbcOUq4kXvv8I_8zbECIQDL1-vntlXI6uAxvoDCbzGfOG0a1F-hezOn4IX7fZ4cTg%3D%3D", "width": null, "language": "en", "language_preference": -1, "preference": null, "ext": "webm", "vcodec": "none", "acodec": "opus", "dynamic_range": null, "container": "webm_dash", "downloader_options": {"http_chunk_size": 10485760}, "protocol": "https", "audio_ext": "webm", "video_ext": "none", "vbr": 0, "abr": 111.545, "resolution": "audio only", "aspect_ratio": null, "http_headers": {"User-Agent": "Mozilla/5.0 (Windows NT 10.0; Win64; x64) AppleWebKit/537.36 (KHTML, like Gecko) Chrome/92.0.4515.159 Safari/537.36", "Accept": "text/html,application/xhtml+xml,application/xml;q=0.9,*/*;q=0.8", "Accept-Language": "en-us,en;q=0.5", "Sec-Fetch-Mode": "navigate"}, "format": "251 - audio only (medium)"}, {"format_id": "602", "format_index": null, "url": "https://manifest.googlevideo.com/api/manifest/hls_playlist/expire/1753469360/ei/UH2DaOGNEcaEt7EP9efF0Qk/ip/194.146.14.42/id/82a026220d1f72db/itag/602/source/youtube/requiressl/yes/ratebypass/yes/pfa/1/wft/1/sgovp/clen%3D18402726%3Bdur%3D6015.176%3Bgir%3Dyes%3Bitag%3D598%3Blmt%3D1753416807473245/rqh/1/hls_chunk_host/rr4---sn-a5mlrnek.googlevideo.com/xpc/EgVo2aDSNQ%3D%3D/met/1753447760,/mh/56/mm/31,29/mn/sn-a5mlrnek,sn-a5mekndz/ms/au,rdu/mv/m/mvi/4/pl/24/rms/au,au/initcwndbps/2357500/bui/AY1jyLMXYpIac_WtC3tUqof4qLVkVaddTqsrNjMYhaDqV42Orp4wmEwc73rT1KjEot6CIbS3mEGc-mzx/spc/l3OVKfD1B7BiH8NueAlbdpKjsZANmYlcyIgy6GSiAFbl7qKjGvS0xPMSFbmIsYss/vprv/1/playlist_type/DVR/dover/13/txp/4432534/mt/1753447267/fvip/2/short_key/1/keepalive/yes/fexp/51542236/sparams/expire,ei,ip,id,itag,source,requiressl,ratebypass,pfa,wft,sgovp,rqh,xpc,bui,spc,vprv,playlist_type/sig/AJfQdSswRgIhAO2Y-WpMSZYseyH8-DLLsrmUYEx_4yCChH-nugrZYJRoAiEA2rUoTE1C-BLBi_Fl9qntU6fDF11FSSoMPnoQBvBA-U8%3D/lsparams/hls_chunk_host,met,mh,mm,mn,ms,mv,mvi,pl,rms,initcwndbps/lsig/APaTxxMwRgIhAM21BVKDJaq7L3PbZq4IQWs9aeEFxr9MAVVZPkf5CTfMAiEA9vXEwXVWBnEhQIQ7gBriuR0CBbAx1bCLbIHHgwTRiNw%3D/playlist/index.m3u8", "manifest_url": "https://manifest.googlevideo.com/api/manifest/hls_variant/expire/1753469360/ei/UH2DaOGNEcaEt7EP9efF0Qk/ip/194.146.14.42/id/82a026220d1f72db/source/youtube/requiressl/yes/xpc/EgVo2aDSNQ%3D%3D/playback_host/rr4---sn-a5mlrnek.googlevideo.com/met/1753447760%2C/mh/56/mm/31%2C29/mn/sn-a5mlrnek%2Csn-a5mekndz/ms/au%2Crdu/mv/m/mvi/4/pl/24/rms/au%2Cau/tx/51539855/txs/51539853%2C51539854%2C51539855/hfr/1/demuxed/1/tts_caps/1/maudio/1/initcwndbps/2357500/bui/AY1jyLMXYpIac_WtC3tUqof4qLVkVaddTqsrNjMYhaDqV42Orp4wmEwc73rT1KjEot6CIbS3mEGc-mzx/spc/l3OVKfD1B7BiH8NueAlbdpKjsZANmYlcyIgy6GSiAFbl7qKjGvS0xPMSFbmIsYss/vprv/1/go/1/rqh/5/mt/1753447267/fvip/2/nvgoi/1/short_key/1/ncsapi/1/keepalive/yes/fexp/51542236/dover/13/itag/0/playlist_type/DVR/sparams/expire%2Cei%2Cip%2Cid%2Csource%2Crequiressl%2Cxpc%2Ctx%2Ctxs%2Chfr%2Cdemuxed%2Ctts_caps%2Cmaudio%2Cbui%2Cspc%2Cvprv%2Cgo%2Crqh%2Citag%2Cplaylist_type/sig/AJfQdSswRQIhAKv405WjjkSVNTbPQoWd8xE0-VGePLBrTMB2psdr3EpHAiAltztDRXlQ6fXpdp7O2CAeOvNWvm7DjmJRDqa_kqlygg%3D%3D/lsparams/playback_host%2Cmet%2Cmh%2Cmm%2Cmn%2Cms%2Cmv%2Cmvi%2Cpl%2Crms%2Cinitcwndbps/lsig/APaTxxMwRQIhANlhvdLyoPquphFFvFDgN-f6u5DuVR7yP4u8IWOKnq0JAiBK9AtM_4MzGcfmwI6DuqButjBdzhmNlW1uroLxvrVj7Q%3D%3D/file/index.m3u8", "tbr": 114.955, "ext": "mp4", "fps": 15.0, "protocol": "m3u8_native", "preference": null, "quality": 0, "has_drm": false, "width": 256, "height": 144, "vcodec": "vp09.00.10.08", "acodec": "none", "dynamic_range": "SDR", "source_preference": -1, "__needs_testing": true, "video_ext": "mp4", "audio_ext": "none", "abr": 0, "vbr": 114.955, "resolution": "256x144", "aspect_ratio": 1.78, "http_headers": {"User-Agent": "Mozilla/5.0 (Windows NT 10.0; Win64; x64) AppleWebKit/537.36 (KHTML, like Gecko) Chrome/92.0.4515.159 Safari/537.36", "Accept": "text/html,application/xhtml+xml,application/xml;q=0.9,*/*;q=0.8", "Accept-Language": "en-us,en;q=0.5", "Sec-Fetch-Mode": "navigate"}, "format": "602 - 256x144"}, {"format_id": "269", "format_index": null, "url": "https://manifest.googlevideo.com/api/manifest/hls_playlist/expire/1753469360/ei/UH2DaOGNEcaEt7EP9efF0Qk/ip/194.146.14.42/id/82a026220d1f72db/itag/269/source/youtube/requiressl/yes/ratebypass/yes/pfa/1/sgovp/clen%3D30019210%3Bdur%3D6015.208%3Bgir%3Dyes%3Bitag%3D160%3Blmt%3D1753417057935106/rqh/1/hls_chunk_host/rr4---sn-a5mlrnek.googlevideo.com/xpc/EgVo2aDSNQ%3D%3D/met/1753447760,/mh/56/mm/31,29/mn/sn-a5mlrnek,sn-a5mekndz/ms/au,rdu/mv/m/mvi/4/pl/24/rms/au,au/initcwndbps/2357500/bui/AY1jyLMXYpIac_WtC3tUqof4qLVkVaddTqsrNjMYhaDqV42Orp4wmEwc73rT1KjEot6CIbS3mEGc-mzx/spc/l3OVKfD1B7BiH8NueAlbdpKjsZANmYlcyIgy6GSiAFbl7qKjGvS0xPMSFbmIsYss/vprv/1/playlist_type/DVR/dover/13/txp/4432534/mt/1753447267/fvip/2/short_key/1/keepalive/yes/fexp/51542236/sparams/expire,ei,ip,id,itag,source,requiressl,ratebypass,pfa,sgovp,rqh,xpc,bui,spc,vprv,playlist_type/sig/AJfQdSswRgIhAKHC1LJnZZKnQPdK1GvYMmuLDg8mAB4khRi72Ywxh7WIAiEAsc-zVV8vuegu1Af9VivQYBYXHMZYaGTevBzu2UPMrxQ%3D/lsparams/hls_chunk_host,met,mh,mm,mn,ms,mv,mvi,pl,rms,initcwndbps/lsig/APaTxxMwRQIgL4f8j3FgqODHwV821ybvcGB4uOY0pvKWqB7Knu_o_JsCIQCD4O2DnaOqJbatdsagXROnQ99VHbDI6bgCfs2rLtVflg%3D%3D/playlist/index.m3u8", "manifest_url": "https://manifest.googlevideo.com/api/manifest/hls_variant/expire/1753469360/ei/UH2DaOGNEcaEt7EP9efF0Qk/ip/194.146.14.42/id/82a026220d1f72db/source/youtube/requiressl/yes/xpc/EgVo2aDSNQ%3D%3D/playback_host/rr4---sn-a5mlrnek.googlevideo.com/met/1753447760%2C/mh/56/mm/31%2C29/mn/sn-a5mlrnek%2Csn-a5mekndz/ms/au%2Crdu/mv/m/mvi/4/pl/24/rms/au%2Cau/tx/51539855/txs/51539853%2C51539854%2C51539855/hfr/1/demuxed/1/tts_caps/1/maudio/1/initcwndbps/2357500/bui/AY1jyLMXYpIac_WtC3tUqof4qLVkVaddTqsrNjMYhaDqV42Orp4wmEwc73rT1KjEot6CIbS3mEGc-mzx/spc/l3OVKfD1B7BiH8NueAlbdpKjsZANmYlcyIgy6GSiAFbl7qKjGvS0xPMSFbmIsYss/vprv/1/go/1/rqh/5/mt/1753447267/fvip/2/nvgoi/1/short_key/1/ncsapi/1/keepalive/yes/fexp/51542236/dover/13/itag/0/playlist_type/DVR/sparams/expire%2Cei%2Cip%2Cid%2Csource%2Crequiressl%2Cxpc%2Ctx%2Ctxs%2Chfr%2Cdemuxed%2Ctts_caps%2Cmaudio%2Cbui%2Cspc%2Cvprv%2Cgo%2Crqh%2Citag%2Cplaylist_type/sig/AJfQdSswRQIhAKv405WjjkSVNTbPQoWd8xE0-VGePLBrTMB2psdr3EpHAiAltztDRXlQ6fXpdp7O2CAeOvNWvm7DjmJRDqa_kqlygg%3D%3D/lsparams/playback_host%2Cmet%2Cmh%2Cmm%2Cmn%2Cms%2Cmv%2Cmvi%2Cpl%2Crms%2Cinitcwndbps/lsig/APaTxxMwRQIhANlhvdLyoPquphFFvFDgN-f6u5DuVR7yP4u8IWOKnq0JAiBK9AtM_4MzGcfmwI6DuqButjBdzhmNlW1uroLxvrVj7Q%3D%3D/file/index.m3u8", "tbr": 175.22, "ext": "mp4", "fps": 30.0, "protocol": "m3u8_native", "preference": null, "quality": 0, "has_drm": false, "width": 256, "height": 144, "vcodec": "avc1.4D400C", "acodec": "none", "dynamic_range": "SDR", "source_preference": -1, "__needs_testing": true, "video_ext": "mp4", "audio_ext": "none", "abr": 0, "vbr": 175.22, "resolution": "256x144", "aspect_ratio": 1.78, "http_headers": {"User-Agent": "Mozilla/5.0 (Windows NT 10.0; Win64; x64) AppleWebKit/537.36 (KHTML, like Gecko) Chrome/92.0.4515.159 Safari/537.36", "Accept": "text/html,application/xhtml+xml,application/xml;q=0.9,*/*;q=0.8", "Accept-Language": "en-us,en;q=0.5", "Sec-Fetch-Mode": "navigate"}, "format": "269 - 256x144"}, {"asr": null, "filesize": 30019210, "format_id": "160", "format_note": "144p", "source_preference": -1, "fps": 30, "audio_channels": null, "height": 144, "quality": 0.0, "has_drm": false, "tbr": 39.924, "filesize_approx": 30018895, "url": "https://rr4---sn-a5mlrnek.googlevideo.com/videoplayback?expire=1753469360&ei=T32DaNr0O9zXsfIP_qmmyAk&ip=194.146.14.42&id=o-ADP616ZXNM_2NkbN_5RfopJP3RRAA0JwgtGYQQwlL_xB&itag=160&aitags=133%2C134%2C135%2C136%2C137%2C160%2C242%2C243%2C244%2C247%2C248%2C278%2C394%2C395%2C396%2C397%2C398%2C399&source=youtube&requiressl=yes&xpc=EgVo2aDSNQ%3D%3D&met=1753447760%2C&mh=56&mm=31%2C29&mn=sn-a5mlrnek%2Csn-a5mekndz&ms=au%2Crdu&mv=m&mvi=4&pl=24&rms=au%2Cau&initcwndbps=2520000&bui=AY1jyLMbYens3xC6p44TDDvI0HOi7MDtK1HeJPplcLMUNcx894LQUeGcGOk-yb7gD4CDH8a9CODMbfcp&vprv=1&svpuc=1&mime=video%2Fmp4&ns=9J1BEuU_X8kAFKi-TaXbAfoQ&rqh=1&gir=yes&clen=30019210&dur=6015.208&lmt=1753417057935106&mt=1753447267&fvip=2&keepalive=yes&lmw=1&fexp=51542236%2C51543008&c=TVHTML5&sefc=1&txp=4432534&n=xa19pLuDrwYulA&sparams=expire%2Cei%2Cip%2Cid%2Caitags%2Csource%2Crequiressl%2Cxpc%2Cbui%2Cvprv%2Csvpuc%2Cmime%2Cns%2Crqh%2Cgir%2Cclen%2Cdur%2Clmt&sig=AJfQdSswRgIhAPnaIlX5wLfwqei666AjUax0JRAqPb6W0aNz0RBLMvHuAiEAznYpKfQqirgR-damxMs8_KqR5DpPys-K9ZRLHE1ztbc%3D&lsparams=met%2Cmh%2Cmm%2Cmn%2Cms%2Cmv%2Cmvi%2Cpl%2Crms%2Cinitcwndbps&lsig=APaTxxMwRQIgOE_RSS7xTtXnW7NTQSneeLTFMKbcOUq4kXvv8I_8zbECIQDL1-vntlXI6uAxvoDCbzGfOG0a1F-hezOn4IX7fZ4cTg%3D%3D", "width": 256, "language": null, "language_preference": -1, "preference": null, "ext": "mp4", "vcodec": "avc1.4d400c", "acodec": "none", "dynamic_range": "SDR", "container": "mp4_dash", "downloader_options": {"http_chunk_size": 10485760}, "protocol": "https", "video_ext": "mp4", "audio_ext": "none", "abr": 0, "vbr": 39.924, "resolution": "256x144", "aspect_ratio": 1.78, "http_headers": {"User-Agent": "Mozilla/5.0 (Windows NT 10.0; Win64; x64) AppleWebKit/537.36 (KHTML, like Gecko) Chrome/92.0.4515.159 Safari/537.36", "Accept": "text/html,application/xhtml+xml,application/xml;q=0.9,*/*;q=0.8", "Accept-Language": "en-us,en;q=0.5", "Sec-Fetch-Mode": "navigate"}, "format": "160 - 256x144 (144p)"}, {"format_id": "603", "format_index": null, "url": "https://manifest.googlevideo.com/api/manifest/hls_playlist/expire/1753469360/ei/UH2DaOGNEcaEt7EP9efF0Qk/ip/194.146.14.42/id/82a026220d1f72db/itag/603/source/youtube/requiressl/yes/ratebypass/yes/pfa/1/wft/1/sgovp/clen%3D49605949%3Bdur%3D6015.209%3Bgir%3Dyes%3Bitag%3D278%3Blmt%3D1753431181236073/rqh/1/hls_chunk_host/rr4---sn-a5mlrnek.googlevideo.com/xpc/EgVo2aDSNQ%3D%3D/met/1753447760,/mh/56/mm/31,29/mn/sn-a5mlrnek,sn-a5mekndz/ms/au,rdu/mv/m/mvi/4/pl/24/rms/au,au/initcwndbps/2357500/bui/AY1jyLMXYpIac_WtC3tUqof4qLVkVaddTqsrNjMYhaDqV42Orp4wmEwc73rT1KjEot6CIbS3mEGc-mzx/spc/l3OVKfD1B7BiH8NueAlbdpKjsZANmYlcyIgy6GSiAFbl7qKjGvS0xPMSFbmIsYss/vprv/1/playlist_type/DVR/dover/13/txp/4437534/mt/1753447267/fvip/2/short_key/1/keepalive/yes/fexp/51542236/sparams/expire,ei,ip,id,itag,source,requiressl,ratebypass,pfa,wft,sgovp,rqh,xpc,bui,spc,vprv,playlist_type/sig/AJfQdSswRAIgcVdRWWkSPz3Niv9erowK6J48qH-07tPdtKCYjq0F_1UCIFkk5VQ72z20Xc_uLSmmP_cwFVrsBmbYEgnJt2vjLpGT/lsparams/hls_chunk_host,met,mh,mm,mn,ms,mv,mvi,pl,rms,initcwndbps/lsig/APaTxxMwRgIhANbgBJhjmqahFhtdH8RVAotCo6uvrnG35YMeAPAkA5J1AiEAo19fsalNw9xHxWvK-EAQUOYmSoCWBytK9W2zZf46fV8%3D/playlist/index.m3u8", "manifest_url": "https://manifest.googlevideo.com/api/manifest/hls_variant/expire/1753469360/ei/UH2DaOGNEcaEt7EP9efF0Qk/ip/194.146.14.42/id/82a026220d1f72db/source/youtube/requiressl/yes/xpc/EgVo2aDSNQ%3D%3D/playback_host/rr4---sn-a5mlrnek.googlevideo.com/met/1753447760%2C/mh/56/mm/31%2C29/mn/sn-a5mlrnek%2Csn-a5mekndz/ms/au%2Crdu/mv/m/mvi/4/pl/24/rms/au%2Cau/tx/51539855/txs/51539853%2C51539854%2C51539855/hfr/1/demuxed/1/tts_caps/1/maudio/1/initcwndbps/2357500/bui/AY1jyLMXYpIac_WtC3tUqof4qLVkVaddTqsrNjMYhaDqV42Orp4wmEwc73rT1KjEot6CIbS3mEGc-mzx/spc/l3OVKfD1B7BiH8NueAlbdpKjsZANmYlcyIgy6GSiAFbl7qKjGvS0xPMSFbmIsYss/vprv/1/go/1/rqh/5/mt/1753447267/fvip/2/nvgoi/1/short_key/1/ncsapi/1/keepalive/yes/fexp/51542236/dover/13/itag/0/playlist_type/DVR/sparams/expire%2Cei%2Cip%2Cid%2Csource%2Crequiressl%2Cxpc%2Ctx%2Ctxs%2Chfr%2Cdemuxed%2Ctts_caps%2Cmaudio%2Cbui%2Cspc%2Cvprv%2Cgo%2Crqh%2Citag%2Cplaylist_type/sig/AJfQdSswRQIhAKv405WjjkSVNTbPQoWd8xE0-VGePLBrTMB2psdr3EpHAiAltztDRXlQ6fXpdp7O2CAeOvNWvm7DjmJRDqa_kqlygg%3D%3D/lsparams/playback_host%2Cmet%2Cmh%2Cmm%2Cmn%2Cms%2Cmv%2Cmvi%2Cpl%2Crms%2Cinitcwndbps/lsig/APaTxxMwRQIhANlhvdLyoPquphFFvFDgN-f6u5DuVR7yP4u8IWOKnq0JAiBK9AtM_4MzGcfmwI6DuqButjBdzhmNlW1uroLxvrVj7Q%3D%3D/file/index.m3u8", "tbr": 188.348, "ext": "mp4", "fps": 30.0, "protocol": "m3u8_native", "preference": null, "quality": 0, "has_drm": false, "width": 256, "height": 144, "vcodec": "vp09.00.11.08", "acodec": "none", "dynamic_range": "SDR", "source_preference": -1, "__needs_testing": true, "video_ext": "mp4", "audio_ext": "none", "abr": 0, "vbr": 188.348, "resolution": "256x144", "aspect_ratio": 1.78, "http_headers": {"User-Agent": "Mozilla/5.0 (Windows NT 10.0; Win64; x64) AppleWebKit/537.36 (KHTML, like Gecko) Chrome/92.0.4515.159 Safari/537.36", "Accept": "text/html,application/xhtml+xml,application/xml;q=0.9,*/*;q=0.8", "Accept-Language": "en-us,en;q=0.5", "Sec-Fetch-Mode": "navigate"}, "format": "603 - 256x144"}, {"asr": null, "filesize": 49605949, "format_id": "278", "format_note": "144p", "source_preference": -1, "fps": 30, "audio_channels": null, "height": 144, "quality": 0.0, "has_drm": false, "tbr": 65.974, "filesize_approx": 49605924, "url": "https://rr4---sn-a5mlrnek.googlevideo.com/videoplayback?expire=1753469360&ei=T32DaNr0O9zXsfIP_qmmyAk&ip=194.146.14.42&id=o-ADP616ZXNM_2NkbN_5RfopJP3RRAA0JwgtGYQQwlL_xB&itag=278&aitags=133%2C134%2C135%2C136%2C137%2C160%2C242%2C243%2C244%2C247%2C248%2C278%2C394%2C395%2C396%2C397%2C398%2C399&source=youtube&requiressl=yes&xpc=EgVo2aDSNQ%3D%3D&met=1753447760%2C&mh=56&mm=31%2C29&mn=sn-a5mlrnek%2Csn-a5mekndz&ms=au%2Crdu&mv=m&mvi=4&pl=24&rms=au%2Cau&initcwndbps=2520000&bui=AY1jyLMbYens3xC6p44TDDvI0HOi7MDtK1HeJPplcLMUNcx894LQUeGcGOk-yb7gD4CDH8a9CODMbfcp&vprv=1&svpuc=1&mime=video%2Fwebm&ns=9J1BEuU_X8kAFKi-TaXbAfoQ&rqh=1&gir=yes&clen=49605949&dur=6015.209&lmt=1753431181236073&mt=1753447267&fvip=2&keepalive=yes&lmw=1&fexp=51542236%2C51543008&c=TVHTML5&sefc=1&txp=4437534&n=xa19pLuDrwYulA&sparams=expire%2Cei%2Cip%2Cid%2Caitags%2Csource%2Crequiressl%2Cxpc%2Cbui%2Cvprv%2Csvpuc%2Cmime%2Cns%2Crqh%2Cgir%2Cclen%2Cdur%2Clmt&sig=AJfQdSswRAIgZFjWqrP5iSByXmQYBlJwMZIKiPAv_0hApR3N1ltrWqcCIAveAlCNniVKGtJ3rR6o39Fl0u4w4ZadWBpArCA74jDB&lsparams=met%2Cmh%2Cmm%2Cmn%2Cms%2Cmv%2Cmvi%2Cpl%2Crms%2Cinitcwndbps&lsig=APaTxxMwRQIgOE_RSS7xTtXnW7NTQSneeLTFMKbcOUq4kXvv8I_8zbECIQDL1-vntlXI6uAxvoDCbzGfOG0a1F-hezOn4IX7fZ4cTg%3D%3D", "width": 256, "language": null, "language_preference": -1, "preference": null, "ext": "webm", "vcodec": "vp9", "acodec": "none", "dynamic_range": "SDR", "container": "webm_dash", "downloader_options": {"http_chunk_size": 10485760}, "protocol": "https", "video_ext": "webm", "audio_ext": "none", "abr": 0, "vbr": 65.974, "resolution": "256x144", "aspect_ratio": 1.78, "http_headers": {"User-Agent": "Mozilla/5.0 (Windows NT 10.0; Win64; x64) AppleWebKit/537.36 (KHTML, like Gecko) Chrome/92.0.4515.159 Safari/537.36", "Accept": "text/html,application/xhtml+xml,application/xml;q=0.9,*/*;q=0.8", "Accept-Language": "en-us,en;q=0.5", "Sec-Fetch-Mode": "navigate"}, "format": "278 - 256x144 (144p)"}, {"asr": null, "filesize": 42789821, "format_id": "394", "format_note": "144p", "source_preference": -1, "fps": 30, "audio_channels": null, "height": 144, "quality": 0.0, "has_drm": false, "tbr": 56.908, "filesize_approx": 42789182, "url": "https://rr4---sn-a5mlrnek.googlevideo.com/videoplayback?expire=1753469360&ei=T32DaNr0O9zXsfIP_qmmyAk&ip=194.146.14.42&id=o-ADP616ZXNM_2NkbN_5RfopJP3RRAA0JwgtGYQQwlL_xB&itag=394&aitags=133%2C134%2C135%2C136%2C137%2C160%2C242%2C243%2C244%2C247%2C248%2C278%2C394%2C395%2C396%2C397%2C398%2C399&source=youtube&requiressl=yes&xpc=EgVo2aDSNQ%3D%3D&met=1753447760%2C&mh=56&mm=31%2C29&mn=sn-a5mlrnek%2Csn-a5mekndz&ms=au%2Crdu&mv=m&mvi=4&pl=24&rms=au%2Cau&initcwndbps=2520000&bui=AY1jyLMbYens3xC6p44TDDvI0HOi7MDtK1HeJPplcLMUNcx894LQUeGcGOk-yb7gD4CDH8a9CODMbfcp&vprv=1&svpuc=1&mime=video%2Fmp4&ns=9J1BEuU_X8kAFKi-TaXbAfoQ&rqh=1&gir=yes&clen=42789821&dur=6015.208&lmt=1753417461493365&mt=1753447267&fvip=2&keepalive=yes&lmw=1&fexp=51542236%2C51543008&c=TVHTML5&sefc=1&txp=443G534&n=xa19pLuDrwYulA&sparams=expire%2Cei%2Cip%2Cid%2Caitags%2Csource%2Crequiressl%2Cxpc%2Cbui%2Cvprv%2Csvpuc%2Cmime%2Cns%2Crqh%2Cgir%2Cclen%2Cdur%2Clmt&sig=AJfQdSswRAIgeyl0mEydbzy9WWqIEXJGwgWfVvvdNiDwwirxo1iV2PwCIHZFDyHikmrmiZmtUxfb01D4YC8lA_lQhuKJ26xwTOuZ&lsparams=met%2Cmh%2Cmm%2Cmn%2Cms%2Cmv%2Cmvi%2Cpl%2Crms%2Cinitcwndbps&lsig=APaTxxMwRQIgOE_RSS7xTtXnW7NTQSneeLTFMKbcOUq4kXvv8I_8zbECIQDL1-vntlXI6uAxvoDCbzGfOG0a1F-hezOn4IX7fZ4cTg%3D%3D", "width": 256, "language": null, "language_preference": -1, "preference": null, "ext": "mp4", "vcodec": "av01.0.00M.08", "acodec": "none", "dynamic_range": "SDR", "container": "mp4_dash", "downloader_options": {"http_chunk_size": 10485760}, "protocol": "https", "video_ext": "mp4", "audio_ext": "none", "abr": 0, "vbr": 56.908, "resolution": "256x144", "aspect_ratio": 1.78, "http_headers": {"User-Agent": "Mozilla/5.0 (Windows NT 10.0; Win64; x64) AppleWebKit/537.36 (KHTML, like Gecko) Chrome/92.0.4515.159 Safari/537.36", "Accept": "text/html,application/xhtml+xml,application/xml;q=0.9,*/*;q=0.8", "Accept-Language": "en-us,en;q=0.5", "Sec-Fetch-Mode": "navigate"}, "format": "394 - 256x144 (144p)"}, {"format_id": "229", "format_index": null, "url": "https://manifest.googlevideo.com/api/manifest/hls_playlist/expire/1753469360/ei/UH2DaOGNEcaEt7EP9efF0Qk/ip/194.146.14.42/id/82a026220d1f72db/itag/229/source/youtube/requiressl/yes/ratebypass/yes/pfa/1/sgovp/clen%3D60017140%3Bdur%3D6015.208%3Bgir%3Dyes%3Bitag%3D133%3Blmt%3D1753417032370562/rqh/1/hls_chunk_host/rr4---sn-a5mlrnek.googlevideo.com/xpc/EgVo2aDSNQ%3D%3D/met/1753447760,/mh/56/mm/31,29/mn/sn-a5mlrnek,sn-a5mekndz/ms/au,rdu/mv/m/mvi/4/pl/24/rms/au,au/initcwndbps/2357500/bui/AY1jyLMXYpIac_WtC3tUqof4qLVkVaddTqsrNjMYhaDqV42Orp4wmEwc73rT1KjEot6CIbS3mEGc-mzx/spc/l3OVKfD1B7BiH8NueAlbdpKjsZANmYlcyIgy6GSiAFbl7qKjGvS0xPMSFbmIsYss/vprv/1/playlist_type/DVR/dover/13/txp/4432534/mt/1753447267/fvip/2/short_key/1/keepalive/yes/fexp/51542236/sparams/expire,ei,ip,id,itag,source,requiressl,ratebypass,pfa,sgovp,rqh,xpc,bui,spc,vprv,playlist_type/sig/AJfQdSswRQIhAJCryNdda4n7UXC8hS7_fz5p6eyRhiP1bz2us31ORN8nAiAJSPc52zvmcjhnZ9aNx93dfgxeXnU5UFiupEhnWstE1g%3D%3D/lsparams/hls_chunk_host,met,mh,mm,mn,ms,mv,mvi,pl,rms,initcwndbps/lsig/APaTxxMwRQIhAJWFE8Ic8rNyVaZwdr7v5ZCtw_OPU8R-gNXflAcLeu-TAiAdo3VVv3hbu4FauYq0y1voAArTbWMP-CjHNhUcfexljQ%3D%3D/playlist/index.m3u8", "manifest_url": "https://manifest.googlevideo.com/api/manifest/hls_variant/expire/1753469360/ei/UH2DaOGNEcaEt7EP9efF0Qk/ip/194.146.14.42/id/82a026220d1f72db/source/youtube/requiressl/yes/xpc/EgVo2aDSNQ%3D%3D/playback_host/rr4---sn-a5mlrnek.googlevideo.com/met/1753447760%2C/mh/56/mm/31%2C29/mn/sn-a5mlrnek%2Csn-a5mekndz/ms/au%2Crdu/mv/m/mvi/4/pl/24/rms/au%2Cau/tx/51539855/txs/51539853%2C51539854%2C51539855/hfr/1/demuxed/1/tts_caps/1/maudio/1/initcwndbps/2357500/bui/AY1jyLMXYpIac_WtC3tUqof4qLVkVaddTqsrNjMYhaDqV42Orp4wmEwc73rT1KjEot6CIbS3mEGc-mzx/spc/l3OVKfD1B7BiH8NueAlbdpKjsZANmYlcyIgy6GSiAFbl7qKjGvS0xPMSFbmIsYss/vprv/1/go/1/rqh/5/mt/1753447267/fvip/2/nvgoi/1/short_key/1/ncsapi/1/keepalive/yes/fexp/51542236/dover/13/itag/0/playlist_type/DVR/sparams/expire%2Cei%2Cip%2Cid%2Csource%2Crequiressl%2Cxpc%2Ctx%2Ctxs%2Chfr%2Cdemuxed%2Ctts_caps%2Cmaudio%2Cbui%2Cspc%2Cvprv%2Cgo%2Crqh%2Citag%2Cplaylist_type/sig/AJfQdSswRQIhAKv405WjjkSVNTbPQoWd8xE0-VGePLBrTMB2psdr3EpHAiAltztDRXlQ6fXpdp7O2CAeOvNWvm7DjmJRDqa_kqlygg%3D%3D/lsparams/playback_host%2Cmet%2Cmh%2Cmm%2Cmn%2Cms%2Cmv%2Cmvi%2Cpl%2Crms%2Cinitcwndbps/lsig/APaTxxMwRQIhANlhvdLyoPquphFFvFDgN-f6u5DuVR7yP4u8IWOKnq0JAiBK9AtM_4MzGcfmwI6DuqButjBdzhmNlW1uroLxvrVj7Q%3D%3D/file/index.m3u8", "tbr": 318.035, "ext": "mp4", "fps": 30.0, "protocol": "m3u8_native", "preference": null, "quality": 5, "has_drm": false, "width": 426, "height": 240, "vcodec": "avc1.4D4015", "acodec": "none", "dynamic_range": "SDR", "source_preference": -1, "__needs_testing": true, "video_ext": "mp4", "audio_ext": "none", "abr": 0, "vbr": 318.035, "resolution": "426x240", "aspect_ratio": 1.77, "http_headers": {"User-Agent": "Mozilla/5.0 (Windows NT 10.0; Win64; x64) AppleWebKit/537.36 (KHTML, like Gecko) Chrome/92.0.4515.159 Safari/537.36", "Accept": "text/html,application/xhtml+xml,application/xml;q=0.9,*/*;q=0.8", "Accept-Language": "en-us,en;q=0.5", "Sec-Fetch-Mode": "navigate"}, "format": "229 - 426x240"}, {"asr": null, "filesize": 60017140, "format_id": "133", "format_note": "240p", "source_preference": -1, "fps": 30, "audio_channels": null, "height": 240, "quality": 5.0, "has_drm": false, "tbr": 79.82, "filesize_approx": 60016737, "url": "https://rr4---sn-a5mlrnek.googlevideo.com/videoplayback?expire=1753469360&ei=T32DaNr0O9zXsfIP_qmmyAk&ip=194.146.14.42&id=o-ADP616ZXNM_2NkbN_5RfopJP3RRAA0JwgtGYQQwlL_xB&itag=133&aitags=133%2C134%2C135%2C136%2C137%2C160%2C242%2C243%2C244%2C247%2C248%2C278%2C394%2C395%2C396%2C397%2C398%2C399&source=youtube&requiressl=yes&xpc=EgVo2aDSNQ%3D%3D&met=1753447760%2C&mh=56&mm=31%2C29&mn=sn-a5mlrnek%2Csn-a5mekndz&ms=au%2Crdu&mv=m&mvi=4&pl=24&rms=au%2Cau&initcwndbps=2520000&bui=AY1jyLMbYens3xC6p44TDDvI0HOi7MDtK1HeJPplcLMUNcx894LQUeGcGOk-yb7gD4CDH8a9CODMbfcp&vprv=1&svpuc=1&mime=video%2Fmp4&ns=9J1BEuU_X8kAFKi-TaXbAfoQ&rqh=1&gir=yes&clen=60017140&dur=6015.208&lmt=1753417032370562&mt=1753447267&fvip=2&keepalive=yes&lmw=1&fexp=51542236%2C51543008&c=TVHTML5&sefc=1&txp=4432534&n=xa19pLuDrwYulA&sparams=expire%2Cei%2Cip%2Cid%2Caitags%2Csource%2Crequiressl%2Cxpc%2Cbui%2Cvprv%2Csvpuc%2Cmime%2Cns%2Crqh%2Cgir%2Cclen%2Cdur%2Clmt&sig=AJfQdSswRAIgJT5C1ECvJxRCmlnpDaACyWXnx1OjL7FhSRsvpKOXe2ECIBx4wMNpr_-TzXe9Bd8oXijuIEd5KvUo0WYQ73jC1W0n&lsparams=met%2Cmh%2Cmm%2Cmn%2Cms%2Cmv%2Cmvi%2Cpl%2Crms%2Cinitcwndbps&lsig=APaTxxMwRQIgOE_RSS7xTtXnW7NTQSneeLTFMKbcOUq4kXvv8I_8zbECIQDL1-vntlXI6uAxvoDCbzGfOG0a1F-hezOn4IX7fZ4cTg%3D%3D", "width": 426, "language": null, "language_preference": -1, "preference": null, "ext": "mp4", "vcodec": "avc1.4d4015", "acodec": "none", "dynamic_range": "SDR", "container": "mp4_dash", "downloader_options": {"http_chunk_size": 10485760}, "protocol": "https", "video_ext": "mp4", "audio_ext": "none", "abr": 0, "vbr": 79.82, "resolution": "426x240", "aspect_ratio": 1.77, "http_headers": {"User-Agent": "Mozilla/5.0 (Windows NT 10.0; Win64; x64) AppleWebKit/537.36 (KHTML, like Gecko) Chrome/92.0.4515.159 Safari/537.36", "Accept": "text/html,application/xhtml+xml,application/xml;q=0.9,*/*;q=0.8", "Accept-Language": "en-us,en;q=0.5", "Sec-Fetch-Mode": "navigate"}, "format": "133 - 426x240 (240p)"}, {"format_id": "604", "format_index": null, "url": "https://manifest.googlevideo.com/api/manifest/hls_playlist/expire/1753469360/ei/UH2DaOGNEcaEt7EP9efF0Qk/ip/194.146.14.42/id/82a026220d1f72db/itag/604/source/youtube/requiressl/yes/ratebypass/yes/pfa/1/wft/1/sgovp/clen%3D68381412%3Bdur%3D6015.209%3Bgir%3Dyes%3Bitag%3D242%3Blmt%3D1753431253584461/rqh/1/hls_chunk_host/rr4---sn-a5mlrnek.googlevideo.com/xpc/EgVo2aDSNQ%3D%3D/met/1753447760,/mh/56/mm/31,29/mn/sn-a5mlrnek,sn-a5mekndz/ms/au,rdu/mv/m/mvi/4/pl/24/rms/au,au/initcwndbps/2357500/bui/AY1jyLMXYpIac_WtC3tUqof4qLVkVaddTqsrNjMYhaDqV42Orp4wmEwc73rT1KjEot6CIbS3mEGc-mzx/spc/l3OVKfD1B7BiH8NueAlbdpKjsZANmYlcyIgy6GSiAFbl7qKjGvS0xPMSFbmIsYss/vprv/1/playlist_type/DVR/dover/13/txp/4437534/mt/1753447267/fvip/2/short_key/1/keepalive/yes/fexp/51542236/sparams/expire,ei,ip,id,itag,source,requiressl,ratebypass,pfa,wft,sgovp,rqh,xpc,bui,spc,vprv,playlist_type/sig/AJfQdSswRQIhAJZFivN67gmKhh5dB8bmuGP83tUMBfqWxFRoNVJSvAUfAiBzc-tb6snGzp7u1oOhu7Qepf8yDNdkclG1tXEg8lAhgw%3D%3D/lsparams/hls_chunk_host,met,mh,mm,mn,ms,mv,mvi,pl,rms,initcwndbps/lsig/APaTxxMwRAIgL-hWfawGhSNReuDLRWNlu3tvMRYWwflmrPbu1cK2dmMCICiZjwPsCfBikAYdZZL1rv86QQPr96qQWEFvLJke1zBK/playlist/index.m3u8", "manifest_url": "https://manifest.googlevideo.com/api/manifest/hls_variant/expire/1753469360/ei/UH2DaOGNEcaEt7EP9efF0Qk/ip/194.146.14.42/id/82a026220d1f72db/source/youtube/requiressl/yes/xpc/EgVo2aDSNQ%3D%3D/playback_host/rr4---sn-a5mlrnek.googlevideo.com/met/1753447760%2C/mh/56/mm/31%2C29/mn/sn-a5mlrnek%2Csn-a5mekndz/ms/au%2Crdu/mv/m/mvi/4/pl/24/rms/au%2Cau/tx/51539855/txs/51539853%2C51539854%2C51539855/hfr/1/demuxed/1/tts_caps/1/maudio/1/initcwndbps/2357500/bui/AY1jyLMXYpIac_WtC3tUqof4qLVkVaddTqsrNjMYhaDqV42Orp4wmEwc73rT1KjEot6CIbS3mEGc-mzx/spc/l3OVKfD1B7BiH8NueAlbdpKjsZANmYlcyIgy6GSiAFbl7qKjGvS0xPMSFbmIsYss/vprv/1/go/1/rqh/5/mt/1753447267/fvip/2/nvgoi/1/short_key/1/ncsapi/1/keepalive/yes/fexp/51542236/dover/13/itag/0/playlist_type/DVR/sparams/expire%2Cei%2Cip%2Cid%2Csource%2Crequiressl%2Cxpc%2Ctx%2Ctxs%2Chfr%2Cdemuxed%2Ctts_caps%2Cmaudio%2Cbui%2Cspc%2Cvprv%2Cgo%2Crqh%2Citag%2Cplaylist_type/sig/AJfQdSswRQIhAKv405WjjkSVNTbPQoWd8xE0-VGePLBrTMB2psdr3EpHAiAltztDRXlQ6fXpdp7O2CAeOvNWvm7DjmJRDqa_kqlygg%3D%3D/lsparams/playback_host%2Cmet%2Cmh%2Cmm%2Cmn%2Cms%2Cmv%2Cmvi%2Cpl%2Crms%2Cinitcwndbps/lsig/APaTxxMwRQIhANlhvdLyoPquphFFvFDgN-f6u5DuVR7yP4u8IWOKnq0JAiBK9AtM_4MzGcfmwI6DuqButjBdzhmNlW1uroLxvrVj7Q%3D%3D/file/index.m3u8", "tbr": 304.434, "ext": "mp4", "fps": 30.0, "protocol": "m3u8_native", "preference": null, "quality": 5, "has_drm": false, "width": 426, "height": 240, "vcodec": "vp09.00.20.08", "acodec": "none", "dynamic_range": "SDR", "source_preference": -1, "__needs_testing": true, "video_ext": "mp4", "audio_ext": "none", "abr": 0, "vbr": 304.434, "resolution": "426x240", "aspect_ratio": 1.77, "http_headers": {"User-Agent": "Mozilla/5.0 (Windows NT 10.0; Win64; x64) AppleWebKit/537.36 (KHTML, like Gecko) Chrome/92.0.4515.159 Safari/537.36", "Accept": "text/html,application/xhtml+xml,application/xml;q=0.9,*/*;q=0.8", "Accept-Language": "en-us,en;q=0.5", "Sec-Fetch-Mode": "navigate"}, "format": "604 - 426x240"}, {"asr": null, "filesize": 68381412, "format_id": "242", "format_note": "240p", "source_preference": -1, "fps": 30, "audio_channels": null, "height": 240, "quality": 5.0, "has_drm": false, "tbr": 90.944, "filesize_approx": 68380895, "url": "https://rr4---sn-a5mlrnek.googlevideo.com/videoplayback?expire=1753469360&ei=T32DaNr0O9zXsfIP_qmmyAk&ip=194.146.14.42&id=o-ADP616ZXNM_2NkbN_5RfopJP3RRAA0JwgtGYQQwlL_xB&itag=242&aitags=133%2C134%2C135%2C136%2C137%2C160%2C242%2C243%2C244%2C247%2C248%2C278%2C394%2C395%2C396%2C397%2C398%2C399&source=youtube&requiressl=yes&xpc=EgVo2aDSNQ%3D%3D&met=1753447760%2C&mh=56&mm=31%2C29&mn=sn-a5mlrnek%2Csn-a5mekndz&ms=au%2Crdu&mv=m&mvi=4&pl=24&rms=au%2Cau&initcwndbps=2520000&bui=AY1jyLMbYens3xC6p44TDDvI0HOi7MDtK1HeJPplcLMUNcx894LQUeGcGOk-yb7gD4CDH8a9CODMbfcp&vprv=1&svpuc=1&mime=video%2Fwebm&ns=9J1BEuU_X8kAFKi-TaXbAfoQ&rqh=1&gir=yes&clen=68381412&dur=6015.209&lmt=1753431253584461&mt=1753447267&fvip=2&keepalive=yes&lmw=1&fexp=51542236%2C51543008&c=TVHTML5&sefc=1&txp=4437534&n=xa19pLuDrwYulA&sparams=expire%2Cei%2Cip%2Cid%2Caitags%2Csource%2Crequiressl%2Cxpc%2Cbui%2Cvprv%2Csvpuc%2Cmime%2Cns%2Crqh%2Cgir%2Cclen%2Cdur%2Clmt&sig=AJfQdSswRQIhAJtM3s9CU5RrG7aVBRxSDBh_YmdE9KwrF4s8G9xU4sPnAiBwlyoaP8ebSN0iVP078mBuVymdjA6N6s4bfAuJpRwcaw%3D%3D&lsparams=met%2Cmh%2Cmm%2Cmn%2Cms%2Cmv%2Cmvi%2Cpl%2Crms%2Cinitcwndbps&lsig=APaTxxMwRQIgOE_RSS7xTtXnW7NTQSneeLTFMKbcOUq4kXvv8I_8zbECIQDL1-vntlXI6uAxvoDCbzGfOG0a1F-hezOn4IX7fZ4cTg%3D%3D", "width": 426, "language": null, "language_preference": -1, "preference": null, "ext": "webm", "vcodec": "vp9", "acodec": "none", "dynamic_range": "SDR", "container": "webm_dash", "downloader_options": {"http_chunk_size": 10485760}, "protocol": "https", "video_ext": "webm", "audio_ext": "none", "abr": 0, "vbr": 90.944, "resolution": "426x240", "aspect_ratio": 1.77, "http_headers": {"User-Agent": "Mozilla/5.0 (Windows NT 10.0; Win64; x64) AppleWebKit/537.36 (KHTML, like Gecko) Chrome/92.0.4515.159 Safari/537.36", "Accept": "text/html,application/xhtml+xml,application/xml;q=0.9,*/*;q=0.8", "Accept-Language": "en-us,en;q=0.5", "Sec-Fetch-Mode": "navigate"}, "format": "242 - 426x240 (240p)"}, {"asr": null, "filesize": 74120107, "format_id": "395", "format_note": "240p", "source_preference": -1, "fps": 30, "audio_channels": null, "height": 240, "quality": 5.0, "has_drm": false, "tbr": 98.576, "filesize_approx": 74119392, "url": "https://rr4---sn-a5mlrnek.googlevideo.com/videoplayback?expire=1753469360&ei=T32DaNr0O9zXsfIP_qmmyAk&ip=194.146.14.42&id=o-ADP616ZXNM_2NkbN_5RfopJP3RRAA0JwgtGYQQwlL_xB&itag=395&aitags=133%2C134%2C135%2C136%2C137%2C160%2C242%2C243%2C244%2C247%2C248%2C278%2C394%2C395%2C396%2C397%2C398%2C399&source=youtube&requiressl=yes&xpc=EgVo2aDSNQ%3D%3D&met=1753447760%2C&mh=56&mm=31%2C29&mn=sn-a5mlrnek%2Csn-a5mekndz&ms=au%2Crdu&mv=m&mvi=4&pl=24&rms=au%2Cau&initcwndbps=2520000&bui=AY1jyLMbYens3xC6p44TDDvI0HOi7MDtK1HeJPplcLMUNcx894LQUeGcGOk-yb7gD4CDH8a9CODMbfcp&vprv=1&svpuc=1&mime=video%2Fmp4&ns=9J1BEuU_X8kAFKi-TaXbAfoQ&rqh=1&gir=yes&clen=74120107&dur=6015.208&lmt=1753417358999976&mt=1753447267&fvip=2&keepalive=yes&lmw=1&fexp=51542236%2C51543008&c=TVHTML5&sefc=1&txp=443G534&n=xa19pLuDrwYulA&sparams=expire%2Cei%2Cip%2Cid%2Caitags%2Csource%2Crequiressl%2Cxpc%2Cbui%2Cvprv%2Csvpuc%2Cmime%2Cns%2Crqh%2Cgir%2Cclen%2Cdur%2Clmt&sig=AJfQdSswRQIgG_mKfpKO5Mmw3sInpcDsbNRmpRs-AapZvwgySyEUGs4CIQCGuLWlTz8bqA1xNrh_s6c7X0ke8qgOsSP31UFzlTCPjw%3D%3D&lsparams=met%2Cmh%2Cmm%2Cmn%2Cms%2Cmv%2Cmvi%2Cpl%2Crms%2Cinitcwndbps&lsig=APaTxxMwRQIgOE_RSS7xTtXnW7NTQSneeLTFMKbcOUq4kXvv8I_8zbECIQDL1-vntlXI6uAxvoDCbzGfOG0a1F-hezOn4IX7fZ4cTg%3D%3D", "width": 426, "language": null, "language_preference": -1, "preference": null, "ext": "mp4", "vcodec": "av01.0.00M.08", "acodec": "none", "dynamic_range": "SDR", "container": "mp4_dash", "downloader_options": {"http_chunk_size": 10485760}, "protocol": "https", "video_ext": "mp4", "audio_ext": "none", "abr": 0, "vbr": 98.576, "resolution": "426x240", "aspect_ratio": 1.77, "http_headers": {"User-Agent": "Mozilla/5.0 (Windows NT 10.0; Win64; x64) AppleWebKit/537.36 (KHTML, like Gecko) Chrome/92.0.4515.159 Safari/537.36", "Accept": "text/html,application/xhtml+xml,application/xml;q=0.9,*/*;q=0.8", "Accept-Language": "en-us,en;q=0.5", "Sec-Fetch-Mode": "navigate"}, "format": "395 - 426x240 (240p)"}, {"format_id": "230", "format_index": null, "url": "https://manifest.googlevideo.com/api/manifest/hls_playlist/expire/1753469360/ei/UH2DaOGNEcaEt7EP9efF0Qk/ip/194.146.14.42/id/82a026220d1f72db/itag/230/source/youtube/requiressl/yes/ratebypass/yes/pfa/1/sgovp/clen%3D109522455%3Bdur%3D6015.208%3Bgir%3Dyes%3Bitag%3D134%3Blmt%3D1753417063953941/rqh/1/hls_chunk_host/rr4---sn-a5mlrnek.googlevideo.com/xpc/EgVo2aDSNQ%3D%3D/met/1753447760,/mh/56/mm/31,29/mn/sn-a5mlrnek,sn-a5mekndz/ms/au,rdu/mv/m/mvi/4/pl/24/rms/au,au/initcwndbps/2357500/bui/AY1jyLMXYpIac_WtC3tUqof4qLVkVaddTqsrNjMYhaDqV42Orp4wmEwc73rT1KjEot6CIbS3mEGc-mzx/spc/l3OVKfD1B7BiH8NueAlbdpKjsZANmYlcyIgy6GSiAFbl7qKjGvS0xPMSFbmIsYss/vprv/1/playlist_type/DVR/dover/13/txp/4432534/mt/1753447267/fvip/2/short_key/1/keepalive/yes/fexp/51542236/sparams/expire,ei,ip,id,itag,source,requiressl,ratebypass,pfa,sgovp,rqh,xpc,bui,spc,vprv,playlist_type/sig/AJfQdSswRgIhAOLiE1JcY3bzXD7ega1mkUgnGTvlZy_h2MK7i9mcDRi8AiEAjxCqiwOYONO38K0Gr9gD2xMt0t6sHD0Om60vf7jelw4%3D/lsparams/hls_chunk_host,met,mh,mm,mn,ms,mv,mvi,pl,rms,initcwndbps/lsig/APaTxxMwRQIgLtPJ_cryBDb7_YPE0cJBTtkzaqDWPwf21o_6u6ctl7cCIQCKz38cfSdcalAQgf-EMunspUTVmuv97KZi30DwI1SOwg%3D%3D/playlist/index.m3u8", "manifest_url": "https://manifest.googlevideo.com/api/manifest/hls_variant/expire/1753469360/ei/UH2DaOGNEcaEt7EP9efF0Qk/ip/194.146.14.42/id/82a026220d1f72db/source/youtube/requiressl/yes/xpc/EgVo2aDSNQ%3D%3D/playback_host/rr4---sn-a5mlrnek.googlevideo.com/met/1753447760%2C/mh/56/mm/31%2C29/mn/sn-a5mlrnek%2Csn-a5mekndz/ms/au%2Crdu/mv/m/mvi/4/pl/24/rms/au%2Cau/tx/51539855/txs/51539853%2C51539854%2C51539855/hfr/1/demuxed/1/tts_caps/1/maudio/1/initcwndbps/2357500/bui/AY1jyLMXYpIac_WtC3tUqof4qLVkVaddTqsrNjMYhaDqV42Orp4wmEwc73rT1KjEot6CIbS3mEGc-mzx/spc/l3OVKfD1B7BiH8NueAlbdpKjsZANmYlcyIgy6GSiAFbl7qKjGvS0xPMSFbmIsYss/vprv/1/go/1/rqh/5/mt/1753447267/fvip/2/nvgoi/1/short_key/1/ncsapi/1/keepalive/yes/fexp/51542236/dover/13/itag/0/playlist_type/DVR/sparams/expire%2Cei%2Cip%2Cid%2Csource%2Crequiressl%2Cxpc%2Ctx%2Ctxs%2Chfr%2Cdemuxed%2Ctts_caps%2Cmaudio%2Cbui%2Cspc%2Cvprv%2Cgo%2Crqh%2Citag%2Cplaylist_type/sig/AJfQdSswRQIhAKv405WjjkSVNTbPQoWd8xE0-VGePLBrTMB2psdr3EpHAiAltztDRXlQ6fXpdp7O2CAeOvNWvm7DjmJRDqa_kqlygg%3D%3D/lsparams/playback_host%2Cmet%2Cmh%2Cmm%2Cmn%2Cms%2Cmv%2Cmvi%2Cpl%2Crms%2Cinitcwndbps/lsig/APaTxxMwRQIhANlhvdLyoPquphFFvFDgN-f6u5DuVR7yP4u8IWOKnq0JAiBK9AtM_4MzGcfmwI6DuqButjBdzhmNlW1uroLxvrVj7Q%3D%3D/file/index.m3u8", "tbr": 807.526, "ext": "mp4", "fps": 30.0, "protocol": "m3u8_native", "preference": null, "quality": 6, "has_drm": false, "width": 640, "height": 360, "vcodec": "avc1.4D401E", "acodec": "none", "dynamic_range": "SDR", "source_preference": -1, "__needs_testing": true, "video_ext": "mp4", "audio_ext": "none", "abr": 0, "vbr": 807.526, "resolution": "640x360", "aspect_ratio": 1.78, "http_headers": {"User-Agent": "Mozilla/5.0 (Windows NT 10.0; Win64; x64) AppleWebKit/537.36 (KHTML, like Gecko) Chrome/92.0.4515.159 Safari/537.36", "Accept": "text/html,application/xhtml+xml,application/xml;q=0.9,*/*;q=0.8", "Accept-Language": "en-us,en;q=0.5", "Sec-Fetch-Mode": "navigate"}, "format": "230 - 640x360"}, {"asr": null, "filesize": 109522455, "format_id": "134", "format_note": "360p", "source_preference": -1, "fps": 30, "audio_channels": null, "height": 360, "quality": 6.0, "has_drm": false, "tbr": 145.66, "filesize_approx": 109521899, "url": "https://rr4---sn-a5mlrnek.googlevideo.com/videoplayback?expire=1753469360&ei=T32DaNr0O9zXsfIP_qmmyAk&ip=194.146.14.42&id=o-ADP616ZXNM_2NkbN_5RfopJP3RRAA0JwgtGYQQwlL_xB&itag=134&aitags=133%2C134%2C135%2C136%2C137%2C160%2C242%2C243%2C244%2C247%2C248%2C278%2C394%2C395%2C396%2C397%2C398%2C399&source=youtube&requiressl=yes&xpc=EgVo2aDSNQ%3D%3D&met=1753447760%2C&mh=56&mm=31%2C29&mn=sn-a5mlrnek%2Csn-a5mekndz&ms=au%2Crdu&mv=m&mvi=4&pl=24&rms=au%2Cau&initcwndbps=2520000&bui=AY1jyLMbYens3xC6p44TDDvI0HOi7MDtK1HeJPplcLMUNcx894LQUeGcGOk-yb7gD4CDH8a9CODMbfcp&vprv=1&svpuc=1&mime=video%2Fmp4&ns=9J1BEuU_X8kAFKi-TaXbAfoQ&rqh=1&gir=yes&clen=109522455&dur=6015.208&lmt=1753417063953941&mt=1753447267&fvip=2&keepalive=yes&lmw=1&fexp=51542236%2C51543008&c=TVHTML5&sefc=1&txp=4432534&n=xa19pLuDrwYulA&sparams=expire%2Cei%2Cip%2Cid%2Caitags%2Csource%2Crequiressl%2Cxpc%2Cbui%2Cvprv%2Csvpuc%2Cmime%2Cns%2Crqh%2Cgir%2Cclen%2Cdur%2Clmt&sig=AJfQdSswRQIhAM0r3TQ7Oz3M0firmVu91E0PcbxjjA3RJktyKLoYhJ1OAiAXjb7nuH3qA91F-PfKyLKWn8sEbSiyuNRii9LjdsRz9Q%3D%3D&lsparams=met%2Cmh%2Cmm%2Cmn%2Cms%2Cmv%2Cmvi%2Cpl%2Crms%2Cinitcwndbps&lsig=APaTxxMwRQIgOE_RSS7xTtXnW7NTQSneeLTFMKbcOUq4kXvv8I_8zbECIQDL1-vntlXI6uAxvoDCbzGfOG0a1F-hezOn4IX7fZ4cTg%3D%3D", "width": 640, "language": null, "language_preference": -1, "preference": null, "ext": "mp4", "vcodec": "avc1.4d401e", "acodec": "none", "dynamic_range": "SDR", "container": "mp4_dash", "downloader_options": {"http_chunk_size": 10485760}, "protocol": "https", "video_ext": "mp4", "audio_ext": "none", "abr": 0, "vbr": 145.66, "resolution": "640x360", "aspect_ratio": 1.78, "http_headers": {"User-Agent": "Mozilla/5.0 (Windows NT 10.0; Win64; x64) AppleWebKit/537.36 (KHTML, like Gecko) Chrome/92.0.4515.159 Safari/537.36", "Accept": "text/html,application/xhtml+xml,application/xml;q=0.9,*/*;q=0.8", "Accept-Language": "en-us,en;q=0.5", "Sec-Fetch-Mode": "navigate"}, "format": "134 - 640x360 (360p)"}, {"asr": 44100, "filesize": 344022128, "format_id": "18", "format_note": "360p", "source_preference": -1, "fps": 30, "audio_channels": 2, "height": 360, "quality": 6.0, "has_drm": false, "tbr": 457.531, "filesize_approx": 344021447, "url": "https://rr4---sn-a5mlrnek.googlevideo.com/videoplayback?expire=1753469360&ei=T32DaNr0O9zXsfIP_qmmyAk&ip=194.146.14.42&id=o-ADP616ZXNM_2NkbN_5RfopJP3RRAA0JwgtGYQQwlL_xB&itag=18&source=youtube&requiressl=yes&xpc=EgVo2aDSNQ%3D%3D&met=1753447760%2C&mh=56&mm=31%2C29&mn=sn-a5mlrnek%2Csn-a5mekndz&ms=au%2Crdu&mv=m&mvi=4&pl=24&rms=au%2Cau&initcwndbps=2520000&bui=AY1jyLOn-4Zg5poJGzkEPVZ2s2iA-NH751s1eAvhikamxIT-0lq_JOoPwuTzVMagR4Ii03ewiJcUszoZ&vprv=1&svpuc=1&mime=video%2Fmp4&ns=Uj0VkZIGacEPF5UeTHcbaokQ&rqh=1&gir=yes&clen=344022128&ratebypass=yes&dur=6015.268&lmt=1753416613784093&mt=1753447267&fvip=2&lmw=1&fexp=51542236%2C51543008&c=TVHTML5&sefc=1&txp=4438534&n=GzHIui3qWmMV_Q&sparams=expire%2Cei%2Cip%2Cid%2Citag%2Csource%2Crequiressl%2Cxpc%2Cbui%2Cvprv%2Csvpuc%2Cmime%2Cns%2Crqh%2Cgir%2Cclen%2Cratebypass%2Cdur%2Clmt&sig=AJfQdSswRQIgHNnKz127tDYsqLnONqVgVpjQEXqxBjxS6R51XUAnb24CIQDgPvaDG3dbE8Wd_BFkYwEKZjacpFOKdgmhD3_ykDPmfg%3D%3D&lsparams=met%2Cmh%2Cmm%2Cmn%2Cms%2Cmv%2Cmvi%2Cpl%2Crms%2Cinitcwndbps&lsig=APaTxxMwRQIgOE_RSS7xTtXnW7NTQSneeLTFMKbcOUq4kXvv8I_8zbECIQDL1-vntlXI6uAxvoDCbzGfOG0a1F-hezOn4IX7fZ4cTg%3D%3D", "width": 640, "language": "en", "language_preference": -1, "preference": null, "ext": "mp4", "vcodec": "avc1.42001E", "acodec": "mp4a.40.2", "dynamic_range": "SDR", "downloader_options": {"http_chunk_size": 10485760}, "protocol": "https", "video_ext": "mp4", "audio_ext": "none", "vbr": null, "abr": null, "resolution": "640x360", "aspect_ratio": 1.78, "http_headers": {"User-Agent": "Mozilla/5.0 (Windows NT 10.0; Win64; x64) AppleWebKit/537.36 (KHTML, like Gecko) Chrome/92.0.4515.159 Safari/537.36", "Accept": "text/html,application/xhtml+xml,application/xml;q=0.9,*/*;q=0.8", "Accept-Language": "en-us,en;q=0.5", "Sec-Fetch-Mode": "navigate"}, "format": "18 - 640x360 (360p)"}, {"format_id": "605", "format_index": null, "url": "https://manifest.googlevideo.com/api/manifest/hls_playlist/expire/1753469360/ei/UH2DaOGNEcaEt7EP9efF0Qk/ip/194.146.14.42/id/82a026220d1f72db/itag/605/source/youtube/requiressl/yes/ratebypass/yes/pfa/1/wft/1/sgovp/clen%3D154666014%3Bdur%3D6015.209%3Bgir%3Dyes%3Bitag%3D243%3Blmt%3D1753431365956379/rqh/1/hls_chunk_host/rr4---sn-a5mlrnek.googlevideo.com/xpc/EgVo2aDSNQ%3D%3D/met/1753447760,/mh/56/mm/31,29/mn/sn-a5mlrnek,sn-a5mekndz/ms/au,rdu/mv/m/mvi/4/pl/24/rms/au,au/initcwndbps/2357500/bui/AY1jyLMXYpIac_WtC3tUqof4qLVkVaddTqsrNjMYhaDqV42Orp4wmEwc73rT1KjEot6CIbS3mEGc-mzx/spc/l3OVKfD1B7BiH8NueAlbdpKjsZANmYlcyIgy6GSiAFbl7qKjGvS0xPMSFbmIsYss/vprv/1/playlist_type/DVR/dover/13/txp/4437534/mt/1753447267/fvip/2/short_key/1/keepalive/yes/fexp/51542236/sparams/expire,ei,ip,id,itag,source,requiressl,ratebypass,pfa,wft,sgovp,rqh,xpc,bui,spc,vprv,playlist_type/sig/AJfQdSswRQIgF2sZ-XBNWqA6eDCObUxWH0SZGaewd3MX_N32-ietujgCIQCbVXFR3Jj-H4nCdfdDuQxISQ1MuIy6BpmU4Xrt-FXgEQ%3D%3D/lsparams/hls_chunk_host,met,mh,mm,mn,ms,mv,mvi,pl,rms,initcwndbps/lsig/APaTxxMwRgIhAM9Yp7VvuTtBpYzCJWf57IDhQwfcQjWF7uu-C_Aht2HqAiEAuyzdu0tf5GCPPNr4OmZPm5AebpsUYnynNxkw7mrBFWc%3D/playlist/index.m3u8", "manifest_url": "https://manifest.googlevideo.com/api/manifest/hls_variant/expire/1753469360/ei/UH2DaOGNEcaEt7EP9efF0Qk/ip/194.146.14.42/id/82a026220d1f72db/source/youtube/requiressl/yes/xpc/EgVo2aDSNQ%3D%3D/playback_host/rr4---sn-a5mlrnek.googlevideo.com/met/1753447760%2C/mh/56/mm/31%2C29/mn/sn-a5mlrnek%2Csn-a5mekndz/ms/au%2Crdu/mv/m/mvi/4/pl/24/rms/au%2Cau/tx/51539855/txs/51539853%2C51539854%2C51539855/hfr/1/demuxed/1/tts_caps/1/maudio/1/initcwndbps/2357500/bui/AY1jyLMXYpIac_WtC3tUqof4qLVkVaddTqsrNjMYhaDqV42Orp4wmEwc73rT1KjEot6CIbS3mEGc-mzx/spc/l3OVKfD1B7BiH8NueAlbdpKjsZANmYlcyIgy6GSiAFbl7qKjGvS0xPMSFbmIsYss/vprv/1/go/1/rqh/5/mt/1753447267/fvip/2/nvgoi/1/short_key/1/ncsapi/1/keepalive/yes/fexp/51542236/dover/13/itag/0/playlist_type/DVR/sparams/expire%2Cei%2Cip%2Cid%2Csource%2Crequiressl%2Cxpc%2Ctx%2Ctxs%2Chfr%2Cdemuxed%2Ctts_caps%2Cmaudio%2Cbui%2Cspc%2Cvprv%2Cgo%2Crqh%2Citag%2Cplaylist_type/sig/AJfQdSswRQIhAKv405WjjkSVNTbPQoWd8xE0-VGePLBrTMB2psdr3EpHAiAltztDRXlQ6fXpdp7O2CAeOvNWvm7DjmJRDqa_kqlygg%3D%3D/lsparams/playback_host%2Cmet%2Cmh%2Cmm%2Cmn%2Cms%2Cmv%2Cmvi%2Cpl%2Crms%2Cinitcwndbps/lsig/APaTxxMwRQIhANlhvdLyoPquphFFvFDgN-f6u5DuVR7yP4u8IWOKnq0JAiBK9AtM_4MzGcfmwI6DuqButjBdzhmNlW1uroLxvrVj7Q%3D%3D/file/index.m3u8", "tbr": 747.59, "ext": "mp4", "fps": 30.0, "protocol": "m3u8_native", "preference": null, "quality": 6, "has_drm": false, "width": 640, "height": 360, "vcodec": "vp09.00.21.08", "acodec": "none", "dynamic_range": "SDR", "source_preference": -1, "__needs_testing": true, "video_ext": "mp4", "audio_ext": "none", "abr": 0, "vbr": 747.59, "resolution": "640x360", "aspect_ratio": 1.78, "http_headers": {"User-Agent": "Mozilla/5.0 (Windows NT 10.0; Win64; x64) AppleWebKit/537.36 (KHTML, like Gecko) Chrome/92.0.4515.159 Safari/537.36", "Accept": "text/html,application/xhtml+xml,application/xml;q=0.9,*/*;q=0.8", "Accept-Language": "en-us,en;q=0.5", "Sec-Fetch-Mode": "navigate"}, "format": "605 - 640x360"}, {"asr": null, "filesize": 154666014, "format_id": "243", "format_note": "360p", "source_preference": -1, "fps": 30, "audio_channels": null, "height": 360, "quality": 6.0, "has_drm": false, "tbr": 205.699, "filesize_approx": 154665309, "url": "https://rr4---sn-a5mlrnek.googlevideo.com/videoplayback?expire=1753469360&ei=T32DaNr0O9zXsfIP_qmmyAk&ip=194.146.14.42&id=o-ADP616ZXNM_2NkbN_5RfopJP3RRAA0JwgtGYQQwlL_xB&itag=243&aitags=133%2C134%2C135%2C136%2C137%2C160%2C242%2C243%2C244%2C247%2C248%2C278%2C394%2C395%2C396%2C397%2C398%2C399&source=youtube&requiressl=yes&xpc=EgVo2aDSNQ%3D%3D&met=1753447760%2C&mh=56&mm=31%2C29&mn=sn-a5mlrnek%2Csn-a5mekndz&ms=au%2Crdu&mv=m&mvi=4&pl=24&rms=au%2Cau&initcwndbps=2520000&bui=AY1jyLMbYens3xC6p44TDDvI0HOi7MDtK1HeJPplcLMUNcx894LQUeGcGOk-yb7gD4CDH8a9CODMbfcp&vprv=1&svpuc=1&mime=video%2Fwebm&ns=9J1BEuU_X8kAFKi-TaXbAfoQ&rqh=1&gir=yes&clen=154666014&dur=6015.209&lmt=1753431365956379&mt=1753447267&fvip=2&keepalive=yes&lmw=1&fexp=51542236%2C51543008&c=TVHTML5&sefc=1&txp=4437534&n=xa19pLuDrwYulA&sparams=expire%2Cei%2Cip%2Cid%2Caitags%2Csource%2Crequiressl%2Cxpc%2Cbui%2Cvprv%2Csvpuc%2Cmime%2Cns%2Crqh%2Cgir%2Cclen%2Cdur%2Clmt&sig=AJfQdSswRgIhAIdKSZC2RLSNOrVHK6AAaCTxUK8W1JkZElWQJ4LVDZ5-AiEAthVj_hcBxWM7ktF3Tr5EIOuiCa7skpMCvra0GSjhCQc%3D&lsparams=met%2Cmh%2Cmm%2Cmn%2Cms%2Cmv%2Cmvi%2Cpl%2Crms%2Cinitcwndbps&lsig=APaTxxMwRQIgOE_RSS7xTtXnW7NTQSneeLTFMKbcOUq4kXvv8I_8zbECIQDL1-vntlXI6uAxvoDCbzGfOG0a1F-hezOn4IX7fZ4cTg%3D%3D", "width": 640, "language": null, "language_preference": -1, "preference": null, "ext": "webm", "vcodec": "vp9", "acodec": "none", "dynamic_range": "SDR", "container": "webm_dash", "downloader_options": {"http_chunk_size": 10485760}, "protocol": "https", "video_ext": "webm", "audio_ext": "none", "abr": 0, "vbr": 205.699, "resolution": "640x360", "aspect_ratio": 1.78, "http_headers": {"User-Agent": "Mozilla/5.0 (Windows NT 10.0; Win64; x64) AppleWebKit/537.36 (KHTML, like Gecko) Chrome/92.0.4515.159 Safari/537.36", "Accept": "text/html,application/xhtml+xml,application/xml;q=0.9,*/*;q=0.8", "Accept-Language": "en-us,en;q=0.5", "Sec-Fetch-Mode": "navigate"}, "format": "243 - 640x360 (360p)"}, {"asr": null, "filesize": 148801618, "format_id": "396", "format_note": "360p", "source_preference": -1, "fps": 30, "audio_channels": null, "height": 360, "quality": 6.0, "has_drm": false, "tbr": 197.9, "filesize_approx": 148801207, "url": "https://rr4---sn-a5mlrnek.googlevideo.com/videoplayback?expire=1753469360&ei=T32DaNr0O9zXsfIP_qmmyAk&ip=194.146.14.42&id=o-ADP616ZXNM_2NkbN_5RfopJP3RRAA0JwgtGYQQwlL_xB&itag=396&aitags=133%2C134%2C135%2C136%2C137%2C160%2C242%2C243%2C244%2C247%2C248%2C278%2C394%2C395%2C396%2C397%2C398%2C399&source=youtube&requiressl=yes&xpc=EgVo2aDSNQ%3D%3D&met=1753447760%2C&mh=56&mm=31%2C29&mn=sn-a5mlrnek%2Csn-a5mekndz&ms=au%2Crdu&mv=m&mvi=4&pl=24&rms=au%2Cau&initcwndbps=2520000&bui=AY1jyLMbYens3xC6p44TDDvI0HOi7MDtK1HeJPplcLMUNcx894LQUeGcGOk-yb7gD4CDH8a9CODMbfcp&vprv=1&svpuc=1&mime=video%2Fmp4&ns=9J1BEuU_X8kAFKi-TaXbAfoQ&rqh=1&gir=yes&clen=148801618&dur=6015.208&lmt=1753417404439912&mt=1753447267&fvip=2&keepalive=yes&lmw=1&fexp=51542236%2C51543008&c=TVHTML5&sefc=1&txp=443G534&n=xa19pLuDrwYulA&sparams=expire%2Cei%2Cip%2Cid%2Caitags%2Csource%2Crequiressl%2Cxpc%2Cbui%2Cvprv%2Csvpuc%2Cmime%2Cns%2Crqh%2Cgir%2Cclen%2Cdur%2Clmt&sig=AJfQdSswRgIhAIbbFYMGoe1Of9yZO-kj1hadTDaSYhDFNK6EOFO0W80YAiEAs2_G6Y2x35d_dIMdx-Eh4euZcEgdbQKtOcC1mBQgxdQ%3D&lsparams=met%2Cmh%2Cmm%2Cmn%2Cms%2Cmv%2Cmvi%2Cpl%2Crms%2Cinitcwndbps&lsig=APaTxxMwRQIgOE_RSS7xTtXnW7NTQSneeLTFMKbcOUq4kXvv8I_8zbECIQDL1-vntlXI6uAxvoDCbzGfOG0a1F-hezOn4IX7fZ4cTg%3D%3D", "width": 640, "language": null, "language_preference": -1, "preference": null, "ext": "mp4", "vcodec": "av01.0.01M.08", "acodec": "none", "dynamic_range": "SDR", "container": "mp4_dash", "downloader_options": {"http_chunk_size": 10485760}, "protocol": "https", "video_ext": "mp4", "audio_ext": "none", "abr": 0, "vbr": 197.9, "resolution": "640x360", "aspect_ratio": 1.78, "http_headers": {"User-Agent": "Mozilla/5.0 (Windows NT 10.0; Win64; x64) AppleWebKit/537.36 (KHTML, like Gecko) Chrome/92.0.4515.159 Safari/537.36", "Accept": "text/html,application/xhtml+xml,application/xml;q=0.9,*/*;q=0.8", "Accept-Language": "en-us,en;q=0.5", "Sec-Fetch-Mode": "navigate"}, "format": "396 - 640x360 (360p)"}, {"format_id": "231", "format_index": null, "url": "https://manifest.googlevideo.com/api/manifest/hls_playlist/expire/1753469360/ei/UH2DaOGNEcaEt7EP9efF0Qk/ip/194.146.14.42/id/82a026220d1f72db/itag/231/source/youtube/requiressl/yes/ratebypass/yes/pfa/1/sgovp/clen%3D169685450%3Bdur%3D6015.208%3Bgir%3Dyes%3Bitag%3D135%3Blmt%3D1753417129476395/rqh/1/hls_chunk_host/rr4---sn-a5mlrnek.googlevideo.com/xpc/EgVo2aDSNQ%3D%3D/met/1753447760,/mh/56/mm/31,29/mn/sn-a5mlrnek,sn-a5mekndz/ms/au,rdu/mv/m/mvi/4/pl/24/rms/au,au/initcwndbps/2357500/bui/AY1jyLMXYpIac_WtC3tUqof4qLVkVaddTqsrNjMYhaDqV42Orp4wmEwc73rT1KjEot6CIbS3mEGc-mzx/spc/l3OVKfD1B7BiH8NueAlbdpKjsZANmYlcyIgy6GSiAFbl7qKjGvS0xPMSFbmIsYss/vprv/1/playlist_type/DVR/dover/13/txp/4432534/mt/1753447267/fvip/2/short_key/1/keepalive/yes/fexp/51542236/sparams/expire,ei,ip,id,itag,source,requiressl,ratebypass,pfa,sgovp,rqh,xpc,bui,spc,vprv,playlist_type/sig/AJfQdSswRgIhAJt4JTTz8Q1eqayd52DZHJIZ0q59CD9xSaG1unAaiUfVAiEAu7sTgeaDGC3gX394u0MG7aAxCSa_KUoH6vFq6f2okXQ%3D/lsparams/hls_chunk_host,met,mh,mm,mn,ms,mv,mvi,pl,rms,initcwndbps/lsig/APaTxxMwRAIgJzvA7ueHl4uTr9Ge0hvo6Km8mpw48ixFJvv5jzkeZcUCIFeA6S-GHEClNoIbx3jC4Fs7XJzotag5k0QI6GGOLImq/playlist/index.m3u8", "manifest_url": "https://manifest.googlevideo.com/api/manifest/hls_variant/expire/1753469360/ei/UH2DaOGNEcaEt7EP9efF0Qk/ip/194.146.14.42/id/82a026220d1f72db/source/youtube/requiressl/yes/xpc/EgVo2aDSNQ%3D%3D/playback_host/rr4---sn-a5mlrnek.googlevideo.com/met/1753447760%2C/mh/56/mm/31%2C29/mn/sn-a5mlrnek%2Csn-a5mekndz/ms/au%2Crdu/mv/m/mvi/4/pl/24/rms/au%2Cau/tx/51539855/txs/51539853%2C51539854%2C51539855/hfr/1/demuxed/1/tts_caps/1/maudio/1/initcwndbps/2357500/bui/AY1jyLMXYpIac_WtC3tUqof4qLVkVaddTqsrNjMYhaDqV42Orp4wmEwc73rT1KjEot6CIbS3mEGc-mzx/spc/l3OVKfD1B7BiH8NueAlbdpKjsZANmYlcyIgy6GSiAFbl7qKjGvS0xPMSFbmIsYss/vprv/1/go/1/rqh/5/mt/1753447267/fvip/2/nvgoi/1/short_key/1/ncsapi/1/keepalive/yes/fexp/51542236/dover/13/itag/0/playlist_type/DVR/sparams/expire%2Cei%2Cip%2Cid%2Csource%2Crequiressl%2Cxpc%2Ctx%2Ctxs%2Chfr%2Cdemuxed%2Ctts_caps%2Cmaudio%2Cbui%2Cspc%2Cvprv%2Cgo%2Crqh%2Citag%2Cplaylist_type/sig/AJfQdSswRQIhAKv405WjjkSVNTbPQoWd8xE0-VGePLBrTMB2psdr3EpHAiAltztDRXlQ6fXpdp7O2CAeOvNWvm7DjmJRDqa_kqlygg%3D%3D/lsparams/playback_host%2Cmet%2Cmh%2Cmm%2Cmn%2Cms%2Cmv%2Cmvi%2Cpl%2Crms%2Cinitcwndbps/lsig/APaTxxMwRQIhANlhvdLyoPquphFFvFDgN-f6u5DuVR7yP4u8IWOKnq0JAiBK9AtM_4MzGcfmwI6DuqButjBdzhmNlW1uroLxvrVj7Q%3D%3D/file/index.m3u8", "tbr": 1159.628, "ext": "mp4", "fps": 30.0, "protocol": "m3u8_native", "preference": null, "quality": 7, "has_drm": false, "width": 854, "height": 480, "vcodec": "avc1.4D401F", "acodec": "none", "dynamic_range": "SDR", "source_preference": -1, "__needs_testing": true, "video_ext": "mp4", "audio_ext": "none", "abr": 0, "vbr": 1159.628, "resolution": "854x480", "aspect_ratio": 1.78, "http_headers": {"User-Agent": "Mozilla/5.0 (Windows NT 10.0; Win64; x64) AppleWebKit/537.36 (KHTML, like Gecko) Chrome/92.0.4515.159 Safari/537.36", "Accept": "text/html,application/xhtml+xml,application/xml;q=0.9,*/*;q=0.8", "Accept-Language": "en-us,en;q=0.5", "Sec-Fetch-Mode": "navigate"}, "format": "231 - 854x480"}, {"asr": null, "filesize": 169685450, "format_id": "135", "format_note": "480p", "source_preference": -1, "fps": 30, "audio_channels": null, "height": 480, "quality": 7.0, "has_drm": false, "tbr": 225.675, "filesize_approx": 169685258, "url": "https://rr4---sn-a5mlrnek.googlevideo.com/videoplayback?expire=1753469360&ei=T32DaNr0O9zXsfIP_qmmyAk&ip=194.146.14.42&id=o-ADP616ZXNM_2NkbN_5RfopJP3RRAA0JwgtGYQQwlL_xB&itag=135&aitags=133%2C134%2C135%2C136%2C137%2C160%2C242%2C243%2C244%2C247%2C248%2C278%2C394%2C395%2C396%2C397%2C398%2C399&source=youtube&requiressl=yes&xpc=EgVo2aDSNQ%3D%3D&met=1753447760%2C&mh=56&mm=31%2C29&mn=sn-a5mlrnek%2Csn-a5mekndz&ms=au%2Crdu&mv=m&mvi=4&pl=24&rms=au%2Cau&initcwndbps=2520000&bui=AY1jyLMbYens3xC6p44TDDvI0HOi7MDtK1HeJPplcLMUNcx894LQUeGcGOk-yb7gD4CDH8a9CODMbfcp&vprv=1&svpuc=1&mime=video%2Fmp4&ns=9J1BEuU_X8kAFKi-TaXbAfoQ&rqh=1&gir=yes&clen=169685450&dur=6015.208&lmt=1753417129476395&mt=1753447267&fvip=2&keepalive=yes&lmw=1&fexp=51542236%2C51543008&c=TVHTML5&sefc=1&txp=4432534&n=xa19pLuDrwYulA&sparams=expire%2Cei%2Cip%2Cid%2Caitags%2Csource%2Crequiressl%2Cxpc%2Cbui%2Cvprv%2Csvpuc%2Cmime%2Cns%2Crqh%2Cgir%2Cclen%2Cdur%2Clmt&sig=AJfQdSswRQIhALPi0dxfE5sO8yD09Q7f3BxLzVfv0zUno-SlEfkzO9VhAiA2SBlsct1AG0eUbSrg_Q4rB1rYppOLTn0DcvVRSR1Q3A%3D%3D&lsparams=met%2Cmh%2Cmm%2Cmn%2Cms%2Cmv%2Cmvi%2Cpl%2Crms%2Cinitcwndbps&lsig=APaTxxMwRQIgOE_RSS7xTtXnW7NTQSneeLTFMKbcOUq4kXvv8I_8zbECIQDL1-vntlXI6uAxvoDCbzGfOG0a1F-hezOn4IX7fZ4cTg%3D%3D", "width": 854, "language": null, "language_preference": -1, "preference": null, "ext": "mp4", "vcodec": "avc1.4d401f", "acodec": "none", "dynamic_range": "SDR", "container": "mp4_dash", "downloader_options": {"http_chunk_size": 10485760}, "protocol": "https", "video_ext": "mp4", "audio_ext": "none", "abr": 0, "vbr": 225.675, "resolution": "854x480", "aspect_ratio": 1.78, "http_headers": {"User-Agent": "Mozilla/5.0 (Windows NT 10.0; Win64; x64) AppleWebKit/537.36 (KHTML, like Gecko) Chrome/92.0.4515.159 Safari/537.36", "Accept": "text/html,application/xhtml+xml,application/xml;q=0.9,*/*;q=0.8", "Accept-Language": "en-us,en;q=0.5", "Sec-Fetch-Mode": "navigate"}, "format": "135 - 854x480 (480p)"}, {"format_id": "606", "format_index": null, "url": "https://manifest.googlevideo.com/api/manifest/hls_playlist/expire/1753469360/ei/UH2DaOGNEcaEt7EP9efF0Qk/ip/194.146.14.42/id/82a026220d1f72db/itag/606/source/youtube/requiressl/yes/ratebypass/yes/pfa/1/wft/1/sgovp/clen%3D227041183%3Bdur%3D6015.209%3Bgir%3Dyes%3Bitag%3D244%3Blmt%3D1753431235450794/rqh/1/hls_chunk_host/rr4---sn-a5mlrnek.googlevideo.com/xpc/EgVo2aDSNQ%3D%3D/met/1753447760,/mh/56/mm/31,29/mn/sn-a5mlrnek,sn-a5mekndz/ms/au,rdu/mv/m/mvi/4/pl/24/rms/au,au/initcwndbps/2357500/bui/AY1jyLMXYpIac_WtC3tUqof4qLVkVaddTqsrNjMYhaDqV42Orp4wmEwc73rT1KjEot6CIbS3mEGc-mzx/spc/l3OVKfD1B7BiH8NueAlbdpKjsZANmYlcyIgy6GSiAFbl7qKjGvS0xPMSFbmIsYss/vprv/1/playlist_type/DVR/dover/13/txp/4437534/mt/1753447267/fvip/2/short_key/1/keepalive/yes/fexp/51542236/sparams/expire,ei,ip,id,itag,source,requiressl,ratebypass,pfa,wft,sgovp,rqh,xpc,bui,spc,vprv,playlist_type/sig/AJfQdSswRQIgfc-uSwF137UddrWVFL54HKscaXmuw3KOmjAJjN0gMrcCIQC7akDj-1aVKL28R-2AzzU7QQ1aDIuK3h8nTfQfZKjcbA%3D%3D/lsparams/hls_chunk_host,met,mh,mm,mn,ms,mv,mvi,pl,rms,initcwndbps/lsig/APaTxxMwRgIhAIH5lbiXgRoJ7ThIcy6f9klKfnhbv9HMP6unACo9wCB7AiEAoxc6cJze0aXSBe_pwF25Ti7XyJozhHsxq0iMCnjx1WA%3D/playlist/index.m3u8", "manifest_url": "https://manifest.googlevideo.com/api/manifest/hls_variant/expire/1753469360/ei/UH2DaOGNEcaEt7EP9efF0Qk/ip/194.146.14.42/id/82a026220d1f72db/source/youtube/requiressl/yes/xpc/EgVo2aDSNQ%3D%3D/playback_host/rr4---sn-a5mlrnek.googlevideo.com/met/1753447760%2C/mh/56/mm/31%2C29/mn/sn-a5mlrnek%2Csn-a5mekndz/ms/au%2Crdu/mv/m/mvi/4/pl/24/rms/au%2Cau/tx/51539855/txs/51539853%2C51539854%2C51539855/hfr/1/demuxed/1/tts_caps/1/maudio/1/initcwndbps/2357500/bui/AY1jyLMXYpIac_WtC3tUqof4qLVkVaddTqsrNjMYhaDqV42Orp4wmEwc73rT1KjEot6CIbS3mEGc-mzx/spc/l3OVKfD1B7BiH8NueAlbdpKjsZANmYlcyIgy6GSiAFbl7qKjGvS0xPMSFbmIsYss/vprv/1/go/1/rqh/5/mt/1753447267/fvip/2/nvgoi/1/short_key/1/ncsapi/1/keepalive/yes/fexp/51542236/dover/13/itag/0/playlist_type/DVR/sparams/expire%2Cei%2Cip%2Cid%2Csource%2Crequiressl%2Cxpc%2Ctx%2Ctxs%2Chfr%2Cdemuxed%2Ctts_caps%2Cmaudio%2Cbui%2Cspc%2Cvprv%2Cgo%2Crqh%2Citag%2Cplaylist_type/sig/AJfQdSswRQIhAKv405WjjkSVNTbPQoWd8xE0-VGePLBrTMB2psdr3EpHAiAltztDRXlQ6fXpdp7O2CAeOvNWvm7DjmJRDqa_kqlygg%3D%3D/lsparams/playback_host%2Cmet%2Cmh%2Cmm%2Cmn%2Cms%2Cmv%2Cmvi%2Cpl%2Crms%2Cinitcwndbps/lsig/APaTxxMwRQIhANlhvdLyoPquphFFvFDgN-f6u5DuVR7yP4u8IWOKnq0JAiBK9AtM_4MzGcfmwI6DuqButjBdzhmNlW1uroLxvrVj7Q%3D%3D/file/index.m3u8", "tbr": 1146.147, "ext": "mp4", "fps": 30.0, "protocol": "m3u8_native", "preference": null, "quality": 7, "has_drm": false, "width": 854, "height": 480, "vcodec": "vp09.00.30.08", "acodec": "none", "dynamic_range": "SDR", "source_preference": -1, "__needs_testing": true, "video_ext": "mp4", "audio_ext": "none", "abr": 0, "vbr": 1146.147, "resolution": "854x480", "aspect_ratio": 1.78, "http_headers": {"User-Agent": "Mozilla/5.0 (Windows NT 10.0; Win64; x64) AppleWebKit/537.36 (KHTML, like Gecko) Chrome/92.0.4515.159 Safari/537.36", "Accept": "text/html,application/xhtml+xml,application/xml;q=0.9,*/*;q=0.8", "Accept-Language": "en-us,en;q=0.5", "Sec-Fetch-Mode": "navigate"}, "format": "606 - 854x480"}, {"asr": null, "filesize": 227041183, "format_id": "244", "format_note": "480p", "source_preference": -1, "fps": 30, "audio_channels": null, "height": 480, "quality": 7.0, "has_drm": false, "tbr": 301.956, "filesize_approx": 227041056, "url": "https://rr4---sn-a5mlrnek.googlevideo.com/videoplayback?expire=1753469360&ei=T32DaNr0O9zXsfIP_qmmyAk&ip=194.146.14.42&id=o-ADP616ZXNM_2NkbN_5RfopJP3RRAA0JwgtGYQQwlL_xB&itag=244&aitags=133%2C134%2C135%2C136%2C137%2C160%2C242%2C243%2C244%2C247%2C248%2C278%2C394%2C395%2C396%2C397%2C398%2C399&source=youtube&requiressl=yes&xpc=EgVo2aDSNQ%3D%3D&met=1753447760%2C&mh=56&mm=31%2C29&mn=sn-a5mlrnek%2Csn-a5mekndz&ms=au%2Crdu&mv=m&mvi=4&pl=24&rms=au%2Cau&initcwndbps=2520000&bui=AY1jyLMbYens3xC6p44TDDvI0HOi7MDtK1HeJPplcLMUNcx894LQUeGcGOk-yb7gD4CDH8a9CODMbfcp&vprv=1&svpuc=1&mime=video%2Fwebm&ns=9J1BEuU_X8kAFKi-TaXbAfoQ&rqh=1&gir=yes&clen=227041183&dur=6015.209&lmt=1753431235450794&mt=1753447267&fvip=2&keepalive=yes&lmw=1&fexp=51542236%2C51543008&c=TVHTML5&sefc=1&txp=4437534&n=xa19pLuDrwYulA&sparams=expire%2Cei%2Cip%2Cid%2Caitags%2Csource%2Crequiressl%2Cxpc%2Cbui%2Cvprv%2Csvpuc%2Cmime%2Cns%2Crqh%2Cgir%2Cclen%2Cdur%2Clmt&sig=AJfQdSswRAIgTMvLAkg1OcRNQPFCHOFE4WjdH74bWKVcMhbBt52smnYCIEicbdMSsKA38GPV7vvlSclH6Gx2JJT0096-FuxL38Pv&lsparams=met%2Cmh%2Cmm%2Cmn%2Cms%2Cmv%2Cmvi%2Cpl%2Crms%2Cinitcwndbps&lsig=APaTxxMwRQIgOE_RSS7xTtXnW7NTQSneeLTFMKbcOUq4kXvv8I_8zbECIQDL1-vntlXI6uAxvoDCbzGfOG0a1F-hezOn4IX7fZ4cTg%3D%3D", "width": 854, "language": null, "language_preference": -1, "preference": null, "ext": "webm", "vcodec": "vp9", "acodec": "none", "dynamic_range": "SDR", "container": "webm_dash", "downloader_options": {"http_chunk_size": 10485760}, "protocol": "https", "video_ext": "webm", "audio_ext": "none", "abr": 0, "vbr": 301.956, "resolution": "854x480", "aspect_ratio": 1.78, "http_headers": {"User-Agent": "Mozilla/5.0 (Windows NT 10.0; Win64; x64) AppleWebKit/537.36 (KHTML, like Gecko) Chrome/92.0.4515.159 Safari/537.36", "Accept": "text/html,application/xhtml+xml,application/xml;q=0.9,*/*;q=0.8", "Accept-Language": "en-us,en;q=0.5", "Sec-Fetch-Mode": "navigate"}, "format": "244 - 854x480 (480p)"}, {"asr": null, "filesize": 236833103, "format_id": "397", "format_note": "480p", "source_preference": -1, "fps": 30, "audio_channels": null, "height": 480, "quality": 7.0, "has_drm": false, "tbr": 314.979, "filesize_approx": 236833025, "url": "https://rr4---sn-a5mlrnek.googlevideo.com/videoplayback?expire=1753469360&ei=T32DaNr0O9zXsfIP_qmmyAk&ip=194.146.14.42&id=o-ADP616ZXNM_2NkbN_5RfopJP3RRAA0JwgtGYQQwlL_xB&itag=397&aitags=133%2C134%2C135%2C136%2C137%2C160%2C242%2C243%2C244%2C247%2C248%2C278%2C394%2C395%2C396%2C397%2C398%2C399&source=youtube&requiressl=yes&xpc=EgVo2aDSNQ%3D%3D&met=1753447760%2C&mh=56&mm=31%2C29&mn=sn-a5mlrnek%2Csn-a5mekndz&ms=au%2Crdu&mv=m&mvi=4&pl=24&rms=au%2Cau&initcwndbps=2520000&bui=AY1jyLMbYens3xC6p44TDDvI0HOi7MDtK1HeJPplcLMUNcx894LQUeGcGOk-yb7gD4CDH8a9CODMbfcp&vprv=1&svpuc=1&mime=video%2Fmp4&ns=9J1BEuU_X8kAFKi-TaXbAfoQ&rqh=1&gir=yes&clen=236833103&dur=6015.208&lmt=1753417384584506&mt=1753447267&fvip=2&keepalive=yes&lmw=1&fexp=51542236%2C51543008&c=TVHTML5&sefc=1&txp=443G534&n=xa19pLuDrwYulA&sparams=expire%2Cei%2Cip%2Cid%2Caitags%2Csource%2Crequiressl%2Cxpc%2Cbui%2Cvprv%2Csvpuc%2Cmime%2Cns%2Crqh%2Cgir%2Cclen%2Cdur%2Clmt&sig=AJfQdSswRAIgBahT6lL458PylaYDYBFLm4zfIEHqe0TOD9JDpWY8aOICICXk4Aqz1IAUv1O2led3VmtBlXNfMAL2D6kIGkcB_e-G&lsparams=met%2Cmh%2Cmm%2Cmn%2Cms%2Cmv%2Cmvi%2Cpl%2Crms%2Cinitcwndbps&lsig=APaTxxMwRQIgOE_RSS7xTtXnW7NTQSneeLTFMKbcOUq4kXvv8I_8zbECIQDL1-vntlXI6uAxvoDCbzGfOG0a1F-hezOn4IX7fZ4cTg%3D%3D", "width": 854, "language": null, "language_preference": -1, "preference": null, "ext": "mp4", "vcodec": "av01.0.04M.08", "acodec": "none", "dynamic_range": "SDR", "container": "mp4_dash", "downloader_options": {"http_chunk_size": 10485760}, "protocol": "https", "video_ext": "mp4", "audio_ext": "none", "abr": 0, "vbr": 314.979, "resolution": "854x480", "aspect_ratio": 1.78, "http_headers": {"User-Agent": "Mozilla/5.0 (Windows NT 10.0; Win64; x64) AppleWebKit/537.36 (KHTML, like Gecko) Chrome/92.0.4515.159 Safari/537.36", "Accept": "text/html,application/xhtml+xml,application/xml;q=0.9,*/*;q=0.8", "Accept-Language": "en-us,en;q=0.5", "Sec-Fetch-Mode": "navigate"}, "format": "397 - 854x480 (480p)"}, {"format_id": "232", "format_index": null, "url": "https://manifest.googlevideo.com/api/manifest/hls_playlist/expire/1753469360/ei/UH2DaOGNEcaEt7EP9efF0Qk/ip/194.146.14.42/id/82a026220d1f72db/itag/232/source/youtube/requiressl/yes/ratebypass/yes/pfa/1/sgovp/clen%3D274990843%3Bdur%3D6015.208%3Bgir%3Dyes%3Bitag%3D136%3Blmt%3D1753416985889396/rqh/1/hls_chunk_host/rr4---sn-a5mlrnek.googlevideo.com/xpc/EgVo2aDSNQ%3D%3D/met/1753447760,/mh/56/mm/31,29/mn/sn-a5mlrnek,sn-a5mekndz/ms/au,rdu/mv/m/mvi/4/pl/24/rms/au,au/initcwndbps/2357500/bui/AY1jyLMXYpIac_WtC3tUqof4qLVkVaddTqsrNjMYhaDqV42Orp4wmEwc73rT1KjEot6CIbS3mEGc-mzx/spc/l3OVKfD1B7BiH8NueAlbdpKjsZANmYlcyIgy6GSiAFbl7qKjGvS0xPMSFbmIsYss/vprv/1/playlist_type/DVR/dover/13/txp/4432534/mt/1753447267/fvip/2/short_key/1/keepalive/yes/fexp/51542236/sparams/expire,ei,ip,id,itag,source,requiressl,ratebypass,pfa,sgovp,rqh,xpc,bui,spc,vprv,playlist_type/sig/AJfQdSswRAIgE_kxx6dQeN0i4kISY48DReEOYxRteQtmR6TrUa-opJoCIDxzQSWFOdNYDOzbbmlrZ1He2kh_pt4n69eQ0JCe_X0c/lsparams/hls_chunk_host,met,mh,mm,mn,ms,mv,mvi,pl,rms,initcwndbps/lsig/APaTxxMwRgIhAJh5GmfHr_FWvCJH6nGKummVTITa7bQOuxIAqgxYHQ58AiEApcerv69fUn8SBaAr6dWNMORGzjCLoILBkJ5-hFXwuOY%3D/playlist/index.m3u8", "manifest_url": "https://manifest.googlevideo.com/api/manifest/hls_variant/expire/1753469360/ei/UH2DaOGNEcaEt7EP9efF0Qk/ip/194.146.14.42/id/82a026220d1f72db/source/youtube/requiressl/yes/xpc/EgVo2aDSNQ%3D%3D/playback_host/rr4---sn-a5mlrnek.googlevideo.com/met/1753447760%2C/mh/56/mm/31%2C29/mn/sn-a5mlrnek%2Csn-a5mekndz/ms/au%2Crdu/mv/m/mvi/4/pl/24/rms/au%2Cau/tx/51539855/txs/51539853%2C51539854%2C51539855/hfr/1/demuxed/1/tts_caps/1/maudio/1/initcwndbps/2357500/bui/AY1jyLMXYpIac_WtC3tUqof4qLVkVaddTqsrNjMYhaDqV42Orp4wmEwc73rT1KjEot6CIbS3mEGc-mzx/spc/l3OVKfD1B7BiH8NueAlbdpKjsZANmYlcyIgy6GSiAFbl7qKjGvS0xPMSFbmIsYss/vprv/1/go/1/rqh/5/mt/1753447267/fvip/2/nvgoi/1/short_key/1/ncsapi/1/keepalive/yes/fexp/51542236/dover/13/itag/0/playlist_type/DVR/sparams/expire%2Cei%2Cip%2Cid%2Csource%2Crequiressl%2Cxpc%2Ctx%2Ctxs%2Chfr%2Cdemuxed%2Ctts_caps%2Cmaudio%2Cbui%2Cspc%2Cvprv%2Cgo%2Crqh%2Citag%2Cplaylist_type/sig/AJfQdSswRQIhAKv405WjjkSVNTbPQoWd8xE0-VGePLBrTMB2psdr3EpHAiAltztDRXlQ6fXpdp7O2CAeOvNWvm7DjmJRDqa_kqlygg%3D%3D/lsparams/playback_host%2Cmet%2Cmh%2Cmm%2Cmn%2Cms%2Cmv%2Cmvi%2Cpl%2Crms%2Cinitcwndbps/lsig/APaTxxMwRQIhANlhvdLyoPquphFFvFDgN-f6u5DuVR7yP4u8IWOKnq0JAiBK9AtM_4MzGcfmwI6DuqButjBdzhmNlW1uroLxvrVj7Q%3D%3D/file/index.m3u8", "tbr": 1599.401, "ext": "mp4", "fps": 30.0, "protocol": "m3u8_native", "preference": null, "quality": 8, "has_drm": false, "width": 1280, "height": 720, "vcodec": "avc1.4D401F", "acodec": "none", "dynamic_range": "SDR", "source_preference": -1, "__needs_testing": true, "video_ext": "mp4", "audio_ext": "none", "abr": 0, "vbr": 1599.401, "resolution": "1280x720", "aspect_ratio": 1.78, "http_headers": {"User-Agent": "Mozilla/5.0 (Windows NT 10.0; Win64; x64) AppleWebKit/537.36 (KHTML, like Gecko) Chrome/92.0.4515.159 Safari/537.36", "Accept": "text/html,application/xhtml+xml,application/xml;q=0.9,*/*;q=0.8", "Accept-Language": "en-us,en;q=0.5", "Sec-Fetch-Mode": "navigate"}, "format": "232 - 1280x720"}, {"asr": null, "filesize": 274990843, "format_id": "136", "format_note": "720p", "source_preference": -1, "fps": 30, "audio_channels": null, "height": 720, "quality": 8.0, "has_drm": false, "tbr": 365.727, "filesize_approx": 274990497, "url": "https://rr4---sn-a5mlrnek.googlevideo.com/videoplayback?expire=1753469360&ei=T32DaNr0O9zXsfIP_qmmyAk&ip=194.146.14.42&id=o-ADP616ZXNM_2NkbN_5RfopJP3RRAA0JwgtGYQQwlL_xB&itag=136&aitags=133%2C134%2C135%2C136%2C137%2C160%2C242%2C243%2C244%2C247%2C248%2C278%2C394%2C395%2C396%2C397%2C398%2C399&source=youtube&requiressl=yes&xpc=EgVo2aDSNQ%3D%3D&met=1753447760%2C&mh=56&mm=31%2C29&mn=sn-a5mlrnek%2Csn-a5mekndz&ms=au%2Crdu&mv=m&mvi=4&pl=24&rms=au%2Cau&initcwndbps=2520000&bui=AY1jyLMbYens3xC6p44TDDvI0HOi7MDtK1HeJPplcLMUNcx894LQUeGcGOk-yb7gD4CDH8a9CODMbfcp&vprv=1&svpuc=1&mime=video%2Fmp4&ns=9J1BEuU_X8kAFKi-TaXbAfoQ&rqh=1&gir=yes&clen=274990843&dur=6015.208&lmt=1753416985889396&mt=1753447267&fvip=2&keepalive=yes&lmw=1&fexp=51542236%2C51543008&c=TVHTML5&sefc=1&txp=4432534&n=xa19pLuDrwYulA&sparams=expire%2Cei%2Cip%2Cid%2Caitags%2Csource%2Crequiressl%2Cxpc%2Cbui%2Cvprv%2Csvpuc%2Cmime%2Cns%2Crqh%2Cgir%2Cclen%2Cdur%2Clmt&sig=AJfQdSswRgIhAO7h7gmlYSH-O5_YRNMOD8Yx7ov8nzbymp3neC7YPXvYAiEA7gpe6mdEsp4stCALdGlQ3fFeYKNsvd9T6ebVLxa0tYw%3D&lsparams=met%2Cmh%2Cmm%2Cmn%2Cms%2Cmv%2Cmvi%2Cpl%2Crms%2Cinitcwndbps&lsig=APaTxxMwRQIgOE_RSS7xTtXnW7NTQSneeLTFMKbcOUq4kXvv8I_8zbECIQDL1-vntlXI6uAxvoDCbzGfOG0a1F-hezOn4IX7fZ4cTg%3D%3D", "width": 1280, "language": null, "language_preference": -1, "preference": null, "ext": "mp4", "vcodec": "avc1.4d401f", "acodec": "none", "dynamic_range": "SDR", "container": "mp4_dash", "downloader_options": {"http_chunk_size": 10485760}, "protocol": "https", "video_ext": "mp4", "audio_ext": "none", "abr": 0, "vbr": 365.727, "resolution": "1280x720", "aspect_ratio": 1.78, "http_headers": {"User-Agent": "Mozilla/5.0 (Windows NT 10.0; Win64; x64) AppleWebKit/537.36 (KHTML, like Gecko) Chrome/92.0.4515.159 Safari/537.36", "Accept": "text/html,application/xhtml+xml,application/xml;q=0.9,*/*;q=0.8", "Accept-Language": "en-us,en;q=0.5", "Sec-Fetch-Mode": "navigate"}, "format": "136 - 1280x720 (720p)"}, {"format_id": "609", "format_index": null, "url": "https://manifest.googlevideo.com/api/manifest/hls_playlist/expire/1753469360/ei/UH2DaOGNEcaEt7EP9efF0Qk/ip/194.146.14.42/id/82a026220d1f72db/itag/609/source/youtube/requiressl/yes/ratebypass/yes/pfa/1/wft/1/sgovp/clen%3D436426329%3Bdur%3D6015.209%3Bgir%3Dyes%3Bitag%3D247%3Blmt%3D1753431215083907/rqh/1/hls_chunk_host/rr4---sn-a5mlrnek.googlevideo.com/xpc/EgVo2aDSNQ%3D%3D/met/1753447760,/mh/56/mm/31,29/mn/sn-a5mlrnek,sn-a5mekndz/ms/au,rdu/mv/m/mvi/4/pl/24/rms/au,au/initcwndbps/2357500/bui/AY1jyLMXYpIac_WtC3tUqof4qLVkVaddTqsrNjMYhaDqV42Orp4wmEwc73rT1KjEot6CIbS3mEGc-mzx/spc/l3OVKfD1B7BiH8NueAlbdpKjsZANmYlcyIgy6GSiAFbl7qKjGvS0xPMSFbmIsYss/vprv/1/playlist_type/DVR/dover/13/txp/4437534/mt/1753447267/fvip/2/short_key/1/keepalive/yes/fexp/51542236/sparams/expire,ei,ip,id,itag,source,requiressl,ratebypass,pfa,wft,sgovp,rqh,xpc,bui,spc,vprv,playlist_type/sig/AJfQdSswRQIgAK5EU8Yn_VAj-d5IygxMpMDLP1EXs997TyBmN9DlElcCIQDpxpNwOv1XxUTeOGftWjg7WNv5rx4sfNqkqh5QWDou-w%3D%3D/lsparams/hls_chunk_host,met,mh,mm,mn,ms,mv,mvi,pl,rms,initcwndbps/lsig/APaTxxMwRQIhAPH_27Ak8y6fXhCEUgbwfohwF48msVwUKkkxAu2EVYJqAiAOduT2b0Dzl6x-LPlk_IFhOEaoLJiASQhFZ6dtx0MG_Q%3D%3D/playlist/index.m3u8", "manifest_url": "https://manifest.googlevideo.com/api/manifest/hls_variant/expire/1753469360/ei/UH2DaOGNEcaEt7EP9efF0Qk/ip/194.146.14.42/id/82a026220d1f72db/source/youtube/requiressl/yes/xpc/EgVo2aDSNQ%3D%3D/playback_host/rr4---sn-a5mlrnek.googlevideo.com/met/1753447760%2C/mh/56/mm/31%2C29/mn/sn-a5mlrnek%2Csn-a5mekndz/ms/au%2Crdu/mv/m/mvi/4/pl/24/rms/au%2Cau/tx/51539855/txs/51539853%2C51539854%2C51539855/hfr/1/demuxed/1/tts_caps/1/maudio/1/initcwndbps/2357500/bui/AY1jyLMXYpIac_WtC3tUqof4qLVkVaddTqsrNjMYhaDqV42Orp4wmEwc73rT1KjEot6CIbS3mEGc-mzx/spc/l3OVKfD1B7BiH8NueAlbdpKjsZANmYlcyIgy6GSiAFbl7qKjGvS0xPMSFbmIsYss/vprv/1/go/1/rqh/5/mt/1753447267/fvip/2/nvgoi/1/short_key/1/ncsapi/1/keepalive/yes/fexp/51542236/dover/13/itag/0/playlist_type/DVR/sparams/expire%2Cei%2Cip%2Cid%2Csource%2Crequiressl%2Cxpc%2Ctx%2Ctxs%2Chfr%2Cdemuxed%2Ctts_caps%2Cmaudio%2Cbui%2Cspc%2Cvprv%2Cgo%2Crqh%2Citag%2Cplaylist_type/sig/AJfQdSswRQIhAKv405WjjkSVNTbPQoWd8xE0-VGePLBrTMB2psdr3EpHAiAltztDRXlQ6fXpdp7O2CAeOvNWvm7DjmJRDqa_kqlygg%3D%3D/lsparams/playback_host%2Cmet%2Cmh%2Cmm%2Cmn%2Cms%2Cmv%2Cmvi%2Cpl%2Crms%2Cinitcwndbps/lsig/APaTxxMwRQIhANlhvdLyoPquphFFvFDgN-f6u5DuVR7yP4u8IWOKnq0JAiBK9AtM_4MzGcfmwI6DuqButjBdzhmNlW1uroLxvrVj7Q%3D%3D/file/index.m3u8", "tbr": 2204.765, "ext": "mp4", "fps": 30.0, "protocol": "m3u8_native", "preference": null, "quality": 8, "has_drm": false, "width": 1280, "height": 720, "vcodec": "vp09.00.31.08", "acodec": "none", "dynamic_range": "SDR", "source_preference": -1, "__needs_testing": true, "video_ext": "mp4", "audio_ext": "none", "abr": 0, "vbr": 2204.765, "resolution": "1280x720", "aspect_ratio": 1.78, "http_headers": {"User-Agent": "Mozilla/5.0 (Windows NT 10.0; Win64; x64) AppleWebKit/537.36 (KHTML, like Gecko) Chrome/92.0.4515.159 Safari/537.36", "Accept": "text/html,application/xhtml+xml,application/xml;q=0.9,*/*;q=0.8", "Accept-Language": "en-us,en;q=0.5", "Sec-Fetch-Mode": "navigate"}, "format": "609 - 1280x720"}, {"asr": null, "filesize": 436426329, "format_id": "247", "format_note": "720p", "source_preference": -1, "fps": 30, "audio_channels": null, "height": 720, "quality": 8.0, "has_drm": false, "tbr": 580.43, "filesize_approx": 436425969, "url": "https://rr4---sn-a5mlrnek.googlevideo.com/videoplayback?expire=1753469360&ei=T32DaNr0O9zXsfIP_qmmyAk&ip=194.146.14.42&id=o-ADP616ZXNM_2NkbN_5RfopJP3RRAA0JwgtGYQQwlL_xB&itag=247&aitags=133%2C134%2C135%2C136%2C137%2C160%2C242%2C243%2C244%2C247%2C248%2C278%2C394%2C395%2C396%2C397%2C398%2C399&source=youtube&requiressl=yes&xpc=EgVo2aDSNQ%3D%3D&met=1753447760%2C&mh=56&mm=31%2C29&mn=sn-a5mlrnek%2Csn-a5mekndz&ms=au%2Crdu&mv=m&mvi=4&pl=24&rms=au%2Cau&initcwndbps=2520000&bui=AY1jyLMbYens3xC6p44TDDvI0HOi7MDtK1HeJPplcLMUNcx894LQUeGcGOk-yb7gD4CDH8a9CODMbfcp&vprv=1&svpuc=1&mime=video%2Fwebm&ns=9J1BEuU_X8kAFKi-TaXbAfoQ&rqh=1&gir=yes&clen=436426329&dur=6015.209&lmt=1753431215083907&mt=1753447267&fvip=2&keepalive=yes&lmw=1&fexp=51542236%2C51543008&c=TVHTML5&sefc=1&txp=4437534&n=xa19pLuDrwYulA&sparams=expire%2Cei%2Cip%2Cid%2Caitags%2Csource%2Crequiressl%2Cxpc%2Cbui%2Cvprv%2Csvpuc%2Cmime%2Cns%2Crqh%2Cgir%2Cclen%2Cdur%2Clmt&sig=AJfQdSswRAIgMQnYO9rOn2jMxwg2Orjngq-x-0jQsqCq-fZDx3C8DM4CIDDoIenpF658tcGf0CLa5OY0_iKt0cpoD6fqeg-jM1-0&lsparams=met%2Cmh%2Cmm%2Cmn%2Cms%2Cmv%2Cmvi%2Cpl%2Crms%2Cinitcwndbps&lsig=APaTxxMwRQIgOE_RSS7xTtXnW7NTQSneeLTFMKbcOUq4kXvv8I_8zbECIQDL1-vntlXI6uAxvoDCbzGfOG0a1F-hezOn4IX7fZ4cTg%3D%3D", "width": 1280, "language": null, "language_preference": -1, "preference": null, "ext": "webm", "vcodec": "vp9", "acodec": "none", "dynamic_range": "SDR", "container": "webm_dash", "downloader_options": {"http_chunk_size": 10485760}, "protocol": "https", "video_ext": "webm", "audio_ext": "none", "abr": 0, "vbr": 580.43, "resolution": "1280x720", "aspect_ratio": 1.78, "http_headers": {"User-Agent": "Mozilla/5.0 (Windows NT 10.0; Win64; x64) AppleWebKit/537.36 (KHTML, like Gecko) Chrome/92.0.4515.159 Safari/537.36", "Accept": "text/html,application/xhtml+xml,application/xml;q=0.9,*/*;q=0.8", "Accept-Language": "en-us,en;q=0.5", "Sec-Fetch-Mode": "navigate"}, "format": "247 - 1280x720 (720p)"}, {"asr": null, "filesize": 452796707, "format_id": "398", "format_note": "720p", "source_preference": -1, "fps": 30, "audio_channels": null, "height": 720, "quality": 8.0, "has_drm": false, "tbr": 602.202, "filesize_approx": 452796286, "url": "https://rr4---sn-a5mlrnek.googlevideo.com/videoplayback?expire=1753469360&ei=T32DaNr0O9zXsfIP_qmmyAk&ip=194.146.14.42&id=o-ADP616ZXNM_2NkbN_5RfopJP3RRAA0JwgtGYQQwlL_xB&itag=398&aitags=133%2C134%2C135%2C136%2C137%2C160%2C242%2C243%2C244%2C247%2C248%2C278%2C394%2C395%2C396%2C397%2C398%2C399&source=youtube&requiressl=yes&xpc=EgVo2aDSNQ%3D%3D&met=1753447760%2C&mh=56&mm=31%2C29&mn=sn-a5mlrnek%2Csn-a5mekndz&ms=au%2Crdu&mv=m&mvi=4&pl=24&rms=au%2Cau&initcwndbps=2520000&bui=AY1jyLMbYens3xC6p44TDDvI0HOi7MDtK1HeJPplcLMUNcx894LQUeGcGOk-yb7gD4CDH8a9CODMbfcp&vprv=1&svpuc=1&mime=video%2Fmp4&ns=9J1BEuU_X8kAFKi-TaXbAfoQ&rqh=1&gir=yes&clen=452796707&dur=6015.208&lmt=1753417452441208&mt=1753447267&fvip=2&keepalive=yes&lmw=1&fexp=51542236%2C51543008&c=TVHTML5&sefc=1&txp=443G534&n=xa19pLuDrwYulA&sparams=expire%2Cei%2Cip%2Cid%2Caitags%2Csource%2Crequiressl%2Cxpc%2Cbui%2Cvprv%2Csvpuc%2Cmime%2Cns%2Crqh%2Cgir%2Cclen%2Cdur%2Clmt&sig=AJfQdSswRgIhAJyduXYDjFnQddb-Mo_BHwP6DhTvL-hy6zt5UU5FNfOtAiEAiwglXHZDpBT22DVCBqfDPwWy5W5Je1JoAYpG0nngm6Y%3D&lsparams=met%2Cmh%2Cmm%2Cmn%2Cms%2Cmv%2Cmvi%2Cpl%2Crms%2Cinitcwndbps&lsig=APaTxxMwRQIgOE_RSS7xTtXnW7NTQSneeLTFMKbcOUq4kXvv8I_8zbECIQDL1-vntlXI6uAxvoDCbzGfOG0a1F-hezOn4IX7fZ4cTg%3D%3D", "width": 1280, "language": null, "language_preference": -1, "preference": null, "ext": "mp4", "vcodec": "av01.0.05M.08", "acodec": "none", "dynamic_range": "SDR", "container": "mp4_dash", "downloader_options": {"http_chunk_size": 10485760}, "protocol": "https", "video_ext": "mp4", "audio_ext": "none", "abr": 0, "vbr": 602.202, "resolution": "1280x720", "aspect_ratio": 1.78, "http_headers": {"User-Agent": "Mozilla/5.0 (Windows NT 10.0; Win64; x64) AppleWebKit/537.36 (KHTML, like Gecko) Chrome/92.0.4515.159 Safari/537.36", "Accept": "text/html,application/xhtml+xml,application/xml;q=0.9,*/*;q=0.8", "Accept-Language": "en-us,en;q=0.5", "Sec-Fetch-Mode": "navigate"}, "format": "398 - 1280x720 (720p)"}, {"format_id": "270", "format_index": null, "url": "https://manifest.googlevideo.com/api/manifest/hls_playlist/expire/1753469360/ei/UH2DaOGNEcaEt7EP9efF0Qk/ip/194.146.14.42/id/82a026220d1f72db/itag/270/source/youtube/requiressl/yes/ratebypass/yes/pfa/1/sgovp/clen%3D1180601124%3Bdur%3D6015.208%3Bgir%3Dyes%3Bitag%3D137%3Blmt%3D1753417315435957/rqh/1/hls_chunk_host/rr4---sn-a5mlrnek.googlevideo.com/xpc/EgVo2aDSNQ%3D%3D/met/1753447760,/mh/56/mm/31,29/mn/sn-a5mlrnek,sn-a5mekndz/ms/au,rdu/mv/m/mvi/4/pl/24/rms/au,au/initcwndbps/2357500/bui/AY1jyLMXYpIac_WtC3tUqof4qLVkVaddTqsrNjMYhaDqV42Orp4wmEwc73rT1KjEot6CIbS3mEGc-mzx/spc/l3OVKfD1B7BiH8NueAlbdpKjsZANmYlcyIgy6GSiAFbl7qKjGvS0xPMSFbmIsYss/vprv/1/playlist_type/DVR/dover/13/txp/4432534/mt/1753447267/fvip/2/short_key/1/keepalive/yes/fexp/51542236/sparams/expire,ei,ip,id,itag,source,requiressl,ratebypass,pfa,sgovp,rqh,xpc,bui,spc,vprv,playlist_type/sig/AJfQdSswRgIhAOgeUd1WlLVF293bq9fp0MbELKnf9ic-NW99m7Wn0PwNAiEAvI_TB5VRUFU3O8nuTNJVD0ll1kI7HOOOYtqHZAQE3xQ%3D/lsparams/hls_chunk_host,met,mh,mm,mn,ms,mv,mvi,pl,rms,initcwndbps/lsig/APaTxxMwRQIgBuryPMU_oz7UbjG_pjgbjX4p6GCDxpPnNcT37YqLGTUCIQD49ock7icXCKb2vq7nx3awFSyphTTcFrnr3qPuNAdyNQ%3D%3D/playlist/index.m3u8", "manifest_url": "https://manifest.googlevideo.com/api/manifest/hls_variant/expire/1753469360/ei/UH2DaOGNEcaEt7EP9efF0Qk/ip/194.146.14.42/id/82a026220d1f72db/source/youtube/requiressl/yes/xpc/EgVo2aDSNQ%3D%3D/playback_host/rr4---sn-a5mlrnek.googlevideo.com/met/1753447760%2C/mh/56/mm/31%2C29/mn/sn-a5mlrnek%2Csn-a5mekndz/ms/au%2Crdu/mv/m/mvi/4/pl/24/rms/au%2Cau/tx/51539855/txs/51539853%2C51539854%2C51539855/hfr/1/demuxed/1/tts_caps/1/maudio/1/initcwndbps/2357500/bui/AY1jyLMXYpIac_WtC3tUqof4qLVkVaddTqsrNjMYhaDqV42Orp4wmEwc73rT1KjEot6CIbS3mEGc-mzx/spc/l3OVKfD1B7BiH8NueAlbdpKjsZANmYlcyIgy6GSiAFbl7qKjGvS0xPMSFbmIsYss/vprv/1/go/1/rqh/5/mt/1753447267/fvip/2/nvgoi/1/short_key/1/ncsapi/1/keepalive/yes/fexp/51542236/dover/13/itag/0/playlist_type/DVR/sparams/expire%2Cei%2Cip%2Cid%2Csource%2Crequiressl%2Cxpc%2Ctx%2Ctxs%2Chfr%2Cdemuxed%2Ctts_caps%2Cmaudio%2Cbui%2Cspc%2Cvprv%2Cgo%2Crqh%2Citag%2Cplaylist_type/sig/AJfQdSswRQIhAKv405WjjkSVNTbPQoWd8xE0-VGePLBrTMB2psdr3EpHAiAltztDRXlQ6fXpdp7O2CAeOvNWvm7DjmJRDqa_kqlygg%3D%3D/lsparams/playback_host%2Cmet%2Cmh%2Cmm%2Cmn%2Cms%2Cmv%2Cmvi%2Cpl%2Crms%2Cinitcwndbps/lsig/APaTxxMwRQIhANlhvdLyoPquphFFvFDgN-f6u5DuVR7yP4u8IWOKnq0JAiBK9AtM_4MzGcfmwI6DuqButjBdzhmNlW1uroLxvrVj7Q%3D%3D/file/index.m3u8", "tbr": 5028.146, "ext": "mp4", "fps": 30.0, "protocol": "m3u8_native", "preference": null, "quality": 9, "has_drm": false, "width": 1920, "height": 1080, "vcodec": "avc1.640028", "acodec": "none", "dynamic_range": "SDR", "source_preference": -1, "__needs_testing": true, "video_ext": "mp4", "audio_ext": "none", "abr": 0, "vbr": 5028.146, "resolution": "1920x1080", "aspect_ratio": 1.78, "http_headers": {"User-Agent": "Mozilla/5.0 (Windows NT 10.0; Win64; x64) AppleWebKit/537.36 (KHTML, like Gecko) Chrome/92.0.4515.159 Safari/537.36", "Accept": "text/html,application/xhtml+xml,application/xml;q=0.9,*/*;q=0.8", "Accept-Language": "en-us,en;q=0.5", "Sec-Fetch-Mode": "navigate"}, "format": "270 - 1920x1080"}, {"asr": null, "filesize": 1180601124, "format_id": "137", "format_note": "1080p", "source_preference": -1, "fps": 30, "audio_channels": null, "height": 1080, "quality": 9.0, "has_drm": false, "tbr": 1570.155, "filesize_approx": 1180601114, "url": "https://rr4---sn-a5mlrnek.googlevideo.com/videoplayback?expire=1753469360&ei=T32DaNr0O9zXsfIP_qmmyAk&ip=194.146.14.42&id=o-ADP616ZXNM_2NkbN_5RfopJP3RRAA0JwgtGYQQwlL_xB&itag=137&aitags=133%2C134%2C135%2C136%2C137%2C160%2C242%2C243%2C244%2C247%2C248%2C278%2C394%2C395%2C396%2C397%2C398%2C399&source=youtube&requiressl=yes&xpc=EgVo2aDSNQ%3D%3D&met=1753447760%2C&mh=56&mm=31%2C29&mn=sn-a5mlrnek%2Csn-a5mekndz&ms=au%2Crdu&mv=m&mvi=4&pl=24&rms=au%2Cau&initcwndbps=2520000&bui=AY1jyLMbYens3xC6p44TDDvI0HOi7MDtK1HeJPplcLMUNcx894LQUeGcGOk-yb7gD4CDH8a9CODMbfcp&vprv=1&svpuc=1&mime=video%2Fmp4&ns=9J1BEuU_X8kAFKi-TaXbAfoQ&rqh=1&gir=yes&clen=1180601124&dur=6015.208&lmt=1753417315435957&mt=1753447267&fvip=2&keepalive=yes&lmw=1&fexp=51542236%2C51543008&c=TVHTML5&sefc=1&txp=4432534&n=xa19pLuDrwYulA&sparams=expire%2Cei%2Cip%2Cid%2Caitags%2Csource%2Crequiressl%2Cxpc%2Cbui%2Cvprv%2Csvpuc%2Cmime%2Cns%2Crqh%2Cgir%2Cclen%2Cdur%2Clmt&sig=AJfQdSswRQIgDLRlnJmFtHUUq7WDVNm5txpUIBpz269N_qbEHsSpReICIQDQ9xfzUJlSLPyw-ZC8I8HXgz1qLoZUGSYLoT5cFcbxjg%3D%3D&lsparams=met%2Cmh%2Cmm%2Cmn%2Cms%2Cmv%2Cmvi%2Cpl%2Crms%2Cinitcwndbps&lsig=APaTxxMwRQIgOE_RSS7xTtXnW7NTQSneeLTFMKbcOUq4kXvv8I_8zbECIQDL1-vntlXI6uAxvoDCbzGfOG0a1F-hezOn4IX7fZ4cTg%3D%3D", "width": 1920, "language": null, "language_preference": -1, "preference": null, "ext": "mp4", "vcodec": "avc1.640028", "acodec": "none", "dynamic_range": "SDR", "container": "mp4_dash", "downloader_options": {"http_chunk_size": 10485760}, "protocol": "https", "video_ext": "mp4", "audio_ext": "none", "abr": 0, "vbr": 1570.155, "resolution": "1920x1080", "aspect_ratio": 1.78, "http_headers": {"User-Agent": "Mozilla/5.0 (Windows NT 10.0; Win64; x64) AppleWebKit/537.36 (KHTML, like Gecko) Chrome/92.0.4515.159 Safari/537.36", "Accept": "text/html,application/xhtml+xml,application/xml;q=0.9,*/*;q=0.8", "Accept-Language": "en-us,en;q=0.5", "Sec-Fetch-Mode": "navigate"}, "format": "137 - 1920x1080 (1080p)"}, {"format_id": "614", "format_index": null, "url": "https://manifest.googlevideo.com/api/manifest/hls_playlist/expire/1753469360/ei/UH2DaOGNEcaEt7EP9efF0Qk/ip/194.146.14.42/id/82a026220d1f72db/itag/614/source/youtube/requiressl/yes/ratebypass/yes/pfa/1/wft/1/sgovp/clen%3D888656534%3Bdur%3D6015.209%3Bgir%3Dyes%3Bitag%3D248%3Blmt%3D1753427922480750/rqh/1/hls_chunk_host/rr4---sn-a5mlrnek.googlevideo.com/xpc/EgVo2aDSNQ%3D%3D/met/1753447760,/mh/56/mm/31,29/mn/sn-a5mlrnek,sn-a5mekndz/ms/au,rdu/mv/m/mvi/4/pl/24/rms/au,au/initcwndbps/2357500/bui/AY1jyLMXYpIac_WtC3tUqof4qLVkVaddTqsrNjMYhaDqV42Orp4wmEwc73rT1KjEot6CIbS3mEGc-mzx/spc/l3OVKfD1B7BiH8NueAlbdpKjsZANmYlcyIgy6GSiAFbl7qKjGvS0xPMSFbmIsYss/vprv/1/playlist_type/DVR/dover/13/txp/4437534/mt/1753447267/fvip/2/short_key/1/keepalive/yes/fexp/51542236/sparams/expire,ei,ip,id,itag,source,requiressl,ratebypass,pfa,wft,sgovp,rqh,xpc,bui,spc,vprv,playlist_type/sig/AJfQdSswRQIhAO23TPm231lfkdI_SbzrI4DYj5K5_uaqVXfWByMxKpV4AiBhv1yBR3uLOJu9e5OqaKM-Czd16wC7u_jYpNfmXgBPPg%3D%3D/lsparams/hls_chunk_host,met,mh,mm,mn,ms,mv,mvi,pl,rms,initcwndbps/lsig/APaTxxMwRQIgILWu5aHekz-i0X77hNao7ExPmsFWl-09E8wN5gR0470CIQCdVo04So-r03ZGqncTHunhsN6HfG3NTaVnoc48iNR-NQ%3D%3D/playlist/index.m3u8", "manifest_url": "https://manifest.googlevideo.com/api/manifest/hls_variant/expire/1753469360/ei/UH2DaOGNEcaEt7EP9efF0Qk/ip/194.146.14.42/id/82a026220d1f72db/source/youtube/requiressl/yes/xpc/EgVo2aDSNQ%3D%3D/playback_host/rr4---sn-a5mlrnek.googlevideo.com/met/1753447760%2C/mh/56/mm/31%2C29/mn/sn-a5mlrnek%2Csn-a5mekndz/ms/au%2Crdu/mv/m/mvi/4/pl/24/rms/au%2Cau/tx/51539855/txs/51539853%2C51539854%2C51539855/hfr/1/demuxed/1/tts_caps/1/maudio/1/initcwndbps/2357500/bui/AY1jyLMXYpIac_WtC3tUqof4qLVkVaddTqsrNjMYhaDqV42Orp4wmEwc73rT1KjEot6CIbS3mEGc-mzx/spc/l3OVKfD1B7BiH8NueAlbdpKjsZANmYlcyIgy6GSiAFbl7qKjGvS0xPMSFbmIsYss/vprv/1/go/1/rqh/5/mt/1753447267/fvip/2/nvgoi/1/short_key/1/ncsapi/1/keepalive/yes/fexp/51542236/dover/13/itag/0/playlist_type/DVR/sparams/expire%2Cei%2Cip%2Cid%2Csource%2Crequiressl%2Cxpc%2Ctx%2Ctxs%2Chfr%2Cdemuxed%2Ctts_caps%2Cmaudio%2Cbui%2Cspc%2Cvprv%2Cgo%2Crqh%2Citag%2Cplaylist_type/sig/AJfQdSswRQIhAKv405WjjkSVNTbPQoWd8xE0-VGePLBrTMB2psdr3EpHAiAltztDRXlQ6fXpdp7O2CAeOvNWvm7DjmJRDqa_kqlygg%3D%3D/lsparams/playback_host%2Cmet%2Cmh%2Cmm%2Cmn%2Cms%2Cmv%2Cmvi%2Cpl%2Crms%2Cinitcwndbps/lsig/APaTxxMwRQIhANlhvdLyoPquphFFvFDgN-f6u5DuVR7yP4u8IWOKnq0JAiBK9AtM_4MzGcfmwI6DuqButjBdzhmNlW1uroLxvrVj7Q%3D%3D/file/index.m3u8", "tbr": 3777.52, "ext": "mp4", "fps": 30.0, "protocol": "m3u8_native", "preference": null, "quality": 9, "has_drm": false, "width": 1920, "height": 1080, "vcodec": "vp09.00.40.08", "acodec": "none", "dynamic_range": "SDR", "source_preference": -1, "__needs_testing": true, "video_ext": "mp4", "audio_ext": "none", "abr": 0, "vbr": 3777.52, "resolution": "1920x1080", "aspect_ratio": 1.78, "http_headers": {"User-Agent": "Mozilla/5.0 (Windows NT 10.0; Win64; x64) AppleWebKit/537.36 (KHTML, like Gecko) Chrome/92.0.4515.159 Safari/537.36", "Accept": "text/html,application/xhtml+xml,application/xml;q=0.9,*/*;q=0.8", "Accept-Language": "en-us,en;q=0.5", "Sec-Fetch-Mode": "navigate"}, "format": "614 - 1920x1080"}, {"asr": null, "filesize": 888656534, "format_id": "248", "format_note": "1080p", "source_preference": -1, "fps": 30, "audio_channels": null, "height": 1080, "quality": 9.0, "has_drm": false, "tbr": 1181.879, "filesize_approx": 888656149, "url": "https://rr4---sn-a5mlrnek.googlevideo.com/videoplayback?expire=1753469360&ei=T32DaNr0O9zXsfIP_qmmyAk&ip=194.146.14.42&id=o-ADP616ZXNM_2NkbN_5RfopJP3RRAA0JwgtGYQQwlL_xB&itag=248&aitags=133%2C134%2C135%2C136%2C137%2C160%2C242%2C243%2C244%2C247%2C248%2C278%2C394%2C395%2C396%2C397%2C398%2C399&source=youtube&requiressl=yes&xpc=EgVo2aDSNQ%3D%3D&met=1753447760%2C&mh=56&mm=31%2C29&mn=sn-a5mlrnek%2Csn-a5mekndz&ms=au%2Crdu&mv=m&mvi=4&pl=24&rms=au%2Cau&initcwndbps=2520000&bui=AY1jyLMbYens3xC6p44TDDvI0HOi7MDtK1HeJPplcLMUNcx894LQUeGcGOk-yb7gD4CDH8a9CODMbfcp&vprv=1&svpuc=1&mime=video%2Fwebm&ns=9J1BEuU_X8kAFKi-TaXbAfoQ&rqh=1&gir=yes&clen=888656534&dur=6015.209&lmt=1753427922480750&mt=1753447267&fvip=2&keepalive=yes&lmw=1&fexp=51542236%2C51543008&c=TVHTML5&sefc=1&txp=4437534&n=xa19pLuDrwYulA&sparams=expire%2Cei%2Cip%2Cid%2Caitags%2Csource%2Crequiressl%2Cxpc%2Cbui%2Cvprv%2Csvpuc%2Cmime%2Cns%2Crqh%2Cgir%2Cclen%2Cdur%2Clmt&sig=AJfQdSswRQIhAMN3df8mZVzVeB7eRJyB5Oss2xTJG7jEcEvDg2_BjrNMAiB1qpB3wtF4WaIWBiG0baYgSAb041XA14GUh7VA6mh1gQ%3D%3D&lsparams=met%2Cmh%2Cmm%2Cmn%2Cms%2Cmv%2Cmvi%2Cpl%2Crms%2Cinitcwndbps&lsig=APaTxxMwRQIgOE_RSS7xTtXnW7NTQSneeLTFMKbcOUq4kXvv8I_8zbECIQDL1-vntlXI6uAxvoDCbzGfOG0a1F-hezOn4IX7fZ4cTg%3D%3D", "width": 1920, "language": null, "language_preference": -1, "preference": null, "ext": "webm", "vcodec": "vp9", "acodec": "none", "dynamic_range": "SDR", "container": "webm_dash", "downloader_options": {"http_chunk_size": 10485760}, "protocol": "https", "video_ext": "webm", "audio_ext": "none", "abr": 0, "vbr": 1181.879, "resolution": "1920x1080", "aspect_ratio": 1.78, "http_headers": {"User-Agent": "Mozilla/5.0 (Windows NT 10.0; Win64; x64) AppleWebKit/537.36 (KHTML, like Gecko) Chrome/92.0.4515.159 Safari/537.36", "Accept": "text/html,application/xhtml+xml,application/xml;q=0.9,*/*;q=0.8", "Accept-Language": "en-us,en;q=0.5", "Sec-Fetch-Mode": "navigate"}, "format": "248 - 1920x1080 (1080p)"}, {"asr": null, "filesize": 838684398, "format_id": "399", "format_note": "1080p", "source_preference": -1, "fps": 30, "audio_channels": null, "height": 1080, "quality": 9.0, "has_drm": false, "tbr": 1115.418, "filesize_approx": 838683909, "url": "https://rr4---sn-a5mlrnek.googlevideo.com/videoplayback?expire=1753469360&ei=T32DaNr0O9zXsfIP_qmmyAk&ip=194.146.14.42&id=o-ADP616ZXNM_2NkbN_5RfopJP3RRAA0JwgtGYQQwlL_xB&itag=399&aitags=133%2C134%2C135%2C136%2C137%2C160%2C242%2C243%2C244%2C247%2C248%2C278%2C394%2C395%2C396%2C397%2C398%2C399&source=youtube&requiressl=yes&xpc=EgVo2aDSNQ%3D%3D&met=1753447760%2C&mh=56&mm=31%2C29&mn=sn-a5mlrnek%2Csn-a5mekndz&ms=au%2Crdu&mv=m&mvi=4&pl=24&rms=au%2Cau&initcwndbps=2520000&bui=AY1jyLMbYens3xC6p44TDDvI0HOi7MDtK1HeJPplcLMUNcx894LQUeGcGOk-yb7gD4CDH8a9CODMbfcp&vprv=1&svpuc=1&mime=video%2Fmp4&ns=9J1BEuU_X8kAFKi-TaXbAfoQ&rqh=1&gir=yes&clen=838684398&dur=6015.208&lmt=1753417574906416&mt=1753447267&fvip=2&keepalive=yes&lmw=1&fexp=51542236%2C51543008&c=TVHTML5&sefc=1&txp=443G534&n=xa19pLuDrwYulA&sparams=expire%2Cei%2Cip%2Cid%2Caitags%2Csource%2Crequiressl%2Cxpc%2Cbui%2Cvprv%2Csvpuc%2Cmime%2Cns%2Crqh%2Cgir%2Cclen%2Cdur%2Clmt&sig=AJfQdSswRQIhAL_pYux-ttPq93e1tlVgKlSN8NT5ngFe-qYxMPtOMUg9AiAVoKcU7oPBq0gjvmME5SOOEet2j4MzGEG0YAdbHiJYyg%3D%3D&lsparams=met%2Cmh%2Cmm%2Cmn%2Cms%2Cmv%2Cmvi%2Cpl%2Crms%2Cinitcwndbps&lsig=APaTxxMwRQIgOE_RSS7xTtXnW7NTQSneeLTFMKbcOUq4kXvv8I_8zbECIQDL1-vntlXI6uAxvoDCbzGfOG0a1F-hezOn4IX7fZ4cTg%3D%3D", "width": 1920, "language": null, "language_preference": -1, "preference": null, "ext": "mp4", "vcodec": "av01.0.08M.08", "acodec": "none", "dynamic_range": "SDR", "container": "mp4_dash", "downloader_options": {"http_chunk_size": 10485760}, "protocol": "https", "video_ext": "mp4", "audio_ext": "none", "abr": 0, "vbr": 1115.418, "resolution": "1920x1080", "aspect_ratio": 1.78, "http_headers": {"User-Agent": "Mozilla/5.0 (Windows NT 10.0; Win64; x64) AppleWebKit/537.36 (KHTML, like Gecko) Chrome/92.0.4515.159 Safari/537.36", "Accept": "text/html,application/xhtml+xml,application/xml;q=0.9,*/*;q=0.8", "Accept-Language": "en-us,en;q=0.5", "Sec-Fetch-Mode": "navigate"}, "format": "399 - 1920x1080 (1080p)"}, {"format_id": "616", "format_index": null, "url": "https://manifest.googlevideo.com/api/manifest/hls_playlist/expire/1753469360/ei/UH2DaOGNEcaEt7EP9efF0Qk/ip/194.146.14.42/id/82a026220d1f72db/itag/616/source/youtube/requiressl/yes/ratebypass/yes/pfa/1/wft/1/sgovp/clen%3D2380031921%3Bdur%3D6015.209%3Bgir%3Dyes%3Bitag%3D356%3Blmt%3D1753422716635115/rqh/1/hls_chunk_host/rr4---sn-a5mlrnek.googlevideo.com/xpc/EgVo2aDSNQ%3D%3D/met/1753447760,/mh/56/mm/31,29/mn/sn-a5mlrnek,sn-a5mekndz/ms/au,rdu/mv/m/mvi/4/pl/24/rms/au,au/initcwndbps/2357500/bui/AY1jyLMXYpIac_WtC3tUqof4qLVkVaddTqsrNjMYhaDqV42Orp4wmEwc73rT1KjEot6CIbS3mEGc-mzx/spc/l3OVKfD1B7BiH8NueAlbdpKjsZANmYlcyIgy6GSiAFbl7qKjGvS0xPMSFbmIsYss/vprv/1/playlist_type/DVR/dover/13/txp/4432534/mt/1753447267/fvip/2/short_key/1/keepalive/yes/fexp/51542236/sparams/expire,ei,ip,id,itag,source,requiressl,ratebypass,pfa,wft,sgovp,rqh,xpc,bui,spc,vprv,playlist_type/sig/AJfQdSswRAIgZiGTx2iiU0YsDvtrki0XY_IUu0OfZOwMNm3V0NnmmXcCIF9MJ4TMir0etGtCyKLqznato8kFTCfiGjO0N_2Ot6E3/lsparams/hls_chunk_host,met,mh,mm,mn,ms,mv,mvi,pl,rms,initcwndbps/lsig/APaTxxMwRQIgQLtcz9A447C873qz3cdmDxwW8mAu1-2vhcpKdaZ_KFICIQDY36O_-3zL7S5qqpM5En-_cZuWiwiSYdsGpkvpiKsbJQ%3D%3D/playlist/index.m3u8", "manifest_url": "https://manifest.googlevideo.com/api/manifest/hls_variant/expire/1753469360/ei/UH2DaOGNEcaEt7EP9efF0Qk/ip/194.146.14.42/id/82a026220d1f72db/source/youtube/requiressl/yes/xpc/EgVo2aDSNQ%3D%3D/playback_host/rr4---sn-a5mlrnek.googlevideo.com/met/1753447760%2C/mh/56/mm/31%2C29/mn/sn-a5mlrnek%2Csn-a5mekndz/ms/au%2Crdu/mv/m/mvi/4/pl/24/rms/au%2Cau/tx/51539855/txs/51539853%2C51539854%2C51539855/hfr/1/demuxed/1/tts_caps/1/maudio/1/initcwndbps/2357500/bui/AY1jyLMXYpIac_WtC3tUqof4qLVkVaddTqsrNjMYhaDqV42Orp4wmEwc73rT1KjEot6CIbS3mEGc-mzx/spc/l3OVKfD1B7BiH8NueAlbdpKjsZANmYlcyIgy6GSiAFbl7qKjGvS0xPMSFbmIsYss/vprv/1/go/1/rqh/5/mt/1753447267/fvip/2/nvgoi/1/short_key/1/ncsapi/1/keepalive/yes/fexp/51542236/dover/13/itag/0/playlist_type/DVR/sparams/expire%2Cei%2Cip%2Cid%2Csource%2Crequiressl%2Cxpc%2Ctx%2Ctxs%2Chfr%2Cdemuxed%2Ctts_caps%2Cmaudio%2Cbui%2Cspc%2Cvprv%2Cgo%2Crqh%2Citag%2Cplaylist_type/sig/AJfQdSswRQIhAKv405WjjkSVNTbPQoWd8xE0-VGePLBrTMB2psdr3EpHAiAltztDRXlQ6fXpdp7O2CAeOvNWvm7DjmJRDqa_kqlygg%3D%3D/lsparams/playback_host%2Cmet%2Cmh%2Cmm%2Cmn%2Cms%2Cmv%2Cmvi%2Cpl%2Crms%2Cinitcwndbps/lsig/APaTxxMwRQIhANlhvdLyoPquphFFvFDgN-f6u5DuVR7yP4u8IWOKnq0JAiBK9AtM_4MzGcfmwI6DuqButjBdzhmNlW1uroLxvrVj7Q%3D%3D/file/index.m3u8", "tbr": 5806.393, "ext": "mp4", "fps": 30.0, "protocol": "m3u8_native", "preference": null, "quality": 9, "has_drm": false, "width": 1920, "height": 1080, "vcodec": "vp09.00.40.08", "acodec": "none", "dynamic_range": "SDR", "source_preference": 99, "__needs_testing": true, "format_note": "Premium", "video_ext": "mp4", "audio_ext": "none", "abr": 0, "vbr": 5806.393, "resolution": "1920x1080", "aspect_ratio": 1.78, "http_headers": {"User-Agent": "Mozilla/5.0 (Windows NT 10.0; Win64; x64) AppleWebKit/537.36 (KHTML, like Gecko) Chrome/92.0.4515.159 Safari/537.36", "Accept": "text/html,application/xhtml+xml,application/xml;q=0.9,*/*;q=0.8", "Accept-Language": "en-us,en;q=0.5", "Sec-Fetch-Mode": "navigate"}, "format": "616 - 1920x1080 (Premium)"}], "thumbnails": [{"url": "https://i.ytimg.com/vi/gqAmIg0fcts/3.jpg", "preference": -37, "id": "0"}, {"url": "https://i.ytimg.com/vi_webp/gqAmIg0fcts/3.webp", "preference": -36, "id": "1"}, {"url": "https://i.ytimg.com/vi/gqAmIg0fcts/2.jpg", "preference": -35, "id": "2"}, {"url": "https://i.ytimg.com/vi_webp/gqAmIg0fcts/2.webp", "preference": -34, "id": "3"}, {"url": "https://i.ytimg.com/vi/gqAmIg0fcts/1.jpg", "preference": -33, "id": "4"}, {"url": "https://i.ytimg.com/vi_webp/gqAmIg0fcts/1.webp", "preference": -32, "id": "5"}, {"url": "https://i.ytimg.com/vi/gqAmIg0fcts/mq3.jpg", "preference": -31, "id": "6"}, {"url": "https://i.ytimg.com/vi_webp/gqAmIg0fcts/mq3.webp", "preference": -30, "id": "7"}, {"url": "https://i.ytimg.com/vi/gqAmIg0fcts/mq2.jpg", "preference": -29, "id": "8"}, {"url": "https://i.ytimg.com/vi_webp/gqAmIg0fcts/mq2.webp", "preference": -28, "id": "9"}, {"url": "https://i.ytimg.com/vi/gqAmIg0fcts/mq1.jpg", "preference": -27, "id": "10"}, {"url": "https://i.ytimg.com/vi_webp/gqAmIg0fcts/mq1.webp", "preference": -26, "id": "11"}, {"url": "https://i.ytimg.com/vi/gqAmIg0fcts/hq3.jpg", "preference": -25, "id": "12"}, {"url": "https://i.ytimg.com/vi_webp/gqAmIg0fcts/hq3.webp", "preference": -24, "id": "13"}, {"url": "https://i.ytimg.com/vi/gqAmIg0fcts/hq2.jpg", "preference": -23, "id": "14"}, {"url": "https://i.ytimg.com/vi_webp/gqAmIg0fcts/hq2.webp", "preference": -22, "id": "15"}, {"url": "https://i.ytimg.com/vi/gqAmIg0fcts/hq1.jpg", "preference": -21, "id": "16"}, {"url": "https://i.ytimg.com/vi_webp/gqAmIg0fcts/hq1.webp", "preference": -20, "id": "17"}, {"url": "https://i.ytimg.com/vi/gqAmIg0fcts/sd3.jpg", "preference": -19, "id": "18"}, {"url": "https://i.ytimg.com/vi_webp/gqAmIg0fcts/sd3.webp", "preference": -18, "id": "19"}, {"url": "https://i.ytimg.com/vi/gqAmIg0fcts/sd2.jpg", "preference": -17, "id": "20"}, {"url": "https://i.ytimg.com/vi_webp/gqAmIg0fcts/sd2.webp", "preference": -16, "id": "21"}, {"url": "https://i.ytimg.com/vi/gqAmIg0fcts/sd1.jpg", "preference": -15, "id": "22"}, {"url": "https://i.ytimg.com/vi_webp/gqAmIg0fcts/sd1.webp", "preference": -14, "id": "23"}, {"url": "https://i.ytimg.com/vi/gqAmIg0fcts/default.jpg", "preference": -13, "id": "24"}, {"url": "https://i.ytimg.com/vi_webp/gqAmIg0fcts/default.webp", "preference": -12, "id": "25"}, {"url": "https://i.ytimg.com/vi/gqAmIg0fcts/mqdefault.jpg", "preference": -11, "id": "26"}, {"url": "https://i.ytimg.com/vi_webp/gqAmIg0fcts/mqdefault.webp", "preference": -10, "id": "27"}, {"url": "https://i.ytimg.com/vi/gqAmIg0fcts/0.jpg", "preference": -9, "id": "28"}, {"url": "https://i.ytimg.com/vi_webp/gqAmIg0fcts/0.webp", "preference": -8, "id": "29"}, {"url": "https://i.ytimg.com/vi/gqAmIg0fcts/hqdefault.jpg?sqp=-oaymwEbCKgBEF5IVfKriqkDDggBFQAAiEIYAXABwAEG&rs=AOn4CLAVz3kDkQa8aatj6wP8YncUg0RiIA", "height": 94, "width": 168, "preference": -7, "id": "30", "resolution": "168x94"}, {"url": "https://i.ytimg.com/vi/gqAmIg0fcts/hqdefault.jpg?sqp=-oaymwEbCMQBEG5IVfKriqkDDggBFQAAiEIYAXABwAEG&rs=AOn4CLAGuG5zu2MnnEXHITR7ALX_j5XHuw", "height": 110, "width": 196, "preference": -7, "id": "31", "resolution": "196x110"}, {"url": "https://i.ytimg.com/vi/gqAmIg0fcts/hqdefault.jpg?sqp=-oaymwEcCPYBEIoBSFXyq4qpAw4IARUAAIhCGAFwAcABBg==&rs=AOn4CLBasr1axL1PEBuKSYG7im4r79b-ng", "height": 138, "width": 246, "preference": -7, "id": "32", "resolution": "246x138"}, {"url": "https://i.ytimg.com/vi/gqAmIg0fcts/hqdefault.jpg?sqp=-oaymwEcCNACELwBSFXyq4qpAw4IARUAAIhCGAFwAcABBg==&rs=AOn4CLDFAnLylWkf8a9zHoJD-7I_g_-exw", "height": 188, "width": 336, "preference": -7, "id": "33", "resolution": "336x188"}, {"url": "https://i.ytimg.com/vi/gqAmIg0fcts/hqdefault.jpg", "height": 360, "width": 480, "preference": -7, "id": "34", "resolution": "480x360"}, {"url": "https://i.ytimg.com/vi_webp/gqAmIg0fcts/hqdefault.webp", "preference": -6, "id": "35"}, {"url": "https://i.ytimg.com/vi/gqAmIg0fcts/sddefault.jpg", "height": 480, "width": 640, "preference": -5, "id": "36", "resolution": "640x480"}, {"url": "https://i.ytimg.com/vi_webp/gqAmIg0fcts/sddefault.webp", "preference": -4, "id": "37"}, {"url": "https://i.ytimg.com/vi/gqAmIg0fcts/hq720.jpg", "preference": -3, "id": "38"}, {"url": "https://i.ytimg.com/vi_webp/gqAmIg0fcts/hq720.webp", "preference": -2, "id": "39"}, {"url": "https://i.ytimg.com/vi/gqAmIg0fcts/maxresdefault.jpg", "height": 1080, "width": 1920, "preference": -1, "id": "40", "resolution": "1920x1080"}, {"url": "https://i.ytimg.com/vi_webp/gqAmIg0fcts/maxresdefault.webp", "preference": 0, "id": "41"}], "thumbnail": "https://i.ytimg.com/vi/gqAmIg0fcts/maxresdefault.jpg", "description": "Bloomberg Television brings you the latest news and analysis leading up to the final minutes and seconds before and after the closing bell on Wall Street. Today's guests are Rockefeller Asset Management\u2019s Alex Petrone,  J.P. Morgan\u2019s Natasha Kaneva, Citi\u2019s Stephen Trent, Crow Holdings\u2019 Michael Levy, The Bahnsen Group\u2019s David Bahnsen, New Century Advisors\u2019 Claudia Sahm, Wedbush Securities\u2019 Matt Bryson, AlixPartners\u2019 Rob Hornby.\r\n\r\nChapters:\r\n00:00:00 - Bloomberg Market: The Close\r\n00:02:59 - Rockefeller Asset Management\u2019s Alex Petrone\r\n00:09:37 - J.P. Morgan\u2019s Natasha Kaneva\r\n00:16:23 - Top Calls\r\n00:17:31 - Citi\u2019s Stephen Trent\r\n00:23:48 - Crow Holdings\u2019 Michael Levy\r\n00:31:19 - Lee Klaskow, Bloomberg News\r\n00:37:05 - The Bahnsen Group\u2019s David Bahnsen\r\n00:43:28 - The Closing Bell\r\n00:57:43 -  Catarina Sariva, Bloomberg News\r\n01:02:16 - New Century Advisors\u2019 Claudia Sahm\r\n01:11:28 - Joe Mathieu, Bloomberg News\r\n01:15:02 - Wedbush Securities\u2019 Matt Bryson\r\n01:32:17 - AlixPartners\u2019a Rob Hornby\r\n--------\r\nMore on Bloomberg Television and Markets\r\n \r\nLike this video? Subscribe and turn on notifications so you don't miss any videos from Bloomberg Markets & Finance: https://tinyurl.com/ysu5b8a9\r\nVisit http://www.bloomberg.com for business news & analysis, up-to-the-minute market data, features, profiles and more.\r\n \r\nConnect with Bloomberg Television on:\r\nX: https://twitter.com/BloombergTV\r\nFacebook: https://www.facebook.com/BloombergTelevision\r\nInstagram: https://www.instagram.com/bloombergtv/\r\n \r\nConnect with Bloomberg Business on:\r\nX: https://twitter.com/business\r\nFacebook: https://www.facebook.com/bloombergbusiness\r\nInstagram: https://www.instagram.com/bloombergbusiness/\r\nTikTok: https://www.tiktok.com/@bloombergbusiness?lang=en\r\nReddit: https://www.reddit.com/r/bloomberg/\r\nLinkedIn: https://www.linkedin.com/company/bloomberg-news/\r\n \r\nMore from Bloomberg:\r\nBloomberg Radio: https://twitter.com/BloombergRadio\r\n\r\nBloomberg Surveillance: https://twitter.com/bsurveillance\r\nBloomberg Politics: https://twitter.com/bpolitics\r\nBloomberg Originals: https://twitter.com/bbgoriginals\r\n \r\nWatch more on YouTube:\r\nBloomberg Technology: https://www.youtube.com/@BloombergTechnology\r\nBloomberg Originals: https://www.youtube.com/@business\r\nBloomberg Quicktake: https://www.youtube.com/@BloombergQuicktake\r\nBloomberg Espanol: https://www.youtube.com/@bloomberg_espanol\r\nBloomberg Podcasts: https://www.youtube.com/@BloombergPodcasts", "channel_id": "UCIALMKvObZNtJ6AmdCLP7Lg", "channel_url": "https://www.youtube.com/channel/UCIALMKvObZNtJ6AmdCLP7Lg", "duration": 6015, "view_count": 4973, "average_rating": null, "age_limit": 0, "webpage_url": "https://www.youtube.com/watch?v=gqAmIg0fcts", "categories": ["News & Politics"], "tags": ["Alex Petrone", "AlixPartners LLP", "CH Investment Partners", "Carol Massar", "Catarina Saraiva", "Citigroup Inc.", "Claudia Sahm", "David Bahnsen", "Intel Corp.", "JPMorgan Chase & Co.", "Joe Mathieu", "Lee Klaskow", "Matt Bryson", "Michael Levy", "Natasha Kaneva", "New Century Advisors LLC", "Oil", "Rockefeller & Co LLC", "Romaine Bostick", "Stephen Trent", "Tim Stenovec", "Trump", "Wedbush Morgan Securities", "international trade"], "playable_in_embed": true, "live_status": "not_live", "media_type": "video", "release_timestamp": null, "_format_sort_fields": ["quality", "res", "fps", "hdr:12", "source", "vcodec", "channels", "acodec", "lang", "proto"], "automatic_captions": {"en": [{"url": "https://manifest.googlevideo.com/api/manifest/hls_timedtext_playlist/expire/1753469360/ei/UH2DaOGNEcaEt7EP9efF0Qk/ip/194.146.14.42/id/82a026220d1f72db/source/youtube/requiressl/yes/dur/6015.208/tts_params/caps%3Dasr%26v%3DgqAmIg0fcts%26lang%3Den%26ip%3D194.146.14.42%26ipbits%3D0%26expire%3D1753469360%26sparams%3Dip,ipbits,expire,caps,v%26signature%3D3E42C4A8B571BAE151BE0D6BA99DF4C7FD6C121E.273399AE64DACAE626F18667025F9BEA59E9A58E%26key%3Ddg_yt0/rqh/4/hls_chunk_host/rr4---sn-a5mlrnek.googlevideo.com/xpc/EgVo2aDSNQ%3D%3D/met/1753447760,/mh/56/mm/31,29/mn/sn-a5mlrnek,sn-a5mekndz/ms/au,rdu/mv/m/mvi/4/pl/24/rms/au,au/initcwndbps/2357500/bui/AY1jyLMXYpIac_WtC3tUqof4qLVkVaddTqsrNjMYhaDqV42Orp4wmEwc73rT1KjEot6CIbS3mEGc-mzx/spc/l3OVKfD1B7BiH8NueAlbdpKjsZANmYlcyIgy6GSiAFbl7qKjGvS0xPMSFbmIsYss/vprv/1/playlist_type/DVR/mt/1753447267/fvip/2/short_key/1/keepalive/yes/fexp/51542236/sparams/expire,ei,ip,id,source,requiressl,dur,tts_params,rqh,xpc,bui,spc,vprv,playlist_type/sig/AJfQdSswRQIgZlO4wypw8Yuzs-ZyjdkmpFIjpcARvR1cQyApRuNTMYoCIQCvy4yerZr4dP1Hr2U878h98HJBh4sjHkloG9Mh8eFD0w%3D%3D/lsparams/hls_chunk_host,met,mh,mm,mn,ms,mv,mvi,pl,rms,initcwndbps/lsig/APaTxxMwRgIhANXIexdsYPVTOkuti_t_A-u3Zvv4AHQvO0UyTAiuBr_jAiEA06MjobDOdwPEq0X8HlYb8VmY-ONzgFtz3xqIRdjS4GM%3D/playlist/index.m3u8", "ext": "vtt", "protocol": "m3u8_native", "__yt_dlp_client": "ios"}, {"ext": "json3", "url": "https://www.youtube.com/api/timedtext?v=gqAmIg0fcts&ei=T32DaNr0O9zXsfIP_qmmyAk&caps=asr&opi=112496729&xoaf=5&xospf=1&hl=en&ip=0.0.0.0&ipbits=0&expire=1753472960&sparams=ip%2Cipbits%2Cexpire%2Cv%2Cei%2Ccaps%2Copi%2Cxoaf&signature=BF6AAB3D4430CACE152B9187312DC84373EE659D.A4720C5E9D32CB844611A6CC9D701A6F66CF4CEC&key=yt8&kind=asr&lang=en&variant=punctuated&fmt=json3", "name": "English", "impersonate": true, "__yt_dlp_client": "tv"}, {"ext": "srv1", "url": "https://www.youtube.com/api/timedtext?v=gqAmIg0fcts&ei=T32DaNr0O9zXsfIP_qmmyAk&caps=asr&opi=112496729&xoaf=5&xospf=1&hl=en&ip=0.0.0.0&ipbits=0&expire=1753472960&sparams=ip%2Cipbits%2Cexpire%2Cv%2Cei%2Ccaps%2Copi%2Cxoaf&signature=BF6AAB3D4430CACE152B9187312DC84373EE659D.A4720C5E9D32CB844611A6CC9D701A6F66CF4CEC&key=yt8&kind=asr&lang=en&variant=punctuated&fmt=srv1", "name": "English", "impersonate": true, "__yt_dlp_client": "tv"}, {"ext": "srv2", "url": "https://www.youtube.com/api/timedtext?v=gqAmIg0fcts&ei=T32DaNr0O9zXsfIP_qmmyAk&caps=asr&opi=112496729&xoaf=5&xospf=1&hl=en&ip=0.0.0.0&ipbits=0&expire=1753472960&sparams=ip%2Cipbits%2Cexpire%2Cv%2Cei%2Ccaps%2Copi%2Cxoaf&signature=BF6AAB3D4430CACE152B9187312DC84373EE659D.A4720C5E9D32CB844611A6CC9D701A6F66CF4CEC&key=yt8&kind=asr&lang=en&variant=punctuated&fmt=srv2", "name": "English", "impersonate": true, "__yt_dlp_client": "tv"}, {"ext": "srv3", "url": "https://www.youtube.com/api/timedtext?v=gqAmIg0fcts&ei=T32DaNr0O9zXsfIP_qmmyAk&caps=asr&opi=112496729&xoaf=5&xospf=1&hl=en&ip=0.0.0.0&ipbits=0&expire=1753472960&sparams=ip%2Cipbits%2Cexpire%2Cv%2Cei%2Ccaps%2Copi%2Cxoaf&signature=BF6AAB3D4430CACE152B9187312DC84373EE659D.A4720C5E9D32CB844611A6CC9D701A6F66CF4CEC&key=yt8&kind=asr&lang=en&variant=punctuated&fmt=srv3", "name": "English", "impersonate": true, "__yt_dlp_client": "tv"}, {"ext": "ttml", "url": "https://www.youtube.com/api/timedtext?v=gqAmIg0fcts&ei=T32DaNr0O9zXsfIP_qmmyAk&caps=asr&opi=112496729&xoaf=5&xospf=1&hl=en&ip=0.0.0.0&ipbits=0&expire=1753472960&sparams=ip%2Cipbits%2Cexpire%2Cv%2Cei%2Ccaps%2Copi%2Cxoaf&signature=BF6AAB3D4430CACE152B9187312DC84373EE659D.A4720C5E9D32CB844611A6CC9D701A6F66CF4CEC&key=yt8&kind=asr&lang=en&variant=punctuated&fmt=ttml", "name": "English", "impersonate": true, "__yt_dlp_client": "tv"}, {"ext": "srt", "url": "https://www.youtube.com/api/timedtext?v=gqAmIg0fcts&ei=T32DaNr0O9zXsfIP_qmmyAk&caps=asr&opi=112496729&xoaf=5&xospf=1&hl=en&ip=0.0.0.0&ipbits=0&expire=1753472960&sparams=ip%2Cipbits%2Cexpire%2Cv%2Cei%2Ccaps%2Copi%2Cxoaf&signature=BF6AAB3D4430CACE152B9187312DC84373EE659D.A4720C5E9D32CB844611A6CC9D701A6F66CF4CEC&key=yt8&kind=asr&lang=en&variant=punctuated&fmt=srt", "name": "English", "impersonate": true, "__yt_dlp_client": "tv"}, {"ext": "vtt", "url": "https://www.youtube.com/api/timedtext?v=gqAmIg0fcts&ei=T32DaNr0O9zXsfIP_qmmyAk&caps=asr&opi=112496729&xoaf=5&xospf=1&hl=en&ip=0.0.0.0&ipbits=0&expire=1753472960&sparams=ip%2Cipbits%2Cexpire%2Cv%2Cei%2Ccaps%2Copi%2Cxoaf&signature=BF6AAB3D4430CACE152B9187312DC84373EE659D.A4720C5E9D32CB844611A6CC9D701A6F66CF4CEC&key=yt8&kind=asr&lang=en&variant=punctuated&fmt=vtt", "name": "English", "impersonate": true, "__yt_dlp_client": "tv"}], "ab": [{"ext": "json3", "url": "https://www.youtube.com/api/timedtext?v=gqAmIg0fcts&ei=T32DaNr0O9zXsfIP_qmmyAk&caps=asr&opi=112496729&xoaf=5&xospf=1&hl=en&ip=0.0.0.0&ipbits=0&expire=1753472960&sparams=ip%2Cipbits%2Cexpire%2Cv%2Cei%2Ccaps%2Copi%2Cxoaf&signature=BF6AAB3D4430CACE152B9187312DC84373EE659D.A4720C5E9D32CB844611A6CC9D701A6F66CF4CEC&key=yt8&kind=asr&lang=en&variant=punctuated&tlang=ab&fmt=json3", "name": "Abkhazian", "impersonate": true, "__yt_dlp_client": "tv"}, {"ext": "srv1", "url": "https://www.youtube.com/api/timedtext?v=gqAmIg0fcts&ei=T32DaNr0O9zXsfIP_qmmyAk&caps=asr&opi=112496729&xoaf=5&xospf=1&hl=en&ip=0.0.0.0&ipbits=0&expire=1753472960&sparams=ip%2Cipbits%2Cexpire%2Cv%2Cei%2Ccaps%2Copi%2Cxoaf&signature=BF6AAB3D4430CACE152B9187312DC84373EE659D.A4720C5E9D32CB844611A6CC9D701A6F66CF4CEC&key=yt8&kind=asr&lang=en&variant=punctuated&tlang=ab&fmt=srv1", "name": "Abkhazian", "impersonate": true, "__yt_dlp_client": "tv"}, {"ext": "srv2", "url": "https://www.youtube.com/api/timedtext?v=gqAmIg0fcts&ei=T32DaNr0O9zXsfIP_qmmyAk&caps=asr&opi=112496729&xoaf=5&xospf=1&hl=en&ip=0.0.0.0&ipbits=0&expire=1753472960&sparams=ip%2Cipbits%2Cexpire%2Cv%2Cei%2Ccaps%2Copi%2Cxoaf&signature=BF6AAB3D4430CACE152B9187312DC84373EE659D.A4720C5E9D32CB844611A6CC9D701A6F66CF4CEC&key=yt8&kind=asr&lang=en&variant=punctuated&tlang=ab&fmt=srv2", "name": "Abkhazian", "impersonate": true, "__yt_dlp_client": "tv"}, {"ext": "srv3", "url": "https://www.youtube.com/api/timedtext?v=gqAmIg0fcts&ei=T32DaNr0O9zXsfIP_qmmyAk&caps=asr&opi=112496729&xoaf=5&xospf=1&hl=en&ip=0.0.0.0&ipbits=0&expire=1753472960&sparams=ip%2Cipbits%2Cexpire%2Cv%2Cei%2Ccaps%2Copi%2Cxoaf&signature=BF6AAB3D4430CACE152B9187312DC84373EE659D.A4720C5E9D32CB844611A6CC9D701A6F66CF4CEC&key=yt8&kind=asr&lang=en&variant=punctuated&tlang=ab&fmt=srv3", "name": "Abkhazian", "impersonate": true, "__yt_dlp_client": "tv"}, {"ext": "ttml", "url": "https://www.youtube.com/api/timedtext?v=gqAmIg0fcts&ei=T32DaNr0O9zXsfIP_qmmyAk&caps=asr&opi=112496729&xoaf=5&xospf=1&hl=en&ip=0.0.0.0&ipbits=0&expire=1753472960&sparams=ip%2Cipbits%2Cexpire%2Cv%2Cei%2Ccaps%2Copi%2Cxoaf&signature=BF6AAB3D4430CACE152B9187312DC84373EE659D.A4720C5E9D32CB844611A6CC9D701A6F66CF4CEC&key=yt8&kind=asr&lang=en&variant=punctuated&tlang=ab&fmt=ttml", "name": "Abkhazian", "impersonate": true, "__yt_dlp_client": "tv"}, {"ext": "srt", "url": "https://www.youtube.com/api/timedtext?v=gqAmIg0fcts&ei=T32DaNr0O9zXsfIP_qmmyAk&caps=asr&opi=112496729&xoaf=5&xospf=1&hl=en&ip=0.0.0.0&ipbits=0&expire=1753472960&sparams=ip%2Cipbits%2Cexpire%2Cv%2Cei%2Ccaps%2Copi%2Cxoaf&signature=BF6AAB3D4430CACE152B9187312DC84373EE659D.A4720C5E9D32CB844611A6CC9D701A6F66CF4CEC&key=yt8&kind=asr&lang=en&variant=punctuated&tlang=ab&fmt=srt", "name": "Abkhazian", "impersonate": true, "__yt_dlp_client": "tv"}, {"ext": "vtt", "url": "https://www.youtube.com/api/timedtext?v=gqAmIg0fcts&ei=T32DaNr0O9zXsfIP_qmmyAk&caps=asr&opi=112496729&xoaf=5&xospf=1&hl=en&ip=0.0.0.0&ipbits=0&expire=1753472960&sparams=ip%2Cipbits%2Cexpire%2Cv%2Cei%2Ccaps%2Copi%2Cxoaf&signature=BF6AAB3D4430CACE152B9187312DC84373EE659D.A4720C5E9D32CB844611A6CC9D701A6F66CF4CEC&key=yt8&kind=asr&lang=en&variant=punctuated&tlang=ab&fmt=vtt", "name": "Abkhazian", "impersonate": true, "__yt_dlp_client": "tv"}], "aa": [{"ext": "json3", "url": "https://www.youtube.com/api/timedtext?v=gqAmIg0fcts&ei=T32DaNr0O9zXsfIP_qmmyAk&caps=asr&opi=112496729&xoaf=5&xospf=1&hl=en&ip=0.0.0.0&ipbits=0&expire=1753472960&sparams=ip%2Cipbits%2Cexpire%2Cv%2Cei%2Ccaps%2Copi%2Cxoaf&signature=BF6AAB3D4430CACE152B9187312DC84373EE659D.A4720C5E9D32CB844611A6CC9D701A6F66CF4CEC&key=yt8&kind=asr&lang=en&variant=punctuated&tlang=aa&fmt=json3", "name": "Afar", "impersonate": true, "__yt_dlp_client": "tv"}, {"ext": "srv1", "url": "https://www.youtube.com/api/timedtext?v=gqAmIg0fcts&ei=T32DaNr0O9zXsfIP_qmmyAk&caps=asr&opi=112496729&xoaf=5&xospf=1&hl=en&ip=0.0.0.0&ipbits=0&expire=1753472960&sparams=ip%2Cipbits%2Cexpire%2Cv%2Cei%2Ccaps%2Copi%2Cxoaf&signature=BF6AAB3D4430CACE152B9187312DC84373EE659D.A4720C5E9D32CB844611A6CC9D701A6F66CF4CEC&key=yt8&kind=asr&lang=en&variant=punctuated&tlang=aa&fmt=srv1", "name": "Afar", "impersonate": true, "__yt_dlp_client": "tv"}, {"ext": "srv2", "url": "https://www.youtube.com/api/timedtext?v=gqAmIg0fcts&ei=T32DaNr0O9zXsfIP_qmmyAk&caps=asr&opi=112496729&xoaf=5&xospf=1&hl=en&ip=0.0.0.0&ipbits=0&expire=1753472960&sparams=ip%2Cipbits%2Cexpire%2Cv%2Cei%2Ccaps%2Copi%2Cxoaf&signature=BF6AAB3D4430CACE152B9187312DC84373EE659D.A4720C5E9D32CB844611A6CC9D701A6F66CF4CEC&key=yt8&kind=asr&lang=en&variant=punctuated&tlang=aa&fmt=srv2", "name": "Afar", "impersonate": true, "__yt_dlp_client": "tv"}, {"ext": "srv3", "url": "https://www.youtube.com/api/timedtext?v=gqAmIg0fcts&ei=T32DaNr0O9zXsfIP_qmmyAk&caps=asr&opi=112496729&xoaf=5&xospf=1&hl=en&ip=0.0.0.0&ipbits=0&expire=1753472960&sparams=ip%2Cipbits%2Cexpire%2Cv%2Cei%2Ccaps%2Copi%2Cxoaf&signature=BF6AAB3D4430CACE152B9187312DC84373EE659D.A4720C5E9D32CB844611A6CC9D701A6F66CF4CEC&key=yt8&kind=asr&lang=en&variant=punctuated&tlang=aa&fmt=srv3", "name": "Afar", "impersonate": true, "__yt_dlp_client": "tv"}, {"ext": "ttml", "url": "https://www.youtube.com/api/timedtext?v=gqAmIg0fcts&ei=T32DaNr0O9zXsfIP_qmmyAk&caps=asr&opi=112496729&xoaf=5&xospf=1&hl=en&ip=0.0.0.0&ipbits=0&expire=1753472960&sparams=ip%2Cipbits%2Cexpire%2Cv%2Cei%2Ccaps%2Copi%2Cxoaf&signature=BF6AAB3D4430CACE152B9187312DC84373EE659D.A4720C5E9D32CB844611A6CC9D701A6F66CF4CEC&key=yt8&kind=asr&lang=en&variant=punctuated&tlang=aa&fmt=ttml", "name": "Afar", "impersonate": true, "__yt_dlp_client": "tv"}, {"ext": "srt", "url": "https://www.youtube.com/api/timedtext?v=gqAmIg0fcts&ei=T32DaNr0O9zXsfIP_qmmyAk&caps=asr&opi=112496729&xoaf=5&xospf=1&hl=en&ip=0.0.0.0&ipbits=0&expire=1753472960&sparams=ip%2Cipbits%2Cexpire%2Cv%2Cei%2Ccaps%2Copi%2Cxoaf&signature=BF6AAB3D4430CACE152B9187312DC84373EE659D.A4720C5E9D32CB844611A6CC9D701A6F66CF4CEC&key=yt8&kind=asr&lang=en&variant=punctuated&tlang=aa&fmt=srt", "name": "Afar", "impersonate": true, "__yt_dlp_client": "tv"}, {"ext": "vtt", "url": "https://www.youtube.com/api/timedtext?v=gqAmIg0fcts&ei=T32DaNr0O9zXsfIP_qmmyAk&caps=asr&opi=112496729&xoaf=5&xospf=1&hl=en&ip=0.0.0.0&ipbits=0&expire=1753472960&sparams=ip%2Cipbits%2Cexpire%2Cv%2Cei%2Ccaps%2Copi%2Cxoaf&signature=BF6AAB3D4430CACE152B9187312DC84373EE659D.A4720C5E9D32CB844611A6CC9D701A6F66CF4CEC&key=yt8&kind=asr&lang=en&variant=punctuated&tlang=aa&fmt=vtt", "name": "Afar", "impersonate": true, "__yt_dlp_client": "tv"}], "af": [{"ext": "json3", "url": "https://www.youtube.com/api/timedtext?v=gqAmIg0fcts&ei=T32DaNr0O9zXsfIP_qmmyAk&caps=asr&opi=112496729&xoaf=5&xospf=1&hl=en&ip=0.0.0.0&ipbits=0&expire=1753472960&sparams=ip%2Cipbits%2Cexpire%2Cv%2Cei%2Ccaps%2Copi%2Cxoaf&signature=BF6AAB3D4430CACE152B9187312DC84373EE659D.A4720C5E9D32CB844611A6CC9D701A6F66CF4CEC&key=yt8&kind=asr&lang=en&variant=punctuated&tlang=af&fmt=json3", "name": "Afrikaans", "impersonate": true, "__yt_dlp_client": "tv"}, {"ext": "srv1", "url": "https://www.youtube.com/api/timedtext?v=gqAmIg0fcts&ei=T32DaNr0O9zXsfIP_qmmyAk&caps=asr&opi=112496729&xoaf=5&xospf=1&hl=en&ip=0.0.0.0&ipbits=0&expire=1753472960&sparams=ip%2Cipbits%2Cexpire%2Cv%2Cei%2Ccaps%2Copi%2Cxoaf&signature=BF6AAB3D4430CACE152B9187312DC84373EE659D.A4720C5E9D32CB844611A6CC9D701A6F66CF4CEC&key=yt8&kind=asr&lang=en&variant=punctuated&tlang=af&fmt=srv1", "name": "Afrikaans", "impersonate": true, "__yt_dlp_client": "tv"}, {"ext": "srv2", "url": "https://www.youtube.com/api/timedtext?v=gqAmIg0fcts&ei=T32DaNr0O9zXsfIP_qmmyAk&caps=asr&opi=112496729&xoaf=5&xospf=1&hl=en&ip=0.0.0.0&ipbits=0&expire=1753472960&sparams=ip%2Cipbits%2Cexpire%2Cv%2Cei%2Ccaps%2Copi%2Cxoaf&signature=BF6AAB3D4430CACE152B9187312DC84373EE659D.A4720C5E9D32CB844611A6CC9D701A6F66CF4CEC&key=yt8&kind=asr&lang=en&variant=punctuated&tlang=af&fmt=srv2", "name": "Afrikaans", "impersonate": true, "__yt_dlp_client": "tv"}, {"ext": "srv3", "url": "https://www.youtube.com/api/timedtext?v=gqAmIg0fcts&ei=T32DaNr0O9zXsfIP_qmmyAk&caps=asr&opi=112496729&xoaf=5&xospf=1&hl=en&ip=0.0.0.0&ipbits=0&expire=1753472960&sparams=ip%2Cipbits%2Cexpire%2Cv%2Cei%2Ccaps%2Copi%2Cxoaf&signature=BF6AAB3D4430CACE152B9187312DC84373EE659D.A4720C5E9D32CB844611A6CC9D701A6F66CF4CEC&key=yt8&kind=asr&lang=en&variant=punctuated&tlang=af&fmt=srv3", "name": "Afrikaans", "impersonate": true, "__yt_dlp_client": "tv"}, {"ext": "ttml", "url": "https://www.youtube.com/api/timedtext?v=gqAmIg0fcts&ei=T32DaNr0O9zXsfIP_qmmyAk&caps=asr&opi=112496729&xoaf=5&xospf=1&hl=en&ip=0.0.0.0&ipbits=0&expire=1753472960&sparams=ip%2Cipbits%2Cexpire%2Cv%2Cei%2Ccaps%2Copi%2Cxoaf&signature=BF6AAB3D4430CACE152B9187312DC84373EE659D.A4720C5E9D32CB844611A6CC9D701A6F66CF4CEC&key=yt8&kind=asr&lang=en&variant=punctuated&tlang=af&fmt=ttml", "name": "Afrikaans", "impersonate": true, "__yt_dlp_client": "tv"}, {"ext": "srt", "url": "https://www.youtube.com/api/timedtext?v=gqAmIg0fcts&ei=T32DaNr0O9zXsfIP_qmmyAk&caps=asr&opi=112496729&xoaf=5&xospf=1&hl=en&ip=0.0.0.0&ipbits=0&expire=1753472960&sparams=ip%2Cipbits%2Cexpire%2Cv%2Cei%2Ccaps%2Copi%2Cxoaf&signature=BF6AAB3D4430CACE152B9187312DC84373EE659D.A4720C5E9D32CB844611A6CC9D701A6F66CF4CEC&key=yt8&kind=asr&lang=en&variant=punctuated&tlang=af&fmt=srt", "name": "Afrikaans", "impersonate": true, "__yt_dlp_client": "tv"}, {"ext": "vtt", "url": "https://www.youtube.com/api/timedtext?v=gqAmIg0fcts&ei=T32DaNr0O9zXsfIP_qmmyAk&caps=asr&opi=112496729&xoaf=5&xospf=1&hl=en&ip=0.0.0.0&ipbits=0&expire=1753472960&sparams=ip%2Cipbits%2Cexpire%2Cv%2Cei%2Ccaps%2Copi%2Cxoaf&signature=BF6AAB3D4430CACE152B9187312DC84373EE659D.A4720C5E9D32CB844611A6CC9D701A6F66CF4CEC&key=yt8&kind=asr&lang=en&variant=punctuated&tlang=af&fmt=vtt", "name": "Afrikaans", "impersonate": true, "__yt_dlp_client": "tv"}], "ak": [{"ext": "json3", "url": "https://www.youtube.com/api/timedtext?v=gqAmIg0fcts&ei=T32DaNr0O9zXsfIP_qmmyAk&caps=asr&opi=112496729&xoaf=5&xospf=1&hl=en&ip=0.0.0.0&ipbits=0&expire=1753472960&sparams=ip%2Cipbits%2Cexpire%2Cv%2Cei%2Ccaps%2Copi%2Cxoaf&signature=BF6AAB3D4430CACE152B9187312DC84373EE659D.A4720C5E9D32CB844611A6CC9D701A6F66CF4CEC&key=yt8&kind=asr&lang=en&variant=punctuated&tlang=ak&fmt=json3", "name": "Akan", "impersonate": true, "__yt_dlp_client": "tv"}, {"ext": "srv1", "url": "https://www.youtube.com/api/timedtext?v=gqAmIg0fcts&ei=T32DaNr0O9zXsfIP_qmmyAk&caps=asr&opi=112496729&xoaf=5&xospf=1&hl=en&ip=0.0.0.0&ipbits=0&expire=1753472960&sparams=ip%2Cipbits%2Cexpire%2Cv%2Cei%2Ccaps%2Copi%2Cxoaf&signature=BF6AAB3D4430CACE152B9187312DC84373EE659D.A4720C5E9D32CB844611A6CC9D701A6F66CF4CEC&key=yt8&kind=asr&lang=en&variant=punctuated&tlang=ak&fmt=srv1", "name": "Akan", "impersonate": true, "__yt_dlp_client": "tv"}, {"ext": "srv2", "url": "https://www.youtube.com/api/timedtext?v=gqAmIg0fcts&ei=T32DaNr0O9zXsfIP_qmmyAk&caps=asr&opi=112496729&xoaf=5&xospf=1&hl=en&ip=0.0.0.0&ipbits=0&expire=1753472960&sparams=ip%2Cipbits%2Cexpire%2Cv%2Cei%2Ccaps%2Copi%2Cxoaf&signature=BF6AAB3D4430CACE152B9187312DC84373EE659D.A4720C5E9D32CB844611A6CC9D701A6F66CF4CEC&key=yt8&kind=asr&lang=en&variant=punctuated&tlang=ak&fmt=srv2", "name": "Akan", "impersonate": true, "__yt_dlp_client": "tv"}, {"ext": "srv3", "url": "https://www.youtube.com/api/timedtext?v=gqAmIg0fcts&ei=T32DaNr0O9zXsfIP_qmmyAk&caps=asr&opi=112496729&xoaf=5&xospf=1&hl=en&ip=0.0.0.0&ipbits=0&expire=1753472960&sparams=ip%2Cipbits%2Cexpire%2Cv%2Cei%2Ccaps%2Copi%2Cxoaf&signature=BF6AAB3D4430CACE152B9187312DC84373EE659D.A4720C5E9D32CB844611A6CC9D701A6F66CF4CEC&key=yt8&kind=asr&lang=en&variant=punctuated&tlang=ak&fmt=srv3", "name": "Akan", "impersonate": true, "__yt_dlp_client": "tv"}, {"ext": "ttml", "url": "https://www.youtube.com/api/timedtext?v=gqAmIg0fcts&ei=T32DaNr0O9zXsfIP_qmmyAk&caps=asr&opi=112496729&xoaf=5&xospf=1&hl=en&ip=0.0.0.0&ipbits=0&expire=1753472960&sparams=ip%2Cipbits%2Cexpire%2Cv%2Cei%2Ccaps%2Copi%2Cxoaf&signature=BF6AAB3D4430CACE152B9187312DC84373EE659D.A4720C5E9D32CB844611A6CC9D701A6F66CF4CEC&key=yt8&kind=asr&lang=en&variant=punctuated&tlang=ak&fmt=ttml", "name": "Akan", "impersonate": true, "__yt_dlp_client": "tv"}, {"ext": "srt", "url": "https://www.youtube.com/api/timedtext?v=gqAmIg0fcts&ei=T32DaNr0O9zXsfIP_qmmyAk&caps=asr&opi=112496729&xoaf=5&xospf=1&hl=en&ip=0.0.0.0&ipbits=0&expire=1753472960&sparams=ip%2Cipbits%2Cexpire%2Cv%2Cei%2Ccaps%2Copi%2Cxoaf&signature=BF6AAB3D4430CACE152B9187312DC84373EE659D.A4720C5E9D32CB844611A6CC9D701A6F66CF4CEC&key=yt8&kind=asr&lang=en&variant=punctuated&tlang=ak&fmt=srt", "name": "Akan", "impersonate": true, "__yt_dlp_client": "tv"}, {"ext": "vtt", "url": "https://www.youtube.com/api/timedtext?v=gqAmIg0fcts&ei=T32DaNr0O9zXsfIP_qmmyAk&caps=asr&opi=112496729&xoaf=5&xospf=1&hl=en&ip=0.0.0.0&ipbits=0&expire=1753472960&sparams=ip%2Cipbits%2Cexpire%2Cv%2Cei%2Ccaps%2Copi%2Cxoaf&signature=BF6AAB3D4430CACE152B9187312DC84373EE659D.A4720C5E9D32CB844611A6CC9D701A6F66CF4CEC&key=yt8&kind=asr&lang=en&variant=punctuated&tlang=ak&fmt=vtt", "name": "Akan", "impersonate": true, "__yt_dlp_client": "tv"}], "sq": [{"ext": "json3", "url": "https://www.youtube.com/api/timedtext?v=gqAmIg0fcts&ei=T32DaNr0O9zXsfIP_qmmyAk&caps=asr&opi=112496729&xoaf=5&xospf=1&hl=en&ip=0.0.0.0&ipbits=0&expire=1753472960&sparams=ip%2Cipbits%2Cexpire%2Cv%2Cei%2Ccaps%2Copi%2Cxoaf&signature=BF6AAB3D4430CACE152B9187312DC84373EE659D.A4720C5E9D32CB844611A6CC9D701A6F66CF4CEC&key=yt8&kind=asr&lang=en&variant=punctuated&tlang=sq&fmt=json3", "name": "Albanian", "impersonate": true, "__yt_dlp_client": "tv"}, {"ext": "srv1", "url": "https://www.youtube.com/api/timedtext?v=gqAmIg0fcts&ei=T32DaNr0O9zXsfIP_qmmyAk&caps=asr&opi=112496729&xoaf=5&xospf=1&hl=en&ip=0.0.0.0&ipbits=0&expire=1753472960&sparams=ip%2Cipbits%2Cexpire%2Cv%2Cei%2Ccaps%2Copi%2Cxoaf&signature=BF6AAB3D4430CACE152B9187312DC84373EE659D.A4720C5E9D32CB844611A6CC9D701A6F66CF4CEC&key=yt8&kind=asr&lang=en&variant=punctuated&tlang=sq&fmt=srv1", "name": "Albanian", "impersonate": true, "__yt_dlp_client": "tv"}, {"ext": "srv2", "url": "https://www.youtube.com/api/timedtext?v=gqAmIg0fcts&ei=T32DaNr0O9zXsfIP_qmmyAk&caps=asr&opi=112496729&xoaf=5&xospf=1&hl=en&ip=0.0.0.0&ipbits=0&expire=1753472960&sparams=ip%2Cipbits%2Cexpire%2Cv%2Cei%2Ccaps%2Copi%2Cxoaf&signature=BF6AAB3D4430CACE152B9187312DC84373EE659D.A4720C5E9D32CB844611A6CC9D701A6F66CF4CEC&key=yt8&kind=asr&lang=en&variant=punctuated&tlang=sq&fmt=srv2", "name": "Albanian", "impersonate": true, "__yt_dlp_client": "tv"}, {"ext": "srv3", "url": "https://www.youtube.com/api/timedtext?v=gqAmIg0fcts&ei=T32DaNr0O9zXsfIP_qmmyAk&caps=asr&opi=112496729&xoaf=5&xospf=1&hl=en&ip=0.0.0.0&ipbits=0&expire=1753472960&sparams=ip%2Cipbits%2Cexpire%2Cv%2Cei%2Ccaps%2Copi%2Cxoaf&signature=BF6AAB3D4430CACE152B9187312DC84373EE659D.A4720C5E9D32CB844611A6CC9D701A6F66CF4CEC&key=yt8&kind=asr&lang=en&variant=punctuated&tlang=sq&fmt=srv3", "name": "Albanian", "impersonate": true, "__yt_dlp_client": "tv"}, {"ext": "ttml", "url": "https://www.youtube.com/api/timedtext?v=gqAmIg0fcts&ei=T32DaNr0O9zXsfIP_qmmyAk&caps=asr&opi=112496729&xoaf=5&xospf=1&hl=en&ip=0.0.0.0&ipbits=0&expire=1753472960&sparams=ip%2Cipbits%2Cexpire%2Cv%2Cei%2Ccaps%2Copi%2Cxoaf&signature=BF6AAB3D4430CACE152B9187312DC84373EE659D.A4720C5E9D32CB844611A6CC9D701A6F66CF4CEC&key=yt8&kind=asr&lang=en&variant=punctuated&tlang=sq&fmt=ttml", "name": "Albanian", "impersonate": true, "__yt_dlp_client": "tv"}, {"ext": "srt", "url": "https://www.youtube.com/api/timedtext?v=gqAmIg0fcts&ei=T32DaNr0O9zXsfIP_qmmyAk&caps=asr&opi=112496729&xoaf=5&xospf=1&hl=en&ip=0.0.0.0&ipbits=0&expire=1753472960&sparams=ip%2Cipbits%2Cexpire%2Cv%2Cei%2Ccaps%2Copi%2Cxoaf&signature=BF6AAB3D4430CACE152B9187312DC84373EE659D.A4720C5E9D32CB844611A6CC9D701A6F66CF4CEC&key=yt8&kind=asr&lang=en&variant=punctuated&tlang=sq&fmt=srt", "name": "Albanian", "impersonate": true, "__yt_dlp_client": "tv"}, {"ext": "vtt", "url": "https://www.youtube.com/api/timedtext?v=gqAmIg0fcts&ei=T32DaNr0O9zXsfIP_qmmyAk&caps=asr&opi=112496729&xoaf=5&xospf=1&hl=en&ip=0.0.0.0&ipbits=0&expire=1753472960&sparams=ip%2Cipbits%2Cexpire%2Cv%2Cei%2Ccaps%2Copi%2Cxoaf&signature=BF6AAB3D4430CACE152B9187312DC84373EE659D.A4720C5E9D32CB844611A6CC9D701A6F66CF4CEC&key=yt8&kind=asr&lang=en&variant=punctuated&tlang=sq&fmt=vtt", "name": "Albanian", "impersonate": true, "__yt_dlp_client": "tv"}], "am": [{"ext": "json3", "url": "https://www.youtube.com/api/timedtext?v=gqAmIg0fcts&ei=T32DaNr0O9zXsfIP_qmmyAk&caps=asr&opi=112496729&xoaf=5&xospf=1&hl=en&ip=0.0.0.0&ipbits=0&expire=1753472960&sparams=ip%2Cipbits%2Cexpire%2Cv%2Cei%2Ccaps%2Copi%2Cxoaf&signature=BF6AAB3D4430CACE152B9187312DC84373EE659D.A4720C5E9D32CB844611A6CC9D701A6F66CF4CEC&key=yt8&kind=asr&lang=en&variant=punctuated&tlang=am&fmt=json3", "name": "Amharic", "impersonate": true, "__yt_dlp_client": "tv"}, {"ext": "srv1", "url": "https://www.youtube.com/api/timedtext?v=gqAmIg0fcts&ei=T32DaNr0O9zXsfIP_qmmyAk&caps=asr&opi=112496729&xoaf=5&xospf=1&hl=en&ip=0.0.0.0&ipbits=0&expire=1753472960&sparams=ip%2Cipbits%2Cexpire%2Cv%2Cei%2Ccaps%2Copi%2Cxoaf&signature=BF6AAB3D4430CACE152B9187312DC84373EE659D.A4720C5E9D32CB844611A6CC9D701A6F66CF4CEC&key=yt8&kind=asr&lang=en&variant=punctuated&tlang=am&fmt=srv1", "name": "Amharic", "impersonate": true, "__yt_dlp_client": "tv"}, {"ext": "srv2", "url": "https://www.youtube.com/api/timedtext?v=gqAmIg0fcts&ei=T32DaNr0O9zXsfIP_qmmyAk&caps=asr&opi=112496729&xoaf=5&xospf=1&hl=en&ip=0.0.0.0&ipbits=0&expire=1753472960&sparams=ip%2Cipbits%2Cexpire%2Cv%2Cei%2Ccaps%2Copi%2Cxoaf&signature=BF6AAB3D4430CACE152B9187312DC84373EE659D.A4720C5E9D32CB844611A6CC9D701A6F66CF4CEC&key=yt8&kind=asr&lang=en&variant=punctuated&tlang=am&fmt=srv2", "name": "Amharic", "impersonate": true, "__yt_dlp_client": "tv"}, {"ext": "srv3", "url": "https://www.youtube.com/api/timedtext?v=gqAmIg0fcts&ei=T32DaNr0O9zXsfIP_qmmyAk&caps=asr&opi=112496729&xoaf=5&xospf=1&hl=en&ip=0.0.0.0&ipbits=0&expire=1753472960&sparams=ip%2Cipbits%2Cexpire%2Cv%2Cei%2Ccaps%2Copi%2Cxoaf&signature=BF6AAB3D4430CACE152B9187312DC84373EE659D.A4720C5E9D32CB844611A6CC9D701A6F66CF4CEC&key=yt8&kind=asr&lang=en&variant=punctuated&tlang=am&fmt=srv3", "name": "Amharic", "impersonate": true, "__yt_dlp_client": "tv"}, {"ext": "ttml", "url": "https://www.youtube.com/api/timedtext?v=gqAmIg0fcts&ei=T32DaNr0O9zXsfIP_qmmyAk&caps=asr&opi=112496729&xoaf=5&xospf=1&hl=en&ip=0.0.0.0&ipbits=0&expire=1753472960&sparams=ip%2Cipbits%2Cexpire%2Cv%2Cei%2Ccaps%2Copi%2Cxoaf&signature=BF6AAB3D4430CACE152B9187312DC84373EE659D.A4720C5E9D32CB844611A6CC9D701A6F66CF4CEC&key=yt8&kind=asr&lang=en&variant=punctuated&tlang=am&fmt=ttml", "name": "Amharic", "impersonate": true, "__yt_dlp_client": "tv"}, {"ext": "srt", "url": "https://www.youtube.com/api/timedtext?v=gqAmIg0fcts&ei=T32DaNr0O9zXsfIP_qmmyAk&caps=asr&opi=112496729&xoaf=5&xospf=1&hl=en&ip=0.0.0.0&ipbits=0&expire=1753472960&sparams=ip%2Cipbits%2Cexpire%2Cv%2Cei%2Ccaps%2Copi%2Cxoaf&signature=BF6AAB3D4430CACE152B9187312DC84373EE659D.A4720C5E9D32CB844611A6CC9D701A6F66CF4CEC&key=yt8&kind=asr&lang=en&variant=punctuated&tlang=am&fmt=srt", "name": "Amharic", "impersonate": true, "__yt_dlp_client": "tv"}, {"ext": "vtt", "url": "https://www.youtube.com/api/timedtext?v=gqAmIg0fcts&ei=T32DaNr0O9zXsfIP_qmmyAk&caps=asr&opi=112496729&xoaf=5&xospf=1&hl=en&ip=0.0.0.0&ipbits=0&expire=1753472960&sparams=ip%2Cipbits%2Cexpire%2Cv%2Cei%2Ccaps%2Copi%2Cxoaf&signature=BF6AAB3D4430CACE152B9187312DC84373EE659D.A4720C5E9D32CB844611A6CC9D701A6F66CF4CEC&key=yt8&kind=asr&lang=en&variant=punctuated&tlang=am&fmt=vtt", "name": "Amharic", "impersonate": true, "__yt_dlp_client": "tv"}], "ar": [{"ext": "json3", "url": "https://www.youtube.com/api/timedtext?v=gqAmIg0fcts&ei=T32DaNr0O9zXsfIP_qmmyAk&caps=asr&opi=112496729&xoaf=5&xospf=1&hl=en&ip=0.0.0.0&ipbits=0&expire=1753472960&sparams=ip%2Cipbits%2Cexpire%2Cv%2Cei%2Ccaps%2Copi%2Cxoaf&signature=BF6AAB3D4430CACE152B9187312DC84373EE659D.A4720C5E9D32CB844611A6CC9D701A6F66CF4CEC&key=yt8&kind=asr&lang=en&variant=punctuated&tlang=ar&fmt=json3", "name": "Arabic", "impersonate": true, "__yt_dlp_client": "tv"}, {"ext": "srv1", "url": "https://www.youtube.com/api/timedtext?v=gqAmIg0fcts&ei=T32DaNr0O9zXsfIP_qmmyAk&caps=asr&opi=112496729&xoaf=5&xospf=1&hl=en&ip=0.0.0.0&ipbits=0&expire=1753472960&sparams=ip%2Cipbits%2Cexpire%2Cv%2Cei%2Ccaps%2Copi%2Cxoaf&signature=BF6AAB3D4430CACE152B9187312DC84373EE659D.A4720C5E9D32CB844611A6CC9D701A6F66CF4CEC&key=yt8&kind=asr&lang=en&variant=punctuated&tlang=ar&fmt=srv1", "name": "Arabic", "impersonate": true, "__yt_dlp_client": "tv"}, {"ext": "srv2", "url": "https://www.youtube.com/api/timedtext?v=gqAmIg0fcts&ei=T32DaNr0O9zXsfIP_qmmyAk&caps=asr&opi=112496729&xoaf=5&xospf=1&hl=en&ip=0.0.0.0&ipbits=0&expire=1753472960&sparams=ip%2Cipbits%2Cexpire%2Cv%2Cei%2Ccaps%2Copi%2Cxoaf&signature=BF6AAB3D4430CACE152B9187312DC84373EE659D.A4720C5E9D32CB844611A6CC9D701A6F66CF4CEC&key=yt8&kind=asr&lang=en&variant=punctuated&tlang=ar&fmt=srv2", "name": "Arabic", "impersonate": true, "__yt_dlp_client": "tv"}, {"ext": "srv3", "url": "https://www.youtube.com/api/timedtext?v=gqAmIg0fcts&ei=T32DaNr0O9zXsfIP_qmmyAk&caps=asr&opi=112496729&xoaf=5&xospf=1&hl=en&ip=0.0.0.0&ipbits=0&expire=1753472960&sparams=ip%2Cipbits%2Cexpire%2Cv%2Cei%2Ccaps%2Copi%2Cxoaf&signature=BF6AAB3D4430CACE152B9187312DC84373EE659D.A4720C5E9D32CB844611A6CC9D701A6F66CF4CEC&key=yt8&kind=asr&lang=en&variant=punctuated&tlang=ar&fmt=srv3", "name": "Arabic", "impersonate": true, "__yt_dlp_client": "tv"}, {"ext": "ttml", "url": "https://www.youtube.com/api/timedtext?v=gqAmIg0fcts&ei=T32DaNr0O9zXsfIP_qmmyAk&caps=asr&opi=112496729&xoaf=5&xospf=1&hl=en&ip=0.0.0.0&ipbits=0&expire=1753472960&sparams=ip%2Cipbits%2Cexpire%2Cv%2Cei%2Ccaps%2Copi%2Cxoaf&signature=BF6AAB3D4430CACE152B9187312DC84373EE659D.A4720C5E9D32CB844611A6CC9D701A6F66CF4CEC&key=yt8&kind=asr&lang=en&variant=punctuated&tlang=ar&fmt=ttml", "name": "Arabic", "impersonate": true, "__yt_dlp_client": "tv"}, {"ext": "srt", "url": "https://www.youtube.com/api/timedtext?v=gqAmIg0fcts&ei=T32DaNr0O9zXsfIP_qmmyAk&caps=asr&opi=112496729&xoaf=5&xospf=1&hl=en&ip=0.0.0.0&ipbits=0&expire=1753472960&sparams=ip%2Cipbits%2Cexpire%2Cv%2Cei%2Ccaps%2Copi%2Cxoaf&signature=BF6AAB3D4430CACE152B9187312DC84373EE659D.A4720C5E9D32CB844611A6CC9D701A6F66CF4CEC&key=yt8&kind=asr&lang=en&variant=punctuated&tlang=ar&fmt=srt", "name": "Arabic", "impersonate": true, "__yt_dlp_client": "tv"}, {"ext": "vtt", "url": "https://www.youtube.com/api/timedtext?v=gqAmIg0fcts&ei=T32DaNr0O9zXsfIP_qmmyAk&caps=asr&opi=112496729&xoaf=5&xospf=1&hl=en&ip=0.0.0.0&ipbits=0&expire=1753472960&sparams=ip%2Cipbits%2Cexpire%2Cv%2Cei%2Ccaps%2Copi%2Cxoaf&signature=BF6AAB3D4430CACE152B9187312DC84373EE659D.A4720C5E9D32CB844611A6CC9D701A6F66CF4CEC&key=yt8&kind=asr&lang=en&variant=punctuated&tlang=ar&fmt=vtt", "name": "Arabic", "impersonate": true, "__yt_dlp_client": "tv"}], "hy": [{"ext": "json3", "url": "https://www.youtube.com/api/timedtext?v=gqAmIg0fcts&ei=T32DaNr0O9zXsfIP_qmmyAk&caps=asr&opi=112496729&xoaf=5&xospf=1&hl=en&ip=0.0.0.0&ipbits=0&expire=1753472960&sparams=ip%2Cipbits%2Cexpire%2Cv%2Cei%2Ccaps%2Copi%2Cxoaf&signature=BF6AAB3D4430CACE152B9187312DC84373EE659D.A4720C5E9D32CB844611A6CC9D701A6F66CF4CEC&key=yt8&kind=asr&lang=en&variant=punctuated&tlang=hy&fmt=json3", "name": "Armenian", "impersonate": true, "__yt_dlp_client": "tv"}, {"ext": "srv1", "url": "https://www.youtube.com/api/timedtext?v=gqAmIg0fcts&ei=T32DaNr0O9zXsfIP_qmmyAk&caps=asr&opi=112496729&xoaf=5&xospf=1&hl=en&ip=0.0.0.0&ipbits=0&expire=1753472960&sparams=ip%2Cipbits%2Cexpire%2Cv%2Cei%2Ccaps%2Copi%2Cxoaf&signature=BF6AAB3D4430CACE152B9187312DC84373EE659D.A4720C5E9D32CB844611A6CC9D701A6F66CF4CEC&key=yt8&kind=asr&lang=en&variant=punctuated&tlang=hy&fmt=srv1", "name": "Armenian", "impersonate": true, "__yt_dlp_client": "tv"}, {"ext": "srv2", "url": "https://www.youtube.com/api/timedtext?v=gqAmIg0fcts&ei=T32DaNr0O9zXsfIP_qmmyAk&caps=asr&opi=112496729&xoaf=5&xospf=1&hl=en&ip=0.0.0.0&ipbits=0&expire=1753472960&sparams=ip%2Cipbits%2Cexpire%2Cv%2Cei%2Ccaps%2Copi%2Cxoaf&signature=BF6AAB3D4430CACE152B9187312DC84373EE659D.A4720C5E9D32CB844611A6CC9D701A6F66CF4CEC&key=yt8&kind=asr&lang=en&variant=punctuated&tlang=hy&fmt=srv2", "name": "Armenian", "impersonate": true, "__yt_dlp_client": "tv"}, {"ext": "srv3", "url": "https://www.youtube.com/api/timedtext?v=gqAmIg0fcts&ei=T32DaNr0O9zXsfIP_qmmyAk&caps=asr&opi=112496729&xoaf=5&xospf=1&hl=en&ip=0.0.0.0&ipbits=0&expire=1753472960&sparams=ip%2Cipbits%2Cexpire%2Cv%2Cei%2Ccaps%2Copi%2Cxoaf&signature=BF6AAB3D4430CACE152B9187312DC84373EE659D.A4720C5E9D32CB844611A6CC9D701A6F66CF4CEC&key=yt8&kind=asr&lang=en&variant=punctuated&tlang=hy&fmt=srv3", "name": "Armenian", "impersonate": true, "__yt_dlp_client": "tv"}, {"ext": "ttml", "url": "https://www.youtube.com/api/timedtext?v=gqAmIg0fcts&ei=T32DaNr0O9zXsfIP_qmmyAk&caps=asr&opi=112496729&xoaf=5&xospf=1&hl=en&ip=0.0.0.0&ipbits=0&expire=1753472960&sparams=ip%2Cipbits%2Cexpire%2Cv%2Cei%2Ccaps%2Copi%2Cxoaf&signature=BF6AAB3D4430CACE152B9187312DC84373EE659D.A4720C5E9D32CB844611A6CC9D701A6F66CF4CEC&key=yt8&kind=asr&lang=en&variant=punctuated&tlang=hy&fmt=ttml", "name": "Armenian", "impersonate": true, "__yt_dlp_client": "tv"}, {"ext": "srt", "url": "https://www.youtube.com/api/timedtext?v=gqAmIg0fcts&ei=T32DaNr0O9zXsfIP_qmmyAk&caps=asr&opi=112496729&xoaf=5&xospf=1&hl=en&ip=0.0.0.0&ipbits=0&expire=1753472960&sparams=ip%2Cipbits%2Cexpire%2Cv%2Cei%2Ccaps%2Copi%2Cxoaf&signature=BF6AAB3D4430CACE152B9187312DC84373EE659D.A4720C5E9D32CB844611A6CC9D701A6F66CF4CEC&key=yt8&kind=asr&lang=en&variant=punctuated&tlang=hy&fmt=srt", "name": "Armenian", "impersonate": true, "__yt_dlp_client": "tv"}, {"ext": "vtt", "url": "https://www.youtube.com/api/timedtext?v=gqAmIg0fcts&ei=T32DaNr0O9zXsfIP_qmmyAk&caps=asr&opi=112496729&xoaf=5&xospf=1&hl=en&ip=0.0.0.0&ipbits=0&expire=1753472960&sparams=ip%2Cipbits%2Cexpire%2Cv%2Cei%2Ccaps%2Copi%2Cxoaf&signature=BF6AAB3D4430CACE152B9187312DC84373EE659D.A4720C5E9D32CB844611A6CC9D701A6F66CF4CEC&key=yt8&kind=asr&lang=en&variant=punctuated&tlang=hy&fmt=vtt", "name": "Armenian", "impersonate": true, "__yt_dlp_client": "tv"}], "as": [{"ext": "json3", "url": "https://www.youtube.com/api/timedtext?v=gqAmIg0fcts&ei=T32DaNr0O9zXsfIP_qmmyAk&caps=asr&opi=112496729&xoaf=5&xospf=1&hl=en&ip=0.0.0.0&ipbits=0&expire=1753472960&sparams=ip%2Cipbits%2Cexpire%2Cv%2Cei%2Ccaps%2Copi%2Cxoaf&signature=BF6AAB3D4430CACE152B9187312DC84373EE659D.A4720C5E9D32CB844611A6CC9D701A6F66CF4CEC&key=yt8&kind=asr&lang=en&variant=punctuated&tlang=as&fmt=json3", "name": "Assamese", "impersonate": true, "__yt_dlp_client": "tv"}, {"ext": "srv1", "url": "https://www.youtube.com/api/timedtext?v=gqAmIg0fcts&ei=T32DaNr0O9zXsfIP_qmmyAk&caps=asr&opi=112496729&xoaf=5&xospf=1&hl=en&ip=0.0.0.0&ipbits=0&expire=1753472960&sparams=ip%2Cipbits%2Cexpire%2Cv%2Cei%2Ccaps%2Copi%2Cxoaf&signature=BF6AAB3D4430CACE152B9187312DC84373EE659D.A4720C5E9D32CB844611A6CC9D701A6F66CF4CEC&key=yt8&kind=asr&lang=en&variant=punctuated&tlang=as&fmt=srv1", "name": "Assamese", "impersonate": true, "__yt_dlp_client": "tv"}, {"ext": "srv2", "url": "https://www.youtube.com/api/timedtext?v=gqAmIg0fcts&ei=T32DaNr0O9zXsfIP_qmmyAk&caps=asr&opi=112496729&xoaf=5&xospf=1&hl=en&ip=0.0.0.0&ipbits=0&expire=1753472960&sparams=ip%2Cipbits%2Cexpire%2Cv%2Cei%2Ccaps%2Copi%2Cxoaf&signature=BF6AAB3D4430CACE152B9187312DC84373EE659D.A4720C5E9D32CB844611A6CC9D701A6F66CF4CEC&key=yt8&kind=asr&lang=en&variant=punctuated&tlang=as&fmt=srv2", "name": "Assamese", "impersonate": true, "__yt_dlp_client": "tv"}, {"ext": "srv3", "url": "https://www.youtube.com/api/timedtext?v=gqAmIg0fcts&ei=T32DaNr0O9zXsfIP_qmmyAk&caps=asr&opi=112496729&xoaf=5&xospf=1&hl=en&ip=0.0.0.0&ipbits=0&expire=1753472960&sparams=ip%2Cipbits%2Cexpire%2Cv%2Cei%2Ccaps%2Copi%2Cxoaf&signature=BF6AAB3D4430CACE152B9187312DC84373EE659D.A4720C5E9D32CB844611A6CC9D701A6F66CF4CEC&key=yt8&kind=asr&lang=en&variant=punctuated&tlang=as&fmt=srv3", "name": "Assamese", "impersonate": true, "__yt_dlp_client": "tv"}, {"ext": "ttml", "url": "https://www.youtube.com/api/timedtext?v=gqAmIg0fcts&ei=T32DaNr0O9zXsfIP_qmmyAk&caps=asr&opi=112496729&xoaf=5&xospf=1&hl=en&ip=0.0.0.0&ipbits=0&expire=1753472960&sparams=ip%2Cipbits%2Cexpire%2Cv%2Cei%2Ccaps%2Copi%2Cxoaf&signature=BF6AAB3D4430CACE152B9187312DC84373EE659D.A4720C5E9D32CB844611A6CC9D701A6F66CF4CEC&key=yt8&kind=asr&lang=en&variant=punctuated&tlang=as&fmt=ttml", "name": "Assamese", "impersonate": true, "__yt_dlp_client": "tv"}, {"ext": "srt", "url": "https://www.youtube.com/api/timedtext?v=gqAmIg0fcts&ei=T32DaNr0O9zXsfIP_qmmyAk&caps=asr&opi=112496729&xoaf=5&xospf=1&hl=en&ip=0.0.0.0&ipbits=0&expire=1753472960&sparams=ip%2Cipbits%2Cexpire%2Cv%2Cei%2Ccaps%2Copi%2Cxoaf&signature=BF6AAB3D4430CACE152B9187312DC84373EE659D.A4720C5E9D32CB844611A6CC9D701A6F66CF4CEC&key=yt8&kind=asr&lang=en&variant=punctuated&tlang=as&fmt=srt", "name": "Assamese", "impersonate": true, "__yt_dlp_client": "tv"}, {"ext": "vtt", "url": "https://www.youtube.com/api/timedtext?v=gqAmIg0fcts&ei=T32DaNr0O9zXsfIP_qmmyAk&caps=asr&opi=112496729&xoaf=5&xospf=1&hl=en&ip=0.0.0.0&ipbits=0&expire=1753472960&sparams=ip%2Cipbits%2Cexpire%2Cv%2Cei%2Ccaps%2Copi%2Cxoaf&signature=BF6AAB3D4430CACE152B9187312DC84373EE659D.A4720C5E9D32CB844611A6CC9D701A6F66CF4CEC&key=yt8&kind=asr&lang=en&variant=punctuated&tlang=as&fmt=vtt", "name": "Assamese", "impersonate": true, "__yt_dlp_client": "tv"}], "ay": [{"ext": "json3", "url": "https://www.youtube.com/api/timedtext?v=gqAmIg0fcts&ei=T32DaNr0O9zXsfIP_qmmyAk&caps=asr&opi=112496729&xoaf=5&xospf=1&hl=en&ip=0.0.0.0&ipbits=0&expire=1753472960&sparams=ip%2Cipbits%2Cexpire%2Cv%2Cei%2Ccaps%2Copi%2Cxoaf&signature=BF6AAB3D4430CACE152B9187312DC84373EE659D.A4720C5E9D32CB844611A6CC9D701A6F66CF4CEC&key=yt8&kind=asr&lang=en&variant=punctuated&tlang=ay&fmt=json3", "name": "Aymara", "impersonate": true, "__yt_dlp_client": "tv"}, {"ext": "srv1", "url": "https://www.youtube.com/api/timedtext?v=gqAmIg0fcts&ei=T32DaNr0O9zXsfIP_qmmyAk&caps=asr&opi=112496729&xoaf=5&xospf=1&hl=en&ip=0.0.0.0&ipbits=0&expire=1753472960&sparams=ip%2Cipbits%2Cexpire%2Cv%2Cei%2Ccaps%2Copi%2Cxoaf&signature=BF6AAB3D4430CACE152B9187312DC84373EE659D.A4720C5E9D32CB844611A6CC9D701A6F66CF4CEC&key=yt8&kind=asr&lang=en&variant=punctuated&tlang=ay&fmt=srv1", "name": "Aymara", "impersonate": true, "__yt_dlp_client": "tv"}, {"ext": "srv2", "url": "https://www.youtube.com/api/timedtext?v=gqAmIg0fcts&ei=T32DaNr0O9zXsfIP_qmmyAk&caps=asr&opi=112496729&xoaf=5&xospf=1&hl=en&ip=0.0.0.0&ipbits=0&expire=1753472960&sparams=ip%2Cipbits%2Cexpire%2Cv%2Cei%2Ccaps%2Copi%2Cxoaf&signature=BF6AAB3D4430CACE152B9187312DC84373EE659D.A4720C5E9D32CB844611A6CC9D701A6F66CF4CEC&key=yt8&kind=asr&lang=en&variant=punctuated&tlang=ay&fmt=srv2", "name": "Aymara", "impersonate": true, "__yt_dlp_client": "tv"}, {"ext": "srv3", "url": "https://www.youtube.com/api/timedtext?v=gqAmIg0fcts&ei=T32DaNr0O9zXsfIP_qmmyAk&caps=asr&opi=112496729&xoaf=5&xospf=1&hl=en&ip=0.0.0.0&ipbits=0&expire=1753472960&sparams=ip%2Cipbits%2Cexpire%2Cv%2Cei%2Ccaps%2Copi%2Cxoaf&signature=BF6AAB3D4430CACE152B9187312DC84373EE659D.A4720C5E9D32CB844611A6CC9D701A6F66CF4CEC&key=yt8&kind=asr&lang=en&variant=punctuated&tlang=ay&fmt=srv3", "name": "Aymara", "impersonate": true, "__yt_dlp_client": "tv"}, {"ext": "ttml", "url": "https://www.youtube.com/api/timedtext?v=gqAmIg0fcts&ei=T32DaNr0O9zXsfIP_qmmyAk&caps=asr&opi=112496729&xoaf=5&xospf=1&hl=en&ip=0.0.0.0&ipbits=0&expire=1753472960&sparams=ip%2Cipbits%2Cexpire%2Cv%2Cei%2Ccaps%2Copi%2Cxoaf&signature=BF6AAB3D4430CACE152B9187312DC84373EE659D.A4720C5E9D32CB844611A6CC9D701A6F66CF4CEC&key=yt8&kind=asr&lang=en&variant=punctuated&tlang=ay&fmt=ttml", "name": "Aymara", "impersonate": true, "__yt_dlp_client": "tv"}, {"ext": "srt", "url": "https://www.youtube.com/api/timedtext?v=gqAmIg0fcts&ei=T32DaNr0O9zXsfIP_qmmyAk&caps=asr&opi=112496729&xoaf=5&xospf=1&hl=en&ip=0.0.0.0&ipbits=0&expire=1753472960&sparams=ip%2Cipbits%2Cexpire%2Cv%2Cei%2Ccaps%2Copi%2Cxoaf&signature=BF6AAB3D4430CACE152B9187312DC84373EE659D.A4720C5E9D32CB844611A6CC9D701A6F66CF4CEC&key=yt8&kind=asr&lang=en&variant=punctuated&tlang=ay&fmt=srt", "name": "Aymara", "impersonate": true, "__yt_dlp_client": "tv"}, {"ext": "vtt", "url": "https://www.youtube.com/api/timedtext?v=gqAmIg0fcts&ei=T32DaNr0O9zXsfIP_qmmyAk&caps=asr&opi=112496729&xoaf=5&xospf=1&hl=en&ip=0.0.0.0&ipbits=0&expire=1753472960&sparams=ip%2Cipbits%2Cexpire%2Cv%2Cei%2Ccaps%2Copi%2Cxoaf&signature=BF6AAB3D4430CACE152B9187312DC84373EE659D.A4720C5E9D32CB844611A6CC9D701A6F66CF4CEC&key=yt8&kind=asr&lang=en&variant=punctuated&tlang=ay&fmt=vtt", "name": "Aymara", "impersonate": true, "__yt_dlp_client": "tv"}], "az": [{"ext": "json3", "url": "https://www.youtube.com/api/timedtext?v=gqAmIg0fcts&ei=T32DaNr0O9zXsfIP_qmmyAk&caps=asr&opi=112496729&xoaf=5&xospf=1&hl=en&ip=0.0.0.0&ipbits=0&expire=1753472960&sparams=ip%2Cipbits%2Cexpire%2Cv%2Cei%2Ccaps%2Copi%2Cxoaf&signature=BF6AAB3D4430CACE152B9187312DC84373EE659D.A4720C5E9D32CB844611A6CC9D701A6F66CF4CEC&key=yt8&kind=asr&lang=en&variant=punctuated&tlang=az&fmt=json3", "name": "Azerbaijani", "impersonate": true, "__yt_dlp_client": "tv"}, {"ext": "srv1", "url": "https://www.youtube.com/api/timedtext?v=gqAmIg0fcts&ei=T32DaNr0O9zXsfIP_qmmyAk&caps=asr&opi=112496729&xoaf=5&xospf=1&hl=en&ip=0.0.0.0&ipbits=0&expire=1753472960&sparams=ip%2Cipbits%2Cexpire%2Cv%2Cei%2Ccaps%2Copi%2Cxoaf&signature=BF6AAB3D4430CACE152B9187312DC84373EE659D.A4720C5E9D32CB844611A6CC9D701A6F66CF4CEC&key=yt8&kind=asr&lang=en&variant=punctuated&tlang=az&fmt=srv1", "name": "Azerbaijani", "impersonate": true, "__yt_dlp_client": "tv"}, {"ext": "srv2", "url": "https://www.youtube.com/api/timedtext?v=gqAmIg0fcts&ei=T32DaNr0O9zXsfIP_qmmyAk&caps=asr&opi=112496729&xoaf=5&xospf=1&hl=en&ip=0.0.0.0&ipbits=0&expire=1753472960&sparams=ip%2Cipbits%2Cexpire%2Cv%2Cei%2Ccaps%2Copi%2Cxoaf&signature=BF6AAB3D4430CACE152B9187312DC84373EE659D.A4720C5E9D32CB844611A6CC9D701A6F66CF4CEC&key=yt8&kind=asr&lang=en&variant=punctuated&tlang=az&fmt=srv2", "name": "Azerbaijani", "impersonate": true, "__yt_dlp_client": "tv"}, {"ext": "srv3", "url": "https://www.youtube.com/api/timedtext?v=gqAmIg0fcts&ei=T32DaNr0O9zXsfIP_qmmyAk&caps=asr&opi=112496729&xoaf=5&xospf=1&hl=en&ip=0.0.0.0&ipbits=0&expire=1753472960&sparams=ip%2Cipbits%2Cexpire%2Cv%2Cei%2Ccaps%2Copi%2Cxoaf&signature=BF6AAB3D4430CACE152B9187312DC84373EE659D.A4720C5E9D32CB844611A6CC9D701A6F66CF4CEC&key=yt8&kind=asr&lang=en&variant=punctuated&tlang=az&fmt=srv3", "name": "Azerbaijani", "impersonate": true, "__yt_dlp_client": "tv"}, {"ext": "ttml", "url": "https://www.youtube.com/api/timedtext?v=gqAmIg0fcts&ei=T32DaNr0O9zXsfIP_qmmyAk&caps=asr&opi=112496729&xoaf=5&xospf=1&hl=en&ip=0.0.0.0&ipbits=0&expire=1753472960&sparams=ip%2Cipbits%2Cexpire%2Cv%2Cei%2Ccaps%2Copi%2Cxoaf&signature=BF6AAB3D4430CACE152B9187312DC84373EE659D.A4720C5E9D32CB844611A6CC9D701A6F66CF4CEC&key=yt8&kind=asr&lang=en&variant=punctuated&tlang=az&fmt=ttml", "name": "Azerbaijani", "impersonate": true, "__yt_dlp_client": "tv"}, {"ext": "srt", "url": "https://www.youtube.com/api/timedtext?v=gqAmIg0fcts&ei=T32DaNr0O9zXsfIP_qmmyAk&caps=asr&opi=112496729&xoaf=5&xospf=1&hl=en&ip=0.0.0.0&ipbits=0&expire=1753472960&sparams=ip%2Cipbits%2Cexpire%2Cv%2Cei%2Ccaps%2Copi%2Cxoaf&signature=BF6AAB3D4430CACE152B9187312DC84373EE659D.A4720C5E9D32CB844611A6CC9D701A6F66CF4CEC&key=yt8&kind=asr&lang=en&variant=punctuated&tlang=az&fmt=srt", "name": "Azerbaijani", "impersonate": true, "__yt_dlp_client": "tv"}, {"ext": "vtt", "url": "https://www.youtube.com/api/timedtext?v=gqAmIg0fcts&ei=T32DaNr0O9zXsfIP_qmmyAk&caps=asr&opi=112496729&xoaf=5&xospf=1&hl=en&ip=0.0.0.0&ipbits=0&expire=1753472960&sparams=ip%2Cipbits%2Cexpire%2Cv%2Cei%2Ccaps%2Copi%2Cxoaf&signature=BF6AAB3D4430CACE152B9187312DC84373EE659D.A4720C5E9D32CB844611A6CC9D701A6F66CF4CEC&key=yt8&kind=asr&lang=en&variant=punctuated&tlang=az&fmt=vtt", "name": "Azerbaijani", "impersonate": true, "__yt_dlp_client": "tv"}], "bn": [{"ext": "json3", "url": "https://www.youtube.com/api/timedtext?v=gqAmIg0fcts&ei=T32DaNr0O9zXsfIP_qmmyAk&caps=asr&opi=112496729&xoaf=5&xospf=1&hl=en&ip=0.0.0.0&ipbits=0&expire=1753472960&sparams=ip%2Cipbits%2Cexpire%2Cv%2Cei%2Ccaps%2Copi%2Cxoaf&signature=BF6AAB3D4430CACE152B9187312DC84373EE659D.A4720C5E9D32CB844611A6CC9D701A6F66CF4CEC&key=yt8&kind=asr&lang=en&variant=punctuated&tlang=bn&fmt=json3", "name": "Bangla", "impersonate": true, "__yt_dlp_client": "tv"}, {"ext": "srv1", "url": "https://www.youtube.com/api/timedtext?v=gqAmIg0fcts&ei=T32DaNr0O9zXsfIP_qmmyAk&caps=asr&opi=112496729&xoaf=5&xospf=1&hl=en&ip=0.0.0.0&ipbits=0&expire=1753472960&sparams=ip%2Cipbits%2Cexpire%2Cv%2Cei%2Ccaps%2Copi%2Cxoaf&signature=BF6AAB3D4430CACE152B9187312DC84373EE659D.A4720C5E9D32CB844611A6CC9D701A6F66CF4CEC&key=yt8&kind=asr&lang=en&variant=punctuated&tlang=bn&fmt=srv1", "name": "Bangla", "impersonate": true, "__yt_dlp_client": "tv"}, {"ext": "srv2", "url": "https://www.youtube.com/api/timedtext?v=gqAmIg0fcts&ei=T32DaNr0O9zXsfIP_qmmyAk&caps=asr&opi=112496729&xoaf=5&xospf=1&hl=en&ip=0.0.0.0&ipbits=0&expire=1753472960&sparams=ip%2Cipbits%2Cexpire%2Cv%2Cei%2Ccaps%2Copi%2Cxoaf&signature=BF6AAB3D4430CACE152B9187312DC84373EE659D.A4720C5E9D32CB844611A6CC9D701A6F66CF4CEC&key=yt8&kind=asr&lang=en&variant=punctuated&tlang=bn&fmt=srv2", "name": "Bangla", "impersonate": true, "__yt_dlp_client": "tv"}, {"ext": "srv3", "url": "https://www.youtube.com/api/timedtext?v=gqAmIg0fcts&ei=T32DaNr0O9zXsfIP_qmmyAk&caps=asr&opi=112496729&xoaf=5&xospf=1&hl=en&ip=0.0.0.0&ipbits=0&expire=1753472960&sparams=ip%2Cipbits%2Cexpire%2Cv%2Cei%2Ccaps%2Copi%2Cxoaf&signature=BF6AAB3D4430CACE152B9187312DC84373EE659D.A4720C5E9D32CB844611A6CC9D701A6F66CF4CEC&key=yt8&kind=asr&lang=en&variant=punctuated&tlang=bn&fmt=srv3", "name": "Bangla", "impersonate": true, "__yt_dlp_client": "tv"}, {"ext": "ttml", "url": "https://www.youtube.com/api/timedtext?v=gqAmIg0fcts&ei=T32DaNr0O9zXsfIP_qmmyAk&caps=asr&opi=112496729&xoaf=5&xospf=1&hl=en&ip=0.0.0.0&ipbits=0&expire=1753472960&sparams=ip%2Cipbits%2Cexpire%2Cv%2Cei%2Ccaps%2Copi%2Cxoaf&signature=BF6AAB3D4430CACE152B9187312DC84373EE659D.A4720C5E9D32CB844611A6CC9D701A6F66CF4CEC&key=yt8&kind=asr&lang=en&variant=punctuated&tlang=bn&fmt=ttml", "name": "Bangla", "impersonate": true, "__yt_dlp_client": "tv"}, {"ext": "srt", "url": "https://www.youtube.com/api/timedtext?v=gqAmIg0fcts&ei=T32DaNr0O9zXsfIP_qmmyAk&caps=asr&opi=112496729&xoaf=5&xospf=1&hl=en&ip=0.0.0.0&ipbits=0&expire=1753472960&sparams=ip%2Cipbits%2Cexpire%2Cv%2Cei%2Ccaps%2Copi%2Cxoaf&signature=BF6AAB3D4430CACE152B9187312DC84373EE659D.A4720C5E9D32CB844611A6CC9D701A6F66CF4CEC&key=yt8&kind=asr&lang=en&variant=punctuated&tlang=bn&fmt=srt", "name": "Bangla", "impersonate": true, "__yt_dlp_client": "tv"}, {"ext": "vtt", "url": "https://www.youtube.com/api/timedtext?v=gqAmIg0fcts&ei=T32DaNr0O9zXsfIP_qmmyAk&caps=asr&opi=112496729&xoaf=5&xospf=1&hl=en&ip=0.0.0.0&ipbits=0&expire=1753472960&sparams=ip%2Cipbits%2Cexpire%2Cv%2Cei%2Ccaps%2Copi%2Cxoaf&signature=BF6AAB3D4430CACE152B9187312DC84373EE659D.A4720C5E9D32CB844611A6CC9D701A6F66CF4CEC&key=yt8&kind=asr&lang=en&variant=punctuated&tlang=bn&fmt=vtt", "name": "Bangla", "impersonate": true, "__yt_dlp_client": "tv"}], "ba": [{"ext": "json3", "url": "https://www.youtube.com/api/timedtext?v=gqAmIg0fcts&ei=T32DaNr0O9zXsfIP_qmmyAk&caps=asr&opi=112496729&xoaf=5&xospf=1&hl=en&ip=0.0.0.0&ipbits=0&expire=1753472960&sparams=ip%2Cipbits%2Cexpire%2Cv%2Cei%2Ccaps%2Copi%2Cxoaf&signature=BF6AAB3D4430CACE152B9187312DC84373EE659D.A4720C5E9D32CB844611A6CC9D701A6F66CF4CEC&key=yt8&kind=asr&lang=en&variant=punctuated&tlang=ba&fmt=json3", "name": "Bashkir", "impersonate": true, "__yt_dlp_client": "tv"}, {"ext": "srv1", "url": "https://www.youtube.com/api/timedtext?v=gqAmIg0fcts&ei=T32DaNr0O9zXsfIP_qmmyAk&caps=asr&opi=112496729&xoaf=5&xospf=1&hl=en&ip=0.0.0.0&ipbits=0&expire=1753472960&sparams=ip%2Cipbits%2Cexpire%2Cv%2Cei%2Ccaps%2Copi%2Cxoaf&signature=BF6AAB3D4430CACE152B9187312DC84373EE659D.A4720C5E9D32CB844611A6CC9D701A6F66CF4CEC&key=yt8&kind=asr&lang=en&variant=punctuated&tlang=ba&fmt=srv1", "name": "Bashkir", "impersonate": true, "__yt_dlp_client": "tv"}, {"ext": "srv2", "url": "https://www.youtube.com/api/timedtext?v=gqAmIg0fcts&ei=T32DaNr0O9zXsfIP_qmmyAk&caps=asr&opi=112496729&xoaf=5&xospf=1&hl=en&ip=0.0.0.0&ipbits=0&expire=1753472960&sparams=ip%2Cipbits%2Cexpire%2Cv%2Cei%2Ccaps%2Copi%2Cxoaf&signature=BF6AAB3D4430CACE152B9187312DC84373EE659D.A4720C5E9D32CB844611A6CC9D701A6F66CF4CEC&key=yt8&kind=asr&lang=en&variant=punctuated&tlang=ba&fmt=srv2", "name": "Bashkir", "impersonate": true, "__yt_dlp_client": "tv"}, {"ext": "srv3", "url": "https://www.youtube.com/api/timedtext?v=gqAmIg0fcts&ei=T32DaNr0O9zXsfIP_qmmyAk&caps=asr&opi=112496729&xoaf=5&xospf=1&hl=en&ip=0.0.0.0&ipbits=0&expire=1753472960&sparams=ip%2Cipbits%2Cexpire%2Cv%2Cei%2Ccaps%2Copi%2Cxoaf&signature=BF6AAB3D4430CACE152B9187312DC84373EE659D.A4720C5E9D32CB844611A6CC9D701A6F66CF4CEC&key=yt8&kind=asr&lang=en&variant=punctuated&tlang=ba&fmt=srv3", "name": "Bashkir", "impersonate": true, "__yt_dlp_client": "tv"}, {"ext": "ttml", "url": "https://www.youtube.com/api/timedtext?v=gqAmIg0fcts&ei=T32DaNr0O9zXsfIP_qmmyAk&caps=asr&opi=112496729&xoaf=5&xospf=1&hl=en&ip=0.0.0.0&ipbits=0&expire=1753472960&sparams=ip%2Cipbits%2Cexpire%2Cv%2Cei%2Ccaps%2Copi%2Cxoaf&signature=BF6AAB3D4430CACE152B9187312DC84373EE659D.A4720C5E9D32CB844611A6CC9D701A6F66CF4CEC&key=yt8&kind=asr&lang=en&variant=punctuated&tlang=ba&fmt=ttml", "name": "Bashkir", "impersonate": true, "__yt_dlp_client": "tv"}, {"ext": "srt", "url": "https://www.youtube.com/api/timedtext?v=gqAmIg0fcts&ei=T32DaNr0O9zXsfIP_qmmyAk&caps=asr&opi=112496729&xoaf=5&xospf=1&hl=en&ip=0.0.0.0&ipbits=0&expire=1753472960&sparams=ip%2Cipbits%2Cexpire%2Cv%2Cei%2Ccaps%2Copi%2Cxoaf&signature=BF6AAB3D4430CACE152B9187312DC84373EE659D.A4720C5E9D32CB844611A6CC9D701A6F66CF4CEC&key=yt8&kind=asr&lang=en&variant=punctuated&tlang=ba&fmt=srt", "name": "Bashkir", "impersonate": true, "__yt_dlp_client": "tv"}, {"ext": "vtt", "url": "https://www.youtube.com/api/timedtext?v=gqAmIg0fcts&ei=T32DaNr0O9zXsfIP_qmmyAk&caps=asr&opi=112496729&xoaf=5&xospf=1&hl=en&ip=0.0.0.0&ipbits=0&expire=1753472960&sparams=ip%2Cipbits%2Cexpire%2Cv%2Cei%2Ccaps%2Copi%2Cxoaf&signature=BF6AAB3D4430CACE152B9187312DC84373EE659D.A4720C5E9D32CB844611A6CC9D701A6F66CF4CEC&key=yt8&kind=asr&lang=en&variant=punctuated&tlang=ba&fmt=vtt", "name": "Bashkir", "impersonate": true, "__yt_dlp_client": "tv"}], "eu": [{"ext": "json3", "url": "https://www.youtube.com/api/timedtext?v=gqAmIg0fcts&ei=T32DaNr0O9zXsfIP_qmmyAk&caps=asr&opi=112496729&xoaf=5&xospf=1&hl=en&ip=0.0.0.0&ipbits=0&expire=1753472960&sparams=ip%2Cipbits%2Cexpire%2Cv%2Cei%2Ccaps%2Copi%2Cxoaf&signature=BF6AAB3D4430CACE152B9187312DC84373EE659D.A4720C5E9D32CB844611A6CC9D701A6F66CF4CEC&key=yt8&kind=asr&lang=en&variant=punctuated&tlang=eu&fmt=json3", "name": "Basque", "impersonate": true, "__yt_dlp_client": "tv"}, {"ext": "srv1", "url": "https://www.youtube.com/api/timedtext?v=gqAmIg0fcts&ei=T32DaNr0O9zXsfIP_qmmyAk&caps=asr&opi=112496729&xoaf=5&xospf=1&hl=en&ip=0.0.0.0&ipbits=0&expire=1753472960&sparams=ip%2Cipbits%2Cexpire%2Cv%2Cei%2Ccaps%2Copi%2Cxoaf&signature=BF6AAB3D4430CACE152B9187312DC84373EE659D.A4720C5E9D32CB844611A6CC9D701A6F66CF4CEC&key=yt8&kind=asr&lang=en&variant=punctuated&tlang=eu&fmt=srv1", "name": "Basque", "impersonate": true, "__yt_dlp_client": "tv"}, {"ext": "srv2", "url": "https://www.youtube.com/api/timedtext?v=gqAmIg0fcts&ei=T32DaNr0O9zXsfIP_qmmyAk&caps=asr&opi=112496729&xoaf=5&xospf=1&hl=en&ip=0.0.0.0&ipbits=0&expire=1753472960&sparams=ip%2Cipbits%2Cexpire%2Cv%2Cei%2Ccaps%2Copi%2Cxoaf&signature=BF6AAB3D4430CACE152B9187312DC84373EE659D.A4720C5E9D32CB844611A6CC9D701A6F66CF4CEC&key=yt8&kind=asr&lang=en&variant=punctuated&tlang=eu&fmt=srv2", "name": "Basque", "impersonate": true, "__yt_dlp_client": "tv"}, {"ext": "srv3", "url": "https://www.youtube.com/api/timedtext?v=gqAmIg0fcts&ei=T32DaNr0O9zXsfIP_qmmyAk&caps=asr&opi=112496729&xoaf=5&xospf=1&hl=en&ip=0.0.0.0&ipbits=0&expire=1753472960&sparams=ip%2Cipbits%2Cexpire%2Cv%2Cei%2Ccaps%2Copi%2Cxoaf&signature=BF6AAB3D4430CACE152B9187312DC84373EE659D.A4720C5E9D32CB844611A6CC9D701A6F66CF4CEC&key=yt8&kind=asr&lang=en&variant=punctuated&tlang=eu&fmt=srv3", "name": "Basque", "impersonate": true, "__yt_dlp_client": "tv"}, {"ext": "ttml", "url": "https://www.youtube.com/api/timedtext?v=gqAmIg0fcts&ei=T32DaNr0O9zXsfIP_qmmyAk&caps=asr&opi=112496729&xoaf=5&xospf=1&hl=en&ip=0.0.0.0&ipbits=0&expire=1753472960&sparams=ip%2Cipbits%2Cexpire%2Cv%2Cei%2Ccaps%2Copi%2Cxoaf&signature=BF6AAB3D4430CACE152B9187312DC84373EE659D.A4720C5E9D32CB844611A6CC9D701A6F66CF4CEC&key=yt8&kind=asr&lang=en&variant=punctuated&tlang=eu&fmt=ttml", "name": "Basque", "impersonate": true, "__yt_dlp_client": "tv"}, {"ext": "srt", "url": "https://www.youtube.com/api/timedtext?v=gqAmIg0fcts&ei=T32DaNr0O9zXsfIP_qmmyAk&caps=asr&opi=112496729&xoaf=5&xospf=1&hl=en&ip=0.0.0.0&ipbits=0&expire=1753472960&sparams=ip%2Cipbits%2Cexpire%2Cv%2Cei%2Ccaps%2Copi%2Cxoaf&signature=BF6AAB3D4430CACE152B9187312DC84373EE659D.A4720C5E9D32CB844611A6CC9D701A6F66CF4CEC&key=yt8&kind=asr&lang=en&variant=punctuated&tlang=eu&fmt=srt", "name": "Basque", "impersonate": true, "__yt_dlp_client": "tv"}, {"ext": "vtt", "url": "https://www.youtube.com/api/timedtext?v=gqAmIg0fcts&ei=T32DaNr0O9zXsfIP_qmmyAk&caps=asr&opi=112496729&xoaf=5&xospf=1&hl=en&ip=0.0.0.0&ipbits=0&expire=1753472960&sparams=ip%2Cipbits%2Cexpire%2Cv%2Cei%2Ccaps%2Copi%2Cxoaf&signature=BF6AAB3D4430CACE152B9187312DC84373EE659D.A4720C5E9D32CB844611A6CC9D701A6F66CF4CEC&key=yt8&kind=asr&lang=en&variant=punctuated&tlang=eu&fmt=vtt", "name": "Basque", "impersonate": true, "__yt_dlp_client": "tv"}], "be": [{"ext": "json3", "url": "https://www.youtube.com/api/timedtext?v=gqAmIg0fcts&ei=T32DaNr0O9zXsfIP_qmmyAk&caps=asr&opi=112496729&xoaf=5&xospf=1&hl=en&ip=0.0.0.0&ipbits=0&expire=1753472960&sparams=ip%2Cipbits%2Cexpire%2Cv%2Cei%2Ccaps%2Copi%2Cxoaf&signature=BF6AAB3D4430CACE152B9187312DC84373EE659D.A4720C5E9D32CB844611A6CC9D701A6F66CF4CEC&key=yt8&kind=asr&lang=en&variant=punctuated&tlang=be&fmt=json3", "name": "Belarusian", "impersonate": true, "__yt_dlp_client": "tv"}, {"ext": "srv1", "url": "https://www.youtube.com/api/timedtext?v=gqAmIg0fcts&ei=T32DaNr0O9zXsfIP_qmmyAk&caps=asr&opi=112496729&xoaf=5&xospf=1&hl=en&ip=0.0.0.0&ipbits=0&expire=1753472960&sparams=ip%2Cipbits%2Cexpire%2Cv%2Cei%2Ccaps%2Copi%2Cxoaf&signature=BF6AAB3D4430CACE152B9187312DC84373EE659D.A4720C5E9D32CB844611A6CC9D701A6F66CF4CEC&key=yt8&kind=asr&lang=en&variant=punctuated&tlang=be&fmt=srv1", "name": "Belarusian", "impersonate": true, "__yt_dlp_client": "tv"}, {"ext": "srv2", "url": "https://www.youtube.com/api/timedtext?v=gqAmIg0fcts&ei=T32DaNr0O9zXsfIP_qmmyAk&caps=asr&opi=112496729&xoaf=5&xospf=1&hl=en&ip=0.0.0.0&ipbits=0&expire=1753472960&sparams=ip%2Cipbits%2Cexpire%2Cv%2Cei%2Ccaps%2Copi%2Cxoaf&signature=BF6AAB3D4430CACE152B9187312DC84373EE659D.A4720C5E9D32CB844611A6CC9D701A6F66CF4CEC&key=yt8&kind=asr&lang=en&variant=punctuated&tlang=be&fmt=srv2", "name": "Belarusian", "impersonate": true, "__yt_dlp_client": "tv"}, {"ext": "srv3", "url": "https://www.youtube.com/api/timedtext?v=gqAmIg0fcts&ei=T32DaNr0O9zXsfIP_qmmyAk&caps=asr&opi=112496729&xoaf=5&xospf=1&hl=en&ip=0.0.0.0&ipbits=0&expire=1753472960&sparams=ip%2Cipbits%2Cexpire%2Cv%2Cei%2Ccaps%2Copi%2Cxoaf&signature=BF6AAB3D4430CACE152B9187312DC84373EE659D.A4720C5E9D32CB844611A6CC9D701A6F66CF4CEC&key=yt8&kind=asr&lang=en&variant=punctuated&tlang=be&fmt=srv3", "name": "Belarusian", "impersonate": true, "__yt_dlp_client": "tv"}, {"ext": "ttml", "url": "https://www.youtube.com/api/timedtext?v=gqAmIg0fcts&ei=T32DaNr0O9zXsfIP_qmmyAk&caps=asr&opi=112496729&xoaf=5&xospf=1&hl=en&ip=0.0.0.0&ipbits=0&expire=1753472960&sparams=ip%2Cipbits%2Cexpire%2Cv%2Cei%2Ccaps%2Copi%2Cxoaf&signature=BF6AAB3D4430CACE152B9187312DC84373EE659D.A4720C5E9D32CB844611A6CC9D701A6F66CF4CEC&key=yt8&kind=asr&lang=en&variant=punctuated&tlang=be&fmt=ttml", "name": "Belarusian", "impersonate": true, "__yt_dlp_client": "tv"}, {"ext": "srt", "url": "https://www.youtube.com/api/timedtext?v=gqAmIg0fcts&ei=T32DaNr0O9zXsfIP_qmmyAk&caps=asr&opi=112496729&xoaf=5&xospf=1&hl=en&ip=0.0.0.0&ipbits=0&expire=1753472960&sparams=ip%2Cipbits%2Cexpire%2Cv%2Cei%2Ccaps%2Copi%2Cxoaf&signature=BF6AAB3D4430CACE152B9187312DC84373EE659D.A4720C5E9D32CB844611A6CC9D701A6F66CF4CEC&key=yt8&kind=asr&lang=en&variant=punctuated&tlang=be&fmt=srt", "name": "Belarusian", "impersonate": true, "__yt_dlp_client": "tv"}, {"ext": "vtt", "url": "https://www.youtube.com/api/timedtext?v=gqAmIg0fcts&ei=T32DaNr0O9zXsfIP_qmmyAk&caps=asr&opi=112496729&xoaf=5&xospf=1&hl=en&ip=0.0.0.0&ipbits=0&expire=1753472960&sparams=ip%2Cipbits%2Cexpire%2Cv%2Cei%2Ccaps%2Copi%2Cxoaf&signature=BF6AAB3D4430CACE152B9187312DC84373EE659D.A4720C5E9D32CB844611A6CC9D701A6F66CF4CEC&key=yt8&kind=asr&lang=en&variant=punctuated&tlang=be&fmt=vtt", "name": "Belarusian", "impersonate": true, "__yt_dlp_client": "tv"}], "bho": [{"ext": "json3", "url": "https://www.youtube.com/api/timedtext?v=gqAmIg0fcts&ei=T32DaNr0O9zXsfIP_qmmyAk&caps=asr&opi=112496729&xoaf=5&xospf=1&hl=en&ip=0.0.0.0&ipbits=0&expire=1753472960&sparams=ip%2Cipbits%2Cexpire%2Cv%2Cei%2Ccaps%2Copi%2Cxoaf&signature=BF6AAB3D4430CACE152B9187312DC84373EE659D.A4720C5E9D32CB844611A6CC9D701A6F66CF4CEC&key=yt8&kind=asr&lang=en&variant=punctuated&tlang=bho&fmt=json3", "name": "Bhojpuri", "impersonate": true, "__yt_dlp_client": "tv"}, {"ext": "srv1", "url": "https://www.youtube.com/api/timedtext?v=gqAmIg0fcts&ei=T32DaNr0O9zXsfIP_qmmyAk&caps=asr&opi=112496729&xoaf=5&xospf=1&hl=en&ip=0.0.0.0&ipbits=0&expire=1753472960&sparams=ip%2Cipbits%2Cexpire%2Cv%2Cei%2Ccaps%2Copi%2Cxoaf&signature=BF6AAB3D4430CACE152B9187312DC84373EE659D.A4720C5E9D32CB844611A6CC9D701A6F66CF4CEC&key=yt8&kind=asr&lang=en&variant=punctuated&tlang=bho&fmt=srv1", "name": "Bhojpuri", "impersonate": true, "__yt_dlp_client": "tv"}, {"ext": "srv2", "url": "https://www.youtube.com/api/timedtext?v=gqAmIg0fcts&ei=T32DaNr0O9zXsfIP_qmmyAk&caps=asr&opi=112496729&xoaf=5&xospf=1&hl=en&ip=0.0.0.0&ipbits=0&expire=1753472960&sparams=ip%2Cipbits%2Cexpire%2Cv%2Cei%2Ccaps%2Copi%2Cxoaf&signature=BF6AAB3D4430CACE152B9187312DC84373EE659D.A4720C5E9D32CB844611A6CC9D701A6F66CF4CEC&key=yt8&kind=asr&lang=en&variant=punctuated&tlang=bho&fmt=srv2", "name": "Bhojpuri", "impersonate": true, "__yt_dlp_client": "tv"}, {"ext": "srv3", "url": "https://www.youtube.com/api/timedtext?v=gqAmIg0fcts&ei=T32DaNr0O9zXsfIP_qmmyAk&caps=asr&opi=112496729&xoaf=5&xospf=1&hl=en&ip=0.0.0.0&ipbits=0&expire=1753472960&sparams=ip%2Cipbits%2Cexpire%2Cv%2Cei%2Ccaps%2Copi%2Cxoaf&signature=BF6AAB3D4430CACE152B9187312DC84373EE659D.A4720C5E9D32CB844611A6CC9D701A6F66CF4CEC&key=yt8&kind=asr&lang=en&variant=punctuated&tlang=bho&fmt=srv3", "name": "Bhojpuri", "impersonate": true, "__yt_dlp_client": "tv"}, {"ext": "ttml", "url": "https://www.youtube.com/api/timedtext?v=gqAmIg0fcts&ei=T32DaNr0O9zXsfIP_qmmyAk&caps=asr&opi=112496729&xoaf=5&xospf=1&hl=en&ip=0.0.0.0&ipbits=0&expire=1753472960&sparams=ip%2Cipbits%2Cexpire%2Cv%2Cei%2Ccaps%2Copi%2Cxoaf&signature=BF6AAB3D4430CACE152B9187312DC84373EE659D.A4720C5E9D32CB844611A6CC9D701A6F66CF4CEC&key=yt8&kind=asr&lang=en&variant=punctuated&tlang=bho&fmt=ttml", "name": "Bhojpuri", "impersonate": true, "__yt_dlp_client": "tv"}, {"ext": "srt", "url": "https://www.youtube.com/api/timedtext?v=gqAmIg0fcts&ei=T32DaNr0O9zXsfIP_qmmyAk&caps=asr&opi=112496729&xoaf=5&xospf=1&hl=en&ip=0.0.0.0&ipbits=0&expire=1753472960&sparams=ip%2Cipbits%2Cexpire%2Cv%2Cei%2Ccaps%2Copi%2Cxoaf&signature=BF6AAB3D4430CACE152B9187312DC84373EE659D.A4720C5E9D32CB844611A6CC9D701A6F66CF4CEC&key=yt8&kind=asr&lang=en&variant=punctuated&tlang=bho&fmt=srt", "name": "Bhojpuri", "impersonate": true, "__yt_dlp_client": "tv"}, {"ext": "vtt", "url": "https://www.youtube.com/api/timedtext?v=gqAmIg0fcts&ei=T32DaNr0O9zXsfIP_qmmyAk&caps=asr&opi=112496729&xoaf=5&xospf=1&hl=en&ip=0.0.0.0&ipbits=0&expire=1753472960&sparams=ip%2Cipbits%2Cexpire%2Cv%2Cei%2Ccaps%2Copi%2Cxoaf&signature=BF6AAB3D4430CACE152B9187312DC84373EE659D.A4720C5E9D32CB844611A6CC9D701A6F66CF4CEC&key=yt8&kind=asr&lang=en&variant=punctuated&tlang=bho&fmt=vtt", "name": "Bhojpuri", "impersonate": true, "__yt_dlp_client": "tv"}], "bs": [{"ext": "json3", "url": "https://www.youtube.com/api/timedtext?v=gqAmIg0fcts&ei=T32DaNr0O9zXsfIP_qmmyAk&caps=asr&opi=112496729&xoaf=5&xospf=1&hl=en&ip=0.0.0.0&ipbits=0&expire=1753472960&sparams=ip%2Cipbits%2Cexpire%2Cv%2Cei%2Ccaps%2Copi%2Cxoaf&signature=BF6AAB3D4430CACE152B9187312DC84373EE659D.A4720C5E9D32CB844611A6CC9D701A6F66CF4CEC&key=yt8&kind=asr&lang=en&variant=punctuated&tlang=bs&fmt=json3", "name": "Bosnian", "impersonate": true, "__yt_dlp_client": "tv"}, {"ext": "srv1", "url": "https://www.youtube.com/api/timedtext?v=gqAmIg0fcts&ei=T32DaNr0O9zXsfIP_qmmyAk&caps=asr&opi=112496729&xoaf=5&xospf=1&hl=en&ip=0.0.0.0&ipbits=0&expire=1753472960&sparams=ip%2Cipbits%2Cexpire%2Cv%2Cei%2Ccaps%2Copi%2Cxoaf&signature=BF6AAB3D4430CACE152B9187312DC84373EE659D.A4720C5E9D32CB844611A6CC9D701A6F66CF4CEC&key=yt8&kind=asr&lang=en&variant=punctuated&tlang=bs&fmt=srv1", "name": "Bosnian", "impersonate": true, "__yt_dlp_client": "tv"}, {"ext": "srv2", "url": "https://www.youtube.com/api/timedtext?v=gqAmIg0fcts&ei=T32DaNr0O9zXsfIP_qmmyAk&caps=asr&opi=112496729&xoaf=5&xospf=1&hl=en&ip=0.0.0.0&ipbits=0&expire=1753472960&sparams=ip%2Cipbits%2Cexpire%2Cv%2Cei%2Ccaps%2Copi%2Cxoaf&signature=BF6AAB3D4430CACE152B9187312DC84373EE659D.A4720C5E9D32CB844611A6CC9D701A6F66CF4CEC&key=yt8&kind=asr&lang=en&variant=punctuated&tlang=bs&fmt=srv2", "name": "Bosnian", "impersonate": true, "__yt_dlp_client": "tv"}, {"ext": "srv3", "url": "https://www.youtube.com/api/timedtext?v=gqAmIg0fcts&ei=T32DaNr0O9zXsfIP_qmmyAk&caps=asr&opi=112496729&xoaf=5&xospf=1&hl=en&ip=0.0.0.0&ipbits=0&expire=1753472960&sparams=ip%2Cipbits%2Cexpire%2Cv%2Cei%2Ccaps%2Copi%2Cxoaf&signature=BF6AAB3D4430CACE152B9187312DC84373EE659D.A4720C5E9D32CB844611A6CC9D701A6F66CF4CEC&key=yt8&kind=asr&lang=en&variant=punctuated&tlang=bs&fmt=srv3", "name": "Bosnian", "impersonate": true, "__yt_dlp_client": "tv"}, {"ext": "ttml", "url": "https://www.youtube.com/api/timedtext?v=gqAmIg0fcts&ei=T32DaNr0O9zXsfIP_qmmyAk&caps=asr&opi=112496729&xoaf=5&xospf=1&hl=en&ip=0.0.0.0&ipbits=0&expire=1753472960&sparams=ip%2Cipbits%2Cexpire%2Cv%2Cei%2Ccaps%2Copi%2Cxoaf&signature=BF6AAB3D4430CACE152B9187312DC84373EE659D.A4720C5E9D32CB844611A6CC9D701A6F66CF4CEC&key=yt8&kind=asr&lang=en&variant=punctuated&tlang=bs&fmt=ttml", "name": "Bosnian", "impersonate": true, "__yt_dlp_client": "tv"}, {"ext": "srt", "url": "https://www.youtube.com/api/timedtext?v=gqAmIg0fcts&ei=T32DaNr0O9zXsfIP_qmmyAk&caps=asr&opi=112496729&xoaf=5&xospf=1&hl=en&ip=0.0.0.0&ipbits=0&expire=1753472960&sparams=ip%2Cipbits%2Cexpire%2Cv%2Cei%2Ccaps%2Copi%2Cxoaf&signature=BF6AAB3D4430CACE152B9187312DC84373EE659D.A4720C5E9D32CB844611A6CC9D701A6F66CF4CEC&key=yt8&kind=asr&lang=en&variant=punctuated&tlang=bs&fmt=srt", "name": "Bosnian", "impersonate": true, "__yt_dlp_client": "tv"}, {"ext": "vtt", "url": "https://www.youtube.com/api/timedtext?v=gqAmIg0fcts&ei=T32DaNr0O9zXsfIP_qmmyAk&caps=asr&opi=112496729&xoaf=5&xospf=1&hl=en&ip=0.0.0.0&ipbits=0&expire=1753472960&sparams=ip%2Cipbits%2Cexpire%2Cv%2Cei%2Ccaps%2Copi%2Cxoaf&signature=BF6AAB3D4430CACE152B9187312DC84373EE659D.A4720C5E9D32CB844611A6CC9D701A6F66CF4CEC&key=yt8&kind=asr&lang=en&variant=punctuated&tlang=bs&fmt=vtt", "name": "Bosnian", "impersonate": true, "__yt_dlp_client": "tv"}], "br": [{"ext": "json3", "url": "https://www.youtube.com/api/timedtext?v=gqAmIg0fcts&ei=T32DaNr0O9zXsfIP_qmmyAk&caps=asr&opi=112496729&xoaf=5&xospf=1&hl=en&ip=0.0.0.0&ipbits=0&expire=1753472960&sparams=ip%2Cipbits%2Cexpire%2Cv%2Cei%2Ccaps%2Copi%2Cxoaf&signature=BF6AAB3D4430CACE152B9187312DC84373EE659D.A4720C5E9D32CB844611A6CC9D701A6F66CF4CEC&key=yt8&kind=asr&lang=en&variant=punctuated&tlang=br&fmt=json3", "name": "Breton", "impersonate": true, "__yt_dlp_client": "tv"}, {"ext": "srv1", "url": "https://www.youtube.com/api/timedtext?v=gqAmIg0fcts&ei=T32DaNr0O9zXsfIP_qmmyAk&caps=asr&opi=112496729&xoaf=5&xospf=1&hl=en&ip=0.0.0.0&ipbits=0&expire=1753472960&sparams=ip%2Cipbits%2Cexpire%2Cv%2Cei%2Ccaps%2Copi%2Cxoaf&signature=BF6AAB3D4430CACE152B9187312DC84373EE659D.A4720C5E9D32CB844611A6CC9D701A6F66CF4CEC&key=yt8&kind=asr&lang=en&variant=punctuated&tlang=br&fmt=srv1", "name": "Breton", "impersonate": true, "__yt_dlp_client": "tv"}, {"ext": "srv2", "url": "https://www.youtube.com/api/timedtext?v=gqAmIg0fcts&ei=T32DaNr0O9zXsfIP_qmmyAk&caps=asr&opi=112496729&xoaf=5&xospf=1&hl=en&ip=0.0.0.0&ipbits=0&expire=1753472960&sparams=ip%2Cipbits%2Cexpire%2Cv%2Cei%2Ccaps%2Copi%2Cxoaf&signature=BF6AAB3D4430CACE152B9187312DC84373EE659D.A4720C5E9D32CB844611A6CC9D701A6F66CF4CEC&key=yt8&kind=asr&lang=en&variant=punctuated&tlang=br&fmt=srv2", "name": "Breton", "impersonate": true, "__yt_dlp_client": "tv"}, {"ext": "srv3", "url": "https://www.youtube.com/api/timedtext?v=gqAmIg0fcts&ei=T32DaNr0O9zXsfIP_qmmyAk&caps=asr&opi=112496729&xoaf=5&xospf=1&hl=en&ip=0.0.0.0&ipbits=0&expire=1753472960&sparams=ip%2Cipbits%2Cexpire%2Cv%2Cei%2Ccaps%2Copi%2Cxoaf&signature=BF6AAB3D4430CACE152B9187312DC84373EE659D.A4720C5E9D32CB844611A6CC9D701A6F66CF4CEC&key=yt8&kind=asr&lang=en&variant=punctuated&tlang=br&fmt=srv3", "name": "Breton", "impersonate": true, "__yt_dlp_client": "tv"}, {"ext": "ttml", "url": "https://www.youtube.com/api/timedtext?v=gqAmIg0fcts&ei=T32DaNr0O9zXsfIP_qmmyAk&caps=asr&opi=112496729&xoaf=5&xospf=1&hl=en&ip=0.0.0.0&ipbits=0&expire=1753472960&sparams=ip%2Cipbits%2Cexpire%2Cv%2Cei%2Ccaps%2Copi%2Cxoaf&signature=BF6AAB3D4430CACE152B9187312DC84373EE659D.A4720C5E9D32CB844611A6CC9D701A6F66CF4CEC&key=yt8&kind=asr&lang=en&variant=punctuated&tlang=br&fmt=ttml", "name": "Breton", "impersonate": true, "__yt_dlp_client": "tv"}, {"ext": "srt", "url": "https://www.youtube.com/api/timedtext?v=gqAmIg0fcts&ei=T32DaNr0O9zXsfIP_qmmyAk&caps=asr&opi=112496729&xoaf=5&xospf=1&hl=en&ip=0.0.0.0&ipbits=0&expire=1753472960&sparams=ip%2Cipbits%2Cexpire%2Cv%2Cei%2Ccaps%2Copi%2Cxoaf&signature=BF6AAB3D4430CACE152B9187312DC84373EE659D.A4720C5E9D32CB844611A6CC9D701A6F66CF4CEC&key=yt8&kind=asr&lang=en&variant=punctuated&tlang=br&fmt=srt", "name": "Breton", "impersonate": true, "__yt_dlp_client": "tv"}, {"ext": "vtt", "url": "https://www.youtube.com/api/timedtext?v=gqAmIg0fcts&ei=T32DaNr0O9zXsfIP_qmmyAk&caps=asr&opi=112496729&xoaf=5&xospf=1&hl=en&ip=0.0.0.0&ipbits=0&expire=1753472960&sparams=ip%2Cipbits%2Cexpire%2Cv%2Cei%2Ccaps%2Copi%2Cxoaf&signature=BF6AAB3D4430CACE152B9187312DC84373EE659D.A4720C5E9D32CB844611A6CC9D701A6F66CF4CEC&key=yt8&kind=asr&lang=en&variant=punctuated&tlang=br&fmt=vtt", "name": "Breton", "impersonate": true, "__yt_dlp_client": "tv"}], "bg": [{"ext": "json3", "url": "https://www.youtube.com/api/timedtext?v=gqAmIg0fcts&ei=T32DaNr0O9zXsfIP_qmmyAk&caps=asr&opi=112496729&xoaf=5&xospf=1&hl=en&ip=0.0.0.0&ipbits=0&expire=1753472960&sparams=ip%2Cipbits%2Cexpire%2Cv%2Cei%2Ccaps%2Copi%2Cxoaf&signature=BF6AAB3D4430CACE152B9187312DC84373EE659D.A4720C5E9D32CB844611A6CC9D701A6F66CF4CEC&key=yt8&kind=asr&lang=en&variant=punctuated&tlang=bg&fmt=json3", "name": "Bulgarian", "impersonate": true, "__yt_dlp_client": "tv"}, {"ext": "srv1", "url": "https://www.youtube.com/api/timedtext?v=gqAmIg0fcts&ei=T32DaNr0O9zXsfIP_qmmyAk&caps=asr&opi=112496729&xoaf=5&xospf=1&hl=en&ip=0.0.0.0&ipbits=0&expire=1753472960&sparams=ip%2Cipbits%2Cexpire%2Cv%2Cei%2Ccaps%2Copi%2Cxoaf&signature=BF6AAB3D4430CACE152B9187312DC84373EE659D.A4720C5E9D32CB844611A6CC9D701A6F66CF4CEC&key=yt8&kind=asr&lang=en&variant=punctuated&tlang=bg&fmt=srv1", "name": "Bulgarian", "impersonate": true, "__yt_dlp_client": "tv"}, {"ext": "srv2", "url": "https://www.youtube.com/api/timedtext?v=gqAmIg0fcts&ei=T32DaNr0O9zXsfIP_qmmyAk&caps=asr&opi=112496729&xoaf=5&xospf=1&hl=en&ip=0.0.0.0&ipbits=0&expire=1753472960&sparams=ip%2Cipbits%2Cexpire%2Cv%2Cei%2Ccaps%2Copi%2Cxoaf&signature=BF6AAB3D4430CACE152B9187312DC84373EE659D.A4720C5E9D32CB844611A6CC9D701A6F66CF4CEC&key=yt8&kind=asr&lang=en&variant=punctuated&tlang=bg&fmt=srv2", "name": "Bulgarian", "impersonate": true, "__yt_dlp_client": "tv"}, {"ext": "srv3", "url": "https://www.youtube.com/api/timedtext?v=gqAmIg0fcts&ei=T32DaNr0O9zXsfIP_qmmyAk&caps=asr&opi=112496729&xoaf=5&xospf=1&hl=en&ip=0.0.0.0&ipbits=0&expire=1753472960&sparams=ip%2Cipbits%2Cexpire%2Cv%2Cei%2Ccaps%2Copi%2Cxoaf&signature=BF6AAB3D4430CACE152B9187312DC84373EE659D.A4720C5E9D32CB844611A6CC9D701A6F66CF4CEC&key=yt8&kind=asr&lang=en&variant=punctuated&tlang=bg&fmt=srv3", "name": "Bulgarian", "impersonate": true, "__yt_dlp_client": "tv"}, {"ext": "ttml", "url": "https://www.youtube.com/api/timedtext?v=gqAmIg0fcts&ei=T32DaNr0O9zXsfIP_qmmyAk&caps=asr&opi=112496729&xoaf=5&xospf=1&hl=en&ip=0.0.0.0&ipbits=0&expire=1753472960&sparams=ip%2Cipbits%2Cexpire%2Cv%2Cei%2Ccaps%2Copi%2Cxoaf&signature=BF6AAB3D4430CACE152B9187312DC84373EE659D.A4720C5E9D32CB844611A6CC9D701A6F66CF4CEC&key=yt8&kind=asr&lang=en&variant=punctuated&tlang=bg&fmt=ttml", "name": "Bulgarian", "impersonate": true, "__yt_dlp_client": "tv"}, {"ext": "srt", "url": "https://www.youtube.com/api/timedtext?v=gqAmIg0fcts&ei=T32DaNr0O9zXsfIP_qmmyAk&caps=asr&opi=112496729&xoaf=5&xospf=1&hl=en&ip=0.0.0.0&ipbits=0&expire=1753472960&sparams=ip%2Cipbits%2Cexpire%2Cv%2Cei%2Ccaps%2Copi%2Cxoaf&signature=BF6AAB3D4430CACE152B9187312DC84373EE659D.A4720C5E9D32CB844611A6CC9D701A6F66CF4CEC&key=yt8&kind=asr&lang=en&variant=punctuated&tlang=bg&fmt=srt", "name": "Bulgarian", "impersonate": true, "__yt_dlp_client": "tv"}, {"ext": "vtt", "url": "https://www.youtube.com/api/timedtext?v=gqAmIg0fcts&ei=T32DaNr0O9zXsfIP_qmmyAk&caps=asr&opi=112496729&xoaf=5&xospf=1&hl=en&ip=0.0.0.0&ipbits=0&expire=1753472960&sparams=ip%2Cipbits%2Cexpire%2Cv%2Cei%2Ccaps%2Copi%2Cxoaf&signature=BF6AAB3D4430CACE152B9187312DC84373EE659D.A4720C5E9D32CB844611A6CC9D701A6F66CF4CEC&key=yt8&kind=asr&lang=en&variant=punctuated&tlang=bg&fmt=vtt", "name": "Bulgarian", "impersonate": true, "__yt_dlp_client": "tv"}], "my": [{"ext": "json3", "url": "https://www.youtube.com/api/timedtext?v=gqAmIg0fcts&ei=T32DaNr0O9zXsfIP_qmmyAk&caps=asr&opi=112496729&xoaf=5&xospf=1&hl=en&ip=0.0.0.0&ipbits=0&expire=1753472960&sparams=ip%2Cipbits%2Cexpire%2Cv%2Cei%2Ccaps%2Copi%2Cxoaf&signature=BF6AAB3D4430CACE152B9187312DC84373EE659D.A4720C5E9D32CB844611A6CC9D701A6F66CF4CEC&key=yt8&kind=asr&lang=en&variant=punctuated&tlang=my&fmt=json3", "name": "Burmese", "impersonate": true, "__yt_dlp_client": "tv"}, {"ext": "srv1", "url": "https://www.youtube.com/api/timedtext?v=gqAmIg0fcts&ei=T32DaNr0O9zXsfIP_qmmyAk&caps=asr&opi=112496729&xoaf=5&xospf=1&hl=en&ip=0.0.0.0&ipbits=0&expire=1753472960&sparams=ip%2Cipbits%2Cexpire%2Cv%2Cei%2Ccaps%2Copi%2Cxoaf&signature=BF6AAB3D4430CACE152B9187312DC84373EE659D.A4720C5E9D32CB844611A6CC9D701A6F66CF4CEC&key=yt8&kind=asr&lang=en&variant=punctuated&tlang=my&fmt=srv1", "name": "Burmese", "impersonate": true, "__yt_dlp_client": "tv"}, {"ext": "srv2", "url": "https://www.youtube.com/api/timedtext?v=gqAmIg0fcts&ei=T32DaNr0O9zXsfIP_qmmyAk&caps=asr&opi=112496729&xoaf=5&xospf=1&hl=en&ip=0.0.0.0&ipbits=0&expire=1753472960&sparams=ip%2Cipbits%2Cexpire%2Cv%2Cei%2Ccaps%2Copi%2Cxoaf&signature=BF6AAB3D4430CACE152B9187312DC84373EE659D.A4720C5E9D32CB844611A6CC9D701A6F66CF4CEC&key=yt8&kind=asr&lang=en&variant=punctuated&tlang=my&fmt=srv2", "name": "Burmese", "impersonate": true, "__yt_dlp_client": "tv"}, {"ext": "srv3", "url": "https://www.youtube.com/api/timedtext?v=gqAmIg0fcts&ei=T32DaNr0O9zXsfIP_qmmyAk&caps=asr&opi=112496729&xoaf=5&xospf=1&hl=en&ip=0.0.0.0&ipbits=0&expire=1753472960&sparams=ip%2Cipbits%2Cexpire%2Cv%2Cei%2Ccaps%2Copi%2Cxoaf&signature=BF6AAB3D4430CACE152B9187312DC84373EE659D.A4720C5E9D32CB844611A6CC9D701A6F66CF4CEC&key=yt8&kind=asr&lang=en&variant=punctuated&tlang=my&fmt=srv3", "name": "Burmese", "impersonate": true, "__yt_dlp_client": "tv"}, {"ext": "ttml", "url": "https://www.youtube.com/api/timedtext?v=gqAmIg0fcts&ei=T32DaNr0O9zXsfIP_qmmyAk&caps=asr&opi=112496729&xoaf=5&xospf=1&hl=en&ip=0.0.0.0&ipbits=0&expire=1753472960&sparams=ip%2Cipbits%2Cexpire%2Cv%2Cei%2Ccaps%2Copi%2Cxoaf&signature=BF6AAB3D4430CACE152B9187312DC84373EE659D.A4720C5E9D32CB844611A6CC9D701A6F66CF4CEC&key=yt8&kind=asr&lang=en&variant=punctuated&tlang=my&fmt=ttml", "name": "Burmese", "impersonate": true, "__yt_dlp_client": "tv"}, {"ext": "srt", "url": "https://www.youtube.com/api/timedtext?v=gqAmIg0fcts&ei=T32DaNr0O9zXsfIP_qmmyAk&caps=asr&opi=112496729&xoaf=5&xospf=1&hl=en&ip=0.0.0.0&ipbits=0&expire=1753472960&sparams=ip%2Cipbits%2Cexpire%2Cv%2Cei%2Ccaps%2Copi%2Cxoaf&signature=BF6AAB3D4430CACE152B9187312DC84373EE659D.A4720C5E9D32CB844611A6CC9D701A6F66CF4CEC&key=yt8&kind=asr&lang=en&variant=punctuated&tlang=my&fmt=srt", "name": "Burmese", "impersonate": true, "__yt_dlp_client": "tv"}, {"ext": "vtt", "url": "https://www.youtube.com/api/timedtext?v=gqAmIg0fcts&ei=T32DaNr0O9zXsfIP_qmmyAk&caps=asr&opi=112496729&xoaf=5&xospf=1&hl=en&ip=0.0.0.0&ipbits=0&expire=1753472960&sparams=ip%2Cipbits%2Cexpire%2Cv%2Cei%2Ccaps%2Copi%2Cxoaf&signature=BF6AAB3D4430CACE152B9187312DC84373EE659D.A4720C5E9D32CB844611A6CC9D701A6F66CF4CEC&key=yt8&kind=asr&lang=en&variant=punctuated&tlang=my&fmt=vtt", "name": "Burmese", "impersonate": true, "__yt_dlp_client": "tv"}], "ca": [{"ext": "json3", "url": "https://www.youtube.com/api/timedtext?v=gqAmIg0fcts&ei=T32DaNr0O9zXsfIP_qmmyAk&caps=asr&opi=112496729&xoaf=5&xospf=1&hl=en&ip=0.0.0.0&ipbits=0&expire=1753472960&sparams=ip%2Cipbits%2Cexpire%2Cv%2Cei%2Ccaps%2Copi%2Cxoaf&signature=BF6AAB3D4430CACE152B9187312DC84373EE659D.A4720C5E9D32CB844611A6CC9D701A6F66CF4CEC&key=yt8&kind=asr&lang=en&variant=punctuated&tlang=ca&fmt=json3", "name": "Catalan", "impersonate": true, "__yt_dlp_client": "tv"}, {"ext": "srv1", "url": "https://www.youtube.com/api/timedtext?v=gqAmIg0fcts&ei=T32DaNr0O9zXsfIP_qmmyAk&caps=asr&opi=112496729&xoaf=5&xospf=1&hl=en&ip=0.0.0.0&ipbits=0&expire=1753472960&sparams=ip%2Cipbits%2Cexpire%2Cv%2Cei%2Ccaps%2Copi%2Cxoaf&signature=BF6AAB3D4430CACE152B9187312DC84373EE659D.A4720C5E9D32CB844611A6CC9D701A6F66CF4CEC&key=yt8&kind=asr&lang=en&variant=punctuated&tlang=ca&fmt=srv1", "name": "Catalan", "impersonate": true, "__yt_dlp_client": "tv"}, {"ext": "srv2", "url": "https://www.youtube.com/api/timedtext?v=gqAmIg0fcts&ei=T32DaNr0O9zXsfIP_qmmyAk&caps=asr&opi=112496729&xoaf=5&xospf=1&hl=en&ip=0.0.0.0&ipbits=0&expire=1753472960&sparams=ip%2Cipbits%2Cexpire%2Cv%2Cei%2Ccaps%2Copi%2Cxoaf&signature=BF6AAB3D4430CACE152B9187312DC84373EE659D.A4720C5E9D32CB844611A6CC9D701A6F66CF4CEC&key=yt8&kind=asr&lang=en&variant=punctuated&tlang=ca&fmt=srv2", "name": "Catalan", "impersonate": true, "__yt_dlp_client": "tv"}, {"ext": "srv3", "url": "https://www.youtube.com/api/timedtext?v=gqAmIg0fcts&ei=T32DaNr0O9zXsfIP_qmmyAk&caps=asr&opi=112496729&xoaf=5&xospf=1&hl=en&ip=0.0.0.0&ipbits=0&expire=1753472960&sparams=ip%2Cipbits%2Cexpire%2Cv%2Cei%2Ccaps%2Copi%2Cxoaf&signature=BF6AAB3D4430CACE152B9187312DC84373EE659D.A4720C5E9D32CB844611A6CC9D701A6F66CF4CEC&key=yt8&kind=asr&lang=en&variant=punctuated&tlang=ca&fmt=srv3", "name": "Catalan", "impersonate": true, "__yt_dlp_client": "tv"}, {"ext": "ttml", "url": "https://www.youtube.com/api/timedtext?v=gqAmIg0fcts&ei=T32DaNr0O9zXsfIP_qmmyAk&caps=asr&opi=112496729&xoaf=5&xospf=1&hl=en&ip=0.0.0.0&ipbits=0&expire=1753472960&sparams=ip%2Cipbits%2Cexpire%2Cv%2Cei%2Ccaps%2Copi%2Cxoaf&signature=BF6AAB3D4430CACE152B9187312DC84373EE659D.A4720C5E9D32CB844611A6CC9D701A6F66CF4CEC&key=yt8&kind=asr&lang=en&variant=punctuated&tlang=ca&fmt=ttml", "name": "Catalan", "impersonate": true, "__yt_dlp_client": "tv"}, {"ext": "srt", "url": "https://www.youtube.com/api/timedtext?v=gqAmIg0fcts&ei=T32DaNr0O9zXsfIP_qmmyAk&caps=asr&opi=112496729&xoaf=5&xospf=1&hl=en&ip=0.0.0.0&ipbits=0&expire=1753472960&sparams=ip%2Cipbits%2Cexpire%2Cv%2Cei%2Ccaps%2Copi%2Cxoaf&signature=BF6AAB3D4430CACE152B9187312DC84373EE659D.A4720C5E9D32CB844611A6CC9D701A6F66CF4CEC&key=yt8&kind=asr&lang=en&variant=punctuated&tlang=ca&fmt=srt", "name": "Catalan", "impersonate": true, "__yt_dlp_client": "tv"}, {"ext": "vtt", "url": "https://www.youtube.com/api/timedtext?v=gqAmIg0fcts&ei=T32DaNr0O9zXsfIP_qmmyAk&caps=asr&opi=112496729&xoaf=5&xospf=1&hl=en&ip=0.0.0.0&ipbits=0&expire=1753472960&sparams=ip%2Cipbits%2Cexpire%2Cv%2Cei%2Ccaps%2Copi%2Cxoaf&signature=BF6AAB3D4430CACE152B9187312DC84373EE659D.A4720C5E9D32CB844611A6CC9D701A6F66CF4CEC&key=yt8&kind=asr&lang=en&variant=punctuated&tlang=ca&fmt=vtt", "name": "Catalan", "impersonate": true, "__yt_dlp_client": "tv"}], "ceb": [{"ext": "json3", "url": "https://www.youtube.com/api/timedtext?v=gqAmIg0fcts&ei=T32DaNr0O9zXsfIP_qmmyAk&caps=asr&opi=112496729&xoaf=5&xospf=1&hl=en&ip=0.0.0.0&ipbits=0&expire=1753472960&sparams=ip%2Cipbits%2Cexpire%2Cv%2Cei%2Ccaps%2Copi%2Cxoaf&signature=BF6AAB3D4430CACE152B9187312DC84373EE659D.A4720C5E9D32CB844611A6CC9D701A6F66CF4CEC&key=yt8&kind=asr&lang=en&variant=punctuated&tlang=ceb&fmt=json3", "name": "Cebuano", "impersonate": true, "__yt_dlp_client": "tv"}, {"ext": "srv1", "url": "https://www.youtube.com/api/timedtext?v=gqAmIg0fcts&ei=T32DaNr0O9zXsfIP_qmmyAk&caps=asr&opi=112496729&xoaf=5&xospf=1&hl=en&ip=0.0.0.0&ipbits=0&expire=1753472960&sparams=ip%2Cipbits%2Cexpire%2Cv%2Cei%2Ccaps%2Copi%2Cxoaf&signature=BF6AAB3D4430CACE152B9187312DC84373EE659D.A4720C5E9D32CB844611A6CC9D701A6F66CF4CEC&key=yt8&kind=asr&lang=en&variant=punctuated&tlang=ceb&fmt=srv1", "name": "Cebuano", "impersonate": true, "__yt_dlp_client": "tv"}, {"ext": "srv2", "url": "https://www.youtube.com/api/timedtext?v=gqAmIg0fcts&ei=T32DaNr0O9zXsfIP_qmmyAk&caps=asr&opi=112496729&xoaf=5&xospf=1&hl=en&ip=0.0.0.0&ipbits=0&expire=1753472960&sparams=ip%2Cipbits%2Cexpire%2Cv%2Cei%2Ccaps%2Copi%2Cxoaf&signature=BF6AAB3D4430CACE152B9187312DC84373EE659D.A4720C5E9D32CB844611A6CC9D701A6F66CF4CEC&key=yt8&kind=asr&lang=en&variant=punctuated&tlang=ceb&fmt=srv2", "name": "Cebuano", "impersonate": true, "__yt_dlp_client": "tv"}, {"ext": "srv3", "url": "https://www.youtube.com/api/timedtext?v=gqAmIg0fcts&ei=T32DaNr0O9zXsfIP_qmmyAk&caps=asr&opi=112496729&xoaf=5&xospf=1&hl=en&ip=0.0.0.0&ipbits=0&expire=1753472960&sparams=ip%2Cipbits%2Cexpire%2Cv%2Cei%2Ccaps%2Copi%2Cxoaf&signature=BF6AAB3D4430CACE152B9187312DC84373EE659D.A4720C5E9D32CB844611A6CC9D701A6F66CF4CEC&key=yt8&kind=asr&lang=en&variant=punctuated&tlang=ceb&fmt=srv3", "name": "Cebuano", "impersonate": true, "__yt_dlp_client": "tv"}, {"ext": "ttml", "url": "https://www.youtube.com/api/timedtext?v=gqAmIg0fcts&ei=T32DaNr0O9zXsfIP_qmmyAk&caps=asr&opi=112496729&xoaf=5&xospf=1&hl=en&ip=0.0.0.0&ipbits=0&expire=1753472960&sparams=ip%2Cipbits%2Cexpire%2Cv%2Cei%2Ccaps%2Copi%2Cxoaf&signature=BF6AAB3D4430CACE152B9187312DC84373EE659D.A4720C5E9D32CB844611A6CC9D701A6F66CF4CEC&key=yt8&kind=asr&lang=en&variant=punctuated&tlang=ceb&fmt=ttml", "name": "Cebuano", "impersonate": true, "__yt_dlp_client": "tv"}, {"ext": "srt", "url": "https://www.youtube.com/api/timedtext?v=gqAmIg0fcts&ei=T32DaNr0O9zXsfIP_qmmyAk&caps=asr&opi=112496729&xoaf=5&xospf=1&hl=en&ip=0.0.0.0&ipbits=0&expire=1753472960&sparams=ip%2Cipbits%2Cexpire%2Cv%2Cei%2Ccaps%2Copi%2Cxoaf&signature=BF6AAB3D4430CACE152B9187312DC84373EE659D.A4720C5E9D32CB844611A6CC9D701A6F66CF4CEC&key=yt8&kind=asr&lang=en&variant=punctuated&tlang=ceb&fmt=srt", "name": "Cebuano", "impersonate": true, "__yt_dlp_client": "tv"}, {"ext": "vtt", "url": "https://www.youtube.com/api/timedtext?v=gqAmIg0fcts&ei=T32DaNr0O9zXsfIP_qmmyAk&caps=asr&opi=112496729&xoaf=5&xospf=1&hl=en&ip=0.0.0.0&ipbits=0&expire=1753472960&sparams=ip%2Cipbits%2Cexpire%2Cv%2Cei%2Ccaps%2Copi%2Cxoaf&signature=BF6AAB3D4430CACE152B9187312DC84373EE659D.A4720C5E9D32CB844611A6CC9D701A6F66CF4CEC&key=yt8&kind=asr&lang=en&variant=punctuated&tlang=ceb&fmt=vtt", "name": "Cebuano", "impersonate": true, "__yt_dlp_client": "tv"}], "zh-Hans": [{"ext": "json3", "url": "https://www.youtube.com/api/timedtext?v=gqAmIg0fcts&ei=T32DaNr0O9zXsfIP_qmmyAk&caps=asr&opi=112496729&xoaf=5&xospf=1&hl=en&ip=0.0.0.0&ipbits=0&expire=1753472960&sparams=ip%2Cipbits%2Cexpire%2Cv%2Cei%2Ccaps%2Copi%2Cxoaf&signature=BF6AAB3D4430CACE152B9187312DC84373EE659D.A4720C5E9D32CB844611A6CC9D701A6F66CF4CEC&key=yt8&kind=asr&lang=en&variant=punctuated&tlang=zh-Hans&fmt=json3", "name": "Chinese (Simplified)", "impersonate": true, "__yt_dlp_client": "tv"}, {"ext": "srv1", "url": "https://www.youtube.com/api/timedtext?v=gqAmIg0fcts&ei=T32DaNr0O9zXsfIP_qmmyAk&caps=asr&opi=112496729&xoaf=5&xospf=1&hl=en&ip=0.0.0.0&ipbits=0&expire=1753472960&sparams=ip%2Cipbits%2Cexpire%2Cv%2Cei%2Ccaps%2Copi%2Cxoaf&signature=BF6AAB3D4430CACE152B9187312DC84373EE659D.A4720C5E9D32CB844611A6CC9D701A6F66CF4CEC&key=yt8&kind=asr&lang=en&variant=punctuated&tlang=zh-Hans&fmt=srv1", "name": "Chinese (Simplified)", "impersonate": true, "__yt_dlp_client": "tv"}, {"ext": "srv2", "url": "https://www.youtube.com/api/timedtext?v=gqAmIg0fcts&ei=T32DaNr0O9zXsfIP_qmmyAk&caps=asr&opi=112496729&xoaf=5&xospf=1&hl=en&ip=0.0.0.0&ipbits=0&expire=1753472960&sparams=ip%2Cipbits%2Cexpire%2Cv%2Cei%2Ccaps%2Copi%2Cxoaf&signature=BF6AAB3D4430CACE152B9187312DC84373EE659D.A4720C5E9D32CB844611A6CC9D701A6F66CF4CEC&key=yt8&kind=asr&lang=en&variant=punctuated&tlang=zh-Hans&fmt=srv2", "name": "Chinese (Simplified)", "impersonate": true, "__yt_dlp_client": "tv"}, {"ext": "srv3", "url": "https://www.youtube.com/api/timedtext?v=gqAmIg0fcts&ei=T32DaNr0O9zXsfIP_qmmyAk&caps=asr&opi=112496729&xoaf=5&xospf=1&hl=en&ip=0.0.0.0&ipbits=0&expire=1753472960&sparams=ip%2Cipbits%2Cexpire%2Cv%2Cei%2Ccaps%2Copi%2Cxoaf&signature=BF6AAB3D4430CACE152B9187312DC84373EE659D.A4720C5E9D32CB844611A6CC9D701A6F66CF4CEC&key=yt8&kind=asr&lang=en&variant=punctuated&tlang=zh-Hans&fmt=srv3", "name": "Chinese (Simplified)", "impersonate": true, "__yt_dlp_client": "tv"}, {"ext": "ttml", "url": "https://www.youtube.com/api/timedtext?v=gqAmIg0fcts&ei=T32DaNr0O9zXsfIP_qmmyAk&caps=asr&opi=112496729&xoaf=5&xospf=1&hl=en&ip=0.0.0.0&ipbits=0&expire=1753472960&sparams=ip%2Cipbits%2Cexpire%2Cv%2Cei%2Ccaps%2Copi%2Cxoaf&signature=BF6AAB3D4430CACE152B9187312DC84373EE659D.A4720C5E9D32CB844611A6CC9D701A6F66CF4CEC&key=yt8&kind=asr&lang=en&variant=punctuated&tlang=zh-Hans&fmt=ttml", "name": "Chinese (Simplified)", "impersonate": true, "__yt_dlp_client": "tv"}, {"ext": "srt", "url": "https://www.youtube.com/api/timedtext?v=gqAmIg0fcts&ei=T32DaNr0O9zXsfIP_qmmyAk&caps=asr&opi=112496729&xoaf=5&xospf=1&hl=en&ip=0.0.0.0&ipbits=0&expire=1753472960&sparams=ip%2Cipbits%2Cexpire%2Cv%2Cei%2Ccaps%2Copi%2Cxoaf&signature=BF6AAB3D4430CACE152B9187312DC84373EE659D.A4720C5E9D32CB844611A6CC9D701A6F66CF4CEC&key=yt8&kind=asr&lang=en&variant=punctuated&tlang=zh-Hans&fmt=srt", "name": "Chinese (Simplified)", "impersonate": true, "__yt_dlp_client": "tv"}, {"ext": "vtt", "url": "https://www.youtube.com/api/timedtext?v=gqAmIg0fcts&ei=T32DaNr0O9zXsfIP_qmmyAk&caps=asr&opi=112496729&xoaf=5&xospf=1&hl=en&ip=0.0.0.0&ipbits=0&expire=1753472960&sparams=ip%2Cipbits%2Cexpire%2Cv%2Cei%2Ccaps%2Copi%2Cxoaf&signature=BF6AAB3D4430CACE152B9187312DC84373EE659D.A4720C5E9D32CB844611A6CC9D701A6F66CF4CEC&key=yt8&kind=asr&lang=en&variant=punctuated&tlang=zh-Hans&fmt=vtt", "name": "Chinese (Simplified)", "impersonate": true, "__yt_dlp_client": "tv"}], "zh-Hant": [{"ext": "json3", "url": "https://www.youtube.com/api/timedtext?v=gqAmIg0fcts&ei=T32DaNr0O9zXsfIP_qmmyAk&caps=asr&opi=112496729&xoaf=5&xospf=1&hl=en&ip=0.0.0.0&ipbits=0&expire=1753472960&sparams=ip%2Cipbits%2Cexpire%2Cv%2Cei%2Ccaps%2Copi%2Cxoaf&signature=BF6AAB3D4430CACE152B9187312DC84373EE659D.A4720C5E9D32CB844611A6CC9D701A6F66CF4CEC&key=yt8&kind=asr&lang=en&variant=punctuated&tlang=zh-Hant&fmt=json3", "name": "Chinese (Traditional)", "impersonate": true, "__yt_dlp_client": "tv"}, {"ext": "srv1", "url": "https://www.youtube.com/api/timedtext?v=gqAmIg0fcts&ei=T32DaNr0O9zXsfIP_qmmyAk&caps=asr&opi=112496729&xoaf=5&xospf=1&hl=en&ip=0.0.0.0&ipbits=0&expire=1753472960&sparams=ip%2Cipbits%2Cexpire%2Cv%2Cei%2Ccaps%2Copi%2Cxoaf&signature=BF6AAB3D4430CACE152B9187312DC84373EE659D.A4720C5E9D32CB844611A6CC9D701A6F66CF4CEC&key=yt8&kind=asr&lang=en&variant=punctuated&tlang=zh-Hant&fmt=srv1", "name": "Chinese (Traditional)", "impersonate": true, "__yt_dlp_client": "tv"}, {"ext": "srv2", "url": "https://www.youtube.com/api/timedtext?v=gqAmIg0fcts&ei=T32DaNr0O9zXsfIP_qmmyAk&caps=asr&opi=112496729&xoaf=5&xospf=1&hl=en&ip=0.0.0.0&ipbits=0&expire=1753472960&sparams=ip%2Cipbits%2Cexpire%2Cv%2Cei%2Ccaps%2Copi%2Cxoaf&signature=BF6AAB3D4430CACE152B9187312DC84373EE659D.A4720C5E9D32CB844611A6CC9D701A6F66CF4CEC&key=yt8&kind=asr&lang=en&variant=punctuated&tlang=zh-Hant&fmt=srv2", "name": "Chinese (Traditional)", "impersonate": true, "__yt_dlp_client": "tv"}, {"ext": "srv3", "url": "https://www.youtube.com/api/timedtext?v=gqAmIg0fcts&ei=T32DaNr0O9zXsfIP_qmmyAk&caps=asr&opi=112496729&xoaf=5&xospf=1&hl=en&ip=0.0.0.0&ipbits=0&expire=1753472960&sparams=ip%2Cipbits%2Cexpire%2Cv%2Cei%2Ccaps%2Copi%2Cxoaf&signature=BF6AAB3D4430CACE152B9187312DC84373EE659D.A4720C5E9D32CB844611A6CC9D701A6F66CF4CEC&key=yt8&kind=asr&lang=en&variant=punctuated&tlang=zh-Hant&fmt=srv3", "name": "Chinese (Traditional)", "impersonate": true, "__yt_dlp_client": "tv"}, {"ext": "ttml", "url": "https://www.youtube.com/api/timedtext?v=gqAmIg0fcts&ei=T32DaNr0O9zXsfIP_qmmyAk&caps=asr&opi=112496729&xoaf=5&xospf=1&hl=en&ip=0.0.0.0&ipbits=0&expire=1753472960&sparams=ip%2Cipbits%2Cexpire%2Cv%2Cei%2Ccaps%2Copi%2Cxoaf&signature=BF6AAB3D4430CACE152B9187312DC84373EE659D.A4720C5E9D32CB844611A6CC9D701A6F66CF4CEC&key=yt8&kind=asr&lang=en&variant=punctuated&tlang=zh-Hant&fmt=ttml", "name": "Chinese (Traditional)", "impersonate": true, "__yt_dlp_client": "tv"}, {"ext": "srt", "url": "https://www.youtube.com/api/timedtext?v=gqAmIg0fcts&ei=T32DaNr0O9zXsfIP_qmmyAk&caps=asr&opi=112496729&xoaf=5&xospf=1&hl=en&ip=0.0.0.0&ipbits=0&expire=1753472960&sparams=ip%2Cipbits%2Cexpire%2Cv%2Cei%2Ccaps%2Copi%2Cxoaf&signature=BF6AAB3D4430CACE152B9187312DC84373EE659D.A4720C5E9D32CB844611A6CC9D701A6F66CF4CEC&key=yt8&kind=asr&lang=en&variant=punctuated&tlang=zh-Hant&fmt=srt", "name": "Chinese (Traditional)", "impersonate": true, "__yt_dlp_client": "tv"}, {"ext": "vtt", "url": "https://www.youtube.com/api/timedtext?v=gqAmIg0fcts&ei=T32DaNr0O9zXsfIP_qmmyAk&caps=asr&opi=112496729&xoaf=5&xospf=1&hl=en&ip=0.0.0.0&ipbits=0&expire=1753472960&sparams=ip%2Cipbits%2Cexpire%2Cv%2Cei%2Ccaps%2Copi%2Cxoaf&signature=BF6AAB3D4430CACE152B9187312DC84373EE659D.A4720C5E9D32CB844611A6CC9D701A6F66CF4CEC&key=yt8&kind=asr&lang=en&variant=punctuated&tlang=zh-Hant&fmt=vtt", "name": "Chinese (Traditional)", "impersonate": true, "__yt_dlp_client": "tv"}], "co": [{"ext": "json3", "url": "https://www.youtube.com/api/timedtext?v=gqAmIg0fcts&ei=T32DaNr0O9zXsfIP_qmmyAk&caps=asr&opi=112496729&xoaf=5&xospf=1&hl=en&ip=0.0.0.0&ipbits=0&expire=1753472960&sparams=ip%2Cipbits%2Cexpire%2Cv%2Cei%2Ccaps%2Copi%2Cxoaf&signature=BF6AAB3D4430CACE152B9187312DC84373EE659D.A4720C5E9D32CB844611A6CC9D701A6F66CF4CEC&key=yt8&kind=asr&lang=en&variant=punctuated&tlang=co&fmt=json3", "name": "Corsican", "impersonate": true, "__yt_dlp_client": "tv"}, {"ext": "srv1", "url": "https://www.youtube.com/api/timedtext?v=gqAmIg0fcts&ei=T32DaNr0O9zXsfIP_qmmyAk&caps=asr&opi=112496729&xoaf=5&xospf=1&hl=en&ip=0.0.0.0&ipbits=0&expire=1753472960&sparams=ip%2Cipbits%2Cexpire%2Cv%2Cei%2Ccaps%2Copi%2Cxoaf&signature=BF6AAB3D4430CACE152B9187312DC84373EE659D.A4720C5E9D32CB844611A6CC9D701A6F66CF4CEC&key=yt8&kind=asr&lang=en&variant=punctuated&tlang=co&fmt=srv1", "name": "Corsican", "impersonate": true, "__yt_dlp_client": "tv"}, {"ext": "srv2", "url": "https://www.youtube.com/api/timedtext?v=gqAmIg0fcts&ei=T32DaNr0O9zXsfIP_qmmyAk&caps=asr&opi=112496729&xoaf=5&xospf=1&hl=en&ip=0.0.0.0&ipbits=0&expire=1753472960&sparams=ip%2Cipbits%2Cexpire%2Cv%2Cei%2Ccaps%2Copi%2Cxoaf&signature=BF6AAB3D4430CACE152B9187312DC84373EE659D.A4720C5E9D32CB844611A6CC9D701A6F66CF4CEC&key=yt8&kind=asr&lang=en&variant=punctuated&tlang=co&fmt=srv2", "name": "Corsican", "impersonate": true, "__yt_dlp_client": "tv"}, {"ext": "srv3", "url": "https://www.youtube.com/api/timedtext?v=gqAmIg0fcts&ei=T32DaNr0O9zXsfIP_qmmyAk&caps=asr&opi=112496729&xoaf=5&xospf=1&hl=en&ip=0.0.0.0&ipbits=0&expire=1753472960&sparams=ip%2Cipbits%2Cexpire%2Cv%2Cei%2Ccaps%2Copi%2Cxoaf&signature=BF6AAB3D4430CACE152B9187312DC84373EE659D.A4720C5E9D32CB844611A6CC9D701A6F66CF4CEC&key=yt8&kind=asr&lang=en&variant=punctuated&tlang=co&fmt=srv3", "name": "Corsican", "impersonate": true, "__yt_dlp_client": "tv"}, {"ext": "ttml", "url": "https://www.youtube.com/api/timedtext?v=gqAmIg0fcts&ei=T32DaNr0O9zXsfIP_qmmyAk&caps=asr&opi=112496729&xoaf=5&xospf=1&hl=en&ip=0.0.0.0&ipbits=0&expire=1753472960&sparams=ip%2Cipbits%2Cexpire%2Cv%2Cei%2Ccaps%2Copi%2Cxoaf&signature=BF6AAB3D4430CACE152B9187312DC84373EE659D.A4720C5E9D32CB844611A6CC9D701A6F66CF4CEC&key=yt8&kind=asr&lang=en&variant=punctuated&tlang=co&fmt=ttml", "name": "Corsican", "impersonate": true, "__yt_dlp_client": "tv"}, {"ext": "srt", "url": "https://www.youtube.com/api/timedtext?v=gqAmIg0fcts&ei=T32DaNr0O9zXsfIP_qmmyAk&caps=asr&opi=112496729&xoaf=5&xospf=1&hl=en&ip=0.0.0.0&ipbits=0&expire=1753472960&sparams=ip%2Cipbits%2Cexpire%2Cv%2Cei%2Ccaps%2Copi%2Cxoaf&signature=BF6AAB3D4430CACE152B9187312DC84373EE659D.A4720C5E9D32CB844611A6CC9D701A6F66CF4CEC&key=yt8&kind=asr&lang=en&variant=punctuated&tlang=co&fmt=srt", "name": "Corsican", "impersonate": true, "__yt_dlp_client": "tv"}, {"ext": "vtt", "url": "https://www.youtube.com/api/timedtext?v=gqAmIg0fcts&ei=T32DaNr0O9zXsfIP_qmmyAk&caps=asr&opi=112496729&xoaf=5&xospf=1&hl=en&ip=0.0.0.0&ipbits=0&expire=1753472960&sparams=ip%2Cipbits%2Cexpire%2Cv%2Cei%2Ccaps%2Copi%2Cxoaf&signature=BF6AAB3D4430CACE152B9187312DC84373EE659D.A4720C5E9D32CB844611A6CC9D701A6F66CF4CEC&key=yt8&kind=asr&lang=en&variant=punctuated&tlang=co&fmt=vtt", "name": "Corsican", "impersonate": true, "__yt_dlp_client": "tv"}], "hr": [{"ext": "json3", "url": "https://www.youtube.com/api/timedtext?v=gqAmIg0fcts&ei=T32DaNr0O9zXsfIP_qmmyAk&caps=asr&opi=112496729&xoaf=5&xospf=1&hl=en&ip=0.0.0.0&ipbits=0&expire=1753472960&sparams=ip%2Cipbits%2Cexpire%2Cv%2Cei%2Ccaps%2Copi%2Cxoaf&signature=BF6AAB3D4430CACE152B9187312DC84373EE659D.A4720C5E9D32CB844611A6CC9D701A6F66CF4CEC&key=yt8&kind=asr&lang=en&variant=punctuated&tlang=hr&fmt=json3", "name": "Croatian", "impersonate": true, "__yt_dlp_client": "tv"}, {"ext": "srv1", "url": "https://www.youtube.com/api/timedtext?v=gqAmIg0fcts&ei=T32DaNr0O9zXsfIP_qmmyAk&caps=asr&opi=112496729&xoaf=5&xospf=1&hl=en&ip=0.0.0.0&ipbits=0&expire=1753472960&sparams=ip%2Cipbits%2Cexpire%2Cv%2Cei%2Ccaps%2Copi%2Cxoaf&signature=BF6AAB3D4430CACE152B9187312DC84373EE659D.A4720C5E9D32CB844611A6CC9D701A6F66CF4CEC&key=yt8&kind=asr&lang=en&variant=punctuated&tlang=hr&fmt=srv1", "name": "Croatian", "impersonate": true, "__yt_dlp_client": "tv"}, {"ext": "srv2", "url": "https://www.youtube.com/api/timedtext?v=gqAmIg0fcts&ei=T32DaNr0O9zXsfIP_qmmyAk&caps=asr&opi=112496729&xoaf=5&xospf=1&hl=en&ip=0.0.0.0&ipbits=0&expire=1753472960&sparams=ip%2Cipbits%2Cexpire%2Cv%2Cei%2Ccaps%2Copi%2Cxoaf&signature=BF6AAB3D4430CACE152B9187312DC84373EE659D.A4720C5E9D32CB844611A6CC9D701A6F66CF4CEC&key=yt8&kind=asr&lang=en&variant=punctuated&tlang=hr&fmt=srv2", "name": "Croatian", "impersonate": true, "__yt_dlp_client": "tv"}, {"ext": "srv3", "url": "https://www.youtube.com/api/timedtext?v=gqAmIg0fcts&ei=T32DaNr0O9zXsfIP_qmmyAk&caps=asr&opi=112496729&xoaf=5&xospf=1&hl=en&ip=0.0.0.0&ipbits=0&expire=1753472960&sparams=ip%2Cipbits%2Cexpire%2Cv%2Cei%2Ccaps%2Copi%2Cxoaf&signature=BF6AAB3D4430CACE152B9187312DC84373EE659D.A4720C5E9D32CB844611A6CC9D701A6F66CF4CEC&key=yt8&kind=asr&lang=en&variant=punctuated&tlang=hr&fmt=srv3", "name": "Croatian", "impersonate": true, "__yt_dlp_client": "tv"}, {"ext": "ttml", "url": "https://www.youtube.com/api/timedtext?v=gqAmIg0fcts&ei=T32DaNr0O9zXsfIP_qmmyAk&caps=asr&opi=112496729&xoaf=5&xospf=1&hl=en&ip=0.0.0.0&ipbits=0&expire=1753472960&sparams=ip%2Cipbits%2Cexpire%2Cv%2Cei%2Ccaps%2Copi%2Cxoaf&signature=BF6AAB3D4430CACE152B9187312DC84373EE659D.A4720C5E9D32CB844611A6CC9D701A6F66CF4CEC&key=yt8&kind=asr&lang=en&variant=punctuated&tlang=hr&fmt=ttml", "name": "Croatian", "impersonate": true, "__yt_dlp_client": "tv"}, {"ext": "srt", "url": "https://www.youtube.com/api/timedtext?v=gqAmIg0fcts&ei=T32DaNr0O9zXsfIP_qmmyAk&caps=asr&opi=112496729&xoaf=5&xospf=1&hl=en&ip=0.0.0.0&ipbits=0&expire=1753472960&sparams=ip%2Cipbits%2Cexpire%2Cv%2Cei%2Ccaps%2Copi%2Cxoaf&signature=BF6AAB3D4430CACE152B9187312DC84373EE659D.A4720C5E9D32CB844611A6CC9D701A6F66CF4CEC&key=yt8&kind=asr&lang=en&variant=punctuated&tlang=hr&fmt=srt", "name": "Croatian", "impersonate": true, "__yt_dlp_client": "tv"}, {"ext": "vtt", "url": "https://www.youtube.com/api/timedtext?v=gqAmIg0fcts&ei=T32DaNr0O9zXsfIP_qmmyAk&caps=asr&opi=112496729&xoaf=5&xospf=1&hl=en&ip=0.0.0.0&ipbits=0&expire=1753472960&sparams=ip%2Cipbits%2Cexpire%2Cv%2Cei%2Ccaps%2Copi%2Cxoaf&signature=BF6AAB3D4430CACE152B9187312DC84373EE659D.A4720C5E9D32CB844611A6CC9D701A6F66CF4CEC&key=yt8&kind=asr&lang=en&variant=punctuated&tlang=hr&fmt=vtt", "name": "Croatian", "impersonate": true, "__yt_dlp_client": "tv"}], "cs": [{"ext": "json3", "url": "https://www.youtube.com/api/timedtext?v=gqAmIg0fcts&ei=T32DaNr0O9zXsfIP_qmmyAk&caps=asr&opi=112496729&xoaf=5&xospf=1&hl=en&ip=0.0.0.0&ipbits=0&expire=1753472960&sparams=ip%2Cipbits%2Cexpire%2Cv%2Cei%2Ccaps%2Copi%2Cxoaf&signature=BF6AAB3D4430CACE152B9187312DC84373EE659D.A4720C5E9D32CB844611A6CC9D701A6F66CF4CEC&key=yt8&kind=asr&lang=en&variant=punctuated&tlang=cs&fmt=json3", "name": "Czech", "impersonate": true, "__yt_dlp_client": "tv"}, {"ext": "srv1", "url": "https://www.youtube.com/api/timedtext?v=gqAmIg0fcts&ei=T32DaNr0O9zXsfIP_qmmyAk&caps=asr&opi=112496729&xoaf=5&xospf=1&hl=en&ip=0.0.0.0&ipbits=0&expire=1753472960&sparams=ip%2Cipbits%2Cexpire%2Cv%2Cei%2Ccaps%2Copi%2Cxoaf&signature=BF6AAB3D4430CACE152B9187312DC84373EE659D.A4720C5E9D32CB844611A6CC9D701A6F66CF4CEC&key=yt8&kind=asr&lang=en&variant=punctuated&tlang=cs&fmt=srv1", "name": "Czech", "impersonate": true, "__yt_dlp_client": "tv"}, {"ext": "srv2", "url": "https://www.youtube.com/api/timedtext?v=gqAmIg0fcts&ei=T32DaNr0O9zXsfIP_qmmyAk&caps=asr&opi=112496729&xoaf=5&xospf=1&hl=en&ip=0.0.0.0&ipbits=0&expire=1753472960&sparams=ip%2Cipbits%2Cexpire%2Cv%2Cei%2Ccaps%2Copi%2Cxoaf&signature=BF6AAB3D4430CACE152B9187312DC84373EE659D.A4720C5E9D32CB844611A6CC9D701A6F66CF4CEC&key=yt8&kind=asr&lang=en&variant=punctuated&tlang=cs&fmt=srv2", "name": "Czech", "impersonate": true, "__yt_dlp_client": "tv"}, {"ext": "srv3", "url": "https://www.youtube.com/api/timedtext?v=gqAmIg0fcts&ei=T32DaNr0O9zXsfIP_qmmyAk&caps=asr&opi=112496729&xoaf=5&xospf=1&hl=en&ip=0.0.0.0&ipbits=0&expire=1753472960&sparams=ip%2Cipbits%2Cexpire%2Cv%2Cei%2Ccaps%2Copi%2Cxoaf&signature=BF6AAB3D4430CACE152B9187312DC84373EE659D.A4720C5E9D32CB844611A6CC9D701A6F66CF4CEC&key=yt8&kind=asr&lang=en&variant=punctuated&tlang=cs&fmt=srv3", "name": "Czech", "impersonate": true, "__yt_dlp_client": "tv"}, {"ext": "ttml", "url": "https://www.youtube.com/api/timedtext?v=gqAmIg0fcts&ei=T32DaNr0O9zXsfIP_qmmyAk&caps=asr&opi=112496729&xoaf=5&xospf=1&hl=en&ip=0.0.0.0&ipbits=0&expire=1753472960&sparams=ip%2Cipbits%2Cexpire%2Cv%2Cei%2Ccaps%2Copi%2Cxoaf&signature=BF6AAB3D4430CACE152B9187312DC84373EE659D.A4720C5E9D32CB844611A6CC9D701A6F66CF4CEC&key=yt8&kind=asr&lang=en&variant=punctuated&tlang=cs&fmt=ttml", "name": "Czech", "impersonate": true, "__yt_dlp_client": "tv"}, {"ext": "srt", "url": "https://www.youtube.com/api/timedtext?v=gqAmIg0fcts&ei=T32DaNr0O9zXsfIP_qmmyAk&caps=asr&opi=112496729&xoaf=5&xospf=1&hl=en&ip=0.0.0.0&ipbits=0&expire=1753472960&sparams=ip%2Cipbits%2Cexpire%2Cv%2Cei%2Ccaps%2Copi%2Cxoaf&signature=BF6AAB3D4430CACE152B9187312DC84373EE659D.A4720C5E9D32CB844611A6CC9D701A6F66CF4CEC&key=yt8&kind=asr&lang=en&variant=punctuated&tlang=cs&fmt=srt", "name": "Czech", "impersonate": true, "__yt_dlp_client": "tv"}, {"ext": "vtt", "url": "https://www.youtube.com/api/timedtext?v=gqAmIg0fcts&ei=T32DaNr0O9zXsfIP_qmmyAk&caps=asr&opi=112496729&xoaf=5&xospf=1&hl=en&ip=0.0.0.0&ipbits=0&expire=1753472960&sparams=ip%2Cipbits%2Cexpire%2Cv%2Cei%2Ccaps%2Copi%2Cxoaf&signature=BF6AAB3D4430CACE152B9187312DC84373EE659D.A4720C5E9D32CB844611A6CC9D701A6F66CF4CEC&key=yt8&kind=asr&lang=en&variant=punctuated&tlang=cs&fmt=vtt", "name": "Czech", "impersonate": true, "__yt_dlp_client": "tv"}], "da": [{"ext": "json3", "url": "https://www.youtube.com/api/timedtext?v=gqAmIg0fcts&ei=T32DaNr0O9zXsfIP_qmmyAk&caps=asr&opi=112496729&xoaf=5&xospf=1&hl=en&ip=0.0.0.0&ipbits=0&expire=1753472960&sparams=ip%2Cipbits%2Cexpire%2Cv%2Cei%2Ccaps%2Copi%2Cxoaf&signature=BF6AAB3D4430CACE152B9187312DC84373EE659D.A4720C5E9D32CB844611A6CC9D701A6F66CF4CEC&key=yt8&kind=asr&lang=en&variant=punctuated&tlang=da&fmt=json3", "name": "Danish", "impersonate": true, "__yt_dlp_client": "tv"}, {"ext": "srv1", "url": "https://www.youtube.com/api/timedtext?v=gqAmIg0fcts&ei=T32DaNr0O9zXsfIP_qmmyAk&caps=asr&opi=112496729&xoaf=5&xospf=1&hl=en&ip=0.0.0.0&ipbits=0&expire=1753472960&sparams=ip%2Cipbits%2Cexpire%2Cv%2Cei%2Ccaps%2Copi%2Cxoaf&signature=BF6AAB3D4430CACE152B9187312DC84373EE659D.A4720C5E9D32CB844611A6CC9D701A6F66CF4CEC&key=yt8&kind=asr&lang=en&variant=punctuated&tlang=da&fmt=srv1", "name": "Danish", "impersonate": true, "__yt_dlp_client": "tv"}, {"ext": "srv2", "url": "https://www.youtube.com/api/timedtext?v=gqAmIg0fcts&ei=T32DaNr0O9zXsfIP_qmmyAk&caps=asr&opi=112496729&xoaf=5&xospf=1&hl=en&ip=0.0.0.0&ipbits=0&expire=1753472960&sparams=ip%2Cipbits%2Cexpire%2Cv%2Cei%2Ccaps%2Copi%2Cxoaf&signature=BF6AAB3D4430CACE152B9187312DC84373EE659D.A4720C5E9D32CB844611A6CC9D701A6F66CF4CEC&key=yt8&kind=asr&lang=en&variant=punctuated&tlang=da&fmt=srv2", "name": "Danish", "impersonate": true, "__yt_dlp_client": "tv"}, {"ext": "srv3", "url": "https://www.youtube.com/api/timedtext?v=gqAmIg0fcts&ei=T32DaNr0O9zXsfIP_qmmyAk&caps=asr&opi=112496729&xoaf=5&xospf=1&hl=en&ip=0.0.0.0&ipbits=0&expire=1753472960&sparams=ip%2Cipbits%2Cexpire%2Cv%2Cei%2Ccaps%2Copi%2Cxoaf&signature=BF6AAB3D4430CACE152B9187312DC84373EE659D.A4720C5E9D32CB844611A6CC9D701A6F66CF4CEC&key=yt8&kind=asr&lang=en&variant=punctuated&tlang=da&fmt=srv3", "name": "Danish", "impersonate": true, "__yt_dlp_client": "tv"}, {"ext": "ttml", "url": "https://www.youtube.com/api/timedtext?v=gqAmIg0fcts&ei=T32DaNr0O9zXsfIP_qmmyAk&caps=asr&opi=112496729&xoaf=5&xospf=1&hl=en&ip=0.0.0.0&ipbits=0&expire=1753472960&sparams=ip%2Cipbits%2Cexpire%2Cv%2Cei%2Ccaps%2Copi%2Cxoaf&signature=BF6AAB3D4430CACE152B9187312DC84373EE659D.A4720C5E9D32CB844611A6CC9D701A6F66CF4CEC&key=yt8&kind=asr&lang=en&variant=punctuated&tlang=da&fmt=ttml", "name": "Danish", "impersonate": true, "__yt_dlp_client": "tv"}, {"ext": "srt", "url": "https://www.youtube.com/api/timedtext?v=gqAmIg0fcts&ei=T32DaNr0O9zXsfIP_qmmyAk&caps=asr&opi=112496729&xoaf=5&xospf=1&hl=en&ip=0.0.0.0&ipbits=0&expire=1753472960&sparams=ip%2Cipbits%2Cexpire%2Cv%2Cei%2Ccaps%2Copi%2Cxoaf&signature=BF6AAB3D4430CACE152B9187312DC84373EE659D.A4720C5E9D32CB844611A6CC9D701A6F66CF4CEC&key=yt8&kind=asr&lang=en&variant=punctuated&tlang=da&fmt=srt", "name": "Danish", "impersonate": true, "__yt_dlp_client": "tv"}, {"ext": "vtt", "url": "https://www.youtube.com/api/timedtext?v=gqAmIg0fcts&ei=T32DaNr0O9zXsfIP_qmmyAk&caps=asr&opi=112496729&xoaf=5&xospf=1&hl=en&ip=0.0.0.0&ipbits=0&expire=1753472960&sparams=ip%2Cipbits%2Cexpire%2Cv%2Cei%2Ccaps%2Copi%2Cxoaf&signature=BF6AAB3D4430CACE152B9187312DC84373EE659D.A4720C5E9D32CB844611A6CC9D701A6F66CF4CEC&key=yt8&kind=asr&lang=en&variant=punctuated&tlang=da&fmt=vtt", "name": "Danish", "impersonate": true, "__yt_dlp_client": "tv"}], "dv": [{"ext": "json3", "url": "https://www.youtube.com/api/timedtext?v=gqAmIg0fcts&ei=T32DaNr0O9zXsfIP_qmmyAk&caps=asr&opi=112496729&xoaf=5&xospf=1&hl=en&ip=0.0.0.0&ipbits=0&expire=1753472960&sparams=ip%2Cipbits%2Cexpire%2Cv%2Cei%2Ccaps%2Copi%2Cxoaf&signature=BF6AAB3D4430CACE152B9187312DC84373EE659D.A4720C5E9D32CB844611A6CC9D701A6F66CF4CEC&key=yt8&kind=asr&lang=en&variant=punctuated&tlang=dv&fmt=json3", "name": "Divehi", "impersonate": true, "__yt_dlp_client": "tv"}, {"ext": "srv1", "url": "https://www.youtube.com/api/timedtext?v=gqAmIg0fcts&ei=T32DaNr0O9zXsfIP_qmmyAk&caps=asr&opi=112496729&xoaf=5&xospf=1&hl=en&ip=0.0.0.0&ipbits=0&expire=1753472960&sparams=ip%2Cipbits%2Cexpire%2Cv%2Cei%2Ccaps%2Copi%2Cxoaf&signature=BF6AAB3D4430CACE152B9187312DC84373EE659D.A4720C5E9D32CB844611A6CC9D701A6F66CF4CEC&key=yt8&kind=asr&lang=en&variant=punctuated&tlang=dv&fmt=srv1", "name": "Divehi", "impersonate": true, "__yt_dlp_client": "tv"}, {"ext": "srv2", "url": "https://www.youtube.com/api/timedtext?v=gqAmIg0fcts&ei=T32DaNr0O9zXsfIP_qmmyAk&caps=asr&opi=112496729&xoaf=5&xospf=1&hl=en&ip=0.0.0.0&ipbits=0&expire=1753472960&sparams=ip%2Cipbits%2Cexpire%2Cv%2Cei%2Ccaps%2Copi%2Cxoaf&signature=BF6AAB3D4430CACE152B9187312DC84373EE659D.A4720C5E9D32CB844611A6CC9D701A6F66CF4CEC&key=yt8&kind=asr&lang=en&variant=punctuated&tlang=dv&fmt=srv2", "name": "Divehi", "impersonate": true, "__yt_dlp_client": "tv"}, {"ext": "srv3", "url": "https://www.youtube.com/api/timedtext?v=gqAmIg0fcts&ei=T32DaNr0O9zXsfIP_qmmyAk&caps=asr&opi=112496729&xoaf=5&xospf=1&hl=en&ip=0.0.0.0&ipbits=0&expire=1753472960&sparams=ip%2Cipbits%2Cexpire%2Cv%2Cei%2Ccaps%2Copi%2Cxoaf&signature=BF6AAB3D4430CACE152B9187312DC84373EE659D.A4720C5E9D32CB844611A6CC9D701A6F66CF4CEC&key=yt8&kind=asr&lang=en&variant=punctuated&tlang=dv&fmt=srv3", "name": "Divehi", "impersonate": true, "__yt_dlp_client": "tv"}, {"ext": "ttml", "url": "https://www.youtube.com/api/timedtext?v=gqAmIg0fcts&ei=T32DaNr0O9zXsfIP_qmmyAk&caps=asr&opi=112496729&xoaf=5&xospf=1&hl=en&ip=0.0.0.0&ipbits=0&expire=1753472960&sparams=ip%2Cipbits%2Cexpire%2Cv%2Cei%2Ccaps%2Copi%2Cxoaf&signature=BF6AAB3D4430CACE152B9187312DC84373EE659D.A4720C5E9D32CB844611A6CC9D701A6F66CF4CEC&key=yt8&kind=asr&lang=en&variant=punctuated&tlang=dv&fmt=ttml", "name": "Divehi", "impersonate": true, "__yt_dlp_client": "tv"}, {"ext": "srt", "url": "https://www.youtube.com/api/timedtext?v=gqAmIg0fcts&ei=T32DaNr0O9zXsfIP_qmmyAk&caps=asr&opi=112496729&xoaf=5&xospf=1&hl=en&ip=0.0.0.0&ipbits=0&expire=1753472960&sparams=ip%2Cipbits%2Cexpire%2Cv%2Cei%2Ccaps%2Copi%2Cxoaf&signature=BF6AAB3D4430CACE152B9187312DC84373EE659D.A4720C5E9D32CB844611A6CC9D701A6F66CF4CEC&key=yt8&kind=asr&lang=en&variant=punctuated&tlang=dv&fmt=srt", "name": "Divehi", "impersonate": true, "__yt_dlp_client": "tv"}, {"ext": "vtt", "url": "https://www.youtube.com/api/timedtext?v=gqAmIg0fcts&ei=T32DaNr0O9zXsfIP_qmmyAk&caps=asr&opi=112496729&xoaf=5&xospf=1&hl=en&ip=0.0.0.0&ipbits=0&expire=1753472960&sparams=ip%2Cipbits%2Cexpire%2Cv%2Cei%2Ccaps%2Copi%2Cxoaf&signature=BF6AAB3D4430CACE152B9187312DC84373EE659D.A4720C5E9D32CB844611A6CC9D701A6F66CF4CEC&key=yt8&kind=asr&lang=en&variant=punctuated&tlang=dv&fmt=vtt", "name": "Divehi", "impersonate": true, "__yt_dlp_client": "tv"}], "nl": [{"ext": "json3", "url": "https://www.youtube.com/api/timedtext?v=gqAmIg0fcts&ei=T32DaNr0O9zXsfIP_qmmyAk&caps=asr&opi=112496729&xoaf=5&xospf=1&hl=en&ip=0.0.0.0&ipbits=0&expire=1753472960&sparams=ip%2Cipbits%2Cexpire%2Cv%2Cei%2Ccaps%2Copi%2Cxoaf&signature=BF6AAB3D4430CACE152B9187312DC84373EE659D.A4720C5E9D32CB844611A6CC9D701A6F66CF4CEC&key=yt8&kind=asr&lang=en&variant=punctuated&tlang=nl&fmt=json3", "name": "Dutch", "impersonate": true, "__yt_dlp_client": "tv"}, {"ext": "srv1", "url": "https://www.youtube.com/api/timedtext?v=gqAmIg0fcts&ei=T32DaNr0O9zXsfIP_qmmyAk&caps=asr&opi=112496729&xoaf=5&xospf=1&hl=en&ip=0.0.0.0&ipbits=0&expire=1753472960&sparams=ip%2Cipbits%2Cexpire%2Cv%2Cei%2Ccaps%2Copi%2Cxoaf&signature=BF6AAB3D4430CACE152B9187312DC84373EE659D.A4720C5E9D32CB844611A6CC9D701A6F66CF4CEC&key=yt8&kind=asr&lang=en&variant=punctuated&tlang=nl&fmt=srv1", "name": "Dutch", "impersonate": true, "__yt_dlp_client": "tv"}, {"ext": "srv2", "url": "https://www.youtube.com/api/timedtext?v=gqAmIg0fcts&ei=T32DaNr0O9zXsfIP_qmmyAk&caps=asr&opi=112496729&xoaf=5&xospf=1&hl=en&ip=0.0.0.0&ipbits=0&expire=1753472960&sparams=ip%2Cipbits%2Cexpire%2Cv%2Cei%2Ccaps%2Copi%2Cxoaf&signature=BF6AAB3D4430CACE152B9187312DC84373EE659D.A4720C5E9D32CB844611A6CC9D701A6F66CF4CEC&key=yt8&kind=asr&lang=en&variant=punctuated&tlang=nl&fmt=srv2", "name": "Dutch", "impersonate": true, "__yt_dlp_client": "tv"}, {"ext": "srv3", "url": "https://www.youtube.com/api/timedtext?v=gqAmIg0fcts&ei=T32DaNr0O9zXsfIP_qmmyAk&caps=asr&opi=112496729&xoaf=5&xospf=1&hl=en&ip=0.0.0.0&ipbits=0&expire=1753472960&sparams=ip%2Cipbits%2Cexpire%2Cv%2Cei%2Ccaps%2Copi%2Cxoaf&signature=BF6AAB3D4430CACE152B9187312DC84373EE659D.A4720C5E9D32CB844611A6CC9D701A6F66CF4CEC&key=yt8&kind=asr&lang=en&variant=punctuated&tlang=nl&fmt=srv3", "name": "Dutch", "impersonate": true, "__yt_dlp_client": "tv"}, {"ext": "ttml", "url": "https://www.youtube.com/api/timedtext?v=gqAmIg0fcts&ei=T32DaNr0O9zXsfIP_qmmyAk&caps=asr&opi=112496729&xoaf=5&xospf=1&hl=en&ip=0.0.0.0&ipbits=0&expire=1753472960&sparams=ip%2Cipbits%2Cexpire%2Cv%2Cei%2Ccaps%2Copi%2Cxoaf&signature=BF6AAB3D4430CACE152B9187312DC84373EE659D.A4720C5E9D32CB844611A6CC9D701A6F66CF4CEC&key=yt8&kind=asr&lang=en&variant=punctuated&tlang=nl&fmt=ttml", "name": "Dutch", "impersonate": true, "__yt_dlp_client": "tv"}, {"ext": "srt", "url": "https://www.youtube.com/api/timedtext?v=gqAmIg0fcts&ei=T32DaNr0O9zXsfIP_qmmyAk&caps=asr&opi=112496729&xoaf=5&xospf=1&hl=en&ip=0.0.0.0&ipbits=0&expire=1753472960&sparams=ip%2Cipbits%2Cexpire%2Cv%2Cei%2Ccaps%2Copi%2Cxoaf&signature=BF6AAB3D4430CACE152B9187312DC84373EE659D.A4720C5E9D32CB844611A6CC9D701A6F66CF4CEC&key=yt8&kind=asr&lang=en&variant=punctuated&tlang=nl&fmt=srt", "name": "Dutch", "impersonate": true, "__yt_dlp_client": "tv"}, {"ext": "vtt", "url": "https://www.youtube.com/api/timedtext?v=gqAmIg0fcts&ei=T32DaNr0O9zXsfIP_qmmyAk&caps=asr&opi=112496729&xoaf=5&xospf=1&hl=en&ip=0.0.0.0&ipbits=0&expire=1753472960&sparams=ip%2Cipbits%2Cexpire%2Cv%2Cei%2Ccaps%2Copi%2Cxoaf&signature=BF6AAB3D4430CACE152B9187312DC84373EE659D.A4720C5E9D32CB844611A6CC9D701A6F66CF4CEC&key=yt8&kind=asr&lang=en&variant=punctuated&tlang=nl&fmt=vtt", "name": "Dutch", "impersonate": true, "__yt_dlp_client": "tv"}], "dz": [{"ext": "json3", "url": "https://www.youtube.com/api/timedtext?v=gqAmIg0fcts&ei=T32DaNr0O9zXsfIP_qmmyAk&caps=asr&opi=112496729&xoaf=5&xospf=1&hl=en&ip=0.0.0.0&ipbits=0&expire=1753472960&sparams=ip%2Cipbits%2Cexpire%2Cv%2Cei%2Ccaps%2Copi%2Cxoaf&signature=BF6AAB3D4430CACE152B9187312DC84373EE659D.A4720C5E9D32CB844611A6CC9D701A6F66CF4CEC&key=yt8&kind=asr&lang=en&variant=punctuated&tlang=dz&fmt=json3", "name": "Dzongkha", "impersonate": true, "__yt_dlp_client": "tv"}, {"ext": "srv1", "url": "https://www.youtube.com/api/timedtext?v=gqAmIg0fcts&ei=T32DaNr0O9zXsfIP_qmmyAk&caps=asr&opi=112496729&xoaf=5&xospf=1&hl=en&ip=0.0.0.0&ipbits=0&expire=1753472960&sparams=ip%2Cipbits%2Cexpire%2Cv%2Cei%2Ccaps%2Copi%2Cxoaf&signature=BF6AAB3D4430CACE152B9187312DC84373EE659D.A4720C5E9D32CB844611A6CC9D701A6F66CF4CEC&key=yt8&kind=asr&lang=en&variant=punctuated&tlang=dz&fmt=srv1", "name": "Dzongkha", "impersonate": true, "__yt_dlp_client": "tv"}, {"ext": "srv2", "url": "https://www.youtube.com/api/timedtext?v=gqAmIg0fcts&ei=T32DaNr0O9zXsfIP_qmmyAk&caps=asr&opi=112496729&xoaf=5&xospf=1&hl=en&ip=0.0.0.0&ipbits=0&expire=1753472960&sparams=ip%2Cipbits%2Cexpire%2Cv%2Cei%2Ccaps%2Copi%2Cxoaf&signature=BF6AAB3D4430CACE152B9187312DC84373EE659D.A4720C5E9D32CB844611A6CC9D701A6F66CF4CEC&key=yt8&kind=asr&lang=en&variant=punctuated&tlang=dz&fmt=srv2", "name": "Dzongkha", "impersonate": true, "__yt_dlp_client": "tv"}, {"ext": "srv3", "url": "https://www.youtube.com/api/timedtext?v=gqAmIg0fcts&ei=T32DaNr0O9zXsfIP_qmmyAk&caps=asr&opi=112496729&xoaf=5&xospf=1&hl=en&ip=0.0.0.0&ipbits=0&expire=1753472960&sparams=ip%2Cipbits%2Cexpire%2Cv%2Cei%2Ccaps%2Copi%2Cxoaf&signature=BF6AAB3D4430CACE152B9187312DC84373EE659D.A4720C5E9D32CB844611A6CC9D701A6F66CF4CEC&key=yt8&kind=asr&lang=en&variant=punctuated&tlang=dz&fmt=srv3", "name": "Dzongkha", "impersonate": true, "__yt_dlp_client": "tv"}, {"ext": "ttml", "url": "https://www.youtube.com/api/timedtext?v=gqAmIg0fcts&ei=T32DaNr0O9zXsfIP_qmmyAk&caps=asr&opi=112496729&xoaf=5&xospf=1&hl=en&ip=0.0.0.0&ipbits=0&expire=1753472960&sparams=ip%2Cipbits%2Cexpire%2Cv%2Cei%2Ccaps%2Copi%2Cxoaf&signature=BF6AAB3D4430CACE152B9187312DC84373EE659D.A4720C5E9D32CB844611A6CC9D701A6F66CF4CEC&key=yt8&kind=asr&lang=en&variant=punctuated&tlang=dz&fmt=ttml", "name": "Dzongkha", "impersonate": true, "__yt_dlp_client": "tv"}, {"ext": "srt", "url": "https://www.youtube.com/api/timedtext?v=gqAmIg0fcts&ei=T32DaNr0O9zXsfIP_qmmyAk&caps=asr&opi=112496729&xoaf=5&xospf=1&hl=en&ip=0.0.0.0&ipbits=0&expire=1753472960&sparams=ip%2Cipbits%2Cexpire%2Cv%2Cei%2Ccaps%2Copi%2Cxoaf&signature=BF6AAB3D4430CACE152B9187312DC84373EE659D.A4720C5E9D32CB844611A6CC9D701A6F66CF4CEC&key=yt8&kind=asr&lang=en&variant=punctuated&tlang=dz&fmt=srt", "name": "Dzongkha", "impersonate": true, "__yt_dlp_client": "tv"}, {"ext": "vtt", "url": "https://www.youtube.com/api/timedtext?v=gqAmIg0fcts&ei=T32DaNr0O9zXsfIP_qmmyAk&caps=asr&opi=112496729&xoaf=5&xospf=1&hl=en&ip=0.0.0.0&ipbits=0&expire=1753472960&sparams=ip%2Cipbits%2Cexpire%2Cv%2Cei%2Ccaps%2Copi%2Cxoaf&signature=BF6AAB3D4430CACE152B9187312DC84373EE659D.A4720C5E9D32CB844611A6CC9D701A6F66CF4CEC&key=yt8&kind=asr&lang=en&variant=punctuated&tlang=dz&fmt=vtt", "name": "Dzongkha", "impersonate": true, "__yt_dlp_client": "tv"}], "en-orig": [{"ext": "json3", "url": "https://www.youtube.com/api/timedtext?v=gqAmIg0fcts&ei=T32DaNr0O9zXsfIP_qmmyAk&caps=asr&opi=112496729&xoaf=5&xospf=1&hl=en&ip=0.0.0.0&ipbits=0&expire=1753472960&sparams=ip%2Cipbits%2Cexpire%2Cv%2Cei%2Ccaps%2Copi%2Cxoaf&signature=BF6AAB3D4430CACE152B9187312DC84373EE659D.A4720C5E9D32CB844611A6CC9D701A6F66CF4CEC&key=yt8&kind=asr&lang=en&variant=punctuated&fmt=json3", "name": "English (Original)", "impersonate": true, "__yt_dlp_client": "tv"}, {"ext": "srv1", "url": "https://www.youtube.com/api/timedtext?v=gqAmIg0fcts&ei=T32DaNr0O9zXsfIP_qmmyAk&caps=asr&opi=112496729&xoaf=5&xospf=1&hl=en&ip=0.0.0.0&ipbits=0&expire=1753472960&sparams=ip%2Cipbits%2Cexpire%2Cv%2Cei%2Ccaps%2Copi%2Cxoaf&signature=BF6AAB3D4430CACE152B9187312DC84373EE659D.A4720C5E9D32CB844611A6CC9D701A6F66CF4CEC&key=yt8&kind=asr&lang=en&variant=punctuated&fmt=srv1", "name": "English (Original)", "impersonate": true, "__yt_dlp_client": "tv"}, {"ext": "srv2", "url": "https://www.youtube.com/api/timedtext?v=gqAmIg0fcts&ei=T32DaNr0O9zXsfIP_qmmyAk&caps=asr&opi=112496729&xoaf=5&xospf=1&hl=en&ip=0.0.0.0&ipbits=0&expire=1753472960&sparams=ip%2Cipbits%2Cexpire%2Cv%2Cei%2Ccaps%2Copi%2Cxoaf&signature=BF6AAB3D4430CACE152B9187312DC84373EE659D.A4720C5E9D32CB844611A6CC9D701A6F66CF4CEC&key=yt8&kind=asr&lang=en&variant=punctuated&fmt=srv2", "name": "English (Original)", "impersonate": true, "__yt_dlp_client": "tv"}, {"ext": "srv3", "url": "https://www.youtube.com/api/timedtext?v=gqAmIg0fcts&ei=T32DaNr0O9zXsfIP_qmmyAk&caps=asr&opi=112496729&xoaf=5&xospf=1&hl=en&ip=0.0.0.0&ipbits=0&expire=1753472960&sparams=ip%2Cipbits%2Cexpire%2Cv%2Cei%2Ccaps%2Copi%2Cxoaf&signature=BF6AAB3D4430CACE152B9187312DC84373EE659D.A4720C5E9D32CB844611A6CC9D701A6F66CF4CEC&key=yt8&kind=asr&lang=en&variant=punctuated&fmt=srv3", "name": "English (Original)", "impersonate": true, "__yt_dlp_client": "tv"}, {"ext": "ttml", "url": "https://www.youtube.com/api/timedtext?v=gqAmIg0fcts&ei=T32DaNr0O9zXsfIP_qmmyAk&caps=asr&opi=112496729&xoaf=5&xospf=1&hl=en&ip=0.0.0.0&ipbits=0&expire=1753472960&sparams=ip%2Cipbits%2Cexpire%2Cv%2Cei%2Ccaps%2Copi%2Cxoaf&signature=BF6AAB3D4430CACE152B9187312DC84373EE659D.A4720C5E9D32CB844611A6CC9D701A6F66CF4CEC&key=yt8&kind=asr&lang=en&variant=punctuated&fmt=ttml", "name": "English (Original)", "impersonate": true, "__yt_dlp_client": "tv"}, {"ext": "srt", "url": "https://www.youtube.com/api/timedtext?v=gqAmIg0fcts&ei=T32DaNr0O9zXsfIP_qmmyAk&caps=asr&opi=112496729&xoaf=5&xospf=1&hl=en&ip=0.0.0.0&ipbits=0&expire=1753472960&sparams=ip%2Cipbits%2Cexpire%2Cv%2Cei%2Ccaps%2Copi%2Cxoaf&signature=BF6AAB3D4430CACE152B9187312DC84373EE659D.A4720C5E9D32CB844611A6CC9D701A6F66CF4CEC&key=yt8&kind=asr&lang=en&variant=punctuated&fmt=srt", "name": "English (Original)", "impersonate": true, "__yt_dlp_client": "tv"}, {"ext": "vtt", "url": "https://www.youtube.com/api/timedtext?v=gqAmIg0fcts&ei=T32DaNr0O9zXsfIP_qmmyAk&caps=asr&opi=112496729&xoaf=5&xospf=1&hl=en&ip=0.0.0.0&ipbits=0&expire=1753472960&sparams=ip%2Cipbits%2Cexpire%2Cv%2Cei%2Ccaps%2Copi%2Cxoaf&signature=BF6AAB3D4430CACE152B9187312DC84373EE659D.A4720C5E9D32CB844611A6CC9D701A6F66CF4CEC&key=yt8&kind=asr&lang=en&variant=punctuated&fmt=vtt", "name": "English (Original)", "impersonate": true, "__yt_dlp_client": "tv"}], "eo": [{"ext": "json3", "url": "https://www.youtube.com/api/timedtext?v=gqAmIg0fcts&ei=T32DaNr0O9zXsfIP_qmmyAk&caps=asr&opi=112496729&xoaf=5&xospf=1&hl=en&ip=0.0.0.0&ipbits=0&expire=1753472960&sparams=ip%2Cipbits%2Cexpire%2Cv%2Cei%2Ccaps%2Copi%2Cxoaf&signature=BF6AAB3D4430CACE152B9187312DC84373EE659D.A4720C5E9D32CB844611A6CC9D701A6F66CF4CEC&key=yt8&kind=asr&lang=en&variant=punctuated&tlang=eo&fmt=json3", "name": "Esperanto", "impersonate": true, "__yt_dlp_client": "tv"}, {"ext": "srv1", "url": "https://www.youtube.com/api/timedtext?v=gqAmIg0fcts&ei=T32DaNr0O9zXsfIP_qmmyAk&caps=asr&opi=112496729&xoaf=5&xospf=1&hl=en&ip=0.0.0.0&ipbits=0&expire=1753472960&sparams=ip%2Cipbits%2Cexpire%2Cv%2Cei%2Ccaps%2Copi%2Cxoaf&signature=BF6AAB3D4430CACE152B9187312DC84373EE659D.A4720C5E9D32CB844611A6CC9D701A6F66CF4CEC&key=yt8&kind=asr&lang=en&variant=punctuated&tlang=eo&fmt=srv1", "name": "Esperanto", "impersonate": true, "__yt_dlp_client": "tv"}, {"ext": "srv2", "url": "https://www.youtube.com/api/timedtext?v=gqAmIg0fcts&ei=T32DaNr0O9zXsfIP_qmmyAk&caps=asr&opi=112496729&xoaf=5&xospf=1&hl=en&ip=0.0.0.0&ipbits=0&expire=1753472960&sparams=ip%2Cipbits%2Cexpire%2Cv%2Cei%2Ccaps%2Copi%2Cxoaf&signature=BF6AAB3D4430CACE152B9187312DC84373EE659D.A4720C5E9D32CB844611A6CC9D701A6F66CF4CEC&key=yt8&kind=asr&lang=en&variant=punctuated&tlang=eo&fmt=srv2", "name": "Esperanto", "impersonate": true, "__yt_dlp_client": "tv"}, {"ext": "srv3", "url": "https://www.youtube.com/api/timedtext?v=gqAmIg0fcts&ei=T32DaNr0O9zXsfIP_qmmyAk&caps=asr&opi=112496729&xoaf=5&xospf=1&hl=en&ip=0.0.0.0&ipbits=0&expire=1753472960&sparams=ip%2Cipbits%2Cexpire%2Cv%2Cei%2Ccaps%2Copi%2Cxoaf&signature=BF6AAB3D4430CACE152B9187312DC84373EE659D.A4720C5E9D32CB844611A6CC9D701A6F66CF4CEC&key=yt8&kind=asr&lang=en&variant=punctuated&tlang=eo&fmt=srv3", "name": "Esperanto", "impersonate": true, "__yt_dlp_client": "tv"}, {"ext": "ttml", "url": "https://www.youtube.com/api/timedtext?v=gqAmIg0fcts&ei=T32DaNr0O9zXsfIP_qmmyAk&caps=asr&opi=112496729&xoaf=5&xospf=1&hl=en&ip=0.0.0.0&ipbits=0&expire=1753472960&sparams=ip%2Cipbits%2Cexpire%2Cv%2Cei%2Ccaps%2Copi%2Cxoaf&signature=BF6AAB3D4430CACE152B9187312DC84373EE659D.A4720C5E9D32CB844611A6CC9D701A6F66CF4CEC&key=yt8&kind=asr&lang=en&variant=punctuated&tlang=eo&fmt=ttml", "name": "Esperanto", "impersonate": true, "__yt_dlp_client": "tv"}, {"ext": "srt", "url": "https://www.youtube.com/api/timedtext?v=gqAmIg0fcts&ei=T32DaNr0O9zXsfIP_qmmyAk&caps=asr&opi=112496729&xoaf=5&xospf=1&hl=en&ip=0.0.0.0&ipbits=0&expire=1753472960&sparams=ip%2Cipbits%2Cexpire%2Cv%2Cei%2Ccaps%2Copi%2Cxoaf&signature=BF6AAB3D4430CACE152B9187312DC84373EE659D.A4720C5E9D32CB844611A6CC9D701A6F66CF4CEC&key=yt8&kind=asr&lang=en&variant=punctuated&tlang=eo&fmt=srt", "name": "Esperanto", "impersonate": true, "__yt_dlp_client": "tv"}, {"ext": "vtt", "url": "https://www.youtube.com/api/timedtext?v=gqAmIg0fcts&ei=T32DaNr0O9zXsfIP_qmmyAk&caps=asr&opi=112496729&xoaf=5&xospf=1&hl=en&ip=0.0.0.0&ipbits=0&expire=1753472960&sparams=ip%2Cipbits%2Cexpire%2Cv%2Cei%2Ccaps%2Copi%2Cxoaf&signature=BF6AAB3D4430CACE152B9187312DC84373EE659D.A4720C5E9D32CB844611A6CC9D701A6F66CF4CEC&key=yt8&kind=asr&lang=en&variant=punctuated&tlang=eo&fmt=vtt", "name": "Esperanto", "impersonate": true, "__yt_dlp_client": "tv"}], "et": [{"ext": "json3", "url": "https://www.youtube.com/api/timedtext?v=gqAmIg0fcts&ei=T32DaNr0O9zXsfIP_qmmyAk&caps=asr&opi=112496729&xoaf=5&xospf=1&hl=en&ip=0.0.0.0&ipbits=0&expire=1753472960&sparams=ip%2Cipbits%2Cexpire%2Cv%2Cei%2Ccaps%2Copi%2Cxoaf&signature=BF6AAB3D4430CACE152B9187312DC84373EE659D.A4720C5E9D32CB844611A6CC9D701A6F66CF4CEC&key=yt8&kind=asr&lang=en&variant=punctuated&tlang=et&fmt=json3", "name": "Estonian", "impersonate": true, "__yt_dlp_client": "tv"}, {"ext": "srv1", "url": "https://www.youtube.com/api/timedtext?v=gqAmIg0fcts&ei=T32DaNr0O9zXsfIP_qmmyAk&caps=asr&opi=112496729&xoaf=5&xospf=1&hl=en&ip=0.0.0.0&ipbits=0&expire=1753472960&sparams=ip%2Cipbits%2Cexpire%2Cv%2Cei%2Ccaps%2Copi%2Cxoaf&signature=BF6AAB3D4430CACE152B9187312DC84373EE659D.A4720C5E9D32CB844611A6CC9D701A6F66CF4CEC&key=yt8&kind=asr&lang=en&variant=punctuated&tlang=et&fmt=srv1", "name": "Estonian", "impersonate": true, "__yt_dlp_client": "tv"}, {"ext": "srv2", "url": "https://www.youtube.com/api/timedtext?v=gqAmIg0fcts&ei=T32DaNr0O9zXsfIP_qmmyAk&caps=asr&opi=112496729&xoaf=5&xospf=1&hl=en&ip=0.0.0.0&ipbits=0&expire=1753472960&sparams=ip%2Cipbits%2Cexpire%2Cv%2Cei%2Ccaps%2Copi%2Cxoaf&signature=BF6AAB3D4430CACE152B9187312DC84373EE659D.A4720C5E9D32CB844611A6CC9D701A6F66CF4CEC&key=yt8&kind=asr&lang=en&variant=punctuated&tlang=et&fmt=srv2", "name": "Estonian", "impersonate": true, "__yt_dlp_client": "tv"}, {"ext": "srv3", "url": "https://www.youtube.com/api/timedtext?v=gqAmIg0fcts&ei=T32DaNr0O9zXsfIP_qmmyAk&caps=asr&opi=112496729&xoaf=5&xospf=1&hl=en&ip=0.0.0.0&ipbits=0&expire=1753472960&sparams=ip%2Cipbits%2Cexpire%2Cv%2Cei%2Ccaps%2Copi%2Cxoaf&signature=BF6AAB3D4430CACE152B9187312DC84373EE659D.A4720C5E9D32CB844611A6CC9D701A6F66CF4CEC&key=yt8&kind=asr&lang=en&variant=punctuated&tlang=et&fmt=srv3", "name": "Estonian", "impersonate": true, "__yt_dlp_client": "tv"}, {"ext": "ttml", "url": "https://www.youtube.com/api/timedtext?v=gqAmIg0fcts&ei=T32DaNr0O9zXsfIP_qmmyAk&caps=asr&opi=112496729&xoaf=5&xospf=1&hl=en&ip=0.0.0.0&ipbits=0&expire=1753472960&sparams=ip%2Cipbits%2Cexpire%2Cv%2Cei%2Ccaps%2Copi%2Cxoaf&signature=BF6AAB3D4430CACE152B9187312DC84373EE659D.A4720C5E9D32CB844611A6CC9D701A6F66CF4CEC&key=yt8&kind=asr&lang=en&variant=punctuated&tlang=et&fmt=ttml", "name": "Estonian", "impersonate": true, "__yt_dlp_client": "tv"}, {"ext": "srt", "url": "https://www.youtube.com/api/timedtext?v=gqAmIg0fcts&ei=T32DaNr0O9zXsfIP_qmmyAk&caps=asr&opi=112496729&xoaf=5&xospf=1&hl=en&ip=0.0.0.0&ipbits=0&expire=1753472960&sparams=ip%2Cipbits%2Cexpire%2Cv%2Cei%2Ccaps%2Copi%2Cxoaf&signature=BF6AAB3D4430CACE152B9187312DC84373EE659D.A4720C5E9D32CB844611A6CC9D701A6F66CF4CEC&key=yt8&kind=asr&lang=en&variant=punctuated&tlang=et&fmt=srt", "name": "Estonian", "impersonate": true, "__yt_dlp_client": "tv"}, {"ext": "vtt", "url": "https://www.youtube.com/api/timedtext?v=gqAmIg0fcts&ei=T32DaNr0O9zXsfIP_qmmyAk&caps=asr&opi=112496729&xoaf=5&xospf=1&hl=en&ip=0.0.0.0&ipbits=0&expire=1753472960&sparams=ip%2Cipbits%2Cexpire%2Cv%2Cei%2Ccaps%2Copi%2Cxoaf&signature=BF6AAB3D4430CACE152B9187312DC84373EE659D.A4720C5E9D32CB844611A6CC9D701A6F66CF4CEC&key=yt8&kind=asr&lang=en&variant=punctuated&tlang=et&fmt=vtt", "name": "Estonian", "impersonate": true, "__yt_dlp_client": "tv"}], "ee": [{"ext": "json3", "url": "https://www.youtube.com/api/timedtext?v=gqAmIg0fcts&ei=T32DaNr0O9zXsfIP_qmmyAk&caps=asr&opi=112496729&xoaf=5&xospf=1&hl=en&ip=0.0.0.0&ipbits=0&expire=1753472960&sparams=ip%2Cipbits%2Cexpire%2Cv%2Cei%2Ccaps%2Copi%2Cxoaf&signature=BF6AAB3D4430CACE152B9187312DC84373EE659D.A4720C5E9D32CB844611A6CC9D701A6F66CF4CEC&key=yt8&kind=asr&lang=en&variant=punctuated&tlang=ee&fmt=json3", "name": "Ewe", "impersonate": true, "__yt_dlp_client": "tv"}, {"ext": "srv1", "url": "https://www.youtube.com/api/timedtext?v=gqAmIg0fcts&ei=T32DaNr0O9zXsfIP_qmmyAk&caps=asr&opi=112496729&xoaf=5&xospf=1&hl=en&ip=0.0.0.0&ipbits=0&expire=1753472960&sparams=ip%2Cipbits%2Cexpire%2Cv%2Cei%2Ccaps%2Copi%2Cxoaf&signature=BF6AAB3D4430CACE152B9187312DC84373EE659D.A4720C5E9D32CB844611A6CC9D701A6F66CF4CEC&key=yt8&kind=asr&lang=en&variant=punctuated&tlang=ee&fmt=srv1", "name": "Ewe", "impersonate": true, "__yt_dlp_client": "tv"}, {"ext": "srv2", "url": "https://www.youtube.com/api/timedtext?v=gqAmIg0fcts&ei=T32DaNr0O9zXsfIP_qmmyAk&caps=asr&opi=112496729&xoaf=5&xospf=1&hl=en&ip=0.0.0.0&ipbits=0&expire=1753472960&sparams=ip%2Cipbits%2Cexpire%2Cv%2Cei%2Ccaps%2Copi%2Cxoaf&signature=BF6AAB3D4430CACE152B9187312DC84373EE659D.A4720C5E9D32CB844611A6CC9D701A6F66CF4CEC&key=yt8&kind=asr&lang=en&variant=punctuated&tlang=ee&fmt=srv2", "name": "Ewe", "impersonate": true, "__yt_dlp_client": "tv"}, {"ext": "srv3", "url": "https://www.youtube.com/api/timedtext?v=gqAmIg0fcts&ei=T32DaNr0O9zXsfIP_qmmyAk&caps=asr&opi=112496729&xoaf=5&xospf=1&hl=en&ip=0.0.0.0&ipbits=0&expire=1753472960&sparams=ip%2Cipbits%2Cexpire%2Cv%2Cei%2Ccaps%2Copi%2Cxoaf&signature=BF6AAB3D4430CACE152B9187312DC84373EE659D.A4720C5E9D32CB844611A6CC9D701A6F66CF4CEC&key=yt8&kind=asr&lang=en&variant=punctuated&tlang=ee&fmt=srv3", "name": "Ewe", "impersonate": true, "__yt_dlp_client": "tv"}, {"ext": "ttml", "url": "https://www.youtube.com/api/timedtext?v=gqAmIg0fcts&ei=T32DaNr0O9zXsfIP_qmmyAk&caps=asr&opi=112496729&xoaf=5&xospf=1&hl=en&ip=0.0.0.0&ipbits=0&expire=1753472960&sparams=ip%2Cipbits%2Cexpire%2Cv%2Cei%2Ccaps%2Copi%2Cxoaf&signature=BF6AAB3D4430CACE152B9187312DC84373EE659D.A4720C5E9D32CB844611A6CC9D701A6F66CF4CEC&key=yt8&kind=asr&lang=en&variant=punctuated&tlang=ee&fmt=ttml", "name": "Ewe", "impersonate": true, "__yt_dlp_client": "tv"}, {"ext": "srt", "url": "https://www.youtube.com/api/timedtext?v=gqAmIg0fcts&ei=T32DaNr0O9zXsfIP_qmmyAk&caps=asr&opi=112496729&xoaf=5&xospf=1&hl=en&ip=0.0.0.0&ipbits=0&expire=1753472960&sparams=ip%2Cipbits%2Cexpire%2Cv%2Cei%2Ccaps%2Copi%2Cxoaf&signature=BF6AAB3D4430CACE152B9187312DC84373EE659D.A4720C5E9D32CB844611A6CC9D701A6F66CF4CEC&key=yt8&kind=asr&lang=en&variant=punctuated&tlang=ee&fmt=srt", "name": "Ewe", "impersonate": true, "__yt_dlp_client": "tv"}, {"ext": "vtt", "url": "https://www.youtube.com/api/timedtext?v=gqAmIg0fcts&ei=T32DaNr0O9zXsfIP_qmmyAk&caps=asr&opi=112496729&xoaf=5&xospf=1&hl=en&ip=0.0.0.0&ipbits=0&expire=1753472960&sparams=ip%2Cipbits%2Cexpire%2Cv%2Cei%2Ccaps%2Copi%2Cxoaf&signature=BF6AAB3D4430CACE152B9187312DC84373EE659D.A4720C5E9D32CB844611A6CC9D701A6F66CF4CEC&key=yt8&kind=asr&lang=en&variant=punctuated&tlang=ee&fmt=vtt", "name": "Ewe", "impersonate": true, "__yt_dlp_client": "tv"}], "fo": [{"ext": "json3", "url": "https://www.youtube.com/api/timedtext?v=gqAmIg0fcts&ei=T32DaNr0O9zXsfIP_qmmyAk&caps=asr&opi=112496729&xoaf=5&xospf=1&hl=en&ip=0.0.0.0&ipbits=0&expire=1753472960&sparams=ip%2Cipbits%2Cexpire%2Cv%2Cei%2Ccaps%2Copi%2Cxoaf&signature=BF6AAB3D4430CACE152B9187312DC84373EE659D.A4720C5E9D32CB844611A6CC9D701A6F66CF4CEC&key=yt8&kind=asr&lang=en&variant=punctuated&tlang=fo&fmt=json3", "name": "Faroese", "impersonate": true, "__yt_dlp_client": "tv"}, {"ext": "srv1", "url": "https://www.youtube.com/api/timedtext?v=gqAmIg0fcts&ei=T32DaNr0O9zXsfIP_qmmyAk&caps=asr&opi=112496729&xoaf=5&xospf=1&hl=en&ip=0.0.0.0&ipbits=0&expire=1753472960&sparams=ip%2Cipbits%2Cexpire%2Cv%2Cei%2Ccaps%2Copi%2Cxoaf&signature=BF6AAB3D4430CACE152B9187312DC84373EE659D.A4720C5E9D32CB844611A6CC9D701A6F66CF4CEC&key=yt8&kind=asr&lang=en&variant=punctuated&tlang=fo&fmt=srv1", "name": "Faroese", "impersonate": true, "__yt_dlp_client": "tv"}, {"ext": "srv2", "url": "https://www.youtube.com/api/timedtext?v=gqAmIg0fcts&ei=T32DaNr0O9zXsfIP_qmmyAk&caps=asr&opi=112496729&xoaf=5&xospf=1&hl=en&ip=0.0.0.0&ipbits=0&expire=1753472960&sparams=ip%2Cipbits%2Cexpire%2Cv%2Cei%2Ccaps%2Copi%2Cxoaf&signature=BF6AAB3D4430CACE152B9187312DC84373EE659D.A4720C5E9D32CB844611A6CC9D701A6F66CF4CEC&key=yt8&kind=asr&lang=en&variant=punctuated&tlang=fo&fmt=srv2", "name": "Faroese", "impersonate": true, "__yt_dlp_client": "tv"}, {"ext": "srv3", "url": "https://www.youtube.com/api/timedtext?v=gqAmIg0fcts&ei=T32DaNr0O9zXsfIP_qmmyAk&caps=asr&opi=112496729&xoaf=5&xospf=1&hl=en&ip=0.0.0.0&ipbits=0&expire=1753472960&sparams=ip%2Cipbits%2Cexpire%2Cv%2Cei%2Ccaps%2Copi%2Cxoaf&signature=BF6AAB3D4430CACE152B9187312DC84373EE659D.A4720C5E9D32CB844611A6CC9D701A6F66CF4CEC&key=yt8&kind=asr&lang=en&variant=punctuated&tlang=fo&fmt=srv3", "name": "Faroese", "impersonate": true, "__yt_dlp_client": "tv"}, {"ext": "ttml", "url": "https://www.youtube.com/api/timedtext?v=gqAmIg0fcts&ei=T32DaNr0O9zXsfIP_qmmyAk&caps=asr&opi=112496729&xoaf=5&xospf=1&hl=en&ip=0.0.0.0&ipbits=0&expire=1753472960&sparams=ip%2Cipbits%2Cexpire%2Cv%2Cei%2Ccaps%2Copi%2Cxoaf&signature=BF6AAB3D4430CACE152B9187312DC84373EE659D.A4720C5E9D32CB844611A6CC9D701A6F66CF4CEC&key=yt8&kind=asr&lang=en&variant=punctuated&tlang=fo&fmt=ttml", "name": "Faroese", "impersonate": true, "__yt_dlp_client": "tv"}, {"ext": "srt", "url": "https://www.youtube.com/api/timedtext?v=gqAmIg0fcts&ei=T32DaNr0O9zXsfIP_qmmyAk&caps=asr&opi=112496729&xoaf=5&xospf=1&hl=en&ip=0.0.0.0&ipbits=0&expire=1753472960&sparams=ip%2Cipbits%2Cexpire%2Cv%2Cei%2Ccaps%2Copi%2Cxoaf&signature=BF6AAB3D4430CACE152B9187312DC84373EE659D.A4720C5E9D32CB844611A6CC9D701A6F66CF4CEC&key=yt8&kind=asr&lang=en&variant=punctuated&tlang=fo&fmt=srt", "name": "Faroese", "impersonate": true, "__yt_dlp_client": "tv"}, {"ext": "vtt", "url": "https://www.youtube.com/api/timedtext?v=gqAmIg0fcts&ei=T32DaNr0O9zXsfIP_qmmyAk&caps=asr&opi=112496729&xoaf=5&xospf=1&hl=en&ip=0.0.0.0&ipbits=0&expire=1753472960&sparams=ip%2Cipbits%2Cexpire%2Cv%2Cei%2Ccaps%2Copi%2Cxoaf&signature=BF6AAB3D4430CACE152B9187312DC84373EE659D.A4720C5E9D32CB844611A6CC9D701A6F66CF4CEC&key=yt8&kind=asr&lang=en&variant=punctuated&tlang=fo&fmt=vtt", "name": "Faroese", "impersonate": true, "__yt_dlp_client": "tv"}], "fj": [{"ext": "json3", "url": "https://www.youtube.com/api/timedtext?v=gqAmIg0fcts&ei=T32DaNr0O9zXsfIP_qmmyAk&caps=asr&opi=112496729&xoaf=5&xospf=1&hl=en&ip=0.0.0.0&ipbits=0&expire=1753472960&sparams=ip%2Cipbits%2Cexpire%2Cv%2Cei%2Ccaps%2Copi%2Cxoaf&signature=BF6AAB3D4430CACE152B9187312DC84373EE659D.A4720C5E9D32CB844611A6CC9D701A6F66CF4CEC&key=yt8&kind=asr&lang=en&variant=punctuated&tlang=fj&fmt=json3", "name": "Fijian", "impersonate": true, "__yt_dlp_client": "tv"}, {"ext": "srv1", "url": "https://www.youtube.com/api/timedtext?v=gqAmIg0fcts&ei=T32DaNr0O9zXsfIP_qmmyAk&caps=asr&opi=112496729&xoaf=5&xospf=1&hl=en&ip=0.0.0.0&ipbits=0&expire=1753472960&sparams=ip%2Cipbits%2Cexpire%2Cv%2Cei%2Ccaps%2Copi%2Cxoaf&signature=BF6AAB3D4430CACE152B9187312DC84373EE659D.A4720C5E9D32CB844611A6CC9D701A6F66CF4CEC&key=yt8&kind=asr&lang=en&variant=punctuated&tlang=fj&fmt=srv1", "name": "Fijian", "impersonate": true, "__yt_dlp_client": "tv"}, {"ext": "srv2", "url": "https://www.youtube.com/api/timedtext?v=gqAmIg0fcts&ei=T32DaNr0O9zXsfIP_qmmyAk&caps=asr&opi=112496729&xoaf=5&xospf=1&hl=en&ip=0.0.0.0&ipbits=0&expire=1753472960&sparams=ip%2Cipbits%2Cexpire%2Cv%2Cei%2Ccaps%2Copi%2Cxoaf&signature=BF6AAB3D4430CACE152B9187312DC84373EE659D.A4720C5E9D32CB844611A6CC9D701A6F66CF4CEC&key=yt8&kind=asr&lang=en&variant=punctuated&tlang=fj&fmt=srv2", "name": "Fijian", "impersonate": true, "__yt_dlp_client": "tv"}, {"ext": "srv3", "url": "https://www.youtube.com/api/timedtext?v=gqAmIg0fcts&ei=T32DaNr0O9zXsfIP_qmmyAk&caps=asr&opi=112496729&xoaf=5&xospf=1&hl=en&ip=0.0.0.0&ipbits=0&expire=1753472960&sparams=ip%2Cipbits%2Cexpire%2Cv%2Cei%2Ccaps%2Copi%2Cxoaf&signature=BF6AAB3D4430CACE152B9187312DC84373EE659D.A4720C5E9D32CB844611A6CC9D701A6F66CF4CEC&key=yt8&kind=asr&lang=en&variant=punctuated&tlang=fj&fmt=srv3", "name": "Fijian", "impersonate": true, "__yt_dlp_client": "tv"}, {"ext": "ttml", "url": "https://www.youtube.com/api/timedtext?v=gqAmIg0fcts&ei=T32DaNr0O9zXsfIP_qmmyAk&caps=asr&opi=112496729&xoaf=5&xospf=1&hl=en&ip=0.0.0.0&ipbits=0&expire=1753472960&sparams=ip%2Cipbits%2Cexpire%2Cv%2Cei%2Ccaps%2Copi%2Cxoaf&signature=BF6AAB3D4430CACE152B9187312DC84373EE659D.A4720C5E9D32CB844611A6CC9D701A6F66CF4CEC&key=yt8&kind=asr&lang=en&variant=punctuated&tlang=fj&fmt=ttml", "name": "Fijian", "impersonate": true, "__yt_dlp_client": "tv"}, {"ext": "srt", "url": "https://www.youtube.com/api/timedtext?v=gqAmIg0fcts&ei=T32DaNr0O9zXsfIP_qmmyAk&caps=asr&opi=112496729&xoaf=5&xospf=1&hl=en&ip=0.0.0.0&ipbits=0&expire=1753472960&sparams=ip%2Cipbits%2Cexpire%2Cv%2Cei%2Ccaps%2Copi%2Cxoaf&signature=BF6AAB3D4430CACE152B9187312DC84373EE659D.A4720C5E9D32CB844611A6CC9D701A6F66CF4CEC&key=yt8&kind=asr&lang=en&variant=punctuated&tlang=fj&fmt=srt", "name": "Fijian", "impersonate": true, "__yt_dlp_client": "tv"}, {"ext": "vtt", "url": "https://www.youtube.com/api/timedtext?v=gqAmIg0fcts&ei=T32DaNr0O9zXsfIP_qmmyAk&caps=asr&opi=112496729&xoaf=5&xospf=1&hl=en&ip=0.0.0.0&ipbits=0&expire=1753472960&sparams=ip%2Cipbits%2Cexpire%2Cv%2Cei%2Ccaps%2Copi%2Cxoaf&signature=BF6AAB3D4430CACE152B9187312DC84373EE659D.A4720C5E9D32CB844611A6CC9D701A6F66CF4CEC&key=yt8&kind=asr&lang=en&variant=punctuated&tlang=fj&fmt=vtt", "name": "Fijian", "impersonate": true, "__yt_dlp_client": "tv"}], "fil": [{"ext": "json3", "url": "https://www.youtube.com/api/timedtext?v=gqAmIg0fcts&ei=T32DaNr0O9zXsfIP_qmmyAk&caps=asr&opi=112496729&xoaf=5&xospf=1&hl=en&ip=0.0.0.0&ipbits=0&expire=1753472960&sparams=ip%2Cipbits%2Cexpire%2Cv%2Cei%2Ccaps%2Copi%2Cxoaf&signature=BF6AAB3D4430CACE152B9187312DC84373EE659D.A4720C5E9D32CB844611A6CC9D701A6F66CF4CEC&key=yt8&kind=asr&lang=en&variant=punctuated&tlang=fil&fmt=json3", "name": "Filipino", "impersonate": true, "__yt_dlp_client": "tv"}, {"ext": "srv1", "url": "https://www.youtube.com/api/timedtext?v=gqAmIg0fcts&ei=T32DaNr0O9zXsfIP_qmmyAk&caps=asr&opi=112496729&xoaf=5&xospf=1&hl=en&ip=0.0.0.0&ipbits=0&expire=1753472960&sparams=ip%2Cipbits%2Cexpire%2Cv%2Cei%2Ccaps%2Copi%2Cxoaf&signature=BF6AAB3D4430CACE152B9187312DC84373EE659D.A4720C5E9D32CB844611A6CC9D701A6F66CF4CEC&key=yt8&kind=asr&lang=en&variant=punctuated&tlang=fil&fmt=srv1", "name": "Filipino", "impersonate": true, "__yt_dlp_client": "tv"}, {"ext": "srv2", "url": "https://www.youtube.com/api/timedtext?v=gqAmIg0fcts&ei=T32DaNr0O9zXsfIP_qmmyAk&caps=asr&opi=112496729&xoaf=5&xospf=1&hl=en&ip=0.0.0.0&ipbits=0&expire=1753472960&sparams=ip%2Cipbits%2Cexpire%2Cv%2Cei%2Ccaps%2Copi%2Cxoaf&signature=BF6AAB3D4430CACE152B9187312DC84373EE659D.A4720C5E9D32CB844611A6CC9D701A6F66CF4CEC&key=yt8&kind=asr&lang=en&variant=punctuated&tlang=fil&fmt=srv2", "name": "Filipino", "impersonate": true, "__yt_dlp_client": "tv"}, {"ext": "srv3", "url": "https://www.youtube.com/api/timedtext?v=gqAmIg0fcts&ei=T32DaNr0O9zXsfIP_qmmyAk&caps=asr&opi=112496729&xoaf=5&xospf=1&hl=en&ip=0.0.0.0&ipbits=0&expire=1753472960&sparams=ip%2Cipbits%2Cexpire%2Cv%2Cei%2Ccaps%2Copi%2Cxoaf&signature=BF6AAB3D4430CACE152B9187312DC84373EE659D.A4720C5E9D32CB844611A6CC9D701A6F66CF4CEC&key=yt8&kind=asr&lang=en&variant=punctuated&tlang=fil&fmt=srv3", "name": "Filipino", "impersonate": true, "__yt_dlp_client": "tv"}, {"ext": "ttml", "url": "https://www.youtube.com/api/timedtext?v=gqAmIg0fcts&ei=T32DaNr0O9zXsfIP_qmmyAk&caps=asr&opi=112496729&xoaf=5&xospf=1&hl=en&ip=0.0.0.0&ipbits=0&expire=1753472960&sparams=ip%2Cipbits%2Cexpire%2Cv%2Cei%2Ccaps%2Copi%2Cxoaf&signature=BF6AAB3D4430CACE152B9187312DC84373EE659D.A4720C5E9D32CB844611A6CC9D701A6F66CF4CEC&key=yt8&kind=asr&lang=en&variant=punctuated&tlang=fil&fmt=ttml", "name": "Filipino", "impersonate": true, "__yt_dlp_client": "tv"}, {"ext": "srt", "url": "https://www.youtube.com/api/timedtext?v=gqAmIg0fcts&ei=T32DaNr0O9zXsfIP_qmmyAk&caps=asr&opi=112496729&xoaf=5&xospf=1&hl=en&ip=0.0.0.0&ipbits=0&expire=1753472960&sparams=ip%2Cipbits%2Cexpire%2Cv%2Cei%2Ccaps%2Copi%2Cxoaf&signature=BF6AAB3D4430CACE152B9187312DC84373EE659D.A4720C5E9D32CB844611A6CC9D701A6F66CF4CEC&key=yt8&kind=asr&lang=en&variant=punctuated&tlang=fil&fmt=srt", "name": "Filipino", "impersonate": true, "__yt_dlp_client": "tv"}, {"ext": "vtt", "url": "https://www.youtube.com/api/timedtext?v=gqAmIg0fcts&ei=T32DaNr0O9zXsfIP_qmmyAk&caps=asr&opi=112496729&xoaf=5&xospf=1&hl=en&ip=0.0.0.0&ipbits=0&expire=1753472960&sparams=ip%2Cipbits%2Cexpire%2Cv%2Cei%2Ccaps%2Copi%2Cxoaf&signature=BF6AAB3D4430CACE152B9187312DC84373EE659D.A4720C5E9D32CB844611A6CC9D701A6F66CF4CEC&key=yt8&kind=asr&lang=en&variant=punctuated&tlang=fil&fmt=vtt", "name": "Filipino", "impersonate": true, "__yt_dlp_client": "tv"}], "fi": [{"ext": "json3", "url": "https://www.youtube.com/api/timedtext?v=gqAmIg0fcts&ei=T32DaNr0O9zXsfIP_qmmyAk&caps=asr&opi=112496729&xoaf=5&xospf=1&hl=en&ip=0.0.0.0&ipbits=0&expire=1753472960&sparams=ip%2Cipbits%2Cexpire%2Cv%2Cei%2Ccaps%2Copi%2Cxoaf&signature=BF6AAB3D4430CACE152B9187312DC84373EE659D.A4720C5E9D32CB844611A6CC9D701A6F66CF4CEC&key=yt8&kind=asr&lang=en&variant=punctuated&tlang=fi&fmt=json3", "name": "Finnish", "impersonate": true, "__yt_dlp_client": "tv"}, {"ext": "srv1", "url": "https://www.youtube.com/api/timedtext?v=gqAmIg0fcts&ei=T32DaNr0O9zXsfIP_qmmyAk&caps=asr&opi=112496729&xoaf=5&xospf=1&hl=en&ip=0.0.0.0&ipbits=0&expire=1753472960&sparams=ip%2Cipbits%2Cexpire%2Cv%2Cei%2Ccaps%2Copi%2Cxoaf&signature=BF6AAB3D4430CACE152B9187312DC84373EE659D.A4720C5E9D32CB844611A6CC9D701A6F66CF4CEC&key=yt8&kind=asr&lang=en&variant=punctuated&tlang=fi&fmt=srv1", "name": "Finnish", "impersonate": true, "__yt_dlp_client": "tv"}, {"ext": "srv2", "url": "https://www.youtube.com/api/timedtext?v=gqAmIg0fcts&ei=T32DaNr0O9zXsfIP_qmmyAk&caps=asr&opi=112496729&xoaf=5&xospf=1&hl=en&ip=0.0.0.0&ipbits=0&expire=1753472960&sparams=ip%2Cipbits%2Cexpire%2Cv%2Cei%2Ccaps%2Copi%2Cxoaf&signature=BF6AAB3D4430CACE152B9187312DC84373EE659D.A4720C5E9D32CB844611A6CC9D701A6F66CF4CEC&key=yt8&kind=asr&lang=en&variant=punctuated&tlang=fi&fmt=srv2", "name": "Finnish", "impersonate": true, "__yt_dlp_client": "tv"}, {"ext": "srv3", "url": "https://www.youtube.com/api/timedtext?v=gqAmIg0fcts&ei=T32DaNr0O9zXsfIP_qmmyAk&caps=asr&opi=112496729&xoaf=5&xospf=1&hl=en&ip=0.0.0.0&ipbits=0&expire=1753472960&sparams=ip%2Cipbits%2Cexpire%2Cv%2Cei%2Ccaps%2Copi%2Cxoaf&signature=BF6AAB3D4430CACE152B9187312DC84373EE659D.A4720C5E9D32CB844611A6CC9D701A6F66CF4CEC&key=yt8&kind=asr&lang=en&variant=punctuated&tlang=fi&fmt=srv3", "name": "Finnish", "impersonate": true, "__yt_dlp_client": "tv"}, {"ext": "ttml", "url": "https://www.youtube.com/api/timedtext?v=gqAmIg0fcts&ei=T32DaNr0O9zXsfIP_qmmyAk&caps=asr&opi=112496729&xoaf=5&xospf=1&hl=en&ip=0.0.0.0&ipbits=0&expire=1753472960&sparams=ip%2Cipbits%2Cexpire%2Cv%2Cei%2Ccaps%2Copi%2Cxoaf&signature=BF6AAB3D4430CACE152B9187312DC84373EE659D.A4720C5E9D32CB844611A6CC9D701A6F66CF4CEC&key=yt8&kind=asr&lang=en&variant=punctuated&tlang=fi&fmt=ttml", "name": "Finnish", "impersonate": true, "__yt_dlp_client": "tv"}, {"ext": "srt", "url": "https://www.youtube.com/api/timedtext?v=gqAmIg0fcts&ei=T32DaNr0O9zXsfIP_qmmyAk&caps=asr&opi=112496729&xoaf=5&xospf=1&hl=en&ip=0.0.0.0&ipbits=0&expire=1753472960&sparams=ip%2Cipbits%2Cexpire%2Cv%2Cei%2Ccaps%2Copi%2Cxoaf&signature=BF6AAB3D4430CACE152B9187312DC84373EE659D.A4720C5E9D32CB844611A6CC9D701A6F66CF4CEC&key=yt8&kind=asr&lang=en&variant=punctuated&tlang=fi&fmt=srt", "name": "Finnish", "impersonate": true, "__yt_dlp_client": "tv"}, {"ext": "vtt", "url": "https://www.youtube.com/api/timedtext?v=gqAmIg0fcts&ei=T32DaNr0O9zXsfIP_qmmyAk&caps=asr&opi=112496729&xoaf=5&xospf=1&hl=en&ip=0.0.0.0&ipbits=0&expire=1753472960&sparams=ip%2Cipbits%2Cexpire%2Cv%2Cei%2Ccaps%2Copi%2Cxoaf&signature=BF6AAB3D4430CACE152B9187312DC84373EE659D.A4720C5E9D32CB844611A6CC9D701A6F66CF4CEC&key=yt8&kind=asr&lang=en&variant=punctuated&tlang=fi&fmt=vtt", "name": "Finnish", "impersonate": true, "__yt_dlp_client": "tv"}], "fr": [{"ext": "json3", "url": "https://www.youtube.com/api/timedtext?v=gqAmIg0fcts&ei=T32DaNr0O9zXsfIP_qmmyAk&caps=asr&opi=112496729&xoaf=5&xospf=1&hl=en&ip=0.0.0.0&ipbits=0&expire=1753472960&sparams=ip%2Cipbits%2Cexpire%2Cv%2Cei%2Ccaps%2Copi%2Cxoaf&signature=BF6AAB3D4430CACE152B9187312DC84373EE659D.A4720C5E9D32CB844611A6CC9D701A6F66CF4CEC&key=yt8&kind=asr&lang=en&variant=punctuated&tlang=fr&fmt=json3", "name": "French", "impersonate": true, "__yt_dlp_client": "tv"}, {"ext": "srv1", "url": "https://www.youtube.com/api/timedtext?v=gqAmIg0fcts&ei=T32DaNr0O9zXsfIP_qmmyAk&caps=asr&opi=112496729&xoaf=5&xospf=1&hl=en&ip=0.0.0.0&ipbits=0&expire=1753472960&sparams=ip%2Cipbits%2Cexpire%2Cv%2Cei%2Ccaps%2Copi%2Cxoaf&signature=BF6AAB3D4430CACE152B9187312DC84373EE659D.A4720C5E9D32CB844611A6CC9D701A6F66CF4CEC&key=yt8&kind=asr&lang=en&variant=punctuated&tlang=fr&fmt=srv1", "name": "French", "impersonate": true, "__yt_dlp_client": "tv"}, {"ext": "srv2", "url": "https://www.youtube.com/api/timedtext?v=gqAmIg0fcts&ei=T32DaNr0O9zXsfIP_qmmyAk&caps=asr&opi=112496729&xoaf=5&xospf=1&hl=en&ip=0.0.0.0&ipbits=0&expire=1753472960&sparams=ip%2Cipbits%2Cexpire%2Cv%2Cei%2Ccaps%2Copi%2Cxoaf&signature=BF6AAB3D4430CACE152B9187312DC84373EE659D.A4720C5E9D32CB844611A6CC9D701A6F66CF4CEC&key=yt8&kind=asr&lang=en&variant=punctuated&tlang=fr&fmt=srv2", "name": "French", "impersonate": true, "__yt_dlp_client": "tv"}, {"ext": "srv3", "url": "https://www.youtube.com/api/timedtext?v=gqAmIg0fcts&ei=T32DaNr0O9zXsfIP_qmmyAk&caps=asr&opi=112496729&xoaf=5&xospf=1&hl=en&ip=0.0.0.0&ipbits=0&expire=1753472960&sparams=ip%2Cipbits%2Cexpire%2Cv%2Cei%2Ccaps%2Copi%2Cxoaf&signature=BF6AAB3D4430CACE152B9187312DC84373EE659D.A4720C5E9D32CB844611A6CC9D701A6F66CF4CEC&key=yt8&kind=asr&lang=en&variant=punctuated&tlang=fr&fmt=srv3", "name": "French", "impersonate": true, "__yt_dlp_client": "tv"}, {"ext": "ttml", "url": "https://www.youtube.com/api/timedtext?v=gqAmIg0fcts&ei=T32DaNr0O9zXsfIP_qmmyAk&caps=asr&opi=112496729&xoaf=5&xospf=1&hl=en&ip=0.0.0.0&ipbits=0&expire=1753472960&sparams=ip%2Cipbits%2Cexpire%2Cv%2Cei%2Ccaps%2Copi%2Cxoaf&signature=BF6AAB3D4430CACE152B9187312DC84373EE659D.A4720C5E9D32CB844611A6CC9D701A6F66CF4CEC&key=yt8&kind=asr&lang=en&variant=punctuated&tlang=fr&fmt=ttml", "name": "French", "impersonate": true, "__yt_dlp_client": "tv"}, {"ext": "srt", "url": "https://www.youtube.com/api/timedtext?v=gqAmIg0fcts&ei=T32DaNr0O9zXsfIP_qmmyAk&caps=asr&opi=112496729&xoaf=5&xospf=1&hl=en&ip=0.0.0.0&ipbits=0&expire=1753472960&sparams=ip%2Cipbits%2Cexpire%2Cv%2Cei%2Ccaps%2Copi%2Cxoaf&signature=BF6AAB3D4430CACE152B9187312DC84373EE659D.A4720C5E9D32CB844611A6CC9D701A6F66CF4CEC&key=yt8&kind=asr&lang=en&variant=punctuated&tlang=fr&fmt=srt", "name": "French", "impersonate": true, "__yt_dlp_client": "tv"}, {"ext": "vtt", "url": "https://www.youtube.com/api/timedtext?v=gqAmIg0fcts&ei=T32DaNr0O9zXsfIP_qmmyAk&caps=asr&opi=112496729&xoaf=5&xospf=1&hl=en&ip=0.0.0.0&ipbits=0&expire=1753472960&sparams=ip%2Cipbits%2Cexpire%2Cv%2Cei%2Ccaps%2Copi%2Cxoaf&signature=BF6AAB3D4430CACE152B9187312DC84373EE659D.A4720C5E9D32CB844611A6CC9D701A6F66CF4CEC&key=yt8&kind=asr&lang=en&variant=punctuated&tlang=fr&fmt=vtt", "name": "French", "impersonate": true, "__yt_dlp_client": "tv"}], "gaa": [{"ext": "json3", "url": "https://www.youtube.com/api/timedtext?v=gqAmIg0fcts&ei=T32DaNr0O9zXsfIP_qmmyAk&caps=asr&opi=112496729&xoaf=5&xospf=1&hl=en&ip=0.0.0.0&ipbits=0&expire=1753472960&sparams=ip%2Cipbits%2Cexpire%2Cv%2Cei%2Ccaps%2Copi%2Cxoaf&signature=BF6AAB3D4430CACE152B9187312DC84373EE659D.A4720C5E9D32CB844611A6CC9D701A6F66CF4CEC&key=yt8&kind=asr&lang=en&variant=punctuated&tlang=gaa&fmt=json3", "name": "Ga", "impersonate": true, "__yt_dlp_client": "tv"}, {"ext": "srv1", "url": "https://www.youtube.com/api/timedtext?v=gqAmIg0fcts&ei=T32DaNr0O9zXsfIP_qmmyAk&caps=asr&opi=112496729&xoaf=5&xospf=1&hl=en&ip=0.0.0.0&ipbits=0&expire=1753472960&sparams=ip%2Cipbits%2Cexpire%2Cv%2Cei%2Ccaps%2Copi%2Cxoaf&signature=BF6AAB3D4430CACE152B9187312DC84373EE659D.A4720C5E9D32CB844611A6CC9D701A6F66CF4CEC&key=yt8&kind=asr&lang=en&variant=punctuated&tlang=gaa&fmt=srv1", "name": "Ga", "impersonate": true, "__yt_dlp_client": "tv"}, {"ext": "srv2", "url": "https://www.youtube.com/api/timedtext?v=gqAmIg0fcts&ei=T32DaNr0O9zXsfIP_qmmyAk&caps=asr&opi=112496729&xoaf=5&xospf=1&hl=en&ip=0.0.0.0&ipbits=0&expire=1753472960&sparams=ip%2Cipbits%2Cexpire%2Cv%2Cei%2Ccaps%2Copi%2Cxoaf&signature=BF6AAB3D4430CACE152B9187312DC84373EE659D.A4720C5E9D32CB844611A6CC9D701A6F66CF4CEC&key=yt8&kind=asr&lang=en&variant=punctuated&tlang=gaa&fmt=srv2", "name": "Ga", "impersonate": true, "__yt_dlp_client": "tv"}, {"ext": "srv3", "url": "https://www.youtube.com/api/timedtext?v=gqAmIg0fcts&ei=T32DaNr0O9zXsfIP_qmmyAk&caps=asr&opi=112496729&xoaf=5&xospf=1&hl=en&ip=0.0.0.0&ipbits=0&expire=1753472960&sparams=ip%2Cipbits%2Cexpire%2Cv%2Cei%2Ccaps%2Copi%2Cxoaf&signature=BF6AAB3D4430CACE152B9187312DC84373EE659D.A4720C5E9D32CB844611A6CC9D701A6F66CF4CEC&key=yt8&kind=asr&lang=en&variant=punctuated&tlang=gaa&fmt=srv3", "name": "Ga", "impersonate": true, "__yt_dlp_client": "tv"}, {"ext": "ttml", "url": "https://www.youtube.com/api/timedtext?v=gqAmIg0fcts&ei=T32DaNr0O9zXsfIP_qmmyAk&caps=asr&opi=112496729&xoaf=5&xospf=1&hl=en&ip=0.0.0.0&ipbits=0&expire=1753472960&sparams=ip%2Cipbits%2Cexpire%2Cv%2Cei%2Ccaps%2Copi%2Cxoaf&signature=BF6AAB3D4430CACE152B9187312DC84373EE659D.A4720C5E9D32CB844611A6CC9D701A6F66CF4CEC&key=yt8&kind=asr&lang=en&variant=punctuated&tlang=gaa&fmt=ttml", "name": "Ga", "impersonate": true, "__yt_dlp_client": "tv"}, {"ext": "srt", "url": "https://www.youtube.com/api/timedtext?v=gqAmIg0fcts&ei=T32DaNr0O9zXsfIP_qmmyAk&caps=asr&opi=112496729&xoaf=5&xospf=1&hl=en&ip=0.0.0.0&ipbits=0&expire=1753472960&sparams=ip%2Cipbits%2Cexpire%2Cv%2Cei%2Ccaps%2Copi%2Cxoaf&signature=BF6AAB3D4430CACE152B9187312DC84373EE659D.A4720C5E9D32CB844611A6CC9D701A6F66CF4CEC&key=yt8&kind=asr&lang=en&variant=punctuated&tlang=gaa&fmt=srt", "name": "Ga", "impersonate": true, "__yt_dlp_client": "tv"}, {"ext": "vtt", "url": "https://www.youtube.com/api/timedtext?v=gqAmIg0fcts&ei=T32DaNr0O9zXsfIP_qmmyAk&caps=asr&opi=112496729&xoaf=5&xospf=1&hl=en&ip=0.0.0.0&ipbits=0&expire=1753472960&sparams=ip%2Cipbits%2Cexpire%2Cv%2Cei%2Ccaps%2Copi%2Cxoaf&signature=BF6AAB3D4430CACE152B9187312DC84373EE659D.A4720C5E9D32CB844611A6CC9D701A6F66CF4CEC&key=yt8&kind=asr&lang=en&variant=punctuated&tlang=gaa&fmt=vtt", "name": "Ga", "impersonate": true, "__yt_dlp_client": "tv"}], "gl": [{"ext": "json3", "url": "https://www.youtube.com/api/timedtext?v=gqAmIg0fcts&ei=T32DaNr0O9zXsfIP_qmmyAk&caps=asr&opi=112496729&xoaf=5&xospf=1&hl=en&ip=0.0.0.0&ipbits=0&expire=1753472960&sparams=ip%2Cipbits%2Cexpire%2Cv%2Cei%2Ccaps%2Copi%2Cxoaf&signature=BF6AAB3D4430CACE152B9187312DC84373EE659D.A4720C5E9D32CB844611A6CC9D701A6F66CF4CEC&key=yt8&kind=asr&lang=en&variant=punctuated&tlang=gl&fmt=json3", "name": "Galician", "impersonate": true, "__yt_dlp_client": "tv"}, {"ext": "srv1", "url": "https://www.youtube.com/api/timedtext?v=gqAmIg0fcts&ei=T32DaNr0O9zXsfIP_qmmyAk&caps=asr&opi=112496729&xoaf=5&xospf=1&hl=en&ip=0.0.0.0&ipbits=0&expire=1753472960&sparams=ip%2Cipbits%2Cexpire%2Cv%2Cei%2Ccaps%2Copi%2Cxoaf&signature=BF6AAB3D4430CACE152B9187312DC84373EE659D.A4720C5E9D32CB844611A6CC9D701A6F66CF4CEC&key=yt8&kind=asr&lang=en&variant=punctuated&tlang=gl&fmt=srv1", "name": "Galician", "impersonate": true, "__yt_dlp_client": "tv"}, {"ext": "srv2", "url": "https://www.youtube.com/api/timedtext?v=gqAmIg0fcts&ei=T32DaNr0O9zXsfIP_qmmyAk&caps=asr&opi=112496729&xoaf=5&xospf=1&hl=en&ip=0.0.0.0&ipbits=0&expire=1753472960&sparams=ip%2Cipbits%2Cexpire%2Cv%2Cei%2Ccaps%2Copi%2Cxoaf&signature=BF6AAB3D4430CACE152B9187312DC84373EE659D.A4720C5E9D32CB844611A6CC9D701A6F66CF4CEC&key=yt8&kind=asr&lang=en&variant=punctuated&tlang=gl&fmt=srv2", "name": "Galician", "impersonate": true, "__yt_dlp_client": "tv"}, {"ext": "srv3", "url": "https://www.youtube.com/api/timedtext?v=gqAmIg0fcts&ei=T32DaNr0O9zXsfIP_qmmyAk&caps=asr&opi=112496729&xoaf=5&xospf=1&hl=en&ip=0.0.0.0&ipbits=0&expire=1753472960&sparams=ip%2Cipbits%2Cexpire%2Cv%2Cei%2Ccaps%2Copi%2Cxoaf&signature=BF6AAB3D4430CACE152B9187312DC84373EE659D.A4720C5E9D32CB844611A6CC9D701A6F66CF4CEC&key=yt8&kind=asr&lang=en&variant=punctuated&tlang=gl&fmt=srv3", "name": "Galician", "impersonate": true, "__yt_dlp_client": "tv"}, {"ext": "ttml", "url": "https://www.youtube.com/api/timedtext?v=gqAmIg0fcts&ei=T32DaNr0O9zXsfIP_qmmyAk&caps=asr&opi=112496729&xoaf=5&xospf=1&hl=en&ip=0.0.0.0&ipbits=0&expire=1753472960&sparams=ip%2Cipbits%2Cexpire%2Cv%2Cei%2Ccaps%2Copi%2Cxoaf&signature=BF6AAB3D4430CACE152B9187312DC84373EE659D.A4720C5E9D32CB844611A6CC9D701A6F66CF4CEC&key=yt8&kind=asr&lang=en&variant=punctuated&tlang=gl&fmt=ttml", "name": "Galician", "impersonate": true, "__yt_dlp_client": "tv"}, {"ext": "srt", "url": "https://www.youtube.com/api/timedtext?v=gqAmIg0fcts&ei=T32DaNr0O9zXsfIP_qmmyAk&caps=asr&opi=112496729&xoaf=5&xospf=1&hl=en&ip=0.0.0.0&ipbits=0&expire=1753472960&sparams=ip%2Cipbits%2Cexpire%2Cv%2Cei%2Ccaps%2Copi%2Cxoaf&signature=BF6AAB3D4430CACE152B9187312DC84373EE659D.A4720C5E9D32CB844611A6CC9D701A6F66CF4CEC&key=yt8&kind=asr&lang=en&variant=punctuated&tlang=gl&fmt=srt", "name": "Galician", "impersonate": true, "__yt_dlp_client": "tv"}, {"ext": "vtt", "url": "https://www.youtube.com/api/timedtext?v=gqAmIg0fcts&ei=T32DaNr0O9zXsfIP_qmmyAk&caps=asr&opi=112496729&xoaf=5&xospf=1&hl=en&ip=0.0.0.0&ipbits=0&expire=1753472960&sparams=ip%2Cipbits%2Cexpire%2Cv%2Cei%2Ccaps%2Copi%2Cxoaf&signature=BF6AAB3D4430CACE152B9187312DC84373EE659D.A4720C5E9D32CB844611A6CC9D701A6F66CF4CEC&key=yt8&kind=asr&lang=en&variant=punctuated&tlang=gl&fmt=vtt", "name": "Galician", "impersonate": true, "__yt_dlp_client": "tv"}], "lg": [{"ext": "json3", "url": "https://www.youtube.com/api/timedtext?v=gqAmIg0fcts&ei=T32DaNr0O9zXsfIP_qmmyAk&caps=asr&opi=112496729&xoaf=5&xospf=1&hl=en&ip=0.0.0.0&ipbits=0&expire=1753472960&sparams=ip%2Cipbits%2Cexpire%2Cv%2Cei%2Ccaps%2Copi%2Cxoaf&signature=BF6AAB3D4430CACE152B9187312DC84373EE659D.A4720C5E9D32CB844611A6CC9D701A6F66CF4CEC&key=yt8&kind=asr&lang=en&variant=punctuated&tlang=lg&fmt=json3", "name": "Ganda", "impersonate": true, "__yt_dlp_client": "tv"}, {"ext": "srv1", "url": "https://www.youtube.com/api/timedtext?v=gqAmIg0fcts&ei=T32DaNr0O9zXsfIP_qmmyAk&caps=asr&opi=112496729&xoaf=5&xospf=1&hl=en&ip=0.0.0.0&ipbits=0&expire=1753472960&sparams=ip%2Cipbits%2Cexpire%2Cv%2Cei%2Ccaps%2Copi%2Cxoaf&signature=BF6AAB3D4430CACE152B9187312DC84373EE659D.A4720C5E9D32CB844611A6CC9D701A6F66CF4CEC&key=yt8&kind=asr&lang=en&variant=punctuated&tlang=lg&fmt=srv1", "name": "Ganda", "impersonate": true, "__yt_dlp_client": "tv"}, {"ext": "srv2", "url": "https://www.youtube.com/api/timedtext?v=gqAmIg0fcts&ei=T32DaNr0O9zXsfIP_qmmyAk&caps=asr&opi=112496729&xoaf=5&xospf=1&hl=en&ip=0.0.0.0&ipbits=0&expire=1753472960&sparams=ip%2Cipbits%2Cexpire%2Cv%2Cei%2Ccaps%2Copi%2Cxoaf&signature=BF6AAB3D4430CACE152B9187312DC84373EE659D.A4720C5E9D32CB844611A6CC9D701A6F66CF4CEC&key=yt8&kind=asr&lang=en&variant=punctuated&tlang=lg&fmt=srv2", "name": "Ganda", "impersonate": true, "__yt_dlp_client": "tv"}, {"ext": "srv3", "url": "https://www.youtube.com/api/timedtext?v=gqAmIg0fcts&ei=T32DaNr0O9zXsfIP_qmmyAk&caps=asr&opi=112496729&xoaf=5&xospf=1&hl=en&ip=0.0.0.0&ipbits=0&expire=1753472960&sparams=ip%2Cipbits%2Cexpire%2Cv%2Cei%2Ccaps%2Copi%2Cxoaf&signature=BF6AAB3D4430CACE152B9187312DC84373EE659D.A4720C5E9D32CB844611A6CC9D701A6F66CF4CEC&key=yt8&kind=asr&lang=en&variant=punctuated&tlang=lg&fmt=srv3", "name": "Ganda", "impersonate": true, "__yt_dlp_client": "tv"}, {"ext": "ttml", "url": "https://www.youtube.com/api/timedtext?v=gqAmIg0fcts&ei=T32DaNr0O9zXsfIP_qmmyAk&caps=asr&opi=112496729&xoaf=5&xospf=1&hl=en&ip=0.0.0.0&ipbits=0&expire=1753472960&sparams=ip%2Cipbits%2Cexpire%2Cv%2Cei%2Ccaps%2Copi%2Cxoaf&signature=BF6AAB3D4430CACE152B9187312DC84373EE659D.A4720C5E9D32CB844611A6CC9D701A6F66CF4CEC&key=yt8&kind=asr&lang=en&variant=punctuated&tlang=lg&fmt=ttml", "name": "Ganda", "impersonate": true, "__yt_dlp_client": "tv"}, {"ext": "srt", "url": "https://www.youtube.com/api/timedtext?v=gqAmIg0fcts&ei=T32DaNr0O9zXsfIP_qmmyAk&caps=asr&opi=112496729&xoaf=5&xospf=1&hl=en&ip=0.0.0.0&ipbits=0&expire=1753472960&sparams=ip%2Cipbits%2Cexpire%2Cv%2Cei%2Ccaps%2Copi%2Cxoaf&signature=BF6AAB3D4430CACE152B9187312DC84373EE659D.A4720C5E9D32CB844611A6CC9D701A6F66CF4CEC&key=yt8&kind=asr&lang=en&variant=punctuated&tlang=lg&fmt=srt", "name": "Ganda", "impersonate": true, "__yt_dlp_client": "tv"}, {"ext": "vtt", "url": "https://www.youtube.com/api/timedtext?v=gqAmIg0fcts&ei=T32DaNr0O9zXsfIP_qmmyAk&caps=asr&opi=112496729&xoaf=5&xospf=1&hl=en&ip=0.0.0.0&ipbits=0&expire=1753472960&sparams=ip%2Cipbits%2Cexpire%2Cv%2Cei%2Ccaps%2Copi%2Cxoaf&signature=BF6AAB3D4430CACE152B9187312DC84373EE659D.A4720C5E9D32CB844611A6CC9D701A6F66CF4CEC&key=yt8&kind=asr&lang=en&variant=punctuated&tlang=lg&fmt=vtt", "name": "Ganda", "impersonate": true, "__yt_dlp_client": "tv"}], "ka": [{"ext": "json3", "url": "https://www.youtube.com/api/timedtext?v=gqAmIg0fcts&ei=T32DaNr0O9zXsfIP_qmmyAk&caps=asr&opi=112496729&xoaf=5&xospf=1&hl=en&ip=0.0.0.0&ipbits=0&expire=1753472960&sparams=ip%2Cipbits%2Cexpire%2Cv%2Cei%2Ccaps%2Copi%2Cxoaf&signature=BF6AAB3D4430CACE152B9187312DC84373EE659D.A4720C5E9D32CB844611A6CC9D701A6F66CF4CEC&key=yt8&kind=asr&lang=en&variant=punctuated&tlang=ka&fmt=json3", "name": "Georgian", "impersonate": true, "__yt_dlp_client": "tv"}, {"ext": "srv1", "url": "https://www.youtube.com/api/timedtext?v=gqAmIg0fcts&ei=T32DaNr0O9zXsfIP_qmmyAk&caps=asr&opi=112496729&xoaf=5&xospf=1&hl=en&ip=0.0.0.0&ipbits=0&expire=1753472960&sparams=ip%2Cipbits%2Cexpire%2Cv%2Cei%2Ccaps%2Copi%2Cxoaf&signature=BF6AAB3D4430CACE152B9187312DC84373EE659D.A4720C5E9D32CB844611A6CC9D701A6F66CF4CEC&key=yt8&kind=asr&lang=en&variant=punctuated&tlang=ka&fmt=srv1", "name": "Georgian", "impersonate": true, "__yt_dlp_client": "tv"}, {"ext": "srv2", "url": "https://www.youtube.com/api/timedtext?v=gqAmIg0fcts&ei=T32DaNr0O9zXsfIP_qmmyAk&caps=asr&opi=112496729&xoaf=5&xospf=1&hl=en&ip=0.0.0.0&ipbits=0&expire=1753472960&sparams=ip%2Cipbits%2Cexpire%2Cv%2Cei%2Ccaps%2Copi%2Cxoaf&signature=BF6AAB3D4430CACE152B9187312DC84373EE659D.A4720C5E9D32CB844611A6CC9D701A6F66CF4CEC&key=yt8&kind=asr&lang=en&variant=punctuated&tlang=ka&fmt=srv2", "name": "Georgian", "impersonate": true, "__yt_dlp_client": "tv"}, {"ext": "srv3", "url": "https://www.youtube.com/api/timedtext?v=gqAmIg0fcts&ei=T32DaNr0O9zXsfIP_qmmyAk&caps=asr&opi=112496729&xoaf=5&xospf=1&hl=en&ip=0.0.0.0&ipbits=0&expire=1753472960&sparams=ip%2Cipbits%2Cexpire%2Cv%2Cei%2Ccaps%2Copi%2Cxoaf&signature=BF6AAB3D4430CACE152B9187312DC84373EE659D.A4720C5E9D32CB844611A6CC9D701A6F66CF4CEC&key=yt8&kind=asr&lang=en&variant=punctuated&tlang=ka&fmt=srv3", "name": "Georgian", "impersonate": true, "__yt_dlp_client": "tv"}, {"ext": "ttml", "url": "https://www.youtube.com/api/timedtext?v=gqAmIg0fcts&ei=T32DaNr0O9zXsfIP_qmmyAk&caps=asr&opi=112496729&xoaf=5&xospf=1&hl=en&ip=0.0.0.0&ipbits=0&expire=1753472960&sparams=ip%2Cipbits%2Cexpire%2Cv%2Cei%2Ccaps%2Copi%2Cxoaf&signature=BF6AAB3D4430CACE152B9187312DC84373EE659D.A4720C5E9D32CB844611A6CC9D701A6F66CF4CEC&key=yt8&kind=asr&lang=en&variant=punctuated&tlang=ka&fmt=ttml", "name": "Georgian", "impersonate": true, "__yt_dlp_client": "tv"}, {"ext": "srt", "url": "https://www.youtube.com/api/timedtext?v=gqAmIg0fcts&ei=T32DaNr0O9zXsfIP_qmmyAk&caps=asr&opi=112496729&xoaf=5&xospf=1&hl=en&ip=0.0.0.0&ipbits=0&expire=1753472960&sparams=ip%2Cipbits%2Cexpire%2Cv%2Cei%2Ccaps%2Copi%2Cxoaf&signature=BF6AAB3D4430CACE152B9187312DC84373EE659D.A4720C5E9D32CB844611A6CC9D701A6F66CF4CEC&key=yt8&kind=asr&lang=en&variant=punctuated&tlang=ka&fmt=srt", "name": "Georgian", "impersonate": true, "__yt_dlp_client": "tv"}, {"ext": "vtt", "url": "https://www.youtube.com/api/timedtext?v=gqAmIg0fcts&ei=T32DaNr0O9zXsfIP_qmmyAk&caps=asr&opi=112496729&xoaf=5&xospf=1&hl=en&ip=0.0.0.0&ipbits=0&expire=1753472960&sparams=ip%2Cipbits%2Cexpire%2Cv%2Cei%2Ccaps%2Copi%2Cxoaf&signature=BF6AAB3D4430CACE152B9187312DC84373EE659D.A4720C5E9D32CB844611A6CC9D701A6F66CF4CEC&key=yt8&kind=asr&lang=en&variant=punctuated&tlang=ka&fmt=vtt", "name": "Georgian", "impersonate": true, "__yt_dlp_client": "tv"}], "de": [{"ext": "json3", "url": "https://www.youtube.com/api/timedtext?v=gqAmIg0fcts&ei=T32DaNr0O9zXsfIP_qmmyAk&caps=asr&opi=112496729&xoaf=5&xospf=1&hl=en&ip=0.0.0.0&ipbits=0&expire=1753472960&sparams=ip%2Cipbits%2Cexpire%2Cv%2Cei%2Ccaps%2Copi%2Cxoaf&signature=BF6AAB3D4430CACE152B9187312DC84373EE659D.A4720C5E9D32CB844611A6CC9D701A6F66CF4CEC&key=yt8&kind=asr&lang=en&variant=punctuated&tlang=de&fmt=json3", "name": "German", "impersonate": true, "__yt_dlp_client": "tv"}, {"ext": "srv1", "url": "https://www.youtube.com/api/timedtext?v=gqAmIg0fcts&ei=T32DaNr0O9zXsfIP_qmmyAk&caps=asr&opi=112496729&xoaf=5&xospf=1&hl=en&ip=0.0.0.0&ipbits=0&expire=1753472960&sparams=ip%2Cipbits%2Cexpire%2Cv%2Cei%2Ccaps%2Copi%2Cxoaf&signature=BF6AAB3D4430CACE152B9187312DC84373EE659D.A4720C5E9D32CB844611A6CC9D701A6F66CF4CEC&key=yt8&kind=asr&lang=en&variant=punctuated&tlang=de&fmt=srv1", "name": "German", "impersonate": true, "__yt_dlp_client": "tv"}, {"ext": "srv2", "url": "https://www.youtube.com/api/timedtext?v=gqAmIg0fcts&ei=T32DaNr0O9zXsfIP_qmmyAk&caps=asr&opi=112496729&xoaf=5&xospf=1&hl=en&ip=0.0.0.0&ipbits=0&expire=1753472960&sparams=ip%2Cipbits%2Cexpire%2Cv%2Cei%2Ccaps%2Copi%2Cxoaf&signature=BF6AAB3D4430CACE152B9187312DC84373EE659D.A4720C5E9D32CB844611A6CC9D701A6F66CF4CEC&key=yt8&kind=asr&lang=en&variant=punctuated&tlang=de&fmt=srv2", "name": "German", "impersonate": true, "__yt_dlp_client": "tv"}, {"ext": "srv3", "url": "https://www.youtube.com/api/timedtext?v=gqAmIg0fcts&ei=T32DaNr0O9zXsfIP_qmmyAk&caps=asr&opi=112496729&xoaf=5&xospf=1&hl=en&ip=0.0.0.0&ipbits=0&expire=1753472960&sparams=ip%2Cipbits%2Cexpire%2Cv%2Cei%2Ccaps%2Copi%2Cxoaf&signature=BF6AAB3D4430CACE152B9187312DC84373EE659D.A4720C5E9D32CB844611A6CC9D701A6F66CF4CEC&key=yt8&kind=asr&lang=en&variant=punctuated&tlang=de&fmt=srv3", "name": "German", "impersonate": true, "__yt_dlp_client": "tv"}, {"ext": "ttml", "url": "https://www.youtube.com/api/timedtext?v=gqAmIg0fcts&ei=T32DaNr0O9zXsfIP_qmmyAk&caps=asr&opi=112496729&xoaf=5&xospf=1&hl=en&ip=0.0.0.0&ipbits=0&expire=1753472960&sparams=ip%2Cipbits%2Cexpire%2Cv%2Cei%2Ccaps%2Copi%2Cxoaf&signature=BF6AAB3D4430CACE152B9187312DC84373EE659D.A4720C5E9D32CB844611A6CC9D701A6F66CF4CEC&key=yt8&kind=asr&lang=en&variant=punctuated&tlang=de&fmt=ttml", "name": "German", "impersonate": true, "__yt_dlp_client": "tv"}, {"ext": "srt", "url": "https://www.youtube.com/api/timedtext?v=gqAmIg0fcts&ei=T32DaNr0O9zXsfIP_qmmyAk&caps=asr&opi=112496729&xoaf=5&xospf=1&hl=en&ip=0.0.0.0&ipbits=0&expire=1753472960&sparams=ip%2Cipbits%2Cexpire%2Cv%2Cei%2Ccaps%2Copi%2Cxoaf&signature=BF6AAB3D4430CACE152B9187312DC84373EE659D.A4720C5E9D32CB844611A6CC9D701A6F66CF4CEC&key=yt8&kind=asr&lang=en&variant=punctuated&tlang=de&fmt=srt", "name": "German", "impersonate": true, "__yt_dlp_client": "tv"}, {"ext": "vtt", "url": "https://www.youtube.com/api/timedtext?v=gqAmIg0fcts&ei=T32DaNr0O9zXsfIP_qmmyAk&caps=asr&opi=112496729&xoaf=5&xospf=1&hl=en&ip=0.0.0.0&ipbits=0&expire=1753472960&sparams=ip%2Cipbits%2Cexpire%2Cv%2Cei%2Ccaps%2Copi%2Cxoaf&signature=BF6AAB3D4430CACE152B9187312DC84373EE659D.A4720C5E9D32CB844611A6CC9D701A6F66CF4CEC&key=yt8&kind=asr&lang=en&variant=punctuated&tlang=de&fmt=vtt", "name": "German", "impersonate": true, "__yt_dlp_client": "tv"}], "el": [{"ext": "json3", "url": "https://www.youtube.com/api/timedtext?v=gqAmIg0fcts&ei=T32DaNr0O9zXsfIP_qmmyAk&caps=asr&opi=112496729&xoaf=5&xospf=1&hl=en&ip=0.0.0.0&ipbits=0&expire=1753472960&sparams=ip%2Cipbits%2Cexpire%2Cv%2Cei%2Ccaps%2Copi%2Cxoaf&signature=BF6AAB3D4430CACE152B9187312DC84373EE659D.A4720C5E9D32CB844611A6CC9D701A6F66CF4CEC&key=yt8&kind=asr&lang=en&variant=punctuated&tlang=el&fmt=json3", "name": "Greek", "impersonate": true, "__yt_dlp_client": "tv"}, {"ext": "srv1", "url": "https://www.youtube.com/api/timedtext?v=gqAmIg0fcts&ei=T32DaNr0O9zXsfIP_qmmyAk&caps=asr&opi=112496729&xoaf=5&xospf=1&hl=en&ip=0.0.0.0&ipbits=0&expire=1753472960&sparams=ip%2Cipbits%2Cexpire%2Cv%2Cei%2Ccaps%2Copi%2Cxoaf&signature=BF6AAB3D4430CACE152B9187312DC84373EE659D.A4720C5E9D32CB844611A6CC9D701A6F66CF4CEC&key=yt8&kind=asr&lang=en&variant=punctuated&tlang=el&fmt=srv1", "name": "Greek", "impersonate": true, "__yt_dlp_client": "tv"}, {"ext": "srv2", "url": "https://www.youtube.com/api/timedtext?v=gqAmIg0fcts&ei=T32DaNr0O9zXsfIP_qmmyAk&caps=asr&opi=112496729&xoaf=5&xospf=1&hl=en&ip=0.0.0.0&ipbits=0&expire=1753472960&sparams=ip%2Cipbits%2Cexpire%2Cv%2Cei%2Ccaps%2Copi%2Cxoaf&signature=BF6AAB3D4430CACE152B9187312DC84373EE659D.A4720C5E9D32CB844611A6CC9D701A6F66CF4CEC&key=yt8&kind=asr&lang=en&variant=punctuated&tlang=el&fmt=srv2", "name": "Greek", "impersonate": true, "__yt_dlp_client": "tv"}, {"ext": "srv3", "url": "https://www.youtube.com/api/timedtext?v=gqAmIg0fcts&ei=T32DaNr0O9zXsfIP_qmmyAk&caps=asr&opi=112496729&xoaf=5&xospf=1&hl=en&ip=0.0.0.0&ipbits=0&expire=1753472960&sparams=ip%2Cipbits%2Cexpire%2Cv%2Cei%2Ccaps%2Copi%2Cxoaf&signature=BF6AAB3D4430CACE152B9187312DC84373EE659D.A4720C5E9D32CB844611A6CC9D701A6F66CF4CEC&key=yt8&kind=asr&lang=en&variant=punctuated&tlang=el&fmt=srv3", "name": "Greek", "impersonate": true, "__yt_dlp_client": "tv"}, {"ext": "ttml", "url": "https://www.youtube.com/api/timedtext?v=gqAmIg0fcts&ei=T32DaNr0O9zXsfIP_qmmyAk&caps=asr&opi=112496729&xoaf=5&xospf=1&hl=en&ip=0.0.0.0&ipbits=0&expire=1753472960&sparams=ip%2Cipbits%2Cexpire%2Cv%2Cei%2Ccaps%2Copi%2Cxoaf&signature=BF6AAB3D4430CACE152B9187312DC84373EE659D.A4720C5E9D32CB844611A6CC9D701A6F66CF4CEC&key=yt8&kind=asr&lang=en&variant=punctuated&tlang=el&fmt=ttml", "name": "Greek", "impersonate": true, "__yt_dlp_client": "tv"}, {"ext": "srt", "url": "https://www.youtube.com/api/timedtext?v=gqAmIg0fcts&ei=T32DaNr0O9zXsfIP_qmmyAk&caps=asr&opi=112496729&xoaf=5&xospf=1&hl=en&ip=0.0.0.0&ipbits=0&expire=1753472960&sparams=ip%2Cipbits%2Cexpire%2Cv%2Cei%2Ccaps%2Copi%2Cxoaf&signature=BF6AAB3D4430CACE152B9187312DC84373EE659D.A4720C5E9D32CB844611A6CC9D701A6F66CF4CEC&key=yt8&kind=asr&lang=en&variant=punctuated&tlang=el&fmt=srt", "name": "Greek", "impersonate": true, "__yt_dlp_client": "tv"}, {"ext": "vtt", "url": "https://www.youtube.com/api/timedtext?v=gqAmIg0fcts&ei=T32DaNr0O9zXsfIP_qmmyAk&caps=asr&opi=112496729&xoaf=5&xospf=1&hl=en&ip=0.0.0.0&ipbits=0&expire=1753472960&sparams=ip%2Cipbits%2Cexpire%2Cv%2Cei%2Ccaps%2Copi%2Cxoaf&signature=BF6AAB3D4430CACE152B9187312DC84373EE659D.A4720C5E9D32CB844611A6CC9D701A6F66CF4CEC&key=yt8&kind=asr&lang=en&variant=punctuated&tlang=el&fmt=vtt", "name": "Greek", "impersonate": true, "__yt_dlp_client": "tv"}], "gn": [{"ext": "json3", "url": "https://www.youtube.com/api/timedtext?v=gqAmIg0fcts&ei=T32DaNr0O9zXsfIP_qmmyAk&caps=asr&opi=112496729&xoaf=5&xospf=1&hl=en&ip=0.0.0.0&ipbits=0&expire=1753472960&sparams=ip%2Cipbits%2Cexpire%2Cv%2Cei%2Ccaps%2Copi%2Cxoaf&signature=BF6AAB3D4430CACE152B9187312DC84373EE659D.A4720C5E9D32CB844611A6CC9D701A6F66CF4CEC&key=yt8&kind=asr&lang=en&variant=punctuated&tlang=gn&fmt=json3", "name": "Guarani", "impersonate": true, "__yt_dlp_client": "tv"}, {"ext": "srv1", "url": "https://www.youtube.com/api/timedtext?v=gqAmIg0fcts&ei=T32DaNr0O9zXsfIP_qmmyAk&caps=asr&opi=112496729&xoaf=5&xospf=1&hl=en&ip=0.0.0.0&ipbits=0&expire=1753472960&sparams=ip%2Cipbits%2Cexpire%2Cv%2Cei%2Ccaps%2Copi%2Cxoaf&signature=BF6AAB3D4430CACE152B9187312DC84373EE659D.A4720C5E9D32CB844611A6CC9D701A6F66CF4CEC&key=yt8&kind=asr&lang=en&variant=punctuated&tlang=gn&fmt=srv1", "name": "Guarani", "impersonate": true, "__yt_dlp_client": "tv"}, {"ext": "srv2", "url": "https://www.youtube.com/api/timedtext?v=gqAmIg0fcts&ei=T32DaNr0O9zXsfIP_qmmyAk&caps=asr&opi=112496729&xoaf=5&xospf=1&hl=en&ip=0.0.0.0&ipbits=0&expire=1753472960&sparams=ip%2Cipbits%2Cexpire%2Cv%2Cei%2Ccaps%2Copi%2Cxoaf&signature=BF6AAB3D4430CACE152B9187312DC84373EE659D.A4720C5E9D32CB844611A6CC9D701A6F66CF4CEC&key=yt8&kind=asr&lang=en&variant=punctuated&tlang=gn&fmt=srv2", "name": "Guarani", "impersonate": true, "__yt_dlp_client": "tv"}, {"ext": "srv3", "url": "https://www.youtube.com/api/timedtext?v=gqAmIg0fcts&ei=T32DaNr0O9zXsfIP_qmmyAk&caps=asr&opi=112496729&xoaf=5&xospf=1&hl=en&ip=0.0.0.0&ipbits=0&expire=1753472960&sparams=ip%2Cipbits%2Cexpire%2Cv%2Cei%2Ccaps%2Copi%2Cxoaf&signature=BF6AAB3D4430CACE152B9187312DC84373EE659D.A4720C5E9D32CB844611A6CC9D701A6F66CF4CEC&key=yt8&kind=asr&lang=en&variant=punctuated&tlang=gn&fmt=srv3", "name": "Guarani", "impersonate": true, "__yt_dlp_client": "tv"}, {"ext": "ttml", "url": "https://www.youtube.com/api/timedtext?v=gqAmIg0fcts&ei=T32DaNr0O9zXsfIP_qmmyAk&caps=asr&opi=112496729&xoaf=5&xospf=1&hl=en&ip=0.0.0.0&ipbits=0&expire=1753472960&sparams=ip%2Cipbits%2Cexpire%2Cv%2Cei%2Ccaps%2Copi%2Cxoaf&signature=BF6AAB3D4430CACE152B9187312DC84373EE659D.A4720C5E9D32CB844611A6CC9D701A6F66CF4CEC&key=yt8&kind=asr&lang=en&variant=punctuated&tlang=gn&fmt=ttml", "name": "Guarani", "impersonate": true, "__yt_dlp_client": "tv"}, {"ext": "srt", "url": "https://www.youtube.com/api/timedtext?v=gqAmIg0fcts&ei=T32DaNr0O9zXsfIP_qmmyAk&caps=asr&opi=112496729&xoaf=5&xospf=1&hl=en&ip=0.0.0.0&ipbits=0&expire=1753472960&sparams=ip%2Cipbits%2Cexpire%2Cv%2Cei%2Ccaps%2Copi%2Cxoaf&signature=BF6AAB3D4430CACE152B9187312DC84373EE659D.A4720C5E9D32CB844611A6CC9D701A6F66CF4CEC&key=yt8&kind=asr&lang=en&variant=punctuated&tlang=gn&fmt=srt", "name": "Guarani", "impersonate": true, "__yt_dlp_client": "tv"}, {"ext": "vtt", "url": "https://www.youtube.com/api/timedtext?v=gqAmIg0fcts&ei=T32DaNr0O9zXsfIP_qmmyAk&caps=asr&opi=112496729&xoaf=5&xospf=1&hl=en&ip=0.0.0.0&ipbits=0&expire=1753472960&sparams=ip%2Cipbits%2Cexpire%2Cv%2Cei%2Ccaps%2Copi%2Cxoaf&signature=BF6AAB3D4430CACE152B9187312DC84373EE659D.A4720C5E9D32CB844611A6CC9D701A6F66CF4CEC&key=yt8&kind=asr&lang=en&variant=punctuated&tlang=gn&fmt=vtt", "name": "Guarani", "impersonate": true, "__yt_dlp_client": "tv"}], "gu": [{"ext": "json3", "url": "https://www.youtube.com/api/timedtext?v=gqAmIg0fcts&ei=T32DaNr0O9zXsfIP_qmmyAk&caps=asr&opi=112496729&xoaf=5&xospf=1&hl=en&ip=0.0.0.0&ipbits=0&expire=1753472960&sparams=ip%2Cipbits%2Cexpire%2Cv%2Cei%2Ccaps%2Copi%2Cxoaf&signature=BF6AAB3D4430CACE152B9187312DC84373EE659D.A4720C5E9D32CB844611A6CC9D701A6F66CF4CEC&key=yt8&kind=asr&lang=en&variant=punctuated&tlang=gu&fmt=json3", "name": "Gujarati", "impersonate": true, "__yt_dlp_client": "tv"}, {"ext": "srv1", "url": "https://www.youtube.com/api/timedtext?v=gqAmIg0fcts&ei=T32DaNr0O9zXsfIP_qmmyAk&caps=asr&opi=112496729&xoaf=5&xospf=1&hl=en&ip=0.0.0.0&ipbits=0&expire=1753472960&sparams=ip%2Cipbits%2Cexpire%2Cv%2Cei%2Ccaps%2Copi%2Cxoaf&signature=BF6AAB3D4430CACE152B9187312DC84373EE659D.A4720C5E9D32CB844611A6CC9D701A6F66CF4CEC&key=yt8&kind=asr&lang=en&variant=punctuated&tlang=gu&fmt=srv1", "name": "Gujarati", "impersonate": true, "__yt_dlp_client": "tv"}, {"ext": "srv2", "url": "https://www.youtube.com/api/timedtext?v=gqAmIg0fcts&ei=T32DaNr0O9zXsfIP_qmmyAk&caps=asr&opi=112496729&xoaf=5&xospf=1&hl=en&ip=0.0.0.0&ipbits=0&expire=1753472960&sparams=ip%2Cipbits%2Cexpire%2Cv%2Cei%2Ccaps%2Copi%2Cxoaf&signature=BF6AAB3D4430CACE152B9187312DC84373EE659D.A4720C5E9D32CB844611A6CC9D701A6F66CF4CEC&key=yt8&kind=asr&lang=en&variant=punctuated&tlang=gu&fmt=srv2", "name": "Gujarati", "impersonate": true, "__yt_dlp_client": "tv"}, {"ext": "srv3", "url": "https://www.youtube.com/api/timedtext?v=gqAmIg0fcts&ei=T32DaNr0O9zXsfIP_qmmyAk&caps=asr&opi=112496729&xoaf=5&xospf=1&hl=en&ip=0.0.0.0&ipbits=0&expire=1753472960&sparams=ip%2Cipbits%2Cexpire%2Cv%2Cei%2Ccaps%2Copi%2Cxoaf&signature=BF6AAB3D4430CACE152B9187312DC84373EE659D.A4720C5E9D32CB844611A6CC9D701A6F66CF4CEC&key=yt8&kind=asr&lang=en&variant=punctuated&tlang=gu&fmt=srv3", "name": "Gujarati", "impersonate": true, "__yt_dlp_client": "tv"}, {"ext": "ttml", "url": "https://www.youtube.com/api/timedtext?v=gqAmIg0fcts&ei=T32DaNr0O9zXsfIP_qmmyAk&caps=asr&opi=112496729&xoaf=5&xospf=1&hl=en&ip=0.0.0.0&ipbits=0&expire=1753472960&sparams=ip%2Cipbits%2Cexpire%2Cv%2Cei%2Ccaps%2Copi%2Cxoaf&signature=BF6AAB3D4430CACE152B9187312DC84373EE659D.A4720C5E9D32CB844611A6CC9D701A6F66CF4CEC&key=yt8&kind=asr&lang=en&variant=punctuated&tlang=gu&fmt=ttml", "name": "Gujarati", "impersonate": true, "__yt_dlp_client": "tv"}, {"ext": "srt", "url": "https://www.youtube.com/api/timedtext?v=gqAmIg0fcts&ei=T32DaNr0O9zXsfIP_qmmyAk&caps=asr&opi=112496729&xoaf=5&xospf=1&hl=en&ip=0.0.0.0&ipbits=0&expire=1753472960&sparams=ip%2Cipbits%2Cexpire%2Cv%2Cei%2Ccaps%2Copi%2Cxoaf&signature=BF6AAB3D4430CACE152B9187312DC84373EE659D.A4720C5E9D32CB844611A6CC9D701A6F66CF4CEC&key=yt8&kind=asr&lang=en&variant=punctuated&tlang=gu&fmt=srt", "name": "Gujarati", "impersonate": true, "__yt_dlp_client": "tv"}, {"ext": "vtt", "url": "https://www.youtube.com/api/timedtext?v=gqAmIg0fcts&ei=T32DaNr0O9zXsfIP_qmmyAk&caps=asr&opi=112496729&xoaf=5&xospf=1&hl=en&ip=0.0.0.0&ipbits=0&expire=1753472960&sparams=ip%2Cipbits%2Cexpire%2Cv%2Cei%2Ccaps%2Copi%2Cxoaf&signature=BF6AAB3D4430CACE152B9187312DC84373EE659D.A4720C5E9D32CB844611A6CC9D701A6F66CF4CEC&key=yt8&kind=asr&lang=en&variant=punctuated&tlang=gu&fmt=vtt", "name": "Gujarati", "impersonate": true, "__yt_dlp_client": "tv"}], "ht": [{"ext": "json3", "url": "https://www.youtube.com/api/timedtext?v=gqAmIg0fcts&ei=T32DaNr0O9zXsfIP_qmmyAk&caps=asr&opi=112496729&xoaf=5&xospf=1&hl=en&ip=0.0.0.0&ipbits=0&expire=1753472960&sparams=ip%2Cipbits%2Cexpire%2Cv%2Cei%2Ccaps%2Copi%2Cxoaf&signature=BF6AAB3D4430CACE152B9187312DC84373EE659D.A4720C5E9D32CB844611A6CC9D701A6F66CF4CEC&key=yt8&kind=asr&lang=en&variant=punctuated&tlang=ht&fmt=json3", "name": "Haitian Creole", "impersonate": true, "__yt_dlp_client": "tv"}, {"ext": "srv1", "url": "https://www.youtube.com/api/timedtext?v=gqAmIg0fcts&ei=T32DaNr0O9zXsfIP_qmmyAk&caps=asr&opi=112496729&xoaf=5&xospf=1&hl=en&ip=0.0.0.0&ipbits=0&expire=1753472960&sparams=ip%2Cipbits%2Cexpire%2Cv%2Cei%2Ccaps%2Copi%2Cxoaf&signature=BF6AAB3D4430CACE152B9187312DC84373EE659D.A4720C5E9D32CB844611A6CC9D701A6F66CF4CEC&key=yt8&kind=asr&lang=en&variant=punctuated&tlang=ht&fmt=srv1", "name": "Haitian Creole", "impersonate": true, "__yt_dlp_client": "tv"}, {"ext": "srv2", "url": "https://www.youtube.com/api/timedtext?v=gqAmIg0fcts&ei=T32DaNr0O9zXsfIP_qmmyAk&caps=asr&opi=112496729&xoaf=5&xospf=1&hl=en&ip=0.0.0.0&ipbits=0&expire=1753472960&sparams=ip%2Cipbits%2Cexpire%2Cv%2Cei%2Ccaps%2Copi%2Cxoaf&signature=BF6AAB3D4430CACE152B9187312DC84373EE659D.A4720C5E9D32CB844611A6CC9D701A6F66CF4CEC&key=yt8&kind=asr&lang=en&variant=punctuated&tlang=ht&fmt=srv2", "name": "Haitian Creole", "impersonate": true, "__yt_dlp_client": "tv"}, {"ext": "srv3", "url": "https://www.youtube.com/api/timedtext?v=gqAmIg0fcts&ei=T32DaNr0O9zXsfIP_qmmyAk&caps=asr&opi=112496729&xoaf=5&xospf=1&hl=en&ip=0.0.0.0&ipbits=0&expire=1753472960&sparams=ip%2Cipbits%2Cexpire%2Cv%2Cei%2Ccaps%2Copi%2Cxoaf&signature=BF6AAB3D4430CACE152B9187312DC84373EE659D.A4720C5E9D32CB844611A6CC9D701A6F66CF4CEC&key=yt8&kind=asr&lang=en&variant=punctuated&tlang=ht&fmt=srv3", "name": "Haitian Creole", "impersonate": true, "__yt_dlp_client": "tv"}, {"ext": "ttml", "url": "https://www.youtube.com/api/timedtext?v=gqAmIg0fcts&ei=T32DaNr0O9zXsfIP_qmmyAk&caps=asr&opi=112496729&xoaf=5&xospf=1&hl=en&ip=0.0.0.0&ipbits=0&expire=1753472960&sparams=ip%2Cipbits%2Cexpire%2Cv%2Cei%2Ccaps%2Copi%2Cxoaf&signature=BF6AAB3D4430CACE152B9187312DC84373EE659D.A4720C5E9D32CB844611A6CC9D701A6F66CF4CEC&key=yt8&kind=asr&lang=en&variant=punctuated&tlang=ht&fmt=ttml", "name": "Haitian Creole", "impersonate": true, "__yt_dlp_client": "tv"}, {"ext": "srt", "url": "https://www.youtube.com/api/timedtext?v=gqAmIg0fcts&ei=T32DaNr0O9zXsfIP_qmmyAk&caps=asr&opi=112496729&xoaf=5&xospf=1&hl=en&ip=0.0.0.0&ipbits=0&expire=1753472960&sparams=ip%2Cipbits%2Cexpire%2Cv%2Cei%2Ccaps%2Copi%2Cxoaf&signature=BF6AAB3D4430CACE152B9187312DC84373EE659D.A4720C5E9D32CB844611A6CC9D701A6F66CF4CEC&key=yt8&kind=asr&lang=en&variant=punctuated&tlang=ht&fmt=srt", "name": "Haitian Creole", "impersonate": true, "__yt_dlp_client": "tv"}, {"ext": "vtt", "url": "https://www.youtube.com/api/timedtext?v=gqAmIg0fcts&ei=T32DaNr0O9zXsfIP_qmmyAk&caps=asr&opi=112496729&xoaf=5&xospf=1&hl=en&ip=0.0.0.0&ipbits=0&expire=1753472960&sparams=ip%2Cipbits%2Cexpire%2Cv%2Cei%2Ccaps%2Copi%2Cxoaf&signature=BF6AAB3D4430CACE152B9187312DC84373EE659D.A4720C5E9D32CB844611A6CC9D701A6F66CF4CEC&key=yt8&kind=asr&lang=en&variant=punctuated&tlang=ht&fmt=vtt", "name": "Haitian Creole", "impersonate": true, "__yt_dlp_client": "tv"}], "ha": [{"ext": "json3", "url": "https://www.youtube.com/api/timedtext?v=gqAmIg0fcts&ei=T32DaNr0O9zXsfIP_qmmyAk&caps=asr&opi=112496729&xoaf=5&xospf=1&hl=en&ip=0.0.0.0&ipbits=0&expire=1753472960&sparams=ip%2Cipbits%2Cexpire%2Cv%2Cei%2Ccaps%2Copi%2Cxoaf&signature=BF6AAB3D4430CACE152B9187312DC84373EE659D.A4720C5E9D32CB844611A6CC9D701A6F66CF4CEC&key=yt8&kind=asr&lang=en&variant=punctuated&tlang=ha&fmt=json3", "name": "Hausa", "impersonate": true, "__yt_dlp_client": "tv"}, {"ext": "srv1", "url": "https://www.youtube.com/api/timedtext?v=gqAmIg0fcts&ei=T32DaNr0O9zXsfIP_qmmyAk&caps=asr&opi=112496729&xoaf=5&xospf=1&hl=en&ip=0.0.0.0&ipbits=0&expire=1753472960&sparams=ip%2Cipbits%2Cexpire%2Cv%2Cei%2Ccaps%2Copi%2Cxoaf&signature=BF6AAB3D4430CACE152B9187312DC84373EE659D.A4720C5E9D32CB844611A6CC9D701A6F66CF4CEC&key=yt8&kind=asr&lang=en&variant=punctuated&tlang=ha&fmt=srv1", "name": "Hausa", "impersonate": true, "__yt_dlp_client": "tv"}, {"ext": "srv2", "url": "https://www.youtube.com/api/timedtext?v=gqAmIg0fcts&ei=T32DaNr0O9zXsfIP_qmmyAk&caps=asr&opi=112496729&xoaf=5&xospf=1&hl=en&ip=0.0.0.0&ipbits=0&expire=1753472960&sparams=ip%2Cipbits%2Cexpire%2Cv%2Cei%2Ccaps%2Copi%2Cxoaf&signature=BF6AAB3D4430CACE152B9187312DC84373EE659D.A4720C5E9D32CB844611A6CC9D701A6F66CF4CEC&key=yt8&kind=asr&lang=en&variant=punctuated&tlang=ha&fmt=srv2", "name": "Hausa", "impersonate": true, "__yt_dlp_client": "tv"}, {"ext": "srv3", "url": "https://www.youtube.com/api/timedtext?v=gqAmIg0fcts&ei=T32DaNr0O9zXsfIP_qmmyAk&caps=asr&opi=112496729&xoaf=5&xospf=1&hl=en&ip=0.0.0.0&ipbits=0&expire=1753472960&sparams=ip%2Cipbits%2Cexpire%2Cv%2Cei%2Ccaps%2Copi%2Cxoaf&signature=BF6AAB3D4430CACE152B9187312DC84373EE659D.A4720C5E9D32CB844611A6CC9D701A6F66CF4CEC&key=yt8&kind=asr&lang=en&variant=punctuated&tlang=ha&fmt=srv3", "name": "Hausa", "impersonate": true, "__yt_dlp_client": "tv"}, {"ext": "ttml", "url": "https://www.youtube.com/api/timedtext?v=gqAmIg0fcts&ei=T32DaNr0O9zXsfIP_qmmyAk&caps=asr&opi=112496729&xoaf=5&xospf=1&hl=en&ip=0.0.0.0&ipbits=0&expire=1753472960&sparams=ip%2Cipbits%2Cexpire%2Cv%2Cei%2Ccaps%2Copi%2Cxoaf&signature=BF6AAB3D4430CACE152B9187312DC84373EE659D.A4720C5E9D32CB844611A6CC9D701A6F66CF4CEC&key=yt8&kind=asr&lang=en&variant=punctuated&tlang=ha&fmt=ttml", "name": "Hausa", "impersonate": true, "__yt_dlp_client": "tv"}, {"ext": "srt", "url": "https://www.youtube.com/api/timedtext?v=gqAmIg0fcts&ei=T32DaNr0O9zXsfIP_qmmyAk&caps=asr&opi=112496729&xoaf=5&xospf=1&hl=en&ip=0.0.0.0&ipbits=0&expire=1753472960&sparams=ip%2Cipbits%2Cexpire%2Cv%2Cei%2Ccaps%2Copi%2Cxoaf&signature=BF6AAB3D4430CACE152B9187312DC84373EE659D.A4720C5E9D32CB844611A6CC9D701A6F66CF4CEC&key=yt8&kind=asr&lang=en&variant=punctuated&tlang=ha&fmt=srt", "name": "Hausa", "impersonate": true, "__yt_dlp_client": "tv"}, {"ext": "vtt", "url": "https://www.youtube.com/api/timedtext?v=gqAmIg0fcts&ei=T32DaNr0O9zXsfIP_qmmyAk&caps=asr&opi=112496729&xoaf=5&xospf=1&hl=en&ip=0.0.0.0&ipbits=0&expire=1753472960&sparams=ip%2Cipbits%2Cexpire%2Cv%2Cei%2Ccaps%2Copi%2Cxoaf&signature=BF6AAB3D4430CACE152B9187312DC84373EE659D.A4720C5E9D32CB844611A6CC9D701A6F66CF4CEC&key=yt8&kind=asr&lang=en&variant=punctuated&tlang=ha&fmt=vtt", "name": "Hausa", "impersonate": true, "__yt_dlp_client": "tv"}], "haw": [{"ext": "json3", "url": "https://www.youtube.com/api/timedtext?v=gqAmIg0fcts&ei=T32DaNr0O9zXsfIP_qmmyAk&caps=asr&opi=112496729&xoaf=5&xospf=1&hl=en&ip=0.0.0.0&ipbits=0&expire=1753472960&sparams=ip%2Cipbits%2Cexpire%2Cv%2Cei%2Ccaps%2Copi%2Cxoaf&signature=BF6AAB3D4430CACE152B9187312DC84373EE659D.A4720C5E9D32CB844611A6CC9D701A6F66CF4CEC&key=yt8&kind=asr&lang=en&variant=punctuated&tlang=haw&fmt=json3", "name": "Hawaiian", "impersonate": true, "__yt_dlp_client": "tv"}, {"ext": "srv1", "url": "https://www.youtube.com/api/timedtext?v=gqAmIg0fcts&ei=T32DaNr0O9zXsfIP_qmmyAk&caps=asr&opi=112496729&xoaf=5&xospf=1&hl=en&ip=0.0.0.0&ipbits=0&expire=1753472960&sparams=ip%2Cipbits%2Cexpire%2Cv%2Cei%2Ccaps%2Copi%2Cxoaf&signature=BF6AAB3D4430CACE152B9187312DC84373EE659D.A4720C5E9D32CB844611A6CC9D701A6F66CF4CEC&key=yt8&kind=asr&lang=en&variant=punctuated&tlang=haw&fmt=srv1", "name": "Hawaiian", "impersonate": true, "__yt_dlp_client": "tv"}, {"ext": "srv2", "url": "https://www.youtube.com/api/timedtext?v=gqAmIg0fcts&ei=T32DaNr0O9zXsfIP_qmmyAk&caps=asr&opi=112496729&xoaf=5&xospf=1&hl=en&ip=0.0.0.0&ipbits=0&expire=1753472960&sparams=ip%2Cipbits%2Cexpire%2Cv%2Cei%2Ccaps%2Copi%2Cxoaf&signature=BF6AAB3D4430CACE152B9187312DC84373EE659D.A4720C5E9D32CB844611A6CC9D701A6F66CF4CEC&key=yt8&kind=asr&lang=en&variant=punctuated&tlang=haw&fmt=srv2", "name": "Hawaiian", "impersonate": true, "__yt_dlp_client": "tv"}, {"ext": "srv3", "url": "https://www.youtube.com/api/timedtext?v=gqAmIg0fcts&ei=T32DaNr0O9zXsfIP_qmmyAk&caps=asr&opi=112496729&xoaf=5&xospf=1&hl=en&ip=0.0.0.0&ipbits=0&expire=1753472960&sparams=ip%2Cipbits%2Cexpire%2Cv%2Cei%2Ccaps%2Copi%2Cxoaf&signature=BF6AAB3D4430CACE152B9187312DC84373EE659D.A4720C5E9D32CB844611A6CC9D701A6F66CF4CEC&key=yt8&kind=asr&lang=en&variant=punctuated&tlang=haw&fmt=srv3", "name": "Hawaiian", "impersonate": true, "__yt_dlp_client": "tv"}, {"ext": "ttml", "url": "https://www.youtube.com/api/timedtext?v=gqAmIg0fcts&ei=T32DaNr0O9zXsfIP_qmmyAk&caps=asr&opi=112496729&xoaf=5&xospf=1&hl=en&ip=0.0.0.0&ipbits=0&expire=1753472960&sparams=ip%2Cipbits%2Cexpire%2Cv%2Cei%2Ccaps%2Copi%2Cxoaf&signature=BF6AAB3D4430CACE152B9187312DC84373EE659D.A4720C5E9D32CB844611A6CC9D701A6F66CF4CEC&key=yt8&kind=asr&lang=en&variant=punctuated&tlang=haw&fmt=ttml", "name": "Hawaiian", "impersonate": true, "__yt_dlp_client": "tv"}, {"ext": "srt", "url": "https://www.youtube.com/api/timedtext?v=gqAmIg0fcts&ei=T32DaNr0O9zXsfIP_qmmyAk&caps=asr&opi=112496729&xoaf=5&xospf=1&hl=en&ip=0.0.0.0&ipbits=0&expire=1753472960&sparams=ip%2Cipbits%2Cexpire%2Cv%2Cei%2Ccaps%2Copi%2Cxoaf&signature=BF6AAB3D4430CACE152B9187312DC84373EE659D.A4720C5E9D32CB844611A6CC9D701A6F66CF4CEC&key=yt8&kind=asr&lang=en&variant=punctuated&tlang=haw&fmt=srt", "name": "Hawaiian", "impersonate": true, "__yt_dlp_client": "tv"}, {"ext": "vtt", "url": "https://www.youtube.com/api/timedtext?v=gqAmIg0fcts&ei=T32DaNr0O9zXsfIP_qmmyAk&caps=asr&opi=112496729&xoaf=5&xospf=1&hl=en&ip=0.0.0.0&ipbits=0&expire=1753472960&sparams=ip%2Cipbits%2Cexpire%2Cv%2Cei%2Ccaps%2Copi%2Cxoaf&signature=BF6AAB3D4430CACE152B9187312DC84373EE659D.A4720C5E9D32CB844611A6CC9D701A6F66CF4CEC&key=yt8&kind=asr&lang=en&variant=punctuated&tlang=haw&fmt=vtt", "name": "Hawaiian", "impersonate": true, "__yt_dlp_client": "tv"}], "iw": [{"ext": "json3", "url": "https://www.youtube.com/api/timedtext?v=gqAmIg0fcts&ei=T32DaNr0O9zXsfIP_qmmyAk&caps=asr&opi=112496729&xoaf=5&xospf=1&hl=en&ip=0.0.0.0&ipbits=0&expire=1753472960&sparams=ip%2Cipbits%2Cexpire%2Cv%2Cei%2Ccaps%2Copi%2Cxoaf&signature=BF6AAB3D4430CACE152B9187312DC84373EE659D.A4720C5E9D32CB844611A6CC9D701A6F66CF4CEC&key=yt8&kind=asr&lang=en&variant=punctuated&tlang=iw&fmt=json3", "name": "Hebrew", "impersonate": true, "__yt_dlp_client": "tv"}, {"ext": "srv1", "url": "https://www.youtube.com/api/timedtext?v=gqAmIg0fcts&ei=T32DaNr0O9zXsfIP_qmmyAk&caps=asr&opi=112496729&xoaf=5&xospf=1&hl=en&ip=0.0.0.0&ipbits=0&expire=1753472960&sparams=ip%2Cipbits%2Cexpire%2Cv%2Cei%2Ccaps%2Copi%2Cxoaf&signature=BF6AAB3D4430CACE152B9187312DC84373EE659D.A4720C5E9D32CB844611A6CC9D701A6F66CF4CEC&key=yt8&kind=asr&lang=en&variant=punctuated&tlang=iw&fmt=srv1", "name": "Hebrew", "impersonate": true, "__yt_dlp_client": "tv"}, {"ext": "srv2", "url": "https://www.youtube.com/api/timedtext?v=gqAmIg0fcts&ei=T32DaNr0O9zXsfIP_qmmyAk&caps=asr&opi=112496729&xoaf=5&xospf=1&hl=en&ip=0.0.0.0&ipbits=0&expire=1753472960&sparams=ip%2Cipbits%2Cexpire%2Cv%2Cei%2Ccaps%2Copi%2Cxoaf&signature=BF6AAB3D4430CACE152B9187312DC84373EE659D.A4720C5E9D32CB844611A6CC9D701A6F66CF4CEC&key=yt8&kind=asr&lang=en&variant=punctuated&tlang=iw&fmt=srv2", "name": "Hebrew", "impersonate": true, "__yt_dlp_client": "tv"}, {"ext": "srv3", "url": "https://www.youtube.com/api/timedtext?v=gqAmIg0fcts&ei=T32DaNr0O9zXsfIP_qmmyAk&caps=asr&opi=112496729&xoaf=5&xospf=1&hl=en&ip=0.0.0.0&ipbits=0&expire=1753472960&sparams=ip%2Cipbits%2Cexpire%2Cv%2Cei%2Ccaps%2Copi%2Cxoaf&signature=BF6AAB3D4430CACE152B9187312DC84373EE659D.A4720C5E9D32CB844611A6CC9D701A6F66CF4CEC&key=yt8&kind=asr&lang=en&variant=punctuated&tlang=iw&fmt=srv3", "name": "Hebrew", "impersonate": true, "__yt_dlp_client": "tv"}, {"ext": "ttml", "url": "https://www.youtube.com/api/timedtext?v=gqAmIg0fcts&ei=T32DaNr0O9zXsfIP_qmmyAk&caps=asr&opi=112496729&xoaf=5&xospf=1&hl=en&ip=0.0.0.0&ipbits=0&expire=1753472960&sparams=ip%2Cipbits%2Cexpire%2Cv%2Cei%2Ccaps%2Copi%2Cxoaf&signature=BF6AAB3D4430CACE152B9187312DC84373EE659D.A4720C5E9D32CB844611A6CC9D701A6F66CF4CEC&key=yt8&kind=asr&lang=en&variant=punctuated&tlang=iw&fmt=ttml", "name": "Hebrew", "impersonate": true, "__yt_dlp_client": "tv"}, {"ext": "srt", "url": "https://www.youtube.com/api/timedtext?v=gqAmIg0fcts&ei=T32DaNr0O9zXsfIP_qmmyAk&caps=asr&opi=112496729&xoaf=5&xospf=1&hl=en&ip=0.0.0.0&ipbits=0&expire=1753472960&sparams=ip%2Cipbits%2Cexpire%2Cv%2Cei%2Ccaps%2Copi%2Cxoaf&signature=BF6AAB3D4430CACE152B9187312DC84373EE659D.A4720C5E9D32CB844611A6CC9D701A6F66CF4CEC&key=yt8&kind=asr&lang=en&variant=punctuated&tlang=iw&fmt=srt", "name": "Hebrew", "impersonate": true, "__yt_dlp_client": "tv"}, {"ext": "vtt", "url": "https://www.youtube.com/api/timedtext?v=gqAmIg0fcts&ei=T32DaNr0O9zXsfIP_qmmyAk&caps=asr&opi=112496729&xoaf=5&xospf=1&hl=en&ip=0.0.0.0&ipbits=0&expire=1753472960&sparams=ip%2Cipbits%2Cexpire%2Cv%2Cei%2Ccaps%2Copi%2Cxoaf&signature=BF6AAB3D4430CACE152B9187312DC84373EE659D.A4720C5E9D32CB844611A6CC9D701A6F66CF4CEC&key=yt8&kind=asr&lang=en&variant=punctuated&tlang=iw&fmt=vtt", "name": "Hebrew", "impersonate": true, "__yt_dlp_client": "tv"}], "hi": [{"ext": "json3", "url": "https://www.youtube.com/api/timedtext?v=gqAmIg0fcts&ei=T32DaNr0O9zXsfIP_qmmyAk&caps=asr&opi=112496729&xoaf=5&xospf=1&hl=en&ip=0.0.0.0&ipbits=0&expire=1753472960&sparams=ip%2Cipbits%2Cexpire%2Cv%2Cei%2Ccaps%2Copi%2Cxoaf&signature=BF6AAB3D4430CACE152B9187312DC84373EE659D.A4720C5E9D32CB844611A6CC9D701A6F66CF4CEC&key=yt8&kind=asr&lang=en&variant=punctuated&tlang=hi&fmt=json3", "name": "Hindi", "impersonate": true, "__yt_dlp_client": "tv"}, {"ext": "srv1", "url": "https://www.youtube.com/api/timedtext?v=gqAmIg0fcts&ei=T32DaNr0O9zXsfIP_qmmyAk&caps=asr&opi=112496729&xoaf=5&xospf=1&hl=en&ip=0.0.0.0&ipbits=0&expire=1753472960&sparams=ip%2Cipbits%2Cexpire%2Cv%2Cei%2Ccaps%2Copi%2Cxoaf&signature=BF6AAB3D4430CACE152B9187312DC84373EE659D.A4720C5E9D32CB844611A6CC9D701A6F66CF4CEC&key=yt8&kind=asr&lang=en&variant=punctuated&tlang=hi&fmt=srv1", "name": "Hindi", "impersonate": true, "__yt_dlp_client": "tv"}, {"ext": "srv2", "url": "https://www.youtube.com/api/timedtext?v=gqAmIg0fcts&ei=T32DaNr0O9zXsfIP_qmmyAk&caps=asr&opi=112496729&xoaf=5&xospf=1&hl=en&ip=0.0.0.0&ipbits=0&expire=1753472960&sparams=ip%2Cipbits%2Cexpire%2Cv%2Cei%2Ccaps%2Copi%2Cxoaf&signature=BF6AAB3D4430CACE152B9187312DC84373EE659D.A4720C5E9D32CB844611A6CC9D701A6F66CF4CEC&key=yt8&kind=asr&lang=en&variant=punctuated&tlang=hi&fmt=srv2", "name": "Hindi", "impersonate": true, "__yt_dlp_client": "tv"}, {"ext": "srv3", "url": "https://www.youtube.com/api/timedtext?v=gqAmIg0fcts&ei=T32DaNr0O9zXsfIP_qmmyAk&caps=asr&opi=112496729&xoaf=5&xospf=1&hl=en&ip=0.0.0.0&ipbits=0&expire=1753472960&sparams=ip%2Cipbits%2Cexpire%2Cv%2Cei%2Ccaps%2Copi%2Cxoaf&signature=BF6AAB3D4430CACE152B9187312DC84373EE659D.A4720C5E9D32CB844611A6CC9D701A6F66CF4CEC&key=yt8&kind=asr&lang=en&variant=punctuated&tlang=hi&fmt=srv3", "name": "Hindi", "impersonate": true, "__yt_dlp_client": "tv"}, {"ext": "ttml", "url": "https://www.youtube.com/api/timedtext?v=gqAmIg0fcts&ei=T32DaNr0O9zXsfIP_qmmyAk&caps=asr&opi=112496729&xoaf=5&xospf=1&hl=en&ip=0.0.0.0&ipbits=0&expire=1753472960&sparams=ip%2Cipbits%2Cexpire%2Cv%2Cei%2Ccaps%2Copi%2Cxoaf&signature=BF6AAB3D4430CACE152B9187312DC84373EE659D.A4720C5E9D32CB844611A6CC9D701A6F66CF4CEC&key=yt8&kind=asr&lang=en&variant=punctuated&tlang=hi&fmt=ttml", "name": "Hindi", "impersonate": true, "__yt_dlp_client": "tv"}, {"ext": "srt", "url": "https://www.youtube.com/api/timedtext?v=gqAmIg0fcts&ei=T32DaNr0O9zXsfIP_qmmyAk&caps=asr&opi=112496729&xoaf=5&xospf=1&hl=en&ip=0.0.0.0&ipbits=0&expire=1753472960&sparams=ip%2Cipbits%2Cexpire%2Cv%2Cei%2Ccaps%2Copi%2Cxoaf&signature=BF6AAB3D4430CACE152B9187312DC84373EE659D.A4720C5E9D32CB844611A6CC9D701A6F66CF4CEC&key=yt8&kind=asr&lang=en&variant=punctuated&tlang=hi&fmt=srt", "name": "Hindi", "impersonate": true, "__yt_dlp_client": "tv"}, {"ext": "vtt", "url": "https://www.youtube.com/api/timedtext?v=gqAmIg0fcts&ei=T32DaNr0O9zXsfIP_qmmyAk&caps=asr&opi=112496729&xoaf=5&xospf=1&hl=en&ip=0.0.0.0&ipbits=0&expire=1753472960&sparams=ip%2Cipbits%2Cexpire%2Cv%2Cei%2Ccaps%2Copi%2Cxoaf&signature=BF6AAB3D4430CACE152B9187312DC84373EE659D.A4720C5E9D32CB844611A6CC9D701A6F66CF4CEC&key=yt8&kind=asr&lang=en&variant=punctuated&tlang=hi&fmt=vtt", "name": "Hindi", "impersonate": true, "__yt_dlp_client": "tv"}], "hmn": [{"ext": "json3", "url": "https://www.youtube.com/api/timedtext?v=gqAmIg0fcts&ei=T32DaNr0O9zXsfIP_qmmyAk&caps=asr&opi=112496729&xoaf=5&xospf=1&hl=en&ip=0.0.0.0&ipbits=0&expire=1753472960&sparams=ip%2Cipbits%2Cexpire%2Cv%2Cei%2Ccaps%2Copi%2Cxoaf&signature=BF6AAB3D4430CACE152B9187312DC84373EE659D.A4720C5E9D32CB844611A6CC9D701A6F66CF4CEC&key=yt8&kind=asr&lang=en&variant=punctuated&tlang=hmn&fmt=json3", "name": "Hmong", "impersonate": true, "__yt_dlp_client": "tv"}, {"ext": "srv1", "url": "https://www.youtube.com/api/timedtext?v=gqAmIg0fcts&ei=T32DaNr0O9zXsfIP_qmmyAk&caps=asr&opi=112496729&xoaf=5&xospf=1&hl=en&ip=0.0.0.0&ipbits=0&expire=1753472960&sparams=ip%2Cipbits%2Cexpire%2Cv%2Cei%2Ccaps%2Copi%2Cxoaf&signature=BF6AAB3D4430CACE152B9187312DC84373EE659D.A4720C5E9D32CB844611A6CC9D701A6F66CF4CEC&key=yt8&kind=asr&lang=en&variant=punctuated&tlang=hmn&fmt=srv1", "name": "Hmong", "impersonate": true, "__yt_dlp_client": "tv"}, {"ext": "srv2", "url": "https://www.youtube.com/api/timedtext?v=gqAmIg0fcts&ei=T32DaNr0O9zXsfIP_qmmyAk&caps=asr&opi=112496729&xoaf=5&xospf=1&hl=en&ip=0.0.0.0&ipbits=0&expire=1753472960&sparams=ip%2Cipbits%2Cexpire%2Cv%2Cei%2Ccaps%2Copi%2Cxoaf&signature=BF6AAB3D4430CACE152B9187312DC84373EE659D.A4720C5E9D32CB844611A6CC9D701A6F66CF4CEC&key=yt8&kind=asr&lang=en&variant=punctuated&tlang=hmn&fmt=srv2", "name": "Hmong", "impersonate": true, "__yt_dlp_client": "tv"}, {"ext": "srv3", "url": "https://www.youtube.com/api/timedtext?v=gqAmIg0fcts&ei=T32DaNr0O9zXsfIP_qmmyAk&caps=asr&opi=112496729&xoaf=5&xospf=1&hl=en&ip=0.0.0.0&ipbits=0&expire=1753472960&sparams=ip%2Cipbits%2Cexpire%2Cv%2Cei%2Ccaps%2Copi%2Cxoaf&signature=BF6AAB3D4430CACE152B9187312DC84373EE659D.A4720C5E9D32CB844611A6CC9D701A6F66CF4CEC&key=yt8&kind=asr&lang=en&variant=punctuated&tlang=hmn&fmt=srv3", "name": "Hmong", "impersonate": true, "__yt_dlp_client": "tv"}, {"ext": "ttml", "url": "https://www.youtube.com/api/timedtext?v=gqAmIg0fcts&ei=T32DaNr0O9zXsfIP_qmmyAk&caps=asr&opi=112496729&xoaf=5&xospf=1&hl=en&ip=0.0.0.0&ipbits=0&expire=1753472960&sparams=ip%2Cipbits%2Cexpire%2Cv%2Cei%2Ccaps%2Copi%2Cxoaf&signature=BF6AAB3D4430CACE152B9187312DC84373EE659D.A4720C5E9D32CB844611A6CC9D701A6F66CF4CEC&key=yt8&kind=asr&lang=en&variant=punctuated&tlang=hmn&fmt=ttml", "name": "Hmong", "impersonate": true, "__yt_dlp_client": "tv"}, {"ext": "srt", "url": "https://www.youtube.com/api/timedtext?v=gqAmIg0fcts&ei=T32DaNr0O9zXsfIP_qmmyAk&caps=asr&opi=112496729&xoaf=5&xospf=1&hl=en&ip=0.0.0.0&ipbits=0&expire=1753472960&sparams=ip%2Cipbits%2Cexpire%2Cv%2Cei%2Ccaps%2Copi%2Cxoaf&signature=BF6AAB3D4430CACE152B9187312DC84373EE659D.A4720C5E9D32CB844611A6CC9D701A6F66CF4CEC&key=yt8&kind=asr&lang=en&variant=punctuated&tlang=hmn&fmt=srt", "name": "Hmong", "impersonate": true, "__yt_dlp_client": "tv"}, {"ext": "vtt", "url": "https://www.youtube.com/api/timedtext?v=gqAmIg0fcts&ei=T32DaNr0O9zXsfIP_qmmyAk&caps=asr&opi=112496729&xoaf=5&xospf=1&hl=en&ip=0.0.0.0&ipbits=0&expire=1753472960&sparams=ip%2Cipbits%2Cexpire%2Cv%2Cei%2Ccaps%2Copi%2Cxoaf&signature=BF6AAB3D4430CACE152B9187312DC84373EE659D.A4720C5E9D32CB844611A6CC9D701A6F66CF4CEC&key=yt8&kind=asr&lang=en&variant=punctuated&tlang=hmn&fmt=vtt", "name": "Hmong", "impersonate": true, "__yt_dlp_client": "tv"}], "hu": [{"ext": "json3", "url": "https://www.youtube.com/api/timedtext?v=gqAmIg0fcts&ei=T32DaNr0O9zXsfIP_qmmyAk&caps=asr&opi=112496729&xoaf=5&xospf=1&hl=en&ip=0.0.0.0&ipbits=0&expire=1753472960&sparams=ip%2Cipbits%2Cexpire%2Cv%2Cei%2Ccaps%2Copi%2Cxoaf&signature=BF6AAB3D4430CACE152B9187312DC84373EE659D.A4720C5E9D32CB844611A6CC9D701A6F66CF4CEC&key=yt8&kind=asr&lang=en&variant=punctuated&tlang=hu&fmt=json3", "name": "Hungarian", "impersonate": true, "__yt_dlp_client": "tv"}, {"ext": "srv1", "url": "https://www.youtube.com/api/timedtext?v=gqAmIg0fcts&ei=T32DaNr0O9zXsfIP_qmmyAk&caps=asr&opi=112496729&xoaf=5&xospf=1&hl=en&ip=0.0.0.0&ipbits=0&expire=1753472960&sparams=ip%2Cipbits%2Cexpire%2Cv%2Cei%2Ccaps%2Copi%2Cxoaf&signature=BF6AAB3D4430CACE152B9187312DC84373EE659D.A4720C5E9D32CB844611A6CC9D701A6F66CF4CEC&key=yt8&kind=asr&lang=en&variant=punctuated&tlang=hu&fmt=srv1", "name": "Hungarian", "impersonate": true, "__yt_dlp_client": "tv"}, {"ext": "srv2", "url": "https://www.youtube.com/api/timedtext?v=gqAmIg0fcts&ei=T32DaNr0O9zXsfIP_qmmyAk&caps=asr&opi=112496729&xoaf=5&xospf=1&hl=en&ip=0.0.0.0&ipbits=0&expire=1753472960&sparams=ip%2Cipbits%2Cexpire%2Cv%2Cei%2Ccaps%2Copi%2Cxoaf&signature=BF6AAB3D4430CACE152B9187312DC84373EE659D.A4720C5E9D32CB844611A6CC9D701A6F66CF4CEC&key=yt8&kind=asr&lang=en&variant=punctuated&tlang=hu&fmt=srv2", "name": "Hungarian", "impersonate": true, "__yt_dlp_client": "tv"}, {"ext": "srv3", "url": "https://www.youtube.com/api/timedtext?v=gqAmIg0fcts&ei=T32DaNr0O9zXsfIP_qmmyAk&caps=asr&opi=112496729&xoaf=5&xospf=1&hl=en&ip=0.0.0.0&ipbits=0&expire=1753472960&sparams=ip%2Cipbits%2Cexpire%2Cv%2Cei%2Ccaps%2Copi%2Cxoaf&signature=BF6AAB3D4430CACE152B9187312DC84373EE659D.A4720C5E9D32CB844611A6CC9D701A6F66CF4CEC&key=yt8&kind=asr&lang=en&variant=punctuated&tlang=hu&fmt=srv3", "name": "Hungarian", "impersonate": true, "__yt_dlp_client": "tv"}, {"ext": "ttml", "url": "https://www.youtube.com/api/timedtext?v=gqAmIg0fcts&ei=T32DaNr0O9zXsfIP_qmmyAk&caps=asr&opi=112496729&xoaf=5&xospf=1&hl=en&ip=0.0.0.0&ipbits=0&expire=1753472960&sparams=ip%2Cipbits%2Cexpire%2Cv%2Cei%2Ccaps%2Copi%2Cxoaf&signature=BF6AAB3D4430CACE152B9187312DC84373EE659D.A4720C5E9D32CB844611A6CC9D701A6F66CF4CEC&key=yt8&kind=asr&lang=en&variant=punctuated&tlang=hu&fmt=ttml", "name": "Hungarian", "impersonate": true, "__yt_dlp_client": "tv"}, {"ext": "srt", "url": "https://www.youtube.com/api/timedtext?v=gqAmIg0fcts&ei=T32DaNr0O9zXsfIP_qmmyAk&caps=asr&opi=112496729&xoaf=5&xospf=1&hl=en&ip=0.0.0.0&ipbits=0&expire=1753472960&sparams=ip%2Cipbits%2Cexpire%2Cv%2Cei%2Ccaps%2Copi%2Cxoaf&signature=BF6AAB3D4430CACE152B9187312DC84373EE659D.A4720C5E9D32CB844611A6CC9D701A6F66CF4CEC&key=yt8&kind=asr&lang=en&variant=punctuated&tlang=hu&fmt=srt", "name": "Hungarian", "impersonate": true, "__yt_dlp_client": "tv"}, {"ext": "vtt", "url": "https://www.youtube.com/api/timedtext?v=gqAmIg0fcts&ei=T32DaNr0O9zXsfIP_qmmyAk&caps=asr&opi=112496729&xoaf=5&xospf=1&hl=en&ip=0.0.0.0&ipbits=0&expire=1753472960&sparams=ip%2Cipbits%2Cexpire%2Cv%2Cei%2Ccaps%2Copi%2Cxoaf&signature=BF6AAB3D4430CACE152B9187312DC84373EE659D.A4720C5E9D32CB844611A6CC9D701A6F66CF4CEC&key=yt8&kind=asr&lang=en&variant=punctuated&tlang=hu&fmt=vtt", "name": "Hungarian", "impersonate": true, "__yt_dlp_client": "tv"}], "is": [{"ext": "json3", "url": "https://www.youtube.com/api/timedtext?v=gqAmIg0fcts&ei=T32DaNr0O9zXsfIP_qmmyAk&caps=asr&opi=112496729&xoaf=5&xospf=1&hl=en&ip=0.0.0.0&ipbits=0&expire=1753472960&sparams=ip%2Cipbits%2Cexpire%2Cv%2Cei%2Ccaps%2Copi%2Cxoaf&signature=BF6AAB3D4430CACE152B9187312DC84373EE659D.A4720C5E9D32CB844611A6CC9D701A6F66CF4CEC&key=yt8&kind=asr&lang=en&variant=punctuated&tlang=is&fmt=json3", "name": "Icelandic", "impersonate": true, "__yt_dlp_client": "tv"}, {"ext": "srv1", "url": "https://www.youtube.com/api/timedtext?v=gqAmIg0fcts&ei=T32DaNr0O9zXsfIP_qmmyAk&caps=asr&opi=112496729&xoaf=5&xospf=1&hl=en&ip=0.0.0.0&ipbits=0&expire=1753472960&sparams=ip%2Cipbits%2Cexpire%2Cv%2Cei%2Ccaps%2Copi%2Cxoaf&signature=BF6AAB3D4430CACE152B9187312DC84373EE659D.A4720C5E9D32CB844611A6CC9D701A6F66CF4CEC&key=yt8&kind=asr&lang=en&variant=punctuated&tlang=is&fmt=srv1", "name": "Icelandic", "impersonate": true, "__yt_dlp_client": "tv"}, {"ext": "srv2", "url": "https://www.youtube.com/api/timedtext?v=gqAmIg0fcts&ei=T32DaNr0O9zXsfIP_qmmyAk&caps=asr&opi=112496729&xoaf=5&xospf=1&hl=en&ip=0.0.0.0&ipbits=0&expire=1753472960&sparams=ip%2Cipbits%2Cexpire%2Cv%2Cei%2Ccaps%2Copi%2Cxoaf&signature=BF6AAB3D4430CACE152B9187312DC84373EE659D.A4720C5E9D32CB844611A6CC9D701A6F66CF4CEC&key=yt8&kind=asr&lang=en&variant=punctuated&tlang=is&fmt=srv2", "name": "Icelandic", "impersonate": true, "__yt_dlp_client": "tv"}, {"ext": "srv3", "url": "https://www.youtube.com/api/timedtext?v=gqAmIg0fcts&ei=T32DaNr0O9zXsfIP_qmmyAk&caps=asr&opi=112496729&xoaf=5&xospf=1&hl=en&ip=0.0.0.0&ipbits=0&expire=1753472960&sparams=ip%2Cipbits%2Cexpire%2Cv%2Cei%2Ccaps%2Copi%2Cxoaf&signature=BF6AAB3D4430CACE152B9187312DC84373EE659D.A4720C5E9D32CB844611A6CC9D701A6F66CF4CEC&key=yt8&kind=asr&lang=en&variant=punctuated&tlang=is&fmt=srv3", "name": "Icelandic", "impersonate": true, "__yt_dlp_client": "tv"}, {"ext": "ttml", "url": "https://www.youtube.com/api/timedtext?v=gqAmIg0fcts&ei=T32DaNr0O9zXsfIP_qmmyAk&caps=asr&opi=112496729&xoaf=5&xospf=1&hl=en&ip=0.0.0.0&ipbits=0&expire=1753472960&sparams=ip%2Cipbits%2Cexpire%2Cv%2Cei%2Ccaps%2Copi%2Cxoaf&signature=BF6AAB3D4430CACE152B9187312DC84373EE659D.A4720C5E9D32CB844611A6CC9D701A6F66CF4CEC&key=yt8&kind=asr&lang=en&variant=punctuated&tlang=is&fmt=ttml", "name": "Icelandic", "impersonate": true, "__yt_dlp_client": "tv"}, {"ext": "srt", "url": "https://www.youtube.com/api/timedtext?v=gqAmIg0fcts&ei=T32DaNr0O9zXsfIP_qmmyAk&caps=asr&opi=112496729&xoaf=5&xospf=1&hl=en&ip=0.0.0.0&ipbits=0&expire=1753472960&sparams=ip%2Cipbits%2Cexpire%2Cv%2Cei%2Ccaps%2Copi%2Cxoaf&signature=BF6AAB3D4430CACE152B9187312DC84373EE659D.A4720C5E9D32CB844611A6CC9D701A6F66CF4CEC&key=yt8&kind=asr&lang=en&variant=punctuated&tlang=is&fmt=srt", "name": "Icelandic", "impersonate": true, "__yt_dlp_client": "tv"}, {"ext": "vtt", "url": "https://www.youtube.com/api/timedtext?v=gqAmIg0fcts&ei=T32DaNr0O9zXsfIP_qmmyAk&caps=asr&opi=112496729&xoaf=5&xospf=1&hl=en&ip=0.0.0.0&ipbits=0&expire=1753472960&sparams=ip%2Cipbits%2Cexpire%2Cv%2Cei%2Ccaps%2Copi%2Cxoaf&signature=BF6AAB3D4430CACE152B9187312DC84373EE659D.A4720C5E9D32CB844611A6CC9D701A6F66CF4CEC&key=yt8&kind=asr&lang=en&variant=punctuated&tlang=is&fmt=vtt", "name": "Icelandic", "impersonate": true, "__yt_dlp_client": "tv"}], "ig": [{"ext": "json3", "url": "https://www.youtube.com/api/timedtext?v=gqAmIg0fcts&ei=T32DaNr0O9zXsfIP_qmmyAk&caps=asr&opi=112496729&xoaf=5&xospf=1&hl=en&ip=0.0.0.0&ipbits=0&expire=1753472960&sparams=ip%2Cipbits%2Cexpire%2Cv%2Cei%2Ccaps%2Copi%2Cxoaf&signature=BF6AAB3D4430CACE152B9187312DC84373EE659D.A4720C5E9D32CB844611A6CC9D701A6F66CF4CEC&key=yt8&kind=asr&lang=en&variant=punctuated&tlang=ig&fmt=json3", "name": "Igbo", "impersonate": true, "__yt_dlp_client": "tv"}, {"ext": "srv1", "url": "https://www.youtube.com/api/timedtext?v=gqAmIg0fcts&ei=T32DaNr0O9zXsfIP_qmmyAk&caps=asr&opi=112496729&xoaf=5&xospf=1&hl=en&ip=0.0.0.0&ipbits=0&expire=1753472960&sparams=ip%2Cipbits%2Cexpire%2Cv%2Cei%2Ccaps%2Copi%2Cxoaf&signature=BF6AAB3D4430CACE152B9187312DC84373EE659D.A4720C5E9D32CB844611A6CC9D701A6F66CF4CEC&key=yt8&kind=asr&lang=en&variant=punctuated&tlang=ig&fmt=srv1", "name": "Igbo", "impersonate": true, "__yt_dlp_client": "tv"}, {"ext": "srv2", "url": "https://www.youtube.com/api/timedtext?v=gqAmIg0fcts&ei=T32DaNr0O9zXsfIP_qmmyAk&caps=asr&opi=112496729&xoaf=5&xospf=1&hl=en&ip=0.0.0.0&ipbits=0&expire=1753472960&sparams=ip%2Cipbits%2Cexpire%2Cv%2Cei%2Ccaps%2Copi%2Cxoaf&signature=BF6AAB3D4430CACE152B9187312DC84373EE659D.A4720C5E9D32CB844611A6CC9D701A6F66CF4CEC&key=yt8&kind=asr&lang=en&variant=punctuated&tlang=ig&fmt=srv2", "name": "Igbo", "impersonate": true, "__yt_dlp_client": "tv"}, {"ext": "srv3", "url": "https://www.youtube.com/api/timedtext?v=gqAmIg0fcts&ei=T32DaNr0O9zXsfIP_qmmyAk&caps=asr&opi=112496729&xoaf=5&xospf=1&hl=en&ip=0.0.0.0&ipbits=0&expire=1753472960&sparams=ip%2Cipbits%2Cexpire%2Cv%2Cei%2Ccaps%2Copi%2Cxoaf&signature=BF6AAB3D4430CACE152B9187312DC84373EE659D.A4720C5E9D32CB844611A6CC9D701A6F66CF4CEC&key=yt8&kind=asr&lang=en&variant=punctuated&tlang=ig&fmt=srv3", "name": "Igbo", "impersonate": true, "__yt_dlp_client": "tv"}, {"ext": "ttml", "url": "https://www.youtube.com/api/timedtext?v=gqAmIg0fcts&ei=T32DaNr0O9zXsfIP_qmmyAk&caps=asr&opi=112496729&xoaf=5&xospf=1&hl=en&ip=0.0.0.0&ipbits=0&expire=1753472960&sparams=ip%2Cipbits%2Cexpire%2Cv%2Cei%2Ccaps%2Copi%2Cxoaf&signature=BF6AAB3D4430CACE152B9187312DC84373EE659D.A4720C5E9D32CB844611A6CC9D701A6F66CF4CEC&key=yt8&kind=asr&lang=en&variant=punctuated&tlang=ig&fmt=ttml", "name": "Igbo", "impersonate": true, "__yt_dlp_client": "tv"}, {"ext": "srt", "url": "https://www.youtube.com/api/timedtext?v=gqAmIg0fcts&ei=T32DaNr0O9zXsfIP_qmmyAk&caps=asr&opi=112496729&xoaf=5&xospf=1&hl=en&ip=0.0.0.0&ipbits=0&expire=1753472960&sparams=ip%2Cipbits%2Cexpire%2Cv%2Cei%2Ccaps%2Copi%2Cxoaf&signature=BF6AAB3D4430CACE152B9187312DC84373EE659D.A4720C5E9D32CB844611A6CC9D701A6F66CF4CEC&key=yt8&kind=asr&lang=en&variant=punctuated&tlang=ig&fmt=srt", "name": "Igbo", "impersonate": true, "__yt_dlp_client": "tv"}, {"ext": "vtt", "url": "https://www.youtube.com/api/timedtext?v=gqAmIg0fcts&ei=T32DaNr0O9zXsfIP_qmmyAk&caps=asr&opi=112496729&xoaf=5&xospf=1&hl=en&ip=0.0.0.0&ipbits=0&expire=1753472960&sparams=ip%2Cipbits%2Cexpire%2Cv%2Cei%2Ccaps%2Copi%2Cxoaf&signature=BF6AAB3D4430CACE152B9187312DC84373EE659D.A4720C5E9D32CB844611A6CC9D701A6F66CF4CEC&key=yt8&kind=asr&lang=en&variant=punctuated&tlang=ig&fmt=vtt", "name": "Igbo", "impersonate": true, "__yt_dlp_client": "tv"}], "id": [{"ext": "json3", "url": "https://www.youtube.com/api/timedtext?v=gqAmIg0fcts&ei=T32DaNr0O9zXsfIP_qmmyAk&caps=asr&opi=112496729&xoaf=5&xospf=1&hl=en&ip=0.0.0.0&ipbits=0&expire=1753472960&sparams=ip%2Cipbits%2Cexpire%2Cv%2Cei%2Ccaps%2Copi%2Cxoaf&signature=BF6AAB3D4430CACE152B9187312DC84373EE659D.A4720C5E9D32CB844611A6CC9D701A6F66CF4CEC&key=yt8&kind=asr&lang=en&variant=punctuated&tlang=id&fmt=json3", "name": "Indonesian", "impersonate": true, "__yt_dlp_client": "tv"}, {"ext": "srv1", "url": "https://www.youtube.com/api/timedtext?v=gqAmIg0fcts&ei=T32DaNr0O9zXsfIP_qmmyAk&caps=asr&opi=112496729&xoaf=5&xospf=1&hl=en&ip=0.0.0.0&ipbits=0&expire=1753472960&sparams=ip%2Cipbits%2Cexpire%2Cv%2Cei%2Ccaps%2Copi%2Cxoaf&signature=BF6AAB3D4430CACE152B9187312DC84373EE659D.A4720C5E9D32CB844611A6CC9D701A6F66CF4CEC&key=yt8&kind=asr&lang=en&variant=punctuated&tlang=id&fmt=srv1", "name": "Indonesian", "impersonate": true, "__yt_dlp_client": "tv"}, {"ext": "srv2", "url": "https://www.youtube.com/api/timedtext?v=gqAmIg0fcts&ei=T32DaNr0O9zXsfIP_qmmyAk&caps=asr&opi=112496729&xoaf=5&xospf=1&hl=en&ip=0.0.0.0&ipbits=0&expire=1753472960&sparams=ip%2Cipbits%2Cexpire%2Cv%2Cei%2Ccaps%2Copi%2Cxoaf&signature=BF6AAB3D4430CACE152B9187312DC84373EE659D.A4720C5E9D32CB844611A6CC9D701A6F66CF4CEC&key=yt8&kind=asr&lang=en&variant=punctuated&tlang=id&fmt=srv2", "name": "Indonesian", "impersonate": true, "__yt_dlp_client": "tv"}, {"ext": "srv3", "url": "https://www.youtube.com/api/timedtext?v=gqAmIg0fcts&ei=T32DaNr0O9zXsfIP_qmmyAk&caps=asr&opi=112496729&xoaf=5&xospf=1&hl=en&ip=0.0.0.0&ipbits=0&expire=1753472960&sparams=ip%2Cipbits%2Cexpire%2Cv%2Cei%2Ccaps%2Copi%2Cxoaf&signature=BF6AAB3D4430CACE152B9187312DC84373EE659D.A4720C5E9D32CB844611A6CC9D701A6F66CF4CEC&key=yt8&kind=asr&lang=en&variant=punctuated&tlang=id&fmt=srv3", "name": "Indonesian", "impersonate": true, "__yt_dlp_client": "tv"}, {"ext": "ttml", "url": "https://www.youtube.com/api/timedtext?v=gqAmIg0fcts&ei=T32DaNr0O9zXsfIP_qmmyAk&caps=asr&opi=112496729&xoaf=5&xospf=1&hl=en&ip=0.0.0.0&ipbits=0&expire=1753472960&sparams=ip%2Cipbits%2Cexpire%2Cv%2Cei%2Ccaps%2Copi%2Cxoaf&signature=BF6AAB3D4430CACE152B9187312DC84373EE659D.A4720C5E9D32CB844611A6CC9D701A6F66CF4CEC&key=yt8&kind=asr&lang=en&variant=punctuated&tlang=id&fmt=ttml", "name": "Indonesian", "impersonate": true, "__yt_dlp_client": "tv"}, {"ext": "srt", "url": "https://www.youtube.com/api/timedtext?v=gqAmIg0fcts&ei=T32DaNr0O9zXsfIP_qmmyAk&caps=asr&opi=112496729&xoaf=5&xospf=1&hl=en&ip=0.0.0.0&ipbits=0&expire=1753472960&sparams=ip%2Cipbits%2Cexpire%2Cv%2Cei%2Ccaps%2Copi%2Cxoaf&signature=BF6AAB3D4430CACE152B9187312DC84373EE659D.A4720C5E9D32CB844611A6CC9D701A6F66CF4CEC&key=yt8&kind=asr&lang=en&variant=punctuated&tlang=id&fmt=srt", "name": "Indonesian", "impersonate": true, "__yt_dlp_client": "tv"}, {"ext": "vtt", "url": "https://www.youtube.com/api/timedtext?v=gqAmIg0fcts&ei=T32DaNr0O9zXsfIP_qmmyAk&caps=asr&opi=112496729&xoaf=5&xospf=1&hl=en&ip=0.0.0.0&ipbits=0&expire=1753472960&sparams=ip%2Cipbits%2Cexpire%2Cv%2Cei%2Ccaps%2Copi%2Cxoaf&signature=BF6AAB3D4430CACE152B9187312DC84373EE659D.A4720C5E9D32CB844611A6CC9D701A6F66CF4CEC&key=yt8&kind=asr&lang=en&variant=punctuated&tlang=id&fmt=vtt", "name": "Indonesian", "impersonate": true, "__yt_dlp_client": "tv"}], "iu": [{"ext": "json3", "url": "https://www.youtube.com/api/timedtext?v=gqAmIg0fcts&ei=T32DaNr0O9zXsfIP_qmmyAk&caps=asr&opi=112496729&xoaf=5&xospf=1&hl=en&ip=0.0.0.0&ipbits=0&expire=1753472960&sparams=ip%2Cipbits%2Cexpire%2Cv%2Cei%2Ccaps%2Copi%2Cxoaf&signature=BF6AAB3D4430CACE152B9187312DC84373EE659D.A4720C5E9D32CB844611A6CC9D701A6F66CF4CEC&key=yt8&kind=asr&lang=en&variant=punctuated&tlang=iu&fmt=json3", "name": "Inuktitut", "impersonate": true, "__yt_dlp_client": "tv"}, {"ext": "srv1", "url": "https://www.youtube.com/api/timedtext?v=gqAmIg0fcts&ei=T32DaNr0O9zXsfIP_qmmyAk&caps=asr&opi=112496729&xoaf=5&xospf=1&hl=en&ip=0.0.0.0&ipbits=0&expire=1753472960&sparams=ip%2Cipbits%2Cexpire%2Cv%2Cei%2Ccaps%2Copi%2Cxoaf&signature=BF6AAB3D4430CACE152B9187312DC84373EE659D.A4720C5E9D32CB844611A6CC9D701A6F66CF4CEC&key=yt8&kind=asr&lang=en&variant=punctuated&tlang=iu&fmt=srv1", "name": "Inuktitut", "impersonate": true, "__yt_dlp_client": "tv"}, {"ext": "srv2", "url": "https://www.youtube.com/api/timedtext?v=gqAmIg0fcts&ei=T32DaNr0O9zXsfIP_qmmyAk&caps=asr&opi=112496729&xoaf=5&xospf=1&hl=en&ip=0.0.0.0&ipbits=0&expire=1753472960&sparams=ip%2Cipbits%2Cexpire%2Cv%2Cei%2Ccaps%2Copi%2Cxoaf&signature=BF6AAB3D4430CACE152B9187312DC84373EE659D.A4720C5E9D32CB844611A6CC9D701A6F66CF4CEC&key=yt8&kind=asr&lang=en&variant=punctuated&tlang=iu&fmt=srv2", "name": "Inuktitut", "impersonate": true, "__yt_dlp_client": "tv"}, {"ext": "srv3", "url": "https://www.youtube.com/api/timedtext?v=gqAmIg0fcts&ei=T32DaNr0O9zXsfIP_qmmyAk&caps=asr&opi=112496729&xoaf=5&xospf=1&hl=en&ip=0.0.0.0&ipbits=0&expire=1753472960&sparams=ip%2Cipbits%2Cexpire%2Cv%2Cei%2Ccaps%2Copi%2Cxoaf&signature=BF6AAB3D4430CACE152B9187312DC84373EE659D.A4720C5E9D32CB844611A6CC9D701A6F66CF4CEC&key=yt8&kind=asr&lang=en&variant=punctuated&tlang=iu&fmt=srv3", "name": "Inuktitut", "impersonate": true, "__yt_dlp_client": "tv"}, {"ext": "ttml", "url": "https://www.youtube.com/api/timedtext?v=gqAmIg0fcts&ei=T32DaNr0O9zXsfIP_qmmyAk&caps=asr&opi=112496729&xoaf=5&xospf=1&hl=en&ip=0.0.0.0&ipbits=0&expire=1753472960&sparams=ip%2Cipbits%2Cexpire%2Cv%2Cei%2Ccaps%2Copi%2Cxoaf&signature=BF6AAB3D4430CACE152B9187312DC84373EE659D.A4720C5E9D32CB844611A6CC9D701A6F66CF4CEC&key=yt8&kind=asr&lang=en&variant=punctuated&tlang=iu&fmt=ttml", "name": "Inuktitut", "impersonate": true, "__yt_dlp_client": "tv"}, {"ext": "srt", "url": "https://www.youtube.com/api/timedtext?v=gqAmIg0fcts&ei=T32DaNr0O9zXsfIP_qmmyAk&caps=asr&opi=112496729&xoaf=5&xospf=1&hl=en&ip=0.0.0.0&ipbits=0&expire=1753472960&sparams=ip%2Cipbits%2Cexpire%2Cv%2Cei%2Ccaps%2Copi%2Cxoaf&signature=BF6AAB3D4430CACE152B9187312DC84373EE659D.A4720C5E9D32CB844611A6CC9D701A6F66CF4CEC&key=yt8&kind=asr&lang=en&variant=punctuated&tlang=iu&fmt=srt", "name": "Inuktitut", "impersonate": true, "__yt_dlp_client": "tv"}, {"ext": "vtt", "url": "https://www.youtube.com/api/timedtext?v=gqAmIg0fcts&ei=T32DaNr0O9zXsfIP_qmmyAk&caps=asr&opi=112496729&xoaf=5&xospf=1&hl=en&ip=0.0.0.0&ipbits=0&expire=1753472960&sparams=ip%2Cipbits%2Cexpire%2Cv%2Cei%2Ccaps%2Copi%2Cxoaf&signature=BF6AAB3D4430CACE152B9187312DC84373EE659D.A4720C5E9D32CB844611A6CC9D701A6F66CF4CEC&key=yt8&kind=asr&lang=en&variant=punctuated&tlang=iu&fmt=vtt", "name": "Inuktitut", "impersonate": true, "__yt_dlp_client": "tv"}], "ga": [{"ext": "json3", "url": "https://www.youtube.com/api/timedtext?v=gqAmIg0fcts&ei=T32DaNr0O9zXsfIP_qmmyAk&caps=asr&opi=112496729&xoaf=5&xospf=1&hl=en&ip=0.0.0.0&ipbits=0&expire=1753472960&sparams=ip%2Cipbits%2Cexpire%2Cv%2Cei%2Ccaps%2Copi%2Cxoaf&signature=BF6AAB3D4430CACE152B9187312DC84373EE659D.A4720C5E9D32CB844611A6CC9D701A6F66CF4CEC&key=yt8&kind=asr&lang=en&variant=punctuated&tlang=ga&fmt=json3", "name": "Irish", "impersonate": true, "__yt_dlp_client": "tv"}, {"ext": "srv1", "url": "https://www.youtube.com/api/timedtext?v=gqAmIg0fcts&ei=T32DaNr0O9zXsfIP_qmmyAk&caps=asr&opi=112496729&xoaf=5&xospf=1&hl=en&ip=0.0.0.0&ipbits=0&expire=1753472960&sparams=ip%2Cipbits%2Cexpire%2Cv%2Cei%2Ccaps%2Copi%2Cxoaf&signature=BF6AAB3D4430CACE152B9187312DC84373EE659D.A4720C5E9D32CB844611A6CC9D701A6F66CF4CEC&key=yt8&kind=asr&lang=en&variant=punctuated&tlang=ga&fmt=srv1", "name": "Irish", "impersonate": true, "__yt_dlp_client": "tv"}, {"ext": "srv2", "url": "https://www.youtube.com/api/timedtext?v=gqAmIg0fcts&ei=T32DaNr0O9zXsfIP_qmmyAk&caps=asr&opi=112496729&xoaf=5&xospf=1&hl=en&ip=0.0.0.0&ipbits=0&expire=1753472960&sparams=ip%2Cipbits%2Cexpire%2Cv%2Cei%2Ccaps%2Copi%2Cxoaf&signature=BF6AAB3D4430CACE152B9187312DC84373EE659D.A4720C5E9D32CB844611A6CC9D701A6F66CF4CEC&key=yt8&kind=asr&lang=en&variant=punctuated&tlang=ga&fmt=srv2", "name": "Irish", "impersonate": true, "__yt_dlp_client": "tv"}, {"ext": "srv3", "url": "https://www.youtube.com/api/timedtext?v=gqAmIg0fcts&ei=T32DaNr0O9zXsfIP_qmmyAk&caps=asr&opi=112496729&xoaf=5&xospf=1&hl=en&ip=0.0.0.0&ipbits=0&expire=1753472960&sparams=ip%2Cipbits%2Cexpire%2Cv%2Cei%2Ccaps%2Copi%2Cxoaf&signature=BF6AAB3D4430CACE152B9187312DC84373EE659D.A4720C5E9D32CB844611A6CC9D701A6F66CF4CEC&key=yt8&kind=asr&lang=en&variant=punctuated&tlang=ga&fmt=srv3", "name": "Irish", "impersonate": true, "__yt_dlp_client": "tv"}, {"ext": "ttml", "url": "https://www.youtube.com/api/timedtext?v=gqAmIg0fcts&ei=T32DaNr0O9zXsfIP_qmmyAk&caps=asr&opi=112496729&xoaf=5&xospf=1&hl=en&ip=0.0.0.0&ipbits=0&expire=1753472960&sparams=ip%2Cipbits%2Cexpire%2Cv%2Cei%2Ccaps%2Copi%2Cxoaf&signature=BF6AAB3D4430CACE152B9187312DC84373EE659D.A4720C5E9D32CB844611A6CC9D701A6F66CF4CEC&key=yt8&kind=asr&lang=en&variant=punctuated&tlang=ga&fmt=ttml", "name": "Irish", "impersonate": true, "__yt_dlp_client": "tv"}, {"ext": "srt", "url": "https://www.youtube.com/api/timedtext?v=gqAmIg0fcts&ei=T32DaNr0O9zXsfIP_qmmyAk&caps=asr&opi=112496729&xoaf=5&xospf=1&hl=en&ip=0.0.0.0&ipbits=0&expire=1753472960&sparams=ip%2Cipbits%2Cexpire%2Cv%2Cei%2Ccaps%2Copi%2Cxoaf&signature=BF6AAB3D4430CACE152B9187312DC84373EE659D.A4720C5E9D32CB844611A6CC9D701A6F66CF4CEC&key=yt8&kind=asr&lang=en&variant=punctuated&tlang=ga&fmt=srt", "name": "Irish", "impersonate": true, "__yt_dlp_client": "tv"}, {"ext": "vtt", "url": "https://www.youtube.com/api/timedtext?v=gqAmIg0fcts&ei=T32DaNr0O9zXsfIP_qmmyAk&caps=asr&opi=112496729&xoaf=5&xospf=1&hl=en&ip=0.0.0.0&ipbits=0&expire=1753472960&sparams=ip%2Cipbits%2Cexpire%2Cv%2Cei%2Ccaps%2Copi%2Cxoaf&signature=BF6AAB3D4430CACE152B9187312DC84373EE659D.A4720C5E9D32CB844611A6CC9D701A6F66CF4CEC&key=yt8&kind=asr&lang=en&variant=punctuated&tlang=ga&fmt=vtt", "name": "Irish", "impersonate": true, "__yt_dlp_client": "tv"}], "it": [{"ext": "json3", "url": "https://www.youtube.com/api/timedtext?v=gqAmIg0fcts&ei=T32DaNr0O9zXsfIP_qmmyAk&caps=asr&opi=112496729&xoaf=5&xospf=1&hl=en&ip=0.0.0.0&ipbits=0&expire=1753472960&sparams=ip%2Cipbits%2Cexpire%2Cv%2Cei%2Ccaps%2Copi%2Cxoaf&signature=BF6AAB3D4430CACE152B9187312DC84373EE659D.A4720C5E9D32CB844611A6CC9D701A6F66CF4CEC&key=yt8&kind=asr&lang=en&variant=punctuated&tlang=it&fmt=json3", "name": "Italian", "impersonate": true, "__yt_dlp_client": "tv"}, {"ext": "srv1", "url": "https://www.youtube.com/api/timedtext?v=gqAmIg0fcts&ei=T32DaNr0O9zXsfIP_qmmyAk&caps=asr&opi=112496729&xoaf=5&xospf=1&hl=en&ip=0.0.0.0&ipbits=0&expire=1753472960&sparams=ip%2Cipbits%2Cexpire%2Cv%2Cei%2Ccaps%2Copi%2Cxoaf&signature=BF6AAB3D4430CACE152B9187312DC84373EE659D.A4720C5E9D32CB844611A6CC9D701A6F66CF4CEC&key=yt8&kind=asr&lang=en&variant=punctuated&tlang=it&fmt=srv1", "name": "Italian", "impersonate": true, "__yt_dlp_client": "tv"}, {"ext": "srv2", "url": "https://www.youtube.com/api/timedtext?v=gqAmIg0fcts&ei=T32DaNr0O9zXsfIP_qmmyAk&caps=asr&opi=112496729&xoaf=5&xospf=1&hl=en&ip=0.0.0.0&ipbits=0&expire=1753472960&sparams=ip%2Cipbits%2Cexpire%2Cv%2Cei%2Ccaps%2Copi%2Cxoaf&signature=BF6AAB3D4430CACE152B9187312DC84373EE659D.A4720C5E9D32CB844611A6CC9D701A6F66CF4CEC&key=yt8&kind=asr&lang=en&variant=punctuated&tlang=it&fmt=srv2", "name": "Italian", "impersonate": true, "__yt_dlp_client": "tv"}, {"ext": "srv3", "url": "https://www.youtube.com/api/timedtext?v=gqAmIg0fcts&ei=T32DaNr0O9zXsfIP_qmmyAk&caps=asr&opi=112496729&xoaf=5&xospf=1&hl=en&ip=0.0.0.0&ipbits=0&expire=1753472960&sparams=ip%2Cipbits%2Cexpire%2Cv%2Cei%2Ccaps%2Copi%2Cxoaf&signature=BF6AAB3D4430CACE152B9187312DC84373EE659D.A4720C5E9D32CB844611A6CC9D701A6F66CF4CEC&key=yt8&kind=asr&lang=en&variant=punctuated&tlang=it&fmt=srv3", "name": "Italian", "impersonate": true, "__yt_dlp_client": "tv"}, {"ext": "ttml", "url": "https://www.youtube.com/api/timedtext?v=gqAmIg0fcts&ei=T32DaNr0O9zXsfIP_qmmyAk&caps=asr&opi=112496729&xoaf=5&xospf=1&hl=en&ip=0.0.0.0&ipbits=0&expire=1753472960&sparams=ip%2Cipbits%2Cexpire%2Cv%2Cei%2Ccaps%2Copi%2Cxoaf&signature=BF6AAB3D4430CACE152B9187312DC84373EE659D.A4720C5E9D32CB844611A6CC9D701A6F66CF4CEC&key=yt8&kind=asr&lang=en&variant=punctuated&tlang=it&fmt=ttml", "name": "Italian", "impersonate": true, "__yt_dlp_client": "tv"}, {"ext": "srt", "url": "https://www.youtube.com/api/timedtext?v=gqAmIg0fcts&ei=T32DaNr0O9zXsfIP_qmmyAk&caps=asr&opi=112496729&xoaf=5&xospf=1&hl=en&ip=0.0.0.0&ipbits=0&expire=1753472960&sparams=ip%2Cipbits%2Cexpire%2Cv%2Cei%2Ccaps%2Copi%2Cxoaf&signature=BF6AAB3D4430CACE152B9187312DC84373EE659D.A4720C5E9D32CB844611A6CC9D701A6F66CF4CEC&key=yt8&kind=asr&lang=en&variant=punctuated&tlang=it&fmt=srt", "name": "Italian", "impersonate": true, "__yt_dlp_client": "tv"}, {"ext": "vtt", "url": "https://www.youtube.com/api/timedtext?v=gqAmIg0fcts&ei=T32DaNr0O9zXsfIP_qmmyAk&caps=asr&opi=112496729&xoaf=5&xospf=1&hl=en&ip=0.0.0.0&ipbits=0&expire=1753472960&sparams=ip%2Cipbits%2Cexpire%2Cv%2Cei%2Ccaps%2Copi%2Cxoaf&signature=BF6AAB3D4430CACE152B9187312DC84373EE659D.A4720C5E9D32CB844611A6CC9D701A6F66CF4CEC&key=yt8&kind=asr&lang=en&variant=punctuated&tlang=it&fmt=vtt", "name": "Italian", "impersonate": true, "__yt_dlp_client": "tv"}], "ja": [{"ext": "json3", "url": "https://www.youtube.com/api/timedtext?v=gqAmIg0fcts&ei=T32DaNr0O9zXsfIP_qmmyAk&caps=asr&opi=112496729&xoaf=5&xospf=1&hl=en&ip=0.0.0.0&ipbits=0&expire=1753472960&sparams=ip%2Cipbits%2Cexpire%2Cv%2Cei%2Ccaps%2Copi%2Cxoaf&signature=BF6AAB3D4430CACE152B9187312DC84373EE659D.A4720C5E9D32CB844611A6CC9D701A6F66CF4CEC&key=yt8&kind=asr&lang=en&variant=punctuated&tlang=ja&fmt=json3", "name": "Japanese", "impersonate": true, "__yt_dlp_client": "tv"}, {"ext": "srv1", "url": "https://www.youtube.com/api/timedtext?v=gqAmIg0fcts&ei=T32DaNr0O9zXsfIP_qmmyAk&caps=asr&opi=112496729&xoaf=5&xospf=1&hl=en&ip=0.0.0.0&ipbits=0&expire=1753472960&sparams=ip%2Cipbits%2Cexpire%2Cv%2Cei%2Ccaps%2Copi%2Cxoaf&signature=BF6AAB3D4430CACE152B9187312DC84373EE659D.A4720C5E9D32CB844611A6CC9D701A6F66CF4CEC&key=yt8&kind=asr&lang=en&variant=punctuated&tlang=ja&fmt=srv1", "name": "Japanese", "impersonate": true, "__yt_dlp_client": "tv"}, {"ext": "srv2", "url": "https://www.youtube.com/api/timedtext?v=gqAmIg0fcts&ei=T32DaNr0O9zXsfIP_qmmyAk&caps=asr&opi=112496729&xoaf=5&xospf=1&hl=en&ip=0.0.0.0&ipbits=0&expire=1753472960&sparams=ip%2Cipbits%2Cexpire%2Cv%2Cei%2Ccaps%2Copi%2Cxoaf&signature=BF6AAB3D4430CACE152B9187312DC84373EE659D.A4720C5E9D32CB844611A6CC9D701A6F66CF4CEC&key=yt8&kind=asr&lang=en&variant=punctuated&tlang=ja&fmt=srv2", "name": "Japanese", "impersonate": true, "__yt_dlp_client": "tv"}, {"ext": "srv3", "url": "https://www.youtube.com/api/timedtext?v=gqAmIg0fcts&ei=T32DaNr0O9zXsfIP_qmmyAk&caps=asr&opi=112496729&xoaf=5&xospf=1&hl=en&ip=0.0.0.0&ipbits=0&expire=1753472960&sparams=ip%2Cipbits%2Cexpire%2Cv%2Cei%2Ccaps%2Copi%2Cxoaf&signature=BF6AAB3D4430CACE152B9187312DC84373EE659D.A4720C5E9D32CB844611A6CC9D701A6F66CF4CEC&key=yt8&kind=asr&lang=en&variant=punctuated&tlang=ja&fmt=srv3", "name": "Japanese", "impersonate": true, "__yt_dlp_client": "tv"}, {"ext": "ttml", "url": "https://www.youtube.com/api/timedtext?v=gqAmIg0fcts&ei=T32DaNr0O9zXsfIP_qmmyAk&caps=asr&opi=112496729&xoaf=5&xospf=1&hl=en&ip=0.0.0.0&ipbits=0&expire=1753472960&sparams=ip%2Cipbits%2Cexpire%2Cv%2Cei%2Ccaps%2Copi%2Cxoaf&signature=BF6AAB3D4430CACE152B9187312DC84373EE659D.A4720C5E9D32CB844611A6CC9D701A6F66CF4CEC&key=yt8&kind=asr&lang=en&variant=punctuated&tlang=ja&fmt=ttml", "name": "Japanese", "impersonate": true, "__yt_dlp_client": "tv"}, {"ext": "srt", "url": "https://www.youtube.com/api/timedtext?v=gqAmIg0fcts&ei=T32DaNr0O9zXsfIP_qmmyAk&caps=asr&opi=112496729&xoaf=5&xospf=1&hl=en&ip=0.0.0.0&ipbits=0&expire=1753472960&sparams=ip%2Cipbits%2Cexpire%2Cv%2Cei%2Ccaps%2Copi%2Cxoaf&signature=BF6AAB3D4430CACE152B9187312DC84373EE659D.A4720C5E9D32CB844611A6CC9D701A6F66CF4CEC&key=yt8&kind=asr&lang=en&variant=punctuated&tlang=ja&fmt=srt", "name": "Japanese", "impersonate": true, "__yt_dlp_client": "tv"}, {"ext": "vtt", "url": "https://www.youtube.com/api/timedtext?v=gqAmIg0fcts&ei=T32DaNr0O9zXsfIP_qmmyAk&caps=asr&opi=112496729&xoaf=5&xospf=1&hl=en&ip=0.0.0.0&ipbits=0&expire=1753472960&sparams=ip%2Cipbits%2Cexpire%2Cv%2Cei%2Ccaps%2Copi%2Cxoaf&signature=BF6AAB3D4430CACE152B9187312DC84373EE659D.A4720C5E9D32CB844611A6CC9D701A6F66CF4CEC&key=yt8&kind=asr&lang=en&variant=punctuated&tlang=ja&fmt=vtt", "name": "Japanese", "impersonate": true, "__yt_dlp_client": "tv"}], "jv": [{"ext": "json3", "url": "https://www.youtube.com/api/timedtext?v=gqAmIg0fcts&ei=T32DaNr0O9zXsfIP_qmmyAk&caps=asr&opi=112496729&xoaf=5&xospf=1&hl=en&ip=0.0.0.0&ipbits=0&expire=1753472960&sparams=ip%2Cipbits%2Cexpire%2Cv%2Cei%2Ccaps%2Copi%2Cxoaf&signature=BF6AAB3D4430CACE152B9187312DC84373EE659D.A4720C5E9D32CB844611A6CC9D701A6F66CF4CEC&key=yt8&kind=asr&lang=en&variant=punctuated&tlang=jv&fmt=json3", "name": "Javanese", "impersonate": true, "__yt_dlp_client": "tv"}, {"ext": "srv1", "url": "https://www.youtube.com/api/timedtext?v=gqAmIg0fcts&ei=T32DaNr0O9zXsfIP_qmmyAk&caps=asr&opi=112496729&xoaf=5&xospf=1&hl=en&ip=0.0.0.0&ipbits=0&expire=1753472960&sparams=ip%2Cipbits%2Cexpire%2Cv%2Cei%2Ccaps%2Copi%2Cxoaf&signature=BF6AAB3D4430CACE152B9187312DC84373EE659D.A4720C5E9D32CB844611A6CC9D701A6F66CF4CEC&key=yt8&kind=asr&lang=en&variant=punctuated&tlang=jv&fmt=srv1", "name": "Javanese", "impersonate": true, "__yt_dlp_client": "tv"}, {"ext": "srv2", "url": "https://www.youtube.com/api/timedtext?v=gqAmIg0fcts&ei=T32DaNr0O9zXsfIP_qmmyAk&caps=asr&opi=112496729&xoaf=5&xospf=1&hl=en&ip=0.0.0.0&ipbits=0&expire=1753472960&sparams=ip%2Cipbits%2Cexpire%2Cv%2Cei%2Ccaps%2Copi%2Cxoaf&signature=BF6AAB3D4430CACE152B9187312DC84373EE659D.A4720C5E9D32CB844611A6CC9D701A6F66CF4CEC&key=yt8&kind=asr&lang=en&variant=punctuated&tlang=jv&fmt=srv2", "name": "Javanese", "impersonate": true, "__yt_dlp_client": "tv"}, {"ext": "srv3", "url": "https://www.youtube.com/api/timedtext?v=gqAmIg0fcts&ei=T32DaNr0O9zXsfIP_qmmyAk&caps=asr&opi=112496729&xoaf=5&xospf=1&hl=en&ip=0.0.0.0&ipbits=0&expire=1753472960&sparams=ip%2Cipbits%2Cexpire%2Cv%2Cei%2Ccaps%2Copi%2Cxoaf&signature=BF6AAB3D4430CACE152B9187312DC84373EE659D.A4720C5E9D32CB844611A6CC9D701A6F66CF4CEC&key=yt8&kind=asr&lang=en&variant=punctuated&tlang=jv&fmt=srv3", "name": "Javanese", "impersonate": true, "__yt_dlp_client": "tv"}, {"ext": "ttml", "url": "https://www.youtube.com/api/timedtext?v=gqAmIg0fcts&ei=T32DaNr0O9zXsfIP_qmmyAk&caps=asr&opi=112496729&xoaf=5&xospf=1&hl=en&ip=0.0.0.0&ipbits=0&expire=1753472960&sparams=ip%2Cipbits%2Cexpire%2Cv%2Cei%2Ccaps%2Copi%2Cxoaf&signature=BF6AAB3D4430CACE152B9187312DC84373EE659D.A4720C5E9D32CB844611A6CC9D701A6F66CF4CEC&key=yt8&kind=asr&lang=en&variant=punctuated&tlang=jv&fmt=ttml", "name": "Javanese", "impersonate": true, "__yt_dlp_client": "tv"}, {"ext": "srt", "url": "https://www.youtube.com/api/timedtext?v=gqAmIg0fcts&ei=T32DaNr0O9zXsfIP_qmmyAk&caps=asr&opi=112496729&xoaf=5&xospf=1&hl=en&ip=0.0.0.0&ipbits=0&expire=1753472960&sparams=ip%2Cipbits%2Cexpire%2Cv%2Cei%2Ccaps%2Copi%2Cxoaf&signature=BF6AAB3D4430CACE152B9187312DC84373EE659D.A4720C5E9D32CB844611A6CC9D701A6F66CF4CEC&key=yt8&kind=asr&lang=en&variant=punctuated&tlang=jv&fmt=srt", "name": "Javanese", "impersonate": true, "__yt_dlp_client": "tv"}, {"ext": "vtt", "url": "https://www.youtube.com/api/timedtext?v=gqAmIg0fcts&ei=T32DaNr0O9zXsfIP_qmmyAk&caps=asr&opi=112496729&xoaf=5&xospf=1&hl=en&ip=0.0.0.0&ipbits=0&expire=1753472960&sparams=ip%2Cipbits%2Cexpire%2Cv%2Cei%2Ccaps%2Copi%2Cxoaf&signature=BF6AAB3D4430CACE152B9187312DC84373EE659D.A4720C5E9D32CB844611A6CC9D701A6F66CF4CEC&key=yt8&kind=asr&lang=en&variant=punctuated&tlang=jv&fmt=vtt", "name": "Javanese", "impersonate": true, "__yt_dlp_client": "tv"}], "kl": [{"ext": "json3", "url": "https://www.youtube.com/api/timedtext?v=gqAmIg0fcts&ei=T32DaNr0O9zXsfIP_qmmyAk&caps=asr&opi=112496729&xoaf=5&xospf=1&hl=en&ip=0.0.0.0&ipbits=0&expire=1753472960&sparams=ip%2Cipbits%2Cexpire%2Cv%2Cei%2Ccaps%2Copi%2Cxoaf&signature=BF6AAB3D4430CACE152B9187312DC84373EE659D.A4720C5E9D32CB844611A6CC9D701A6F66CF4CEC&key=yt8&kind=asr&lang=en&variant=punctuated&tlang=kl&fmt=json3", "name": "Kalaallisut", "impersonate": true, "__yt_dlp_client": "tv"}, {"ext": "srv1", "url": "https://www.youtube.com/api/timedtext?v=gqAmIg0fcts&ei=T32DaNr0O9zXsfIP_qmmyAk&caps=asr&opi=112496729&xoaf=5&xospf=1&hl=en&ip=0.0.0.0&ipbits=0&expire=1753472960&sparams=ip%2Cipbits%2Cexpire%2Cv%2Cei%2Ccaps%2Copi%2Cxoaf&signature=BF6AAB3D4430CACE152B9187312DC84373EE659D.A4720C5E9D32CB844611A6CC9D701A6F66CF4CEC&key=yt8&kind=asr&lang=en&variant=punctuated&tlang=kl&fmt=srv1", "name": "Kalaallisut", "impersonate": true, "__yt_dlp_client": "tv"}, {"ext": "srv2", "url": "https://www.youtube.com/api/timedtext?v=gqAmIg0fcts&ei=T32DaNr0O9zXsfIP_qmmyAk&caps=asr&opi=112496729&xoaf=5&xospf=1&hl=en&ip=0.0.0.0&ipbits=0&expire=1753472960&sparams=ip%2Cipbits%2Cexpire%2Cv%2Cei%2Ccaps%2Copi%2Cxoaf&signature=BF6AAB3D4430CACE152B9187312DC84373EE659D.A4720C5E9D32CB844611A6CC9D701A6F66CF4CEC&key=yt8&kind=asr&lang=en&variant=punctuated&tlang=kl&fmt=srv2", "name": "Kalaallisut", "impersonate": true, "__yt_dlp_client": "tv"}, {"ext": "srv3", "url": "https://www.youtube.com/api/timedtext?v=gqAmIg0fcts&ei=T32DaNr0O9zXsfIP_qmmyAk&caps=asr&opi=112496729&xoaf=5&xospf=1&hl=en&ip=0.0.0.0&ipbits=0&expire=1753472960&sparams=ip%2Cipbits%2Cexpire%2Cv%2Cei%2Ccaps%2Copi%2Cxoaf&signature=BF6AAB3D4430CACE152B9187312DC84373EE659D.A4720C5E9D32CB844611A6CC9D701A6F66CF4CEC&key=yt8&kind=asr&lang=en&variant=punctuated&tlang=kl&fmt=srv3", "name": "Kalaallisut", "impersonate": true, "__yt_dlp_client": "tv"}, {"ext": "ttml", "url": "https://www.youtube.com/api/timedtext?v=gqAmIg0fcts&ei=T32DaNr0O9zXsfIP_qmmyAk&caps=asr&opi=112496729&xoaf=5&xospf=1&hl=en&ip=0.0.0.0&ipbits=0&expire=1753472960&sparams=ip%2Cipbits%2Cexpire%2Cv%2Cei%2Ccaps%2Copi%2Cxoaf&signature=BF6AAB3D4430CACE152B9187312DC84373EE659D.A4720C5E9D32CB844611A6CC9D701A6F66CF4CEC&key=yt8&kind=asr&lang=en&variant=punctuated&tlang=kl&fmt=ttml", "name": "Kalaallisut", "impersonate": true, "__yt_dlp_client": "tv"}, {"ext": "srt", "url": "https://www.youtube.com/api/timedtext?v=gqAmIg0fcts&ei=T32DaNr0O9zXsfIP_qmmyAk&caps=asr&opi=112496729&xoaf=5&xospf=1&hl=en&ip=0.0.0.0&ipbits=0&expire=1753472960&sparams=ip%2Cipbits%2Cexpire%2Cv%2Cei%2Ccaps%2Copi%2Cxoaf&signature=BF6AAB3D4430CACE152B9187312DC84373EE659D.A4720C5E9D32CB844611A6CC9D701A6F66CF4CEC&key=yt8&kind=asr&lang=en&variant=punctuated&tlang=kl&fmt=srt", "name": "Kalaallisut", "impersonate": true, "__yt_dlp_client": "tv"}, {"ext": "vtt", "url": "https://www.youtube.com/api/timedtext?v=gqAmIg0fcts&ei=T32DaNr0O9zXsfIP_qmmyAk&caps=asr&opi=112496729&xoaf=5&xospf=1&hl=en&ip=0.0.0.0&ipbits=0&expire=1753472960&sparams=ip%2Cipbits%2Cexpire%2Cv%2Cei%2Ccaps%2Copi%2Cxoaf&signature=BF6AAB3D4430CACE152B9187312DC84373EE659D.A4720C5E9D32CB844611A6CC9D701A6F66CF4CEC&key=yt8&kind=asr&lang=en&variant=punctuated&tlang=kl&fmt=vtt", "name": "Kalaallisut", "impersonate": true, "__yt_dlp_client": "tv"}], "kn": [{"ext": "json3", "url": "https://www.youtube.com/api/timedtext?v=gqAmIg0fcts&ei=T32DaNr0O9zXsfIP_qmmyAk&caps=asr&opi=112496729&xoaf=5&xospf=1&hl=en&ip=0.0.0.0&ipbits=0&expire=1753472960&sparams=ip%2Cipbits%2Cexpire%2Cv%2Cei%2Ccaps%2Copi%2Cxoaf&signature=BF6AAB3D4430CACE152B9187312DC84373EE659D.A4720C5E9D32CB844611A6CC9D701A6F66CF4CEC&key=yt8&kind=asr&lang=en&variant=punctuated&tlang=kn&fmt=json3", "name": "Kannada", "impersonate": true, "__yt_dlp_client": "tv"}, {"ext": "srv1", "url": "https://www.youtube.com/api/timedtext?v=gqAmIg0fcts&ei=T32DaNr0O9zXsfIP_qmmyAk&caps=asr&opi=112496729&xoaf=5&xospf=1&hl=en&ip=0.0.0.0&ipbits=0&expire=1753472960&sparams=ip%2Cipbits%2Cexpire%2Cv%2Cei%2Ccaps%2Copi%2Cxoaf&signature=BF6AAB3D4430CACE152B9187312DC84373EE659D.A4720C5E9D32CB844611A6CC9D701A6F66CF4CEC&key=yt8&kind=asr&lang=en&variant=punctuated&tlang=kn&fmt=srv1", "name": "Kannada", "impersonate": true, "__yt_dlp_client": "tv"}, {"ext": "srv2", "url": "https://www.youtube.com/api/timedtext?v=gqAmIg0fcts&ei=T32DaNr0O9zXsfIP_qmmyAk&caps=asr&opi=112496729&xoaf=5&xospf=1&hl=en&ip=0.0.0.0&ipbits=0&expire=1753472960&sparams=ip%2Cipbits%2Cexpire%2Cv%2Cei%2Ccaps%2Copi%2Cxoaf&signature=BF6AAB3D4430CACE152B9187312DC84373EE659D.A4720C5E9D32CB844611A6CC9D701A6F66CF4CEC&key=yt8&kind=asr&lang=en&variant=punctuated&tlang=kn&fmt=srv2", "name": "Kannada", "impersonate": true, "__yt_dlp_client": "tv"}, {"ext": "srv3", "url": "https://www.youtube.com/api/timedtext?v=gqAmIg0fcts&ei=T32DaNr0O9zXsfIP_qmmyAk&caps=asr&opi=112496729&xoaf=5&xospf=1&hl=en&ip=0.0.0.0&ipbits=0&expire=1753472960&sparams=ip%2Cipbits%2Cexpire%2Cv%2Cei%2Ccaps%2Copi%2Cxoaf&signature=BF6AAB3D4430CACE152B9187312DC84373EE659D.A4720C5E9D32CB844611A6CC9D701A6F66CF4CEC&key=yt8&kind=asr&lang=en&variant=punctuated&tlang=kn&fmt=srv3", "name": "Kannada", "impersonate": true, "__yt_dlp_client": "tv"}, {"ext": "ttml", "url": "https://www.youtube.com/api/timedtext?v=gqAmIg0fcts&ei=T32DaNr0O9zXsfIP_qmmyAk&caps=asr&opi=112496729&xoaf=5&xospf=1&hl=en&ip=0.0.0.0&ipbits=0&expire=1753472960&sparams=ip%2Cipbits%2Cexpire%2Cv%2Cei%2Ccaps%2Copi%2Cxoaf&signature=BF6AAB3D4430CACE152B9187312DC84373EE659D.A4720C5E9D32CB844611A6CC9D701A6F66CF4CEC&key=yt8&kind=asr&lang=en&variant=punctuated&tlang=kn&fmt=ttml", "name": "Kannada", "impersonate": true, "__yt_dlp_client": "tv"}, {"ext": "srt", "url": "https://www.youtube.com/api/timedtext?v=gqAmIg0fcts&ei=T32DaNr0O9zXsfIP_qmmyAk&caps=asr&opi=112496729&xoaf=5&xospf=1&hl=en&ip=0.0.0.0&ipbits=0&expire=1753472960&sparams=ip%2Cipbits%2Cexpire%2Cv%2Cei%2Ccaps%2Copi%2Cxoaf&signature=BF6AAB3D4430CACE152B9187312DC84373EE659D.A4720C5E9D32CB844611A6CC9D701A6F66CF4CEC&key=yt8&kind=asr&lang=en&variant=punctuated&tlang=kn&fmt=srt", "name": "Kannada", "impersonate": true, "__yt_dlp_client": "tv"}, {"ext": "vtt", "url": "https://www.youtube.com/api/timedtext?v=gqAmIg0fcts&ei=T32DaNr0O9zXsfIP_qmmyAk&caps=asr&opi=112496729&xoaf=5&xospf=1&hl=en&ip=0.0.0.0&ipbits=0&expire=1753472960&sparams=ip%2Cipbits%2Cexpire%2Cv%2Cei%2Ccaps%2Copi%2Cxoaf&signature=BF6AAB3D4430CACE152B9187312DC84373EE659D.A4720C5E9D32CB844611A6CC9D701A6F66CF4CEC&key=yt8&kind=asr&lang=en&variant=punctuated&tlang=kn&fmt=vtt", "name": "Kannada", "impersonate": true, "__yt_dlp_client": "tv"}], "kk": [{"ext": "json3", "url": "https://www.youtube.com/api/timedtext?v=gqAmIg0fcts&ei=T32DaNr0O9zXsfIP_qmmyAk&caps=asr&opi=112496729&xoaf=5&xospf=1&hl=en&ip=0.0.0.0&ipbits=0&expire=1753472960&sparams=ip%2Cipbits%2Cexpire%2Cv%2Cei%2Ccaps%2Copi%2Cxoaf&signature=BF6AAB3D4430CACE152B9187312DC84373EE659D.A4720C5E9D32CB844611A6CC9D701A6F66CF4CEC&key=yt8&kind=asr&lang=en&variant=punctuated&tlang=kk&fmt=json3", "name": "Kazakh", "impersonate": true, "__yt_dlp_client": "tv"}, {"ext": "srv1", "url": "https://www.youtube.com/api/timedtext?v=gqAmIg0fcts&ei=T32DaNr0O9zXsfIP_qmmyAk&caps=asr&opi=112496729&xoaf=5&xospf=1&hl=en&ip=0.0.0.0&ipbits=0&expire=1753472960&sparams=ip%2Cipbits%2Cexpire%2Cv%2Cei%2Ccaps%2Copi%2Cxoaf&signature=BF6AAB3D4430CACE152B9187312DC84373EE659D.A4720C5E9D32CB844611A6CC9D701A6F66CF4CEC&key=yt8&kind=asr&lang=en&variant=punctuated&tlang=kk&fmt=srv1", "name": "Kazakh", "impersonate": true, "__yt_dlp_client": "tv"}, {"ext": "srv2", "url": "https://www.youtube.com/api/timedtext?v=gqAmIg0fcts&ei=T32DaNr0O9zXsfIP_qmmyAk&caps=asr&opi=112496729&xoaf=5&xospf=1&hl=en&ip=0.0.0.0&ipbits=0&expire=1753472960&sparams=ip%2Cipbits%2Cexpire%2Cv%2Cei%2Ccaps%2Copi%2Cxoaf&signature=BF6AAB3D4430CACE152B9187312DC84373EE659D.A4720C5E9D32CB844611A6CC9D701A6F66CF4CEC&key=yt8&kind=asr&lang=en&variant=punctuated&tlang=kk&fmt=srv2", "name": "Kazakh", "impersonate": true, "__yt_dlp_client": "tv"}, {"ext": "srv3", "url": "https://www.youtube.com/api/timedtext?v=gqAmIg0fcts&ei=T32DaNr0O9zXsfIP_qmmyAk&caps=asr&opi=112496729&xoaf=5&xospf=1&hl=en&ip=0.0.0.0&ipbits=0&expire=1753472960&sparams=ip%2Cipbits%2Cexpire%2Cv%2Cei%2Ccaps%2Copi%2Cxoaf&signature=BF6AAB3D4430CACE152B9187312DC84373EE659D.A4720C5E9D32CB844611A6CC9D701A6F66CF4CEC&key=yt8&kind=asr&lang=en&variant=punctuated&tlang=kk&fmt=srv3", "name": "Kazakh", "impersonate": true, "__yt_dlp_client": "tv"}, {"ext": "ttml", "url": "https://www.youtube.com/api/timedtext?v=gqAmIg0fcts&ei=T32DaNr0O9zXsfIP_qmmyAk&caps=asr&opi=112496729&xoaf=5&xospf=1&hl=en&ip=0.0.0.0&ipbits=0&expire=1753472960&sparams=ip%2Cipbits%2Cexpire%2Cv%2Cei%2Ccaps%2Copi%2Cxoaf&signature=BF6AAB3D4430CACE152B9187312DC84373EE659D.A4720C5E9D32CB844611A6CC9D701A6F66CF4CEC&key=yt8&kind=asr&lang=en&variant=punctuated&tlang=kk&fmt=ttml", "name": "Kazakh", "impersonate": true, "__yt_dlp_client": "tv"}, {"ext": "srt", "url": "https://www.youtube.com/api/timedtext?v=gqAmIg0fcts&ei=T32DaNr0O9zXsfIP_qmmyAk&caps=asr&opi=112496729&xoaf=5&xospf=1&hl=en&ip=0.0.0.0&ipbits=0&expire=1753472960&sparams=ip%2Cipbits%2Cexpire%2Cv%2Cei%2Ccaps%2Copi%2Cxoaf&signature=BF6AAB3D4430CACE152B9187312DC84373EE659D.A4720C5E9D32CB844611A6CC9D701A6F66CF4CEC&key=yt8&kind=asr&lang=en&variant=punctuated&tlang=kk&fmt=srt", "name": "Kazakh", "impersonate": true, "__yt_dlp_client": "tv"}, {"ext": "vtt", "url": "https://www.youtube.com/api/timedtext?v=gqAmIg0fcts&ei=T32DaNr0O9zXsfIP_qmmyAk&caps=asr&opi=112496729&xoaf=5&xospf=1&hl=en&ip=0.0.0.0&ipbits=0&expire=1753472960&sparams=ip%2Cipbits%2Cexpire%2Cv%2Cei%2Ccaps%2Copi%2Cxoaf&signature=BF6AAB3D4430CACE152B9187312DC84373EE659D.A4720C5E9D32CB844611A6CC9D701A6F66CF4CEC&key=yt8&kind=asr&lang=en&variant=punctuated&tlang=kk&fmt=vtt", "name": "Kazakh", "impersonate": true, "__yt_dlp_client": "tv"}], "kha": [{"ext": "json3", "url": "https://www.youtube.com/api/timedtext?v=gqAmIg0fcts&ei=T32DaNr0O9zXsfIP_qmmyAk&caps=asr&opi=112496729&xoaf=5&xospf=1&hl=en&ip=0.0.0.0&ipbits=0&expire=1753472960&sparams=ip%2Cipbits%2Cexpire%2Cv%2Cei%2Ccaps%2Copi%2Cxoaf&signature=BF6AAB3D4430CACE152B9187312DC84373EE659D.A4720C5E9D32CB844611A6CC9D701A6F66CF4CEC&key=yt8&kind=asr&lang=en&variant=punctuated&tlang=kha&fmt=json3", "name": "Khasi", "impersonate": true, "__yt_dlp_client": "tv"}, {"ext": "srv1", "url": "https://www.youtube.com/api/timedtext?v=gqAmIg0fcts&ei=T32DaNr0O9zXsfIP_qmmyAk&caps=asr&opi=112496729&xoaf=5&xospf=1&hl=en&ip=0.0.0.0&ipbits=0&expire=1753472960&sparams=ip%2Cipbits%2Cexpire%2Cv%2Cei%2Ccaps%2Copi%2Cxoaf&signature=BF6AAB3D4430CACE152B9187312DC84373EE659D.A4720C5E9D32CB844611A6CC9D701A6F66CF4CEC&key=yt8&kind=asr&lang=en&variant=punctuated&tlang=kha&fmt=srv1", "name": "Khasi", "impersonate": true, "__yt_dlp_client": "tv"}, {"ext": "srv2", "url": "https://www.youtube.com/api/timedtext?v=gqAmIg0fcts&ei=T32DaNr0O9zXsfIP_qmmyAk&caps=asr&opi=112496729&xoaf=5&xospf=1&hl=en&ip=0.0.0.0&ipbits=0&expire=1753472960&sparams=ip%2Cipbits%2Cexpire%2Cv%2Cei%2Ccaps%2Copi%2Cxoaf&signature=BF6AAB3D4430CACE152B9187312DC84373EE659D.A4720C5E9D32CB844611A6CC9D701A6F66CF4CEC&key=yt8&kind=asr&lang=en&variant=punctuated&tlang=kha&fmt=srv2", "name": "Khasi", "impersonate": true, "__yt_dlp_client": "tv"}, {"ext": "srv3", "url": "https://www.youtube.com/api/timedtext?v=gqAmIg0fcts&ei=T32DaNr0O9zXsfIP_qmmyAk&caps=asr&opi=112496729&xoaf=5&xospf=1&hl=en&ip=0.0.0.0&ipbits=0&expire=1753472960&sparams=ip%2Cipbits%2Cexpire%2Cv%2Cei%2Ccaps%2Copi%2Cxoaf&signature=BF6AAB3D4430CACE152B9187312DC84373EE659D.A4720C5E9D32CB844611A6CC9D701A6F66CF4CEC&key=yt8&kind=asr&lang=en&variant=punctuated&tlang=kha&fmt=srv3", "name": "Khasi", "impersonate": true, "__yt_dlp_client": "tv"}, {"ext": "ttml", "url": "https://www.youtube.com/api/timedtext?v=gqAmIg0fcts&ei=T32DaNr0O9zXsfIP_qmmyAk&caps=asr&opi=112496729&xoaf=5&xospf=1&hl=en&ip=0.0.0.0&ipbits=0&expire=1753472960&sparams=ip%2Cipbits%2Cexpire%2Cv%2Cei%2Ccaps%2Copi%2Cxoaf&signature=BF6AAB3D4430CACE152B9187312DC84373EE659D.A4720C5E9D32CB844611A6CC9D701A6F66CF4CEC&key=yt8&kind=asr&lang=en&variant=punctuated&tlang=kha&fmt=ttml", "name": "Khasi", "impersonate": true, "__yt_dlp_client": "tv"}, {"ext": "srt", "url": "https://www.youtube.com/api/timedtext?v=gqAmIg0fcts&ei=T32DaNr0O9zXsfIP_qmmyAk&caps=asr&opi=112496729&xoaf=5&xospf=1&hl=en&ip=0.0.0.0&ipbits=0&expire=1753472960&sparams=ip%2Cipbits%2Cexpire%2Cv%2Cei%2Ccaps%2Copi%2Cxoaf&signature=BF6AAB3D4430CACE152B9187312DC84373EE659D.A4720C5E9D32CB844611A6CC9D701A6F66CF4CEC&key=yt8&kind=asr&lang=en&variant=punctuated&tlang=kha&fmt=srt", "name": "Khasi", "impersonate": true, "__yt_dlp_client": "tv"}, {"ext": "vtt", "url": "https://www.youtube.com/api/timedtext?v=gqAmIg0fcts&ei=T32DaNr0O9zXsfIP_qmmyAk&caps=asr&opi=112496729&xoaf=5&xospf=1&hl=en&ip=0.0.0.0&ipbits=0&expire=1753472960&sparams=ip%2Cipbits%2Cexpire%2Cv%2Cei%2Ccaps%2Copi%2Cxoaf&signature=BF6AAB3D4430CACE152B9187312DC84373EE659D.A4720C5E9D32CB844611A6CC9D701A6F66CF4CEC&key=yt8&kind=asr&lang=en&variant=punctuated&tlang=kha&fmt=vtt", "name": "Khasi", "impersonate": true, "__yt_dlp_client": "tv"}], "km": [{"ext": "json3", "url": "https://www.youtube.com/api/timedtext?v=gqAmIg0fcts&ei=T32DaNr0O9zXsfIP_qmmyAk&caps=asr&opi=112496729&xoaf=5&xospf=1&hl=en&ip=0.0.0.0&ipbits=0&expire=1753472960&sparams=ip%2Cipbits%2Cexpire%2Cv%2Cei%2Ccaps%2Copi%2Cxoaf&signature=BF6AAB3D4430CACE152B9187312DC84373EE659D.A4720C5E9D32CB844611A6CC9D701A6F66CF4CEC&key=yt8&kind=asr&lang=en&variant=punctuated&tlang=km&fmt=json3", "name": "Khmer", "impersonate": true, "__yt_dlp_client": "tv"}, {"ext": "srv1", "url": "https://www.youtube.com/api/timedtext?v=gqAmIg0fcts&ei=T32DaNr0O9zXsfIP_qmmyAk&caps=asr&opi=112496729&xoaf=5&xospf=1&hl=en&ip=0.0.0.0&ipbits=0&expire=1753472960&sparams=ip%2Cipbits%2Cexpire%2Cv%2Cei%2Ccaps%2Copi%2Cxoaf&signature=BF6AAB3D4430CACE152B9187312DC84373EE659D.A4720C5E9D32CB844611A6CC9D701A6F66CF4CEC&key=yt8&kind=asr&lang=en&variant=punctuated&tlang=km&fmt=srv1", "name": "Khmer", "impersonate": true, "__yt_dlp_client": "tv"}, {"ext": "srv2", "url": "https://www.youtube.com/api/timedtext?v=gqAmIg0fcts&ei=T32DaNr0O9zXsfIP_qmmyAk&caps=asr&opi=112496729&xoaf=5&xospf=1&hl=en&ip=0.0.0.0&ipbits=0&expire=1753472960&sparams=ip%2Cipbits%2Cexpire%2Cv%2Cei%2Ccaps%2Copi%2Cxoaf&signature=BF6AAB3D4430CACE152B9187312DC84373EE659D.A4720C5E9D32CB844611A6CC9D701A6F66CF4CEC&key=yt8&kind=asr&lang=en&variant=punctuated&tlang=km&fmt=srv2", "name": "Khmer", "impersonate": true, "__yt_dlp_client": "tv"}, {"ext": "srv3", "url": "https://www.youtube.com/api/timedtext?v=gqAmIg0fcts&ei=T32DaNr0O9zXsfIP_qmmyAk&caps=asr&opi=112496729&xoaf=5&xospf=1&hl=en&ip=0.0.0.0&ipbits=0&expire=1753472960&sparams=ip%2Cipbits%2Cexpire%2Cv%2Cei%2Ccaps%2Copi%2Cxoaf&signature=BF6AAB3D4430CACE152B9187312DC84373EE659D.A4720C5E9D32CB844611A6CC9D701A6F66CF4CEC&key=yt8&kind=asr&lang=en&variant=punctuated&tlang=km&fmt=srv3", "name": "Khmer", "impersonate": true, "__yt_dlp_client": "tv"}, {"ext": "ttml", "url": "https://www.youtube.com/api/timedtext?v=gqAmIg0fcts&ei=T32DaNr0O9zXsfIP_qmmyAk&caps=asr&opi=112496729&xoaf=5&xospf=1&hl=en&ip=0.0.0.0&ipbits=0&expire=1753472960&sparams=ip%2Cipbits%2Cexpire%2Cv%2Cei%2Ccaps%2Copi%2Cxoaf&signature=BF6AAB3D4430CACE152B9187312DC84373EE659D.A4720C5E9D32CB844611A6CC9D701A6F66CF4CEC&key=yt8&kind=asr&lang=en&variant=punctuated&tlang=km&fmt=ttml", "name": "Khmer", "impersonate": true, "__yt_dlp_client": "tv"}, {"ext": "srt", "url": "https://www.youtube.com/api/timedtext?v=gqAmIg0fcts&ei=T32DaNr0O9zXsfIP_qmmyAk&caps=asr&opi=112496729&xoaf=5&xospf=1&hl=en&ip=0.0.0.0&ipbits=0&expire=1753472960&sparams=ip%2Cipbits%2Cexpire%2Cv%2Cei%2Ccaps%2Copi%2Cxoaf&signature=BF6AAB3D4430CACE152B9187312DC84373EE659D.A4720C5E9D32CB844611A6CC9D701A6F66CF4CEC&key=yt8&kind=asr&lang=en&variant=punctuated&tlang=km&fmt=srt", "name": "Khmer", "impersonate": true, "__yt_dlp_client": "tv"}, {"ext": "vtt", "url": "https://www.youtube.com/api/timedtext?v=gqAmIg0fcts&ei=T32DaNr0O9zXsfIP_qmmyAk&caps=asr&opi=112496729&xoaf=5&xospf=1&hl=en&ip=0.0.0.0&ipbits=0&expire=1753472960&sparams=ip%2Cipbits%2Cexpire%2Cv%2Cei%2Ccaps%2Copi%2Cxoaf&signature=BF6AAB3D4430CACE152B9187312DC84373EE659D.A4720C5E9D32CB844611A6CC9D701A6F66CF4CEC&key=yt8&kind=asr&lang=en&variant=punctuated&tlang=km&fmt=vtt", "name": "Khmer", "impersonate": true, "__yt_dlp_client": "tv"}], "rw": [{"ext": "json3", "url": "https://www.youtube.com/api/timedtext?v=gqAmIg0fcts&ei=T32DaNr0O9zXsfIP_qmmyAk&caps=asr&opi=112496729&xoaf=5&xospf=1&hl=en&ip=0.0.0.0&ipbits=0&expire=1753472960&sparams=ip%2Cipbits%2Cexpire%2Cv%2Cei%2Ccaps%2Copi%2Cxoaf&signature=BF6AAB3D4430CACE152B9187312DC84373EE659D.A4720C5E9D32CB844611A6CC9D701A6F66CF4CEC&key=yt8&kind=asr&lang=en&variant=punctuated&tlang=rw&fmt=json3", "name": "Kinyarwanda", "impersonate": true, "__yt_dlp_client": "tv"}, {"ext": "srv1", "url": "https://www.youtube.com/api/timedtext?v=gqAmIg0fcts&ei=T32DaNr0O9zXsfIP_qmmyAk&caps=asr&opi=112496729&xoaf=5&xospf=1&hl=en&ip=0.0.0.0&ipbits=0&expire=1753472960&sparams=ip%2Cipbits%2Cexpire%2Cv%2Cei%2Ccaps%2Copi%2Cxoaf&signature=BF6AAB3D4430CACE152B9187312DC84373EE659D.A4720C5E9D32CB844611A6CC9D701A6F66CF4CEC&key=yt8&kind=asr&lang=en&variant=punctuated&tlang=rw&fmt=srv1", "name": "Kinyarwanda", "impersonate": true, "__yt_dlp_client": "tv"}, {"ext": "srv2", "url": "https://www.youtube.com/api/timedtext?v=gqAmIg0fcts&ei=T32DaNr0O9zXsfIP_qmmyAk&caps=asr&opi=112496729&xoaf=5&xospf=1&hl=en&ip=0.0.0.0&ipbits=0&expire=1753472960&sparams=ip%2Cipbits%2Cexpire%2Cv%2Cei%2Ccaps%2Copi%2Cxoaf&signature=BF6AAB3D4430CACE152B9187312DC84373EE659D.A4720C5E9D32CB844611A6CC9D701A6F66CF4CEC&key=yt8&kind=asr&lang=en&variant=punctuated&tlang=rw&fmt=srv2", "name": "Kinyarwanda", "impersonate": true, "__yt_dlp_client": "tv"}, {"ext": "srv3", "url": "https://www.youtube.com/api/timedtext?v=gqAmIg0fcts&ei=T32DaNr0O9zXsfIP_qmmyAk&caps=asr&opi=112496729&xoaf=5&xospf=1&hl=en&ip=0.0.0.0&ipbits=0&expire=1753472960&sparams=ip%2Cipbits%2Cexpire%2Cv%2Cei%2Ccaps%2Copi%2Cxoaf&signature=BF6AAB3D4430CACE152B9187312DC84373EE659D.A4720C5E9D32CB844611A6CC9D701A6F66CF4CEC&key=yt8&kind=asr&lang=en&variant=punctuated&tlang=rw&fmt=srv3", "name": "Kinyarwanda", "impersonate": true, "__yt_dlp_client": "tv"}, {"ext": "ttml", "url": "https://www.youtube.com/api/timedtext?v=gqAmIg0fcts&ei=T32DaNr0O9zXsfIP_qmmyAk&caps=asr&opi=112496729&xoaf=5&xospf=1&hl=en&ip=0.0.0.0&ipbits=0&expire=1753472960&sparams=ip%2Cipbits%2Cexpire%2Cv%2Cei%2Ccaps%2Copi%2Cxoaf&signature=BF6AAB3D4430CACE152B9187312DC84373EE659D.A4720C5E9D32CB844611A6CC9D701A6F66CF4CEC&key=yt8&kind=asr&lang=en&variant=punctuated&tlang=rw&fmt=ttml", "name": "Kinyarwanda", "impersonate": true, "__yt_dlp_client": "tv"}, {"ext": "srt", "url": "https://www.youtube.com/api/timedtext?v=gqAmIg0fcts&ei=T32DaNr0O9zXsfIP_qmmyAk&caps=asr&opi=112496729&xoaf=5&xospf=1&hl=en&ip=0.0.0.0&ipbits=0&expire=1753472960&sparams=ip%2Cipbits%2Cexpire%2Cv%2Cei%2Ccaps%2Copi%2Cxoaf&signature=BF6AAB3D4430CACE152B9187312DC84373EE659D.A4720C5E9D32CB844611A6CC9D701A6F66CF4CEC&key=yt8&kind=asr&lang=en&variant=punctuated&tlang=rw&fmt=srt", "name": "Kinyarwanda", "impersonate": true, "__yt_dlp_client": "tv"}, {"ext": "vtt", "url": "https://www.youtube.com/api/timedtext?v=gqAmIg0fcts&ei=T32DaNr0O9zXsfIP_qmmyAk&caps=asr&opi=112496729&xoaf=5&xospf=1&hl=en&ip=0.0.0.0&ipbits=0&expire=1753472960&sparams=ip%2Cipbits%2Cexpire%2Cv%2Cei%2Ccaps%2Copi%2Cxoaf&signature=BF6AAB3D4430CACE152B9187312DC84373EE659D.A4720C5E9D32CB844611A6CC9D701A6F66CF4CEC&key=yt8&kind=asr&lang=en&variant=punctuated&tlang=rw&fmt=vtt", "name": "Kinyarwanda", "impersonate": true, "__yt_dlp_client": "tv"}], "ko": [{"ext": "json3", "url": "https://www.youtube.com/api/timedtext?v=gqAmIg0fcts&ei=T32DaNr0O9zXsfIP_qmmyAk&caps=asr&opi=112496729&xoaf=5&xospf=1&hl=en&ip=0.0.0.0&ipbits=0&expire=1753472960&sparams=ip%2Cipbits%2Cexpire%2Cv%2Cei%2Ccaps%2Copi%2Cxoaf&signature=BF6AAB3D4430CACE152B9187312DC84373EE659D.A4720C5E9D32CB844611A6CC9D701A6F66CF4CEC&key=yt8&kind=asr&lang=en&variant=punctuated&tlang=ko&fmt=json3", "name": "Korean", "impersonate": true, "__yt_dlp_client": "tv"}, {"ext": "srv1", "url": "https://www.youtube.com/api/timedtext?v=gqAmIg0fcts&ei=T32DaNr0O9zXsfIP_qmmyAk&caps=asr&opi=112496729&xoaf=5&xospf=1&hl=en&ip=0.0.0.0&ipbits=0&expire=1753472960&sparams=ip%2Cipbits%2Cexpire%2Cv%2Cei%2Ccaps%2Copi%2Cxoaf&signature=BF6AAB3D4430CACE152B9187312DC84373EE659D.A4720C5E9D32CB844611A6CC9D701A6F66CF4CEC&key=yt8&kind=asr&lang=en&variant=punctuated&tlang=ko&fmt=srv1", "name": "Korean", "impersonate": true, "__yt_dlp_client": "tv"}, {"ext": "srv2", "url": "https://www.youtube.com/api/timedtext?v=gqAmIg0fcts&ei=T32DaNr0O9zXsfIP_qmmyAk&caps=asr&opi=112496729&xoaf=5&xospf=1&hl=en&ip=0.0.0.0&ipbits=0&expire=1753472960&sparams=ip%2Cipbits%2Cexpire%2Cv%2Cei%2Ccaps%2Copi%2Cxoaf&signature=BF6AAB3D4430CACE152B9187312DC84373EE659D.A4720C5E9D32CB844611A6CC9D701A6F66CF4CEC&key=yt8&kind=asr&lang=en&variant=punctuated&tlang=ko&fmt=srv2", "name": "Korean", "impersonate": true, "__yt_dlp_client": "tv"}, {"ext": "srv3", "url": "https://www.youtube.com/api/timedtext?v=gqAmIg0fcts&ei=T32DaNr0O9zXsfIP_qmmyAk&caps=asr&opi=112496729&xoaf=5&xospf=1&hl=en&ip=0.0.0.0&ipbits=0&expire=1753472960&sparams=ip%2Cipbits%2Cexpire%2Cv%2Cei%2Ccaps%2Copi%2Cxoaf&signature=BF6AAB3D4430CACE152B9187312DC84373EE659D.A4720C5E9D32CB844611A6CC9D701A6F66CF4CEC&key=yt8&kind=asr&lang=en&variant=punctuated&tlang=ko&fmt=srv3", "name": "Korean", "impersonate": true, "__yt_dlp_client": "tv"}, {"ext": "ttml", "url": "https://www.youtube.com/api/timedtext?v=gqAmIg0fcts&ei=T32DaNr0O9zXsfIP_qmmyAk&caps=asr&opi=112496729&xoaf=5&xospf=1&hl=en&ip=0.0.0.0&ipbits=0&expire=1753472960&sparams=ip%2Cipbits%2Cexpire%2Cv%2Cei%2Ccaps%2Copi%2Cxoaf&signature=BF6AAB3D4430CACE152B9187312DC84373EE659D.A4720C5E9D32CB844611A6CC9D701A6F66CF4CEC&key=yt8&kind=asr&lang=en&variant=punctuated&tlang=ko&fmt=ttml", "name": "Korean", "impersonate": true, "__yt_dlp_client": "tv"}, {"ext": "srt", "url": "https://www.youtube.com/api/timedtext?v=gqAmIg0fcts&ei=T32DaNr0O9zXsfIP_qmmyAk&caps=asr&opi=112496729&xoaf=5&xospf=1&hl=en&ip=0.0.0.0&ipbits=0&expire=1753472960&sparams=ip%2Cipbits%2Cexpire%2Cv%2Cei%2Ccaps%2Copi%2Cxoaf&signature=BF6AAB3D4430CACE152B9187312DC84373EE659D.A4720C5E9D32CB844611A6CC9D701A6F66CF4CEC&key=yt8&kind=asr&lang=en&variant=punctuated&tlang=ko&fmt=srt", "name": "Korean", "impersonate": true, "__yt_dlp_client": "tv"}, {"ext": "vtt", "url": "https://www.youtube.com/api/timedtext?v=gqAmIg0fcts&ei=T32DaNr0O9zXsfIP_qmmyAk&caps=asr&opi=112496729&xoaf=5&xospf=1&hl=en&ip=0.0.0.0&ipbits=0&expire=1753472960&sparams=ip%2Cipbits%2Cexpire%2Cv%2Cei%2Ccaps%2Copi%2Cxoaf&signature=BF6AAB3D4430CACE152B9187312DC84373EE659D.A4720C5E9D32CB844611A6CC9D701A6F66CF4CEC&key=yt8&kind=asr&lang=en&variant=punctuated&tlang=ko&fmt=vtt", "name": "Korean", "impersonate": true, "__yt_dlp_client": "tv"}], "kri": [{"ext": "json3", "url": "https://www.youtube.com/api/timedtext?v=gqAmIg0fcts&ei=T32DaNr0O9zXsfIP_qmmyAk&caps=asr&opi=112496729&xoaf=5&xospf=1&hl=en&ip=0.0.0.0&ipbits=0&expire=1753472960&sparams=ip%2Cipbits%2Cexpire%2Cv%2Cei%2Ccaps%2Copi%2Cxoaf&signature=BF6AAB3D4430CACE152B9187312DC84373EE659D.A4720C5E9D32CB844611A6CC9D701A6F66CF4CEC&key=yt8&kind=asr&lang=en&variant=punctuated&tlang=kri&fmt=json3", "name": "Krio", "impersonate": true, "__yt_dlp_client": "tv"}, {"ext": "srv1", "url": "https://www.youtube.com/api/timedtext?v=gqAmIg0fcts&ei=T32DaNr0O9zXsfIP_qmmyAk&caps=asr&opi=112496729&xoaf=5&xospf=1&hl=en&ip=0.0.0.0&ipbits=0&expire=1753472960&sparams=ip%2Cipbits%2Cexpire%2Cv%2Cei%2Ccaps%2Copi%2Cxoaf&signature=BF6AAB3D4430CACE152B9187312DC84373EE659D.A4720C5E9D32CB844611A6CC9D701A6F66CF4CEC&key=yt8&kind=asr&lang=en&variant=punctuated&tlang=kri&fmt=srv1", "name": "Krio", "impersonate": true, "__yt_dlp_client": "tv"}, {"ext": "srv2", "url": "https://www.youtube.com/api/timedtext?v=gqAmIg0fcts&ei=T32DaNr0O9zXsfIP_qmmyAk&caps=asr&opi=112496729&xoaf=5&xospf=1&hl=en&ip=0.0.0.0&ipbits=0&expire=1753472960&sparams=ip%2Cipbits%2Cexpire%2Cv%2Cei%2Ccaps%2Copi%2Cxoaf&signature=BF6AAB3D4430CACE152B9187312DC84373EE659D.A4720C5E9D32CB844611A6CC9D701A6F66CF4CEC&key=yt8&kind=asr&lang=en&variant=punctuated&tlang=kri&fmt=srv2", "name": "Krio", "impersonate": true, "__yt_dlp_client": "tv"}, {"ext": "srv3", "url": "https://www.youtube.com/api/timedtext?v=gqAmIg0fcts&ei=T32DaNr0O9zXsfIP_qmmyAk&caps=asr&opi=112496729&xoaf=5&xospf=1&hl=en&ip=0.0.0.0&ipbits=0&expire=1753472960&sparams=ip%2Cipbits%2Cexpire%2Cv%2Cei%2Ccaps%2Copi%2Cxoaf&signature=BF6AAB3D4430CACE152B9187312DC84373EE659D.A4720C5E9D32CB844611A6CC9D701A6F66CF4CEC&key=yt8&kind=asr&lang=en&variant=punctuated&tlang=kri&fmt=srv3", "name": "Krio", "impersonate": true, "__yt_dlp_client": "tv"}, {"ext": "ttml", "url": "https://www.youtube.com/api/timedtext?v=gqAmIg0fcts&ei=T32DaNr0O9zXsfIP_qmmyAk&caps=asr&opi=112496729&xoaf=5&xospf=1&hl=en&ip=0.0.0.0&ipbits=0&expire=1753472960&sparams=ip%2Cipbits%2Cexpire%2Cv%2Cei%2Ccaps%2Copi%2Cxoaf&signature=BF6AAB3D4430CACE152B9187312DC84373EE659D.A4720C5E9D32CB844611A6CC9D701A6F66CF4CEC&key=yt8&kind=asr&lang=en&variant=punctuated&tlang=kri&fmt=ttml", "name": "Krio", "impersonate": true, "__yt_dlp_client": "tv"}, {"ext": "srt", "url": "https://www.youtube.com/api/timedtext?v=gqAmIg0fcts&ei=T32DaNr0O9zXsfIP_qmmyAk&caps=asr&opi=112496729&xoaf=5&xospf=1&hl=en&ip=0.0.0.0&ipbits=0&expire=1753472960&sparams=ip%2Cipbits%2Cexpire%2Cv%2Cei%2Ccaps%2Copi%2Cxoaf&signature=BF6AAB3D4430CACE152B9187312DC84373EE659D.A4720C5E9D32CB844611A6CC9D701A6F66CF4CEC&key=yt8&kind=asr&lang=en&variant=punctuated&tlang=kri&fmt=srt", "name": "Krio", "impersonate": true, "__yt_dlp_client": "tv"}, {"ext": "vtt", "url": "https://www.youtube.com/api/timedtext?v=gqAmIg0fcts&ei=T32DaNr0O9zXsfIP_qmmyAk&caps=asr&opi=112496729&xoaf=5&xospf=1&hl=en&ip=0.0.0.0&ipbits=0&expire=1753472960&sparams=ip%2Cipbits%2Cexpire%2Cv%2Cei%2Ccaps%2Copi%2Cxoaf&signature=BF6AAB3D4430CACE152B9187312DC84373EE659D.A4720C5E9D32CB844611A6CC9D701A6F66CF4CEC&key=yt8&kind=asr&lang=en&variant=punctuated&tlang=kri&fmt=vtt", "name": "Krio", "impersonate": true, "__yt_dlp_client": "tv"}], "ku": [{"ext": "json3", "url": "https://www.youtube.com/api/timedtext?v=gqAmIg0fcts&ei=T32DaNr0O9zXsfIP_qmmyAk&caps=asr&opi=112496729&xoaf=5&xospf=1&hl=en&ip=0.0.0.0&ipbits=0&expire=1753472960&sparams=ip%2Cipbits%2Cexpire%2Cv%2Cei%2Ccaps%2Copi%2Cxoaf&signature=BF6AAB3D4430CACE152B9187312DC84373EE659D.A4720C5E9D32CB844611A6CC9D701A6F66CF4CEC&key=yt8&kind=asr&lang=en&variant=punctuated&tlang=ku&fmt=json3", "name": "Kurdish", "impersonate": true, "__yt_dlp_client": "tv"}, {"ext": "srv1", "url": "https://www.youtube.com/api/timedtext?v=gqAmIg0fcts&ei=T32DaNr0O9zXsfIP_qmmyAk&caps=asr&opi=112496729&xoaf=5&xospf=1&hl=en&ip=0.0.0.0&ipbits=0&expire=1753472960&sparams=ip%2Cipbits%2Cexpire%2Cv%2Cei%2Ccaps%2Copi%2Cxoaf&signature=BF6AAB3D4430CACE152B9187312DC84373EE659D.A4720C5E9D32CB844611A6CC9D701A6F66CF4CEC&key=yt8&kind=asr&lang=en&variant=punctuated&tlang=ku&fmt=srv1", "name": "Kurdish", "impersonate": true, "__yt_dlp_client": "tv"}, {"ext": "srv2", "url": "https://www.youtube.com/api/timedtext?v=gqAmIg0fcts&ei=T32DaNr0O9zXsfIP_qmmyAk&caps=asr&opi=112496729&xoaf=5&xospf=1&hl=en&ip=0.0.0.0&ipbits=0&expire=1753472960&sparams=ip%2Cipbits%2Cexpire%2Cv%2Cei%2Ccaps%2Copi%2Cxoaf&signature=BF6AAB3D4430CACE152B9187312DC84373EE659D.A4720C5E9D32CB844611A6CC9D701A6F66CF4CEC&key=yt8&kind=asr&lang=en&variant=punctuated&tlang=ku&fmt=srv2", "name": "Kurdish", "impersonate": true, "__yt_dlp_client": "tv"}, {"ext": "srv3", "url": "https://www.youtube.com/api/timedtext?v=gqAmIg0fcts&ei=T32DaNr0O9zXsfIP_qmmyAk&caps=asr&opi=112496729&xoaf=5&xospf=1&hl=en&ip=0.0.0.0&ipbits=0&expire=1753472960&sparams=ip%2Cipbits%2Cexpire%2Cv%2Cei%2Ccaps%2Copi%2Cxoaf&signature=BF6AAB3D4430CACE152B9187312DC84373EE659D.A4720C5E9D32CB844611A6CC9D701A6F66CF4CEC&key=yt8&kind=asr&lang=en&variant=punctuated&tlang=ku&fmt=srv3", "name": "Kurdish", "impersonate": true, "__yt_dlp_client": "tv"}, {"ext": "ttml", "url": "https://www.youtube.com/api/timedtext?v=gqAmIg0fcts&ei=T32DaNr0O9zXsfIP_qmmyAk&caps=asr&opi=112496729&xoaf=5&xospf=1&hl=en&ip=0.0.0.0&ipbits=0&expire=1753472960&sparams=ip%2Cipbits%2Cexpire%2Cv%2Cei%2Ccaps%2Copi%2Cxoaf&signature=BF6AAB3D4430CACE152B9187312DC84373EE659D.A4720C5E9D32CB844611A6CC9D701A6F66CF4CEC&key=yt8&kind=asr&lang=en&variant=punctuated&tlang=ku&fmt=ttml", "name": "Kurdish", "impersonate": true, "__yt_dlp_client": "tv"}, {"ext": "srt", "url": "https://www.youtube.com/api/timedtext?v=gqAmIg0fcts&ei=T32DaNr0O9zXsfIP_qmmyAk&caps=asr&opi=112496729&xoaf=5&xospf=1&hl=en&ip=0.0.0.0&ipbits=0&expire=1753472960&sparams=ip%2Cipbits%2Cexpire%2Cv%2Cei%2Ccaps%2Copi%2Cxoaf&signature=BF6AAB3D4430CACE152B9187312DC84373EE659D.A4720C5E9D32CB844611A6CC9D701A6F66CF4CEC&key=yt8&kind=asr&lang=en&variant=punctuated&tlang=ku&fmt=srt", "name": "Kurdish", "impersonate": true, "__yt_dlp_client": "tv"}, {"ext": "vtt", "url": "https://www.youtube.com/api/timedtext?v=gqAmIg0fcts&ei=T32DaNr0O9zXsfIP_qmmyAk&caps=asr&opi=112496729&xoaf=5&xospf=1&hl=en&ip=0.0.0.0&ipbits=0&expire=1753472960&sparams=ip%2Cipbits%2Cexpire%2Cv%2Cei%2Ccaps%2Copi%2Cxoaf&signature=BF6AAB3D4430CACE152B9187312DC84373EE659D.A4720C5E9D32CB844611A6CC9D701A6F66CF4CEC&key=yt8&kind=asr&lang=en&variant=punctuated&tlang=ku&fmt=vtt", "name": "Kurdish", "impersonate": true, "__yt_dlp_client": "tv"}], "ky": [{"ext": "json3", "url": "https://www.youtube.com/api/timedtext?v=gqAmIg0fcts&ei=T32DaNr0O9zXsfIP_qmmyAk&caps=asr&opi=112496729&xoaf=5&xospf=1&hl=en&ip=0.0.0.0&ipbits=0&expire=1753472960&sparams=ip%2Cipbits%2Cexpire%2Cv%2Cei%2Ccaps%2Copi%2Cxoaf&signature=BF6AAB3D4430CACE152B9187312DC84373EE659D.A4720C5E9D32CB844611A6CC9D701A6F66CF4CEC&key=yt8&kind=asr&lang=en&variant=punctuated&tlang=ky&fmt=json3", "name": "Kyrgyz", "impersonate": true, "__yt_dlp_client": "tv"}, {"ext": "srv1", "url": "https://www.youtube.com/api/timedtext?v=gqAmIg0fcts&ei=T32DaNr0O9zXsfIP_qmmyAk&caps=asr&opi=112496729&xoaf=5&xospf=1&hl=en&ip=0.0.0.0&ipbits=0&expire=1753472960&sparams=ip%2Cipbits%2Cexpire%2Cv%2Cei%2Ccaps%2Copi%2Cxoaf&signature=BF6AAB3D4430CACE152B9187312DC84373EE659D.A4720C5E9D32CB844611A6CC9D701A6F66CF4CEC&key=yt8&kind=asr&lang=en&variant=punctuated&tlang=ky&fmt=srv1", "name": "Kyrgyz", "impersonate": true, "__yt_dlp_client": "tv"}, {"ext": "srv2", "url": "https://www.youtube.com/api/timedtext?v=gqAmIg0fcts&ei=T32DaNr0O9zXsfIP_qmmyAk&caps=asr&opi=112496729&xoaf=5&xospf=1&hl=en&ip=0.0.0.0&ipbits=0&expire=1753472960&sparams=ip%2Cipbits%2Cexpire%2Cv%2Cei%2Ccaps%2Copi%2Cxoaf&signature=BF6AAB3D4430CACE152B9187312DC84373EE659D.A4720C5E9D32CB844611A6CC9D701A6F66CF4CEC&key=yt8&kind=asr&lang=en&variant=punctuated&tlang=ky&fmt=srv2", "name": "Kyrgyz", "impersonate": true, "__yt_dlp_client": "tv"}, {"ext": "srv3", "url": "https://www.youtube.com/api/timedtext?v=gqAmIg0fcts&ei=T32DaNr0O9zXsfIP_qmmyAk&caps=asr&opi=112496729&xoaf=5&xospf=1&hl=en&ip=0.0.0.0&ipbits=0&expire=1753472960&sparams=ip%2Cipbits%2Cexpire%2Cv%2Cei%2Ccaps%2Copi%2Cxoaf&signature=BF6AAB3D4430CACE152B9187312DC84373EE659D.A4720C5E9D32CB844611A6CC9D701A6F66CF4CEC&key=yt8&kind=asr&lang=en&variant=punctuated&tlang=ky&fmt=srv3", "name": "Kyrgyz", "impersonate": true, "__yt_dlp_client": "tv"}, {"ext": "ttml", "url": "https://www.youtube.com/api/timedtext?v=gqAmIg0fcts&ei=T32DaNr0O9zXsfIP_qmmyAk&caps=asr&opi=112496729&xoaf=5&xospf=1&hl=en&ip=0.0.0.0&ipbits=0&expire=1753472960&sparams=ip%2Cipbits%2Cexpire%2Cv%2Cei%2Ccaps%2Copi%2Cxoaf&signature=BF6AAB3D4430CACE152B9187312DC84373EE659D.A4720C5E9D32CB844611A6CC9D701A6F66CF4CEC&key=yt8&kind=asr&lang=en&variant=punctuated&tlang=ky&fmt=ttml", "name": "Kyrgyz", "impersonate": true, "__yt_dlp_client": "tv"}, {"ext": "srt", "url": "https://www.youtube.com/api/timedtext?v=gqAmIg0fcts&ei=T32DaNr0O9zXsfIP_qmmyAk&caps=asr&opi=112496729&xoaf=5&xospf=1&hl=en&ip=0.0.0.0&ipbits=0&expire=1753472960&sparams=ip%2Cipbits%2Cexpire%2Cv%2Cei%2Ccaps%2Copi%2Cxoaf&signature=BF6AAB3D4430CACE152B9187312DC84373EE659D.A4720C5E9D32CB844611A6CC9D701A6F66CF4CEC&key=yt8&kind=asr&lang=en&variant=punctuated&tlang=ky&fmt=srt", "name": "Kyrgyz", "impersonate": true, "__yt_dlp_client": "tv"}, {"ext": "vtt", "url": "https://www.youtube.com/api/timedtext?v=gqAmIg0fcts&ei=T32DaNr0O9zXsfIP_qmmyAk&caps=asr&opi=112496729&xoaf=5&xospf=1&hl=en&ip=0.0.0.0&ipbits=0&expire=1753472960&sparams=ip%2Cipbits%2Cexpire%2Cv%2Cei%2Ccaps%2Copi%2Cxoaf&signature=BF6AAB3D4430CACE152B9187312DC84373EE659D.A4720C5E9D32CB844611A6CC9D701A6F66CF4CEC&key=yt8&kind=asr&lang=en&variant=punctuated&tlang=ky&fmt=vtt", "name": "Kyrgyz", "impersonate": true, "__yt_dlp_client": "tv"}], "lo": [{"ext": "json3", "url": "https://www.youtube.com/api/timedtext?v=gqAmIg0fcts&ei=T32DaNr0O9zXsfIP_qmmyAk&caps=asr&opi=112496729&xoaf=5&xospf=1&hl=en&ip=0.0.0.0&ipbits=0&expire=1753472960&sparams=ip%2Cipbits%2Cexpire%2Cv%2Cei%2Ccaps%2Copi%2Cxoaf&signature=BF6AAB3D4430CACE152B9187312DC84373EE659D.A4720C5E9D32CB844611A6CC9D701A6F66CF4CEC&key=yt8&kind=asr&lang=en&variant=punctuated&tlang=lo&fmt=json3", "name": "Lao", "impersonate": true, "__yt_dlp_client": "tv"}, {"ext": "srv1", "url": "https://www.youtube.com/api/timedtext?v=gqAmIg0fcts&ei=T32DaNr0O9zXsfIP_qmmyAk&caps=asr&opi=112496729&xoaf=5&xospf=1&hl=en&ip=0.0.0.0&ipbits=0&expire=1753472960&sparams=ip%2Cipbits%2Cexpire%2Cv%2Cei%2Ccaps%2Copi%2Cxoaf&signature=BF6AAB3D4430CACE152B9187312DC84373EE659D.A4720C5E9D32CB844611A6CC9D701A6F66CF4CEC&key=yt8&kind=asr&lang=en&variant=punctuated&tlang=lo&fmt=srv1", "name": "Lao", "impersonate": true, "__yt_dlp_client": "tv"}, {"ext": "srv2", "url": "https://www.youtube.com/api/timedtext?v=gqAmIg0fcts&ei=T32DaNr0O9zXsfIP_qmmyAk&caps=asr&opi=112496729&xoaf=5&xospf=1&hl=en&ip=0.0.0.0&ipbits=0&expire=1753472960&sparams=ip%2Cipbits%2Cexpire%2Cv%2Cei%2Ccaps%2Copi%2Cxoaf&signature=BF6AAB3D4430CACE152B9187312DC84373EE659D.A4720C5E9D32CB844611A6CC9D701A6F66CF4CEC&key=yt8&kind=asr&lang=en&variant=punctuated&tlang=lo&fmt=srv2", "name": "Lao", "impersonate": true, "__yt_dlp_client": "tv"}, {"ext": "srv3", "url": "https://www.youtube.com/api/timedtext?v=gqAmIg0fcts&ei=T32DaNr0O9zXsfIP_qmmyAk&caps=asr&opi=112496729&xoaf=5&xospf=1&hl=en&ip=0.0.0.0&ipbits=0&expire=1753472960&sparams=ip%2Cipbits%2Cexpire%2Cv%2Cei%2Ccaps%2Copi%2Cxoaf&signature=BF6AAB3D4430CACE152B9187312DC84373EE659D.A4720C5E9D32CB844611A6CC9D701A6F66CF4CEC&key=yt8&kind=asr&lang=en&variant=punctuated&tlang=lo&fmt=srv3", "name": "Lao", "impersonate": true, "__yt_dlp_client": "tv"}, {"ext": "ttml", "url": "https://www.youtube.com/api/timedtext?v=gqAmIg0fcts&ei=T32DaNr0O9zXsfIP_qmmyAk&caps=asr&opi=112496729&xoaf=5&xospf=1&hl=en&ip=0.0.0.0&ipbits=0&expire=1753472960&sparams=ip%2Cipbits%2Cexpire%2Cv%2Cei%2Ccaps%2Copi%2Cxoaf&signature=BF6AAB3D4430CACE152B9187312DC84373EE659D.A4720C5E9D32CB844611A6CC9D701A6F66CF4CEC&key=yt8&kind=asr&lang=en&variant=punctuated&tlang=lo&fmt=ttml", "name": "Lao", "impersonate": true, "__yt_dlp_client": "tv"}, {"ext": "srt", "url": "https://www.youtube.com/api/timedtext?v=gqAmIg0fcts&ei=T32DaNr0O9zXsfIP_qmmyAk&caps=asr&opi=112496729&xoaf=5&xospf=1&hl=en&ip=0.0.0.0&ipbits=0&expire=1753472960&sparams=ip%2Cipbits%2Cexpire%2Cv%2Cei%2Ccaps%2Copi%2Cxoaf&signature=BF6AAB3D4430CACE152B9187312DC84373EE659D.A4720C5E9D32CB844611A6CC9D701A6F66CF4CEC&key=yt8&kind=asr&lang=en&variant=punctuated&tlang=lo&fmt=srt", "name": "Lao", "impersonate": true, "__yt_dlp_client": "tv"}, {"ext": "vtt", "url": "https://www.youtube.com/api/timedtext?v=gqAmIg0fcts&ei=T32DaNr0O9zXsfIP_qmmyAk&caps=asr&opi=112496729&xoaf=5&xospf=1&hl=en&ip=0.0.0.0&ipbits=0&expire=1753472960&sparams=ip%2Cipbits%2Cexpire%2Cv%2Cei%2Ccaps%2Copi%2Cxoaf&signature=BF6AAB3D4430CACE152B9187312DC84373EE659D.A4720C5E9D32CB844611A6CC9D701A6F66CF4CEC&key=yt8&kind=asr&lang=en&variant=punctuated&tlang=lo&fmt=vtt", "name": "Lao", "impersonate": true, "__yt_dlp_client": "tv"}], "la": [{"ext": "json3", "url": "https://www.youtube.com/api/timedtext?v=gqAmIg0fcts&ei=T32DaNr0O9zXsfIP_qmmyAk&caps=asr&opi=112496729&xoaf=5&xospf=1&hl=en&ip=0.0.0.0&ipbits=0&expire=1753472960&sparams=ip%2Cipbits%2Cexpire%2Cv%2Cei%2Ccaps%2Copi%2Cxoaf&signature=BF6AAB3D4430CACE152B9187312DC84373EE659D.A4720C5E9D32CB844611A6CC9D701A6F66CF4CEC&key=yt8&kind=asr&lang=en&variant=punctuated&tlang=la&fmt=json3", "name": "Latin", "impersonate": true, "__yt_dlp_client": "tv"}, {"ext": "srv1", "url": "https://www.youtube.com/api/timedtext?v=gqAmIg0fcts&ei=T32DaNr0O9zXsfIP_qmmyAk&caps=asr&opi=112496729&xoaf=5&xospf=1&hl=en&ip=0.0.0.0&ipbits=0&expire=1753472960&sparams=ip%2Cipbits%2Cexpire%2Cv%2Cei%2Ccaps%2Copi%2Cxoaf&signature=BF6AAB3D4430CACE152B9187312DC84373EE659D.A4720C5E9D32CB844611A6CC9D701A6F66CF4CEC&key=yt8&kind=asr&lang=en&variant=punctuated&tlang=la&fmt=srv1", "name": "Latin", "impersonate": true, "__yt_dlp_client": "tv"}, {"ext": "srv2", "url": "https://www.youtube.com/api/timedtext?v=gqAmIg0fcts&ei=T32DaNr0O9zXsfIP_qmmyAk&caps=asr&opi=112496729&xoaf=5&xospf=1&hl=en&ip=0.0.0.0&ipbits=0&expire=1753472960&sparams=ip%2Cipbits%2Cexpire%2Cv%2Cei%2Ccaps%2Copi%2Cxoaf&signature=BF6AAB3D4430CACE152B9187312DC84373EE659D.A4720C5E9D32CB844611A6CC9D701A6F66CF4CEC&key=yt8&kind=asr&lang=en&variant=punctuated&tlang=la&fmt=srv2", "name": "Latin", "impersonate": true, "__yt_dlp_client": "tv"}, {"ext": "srv3", "url": "https://www.youtube.com/api/timedtext?v=gqAmIg0fcts&ei=T32DaNr0O9zXsfIP_qmmyAk&caps=asr&opi=112496729&xoaf=5&xospf=1&hl=en&ip=0.0.0.0&ipbits=0&expire=1753472960&sparams=ip%2Cipbits%2Cexpire%2Cv%2Cei%2Ccaps%2Copi%2Cxoaf&signature=BF6AAB3D4430CACE152B9187312DC84373EE659D.A4720C5E9D32CB844611A6CC9D701A6F66CF4CEC&key=yt8&kind=asr&lang=en&variant=punctuated&tlang=la&fmt=srv3", "name": "Latin", "impersonate": true, "__yt_dlp_client": "tv"}, {"ext": "ttml", "url": "https://www.youtube.com/api/timedtext?v=gqAmIg0fcts&ei=T32DaNr0O9zXsfIP_qmmyAk&caps=asr&opi=112496729&xoaf=5&xospf=1&hl=en&ip=0.0.0.0&ipbits=0&expire=1753472960&sparams=ip%2Cipbits%2Cexpire%2Cv%2Cei%2Ccaps%2Copi%2Cxoaf&signature=BF6AAB3D4430CACE152B9187312DC84373EE659D.A4720C5E9D32CB844611A6CC9D701A6F66CF4CEC&key=yt8&kind=asr&lang=en&variant=punctuated&tlang=la&fmt=ttml", "name": "Latin", "impersonate": true, "__yt_dlp_client": "tv"}, {"ext": "srt", "url": "https://www.youtube.com/api/timedtext?v=gqAmIg0fcts&ei=T32DaNr0O9zXsfIP_qmmyAk&caps=asr&opi=112496729&xoaf=5&xospf=1&hl=en&ip=0.0.0.0&ipbits=0&expire=1753472960&sparams=ip%2Cipbits%2Cexpire%2Cv%2Cei%2Ccaps%2Copi%2Cxoaf&signature=BF6AAB3D4430CACE152B9187312DC84373EE659D.A4720C5E9D32CB844611A6CC9D701A6F66CF4CEC&key=yt8&kind=asr&lang=en&variant=punctuated&tlang=la&fmt=srt", "name": "Latin", "impersonate": true, "__yt_dlp_client": "tv"}, {"ext": "vtt", "url": "https://www.youtube.com/api/timedtext?v=gqAmIg0fcts&ei=T32DaNr0O9zXsfIP_qmmyAk&caps=asr&opi=112496729&xoaf=5&xospf=1&hl=en&ip=0.0.0.0&ipbits=0&expire=1753472960&sparams=ip%2Cipbits%2Cexpire%2Cv%2Cei%2Ccaps%2Copi%2Cxoaf&signature=BF6AAB3D4430CACE152B9187312DC84373EE659D.A4720C5E9D32CB844611A6CC9D701A6F66CF4CEC&key=yt8&kind=asr&lang=en&variant=punctuated&tlang=la&fmt=vtt", "name": "Latin", "impersonate": true, "__yt_dlp_client": "tv"}], "lv": [{"ext": "json3", "url": "https://www.youtube.com/api/timedtext?v=gqAmIg0fcts&ei=T32DaNr0O9zXsfIP_qmmyAk&caps=asr&opi=112496729&xoaf=5&xospf=1&hl=en&ip=0.0.0.0&ipbits=0&expire=1753472960&sparams=ip%2Cipbits%2Cexpire%2Cv%2Cei%2Ccaps%2Copi%2Cxoaf&signature=BF6AAB3D4430CACE152B9187312DC84373EE659D.A4720C5E9D32CB844611A6CC9D701A6F66CF4CEC&key=yt8&kind=asr&lang=en&variant=punctuated&tlang=lv&fmt=json3", "name": "Latvian", "impersonate": true, "__yt_dlp_client": "tv"}, {"ext": "srv1", "url": "https://www.youtube.com/api/timedtext?v=gqAmIg0fcts&ei=T32DaNr0O9zXsfIP_qmmyAk&caps=asr&opi=112496729&xoaf=5&xospf=1&hl=en&ip=0.0.0.0&ipbits=0&expire=1753472960&sparams=ip%2Cipbits%2Cexpire%2Cv%2Cei%2Ccaps%2Copi%2Cxoaf&signature=BF6AAB3D4430CACE152B9187312DC84373EE659D.A4720C5E9D32CB844611A6CC9D701A6F66CF4CEC&key=yt8&kind=asr&lang=en&variant=punctuated&tlang=lv&fmt=srv1", "name": "Latvian", "impersonate": true, "__yt_dlp_client": "tv"}, {"ext": "srv2", "url": "https://www.youtube.com/api/timedtext?v=gqAmIg0fcts&ei=T32DaNr0O9zXsfIP_qmmyAk&caps=asr&opi=112496729&xoaf=5&xospf=1&hl=en&ip=0.0.0.0&ipbits=0&expire=1753472960&sparams=ip%2Cipbits%2Cexpire%2Cv%2Cei%2Ccaps%2Copi%2Cxoaf&signature=BF6AAB3D4430CACE152B9187312DC84373EE659D.A4720C5E9D32CB844611A6CC9D701A6F66CF4CEC&key=yt8&kind=asr&lang=en&variant=punctuated&tlang=lv&fmt=srv2", "name": "Latvian", "impersonate": true, "__yt_dlp_client": "tv"}, {"ext": "srv3", "url": "https://www.youtube.com/api/timedtext?v=gqAmIg0fcts&ei=T32DaNr0O9zXsfIP_qmmyAk&caps=asr&opi=112496729&xoaf=5&xospf=1&hl=en&ip=0.0.0.0&ipbits=0&expire=1753472960&sparams=ip%2Cipbits%2Cexpire%2Cv%2Cei%2Ccaps%2Copi%2Cxoaf&signature=BF6AAB3D4430CACE152B9187312DC84373EE659D.A4720C5E9D32CB844611A6CC9D701A6F66CF4CEC&key=yt8&kind=asr&lang=en&variant=punctuated&tlang=lv&fmt=srv3", "name": "Latvian", "impersonate": true, "__yt_dlp_client": "tv"}, {"ext": "ttml", "url": "https://www.youtube.com/api/timedtext?v=gqAmIg0fcts&ei=T32DaNr0O9zXsfIP_qmmyAk&caps=asr&opi=112496729&xoaf=5&xospf=1&hl=en&ip=0.0.0.0&ipbits=0&expire=1753472960&sparams=ip%2Cipbits%2Cexpire%2Cv%2Cei%2Ccaps%2Copi%2Cxoaf&signature=BF6AAB3D4430CACE152B9187312DC84373EE659D.A4720C5E9D32CB844611A6CC9D701A6F66CF4CEC&key=yt8&kind=asr&lang=en&variant=punctuated&tlang=lv&fmt=ttml", "name": "Latvian", "impersonate": true, "__yt_dlp_client": "tv"}, {"ext": "srt", "url": "https://www.youtube.com/api/timedtext?v=gqAmIg0fcts&ei=T32DaNr0O9zXsfIP_qmmyAk&caps=asr&opi=112496729&xoaf=5&xospf=1&hl=en&ip=0.0.0.0&ipbits=0&expire=1753472960&sparams=ip%2Cipbits%2Cexpire%2Cv%2Cei%2Ccaps%2Copi%2Cxoaf&signature=BF6AAB3D4430CACE152B9187312DC84373EE659D.A4720C5E9D32CB844611A6CC9D701A6F66CF4CEC&key=yt8&kind=asr&lang=en&variant=punctuated&tlang=lv&fmt=srt", "name": "Latvian", "impersonate": true, "__yt_dlp_client": "tv"}, {"ext": "vtt", "url": "https://www.youtube.com/api/timedtext?v=gqAmIg0fcts&ei=T32DaNr0O9zXsfIP_qmmyAk&caps=asr&opi=112496729&xoaf=5&xospf=1&hl=en&ip=0.0.0.0&ipbits=0&expire=1753472960&sparams=ip%2Cipbits%2Cexpire%2Cv%2Cei%2Ccaps%2Copi%2Cxoaf&signature=BF6AAB3D4430CACE152B9187312DC84373EE659D.A4720C5E9D32CB844611A6CC9D701A6F66CF4CEC&key=yt8&kind=asr&lang=en&variant=punctuated&tlang=lv&fmt=vtt", "name": "Latvian", "impersonate": true, "__yt_dlp_client": "tv"}], "ln": [{"ext": "json3", "url": "https://www.youtube.com/api/timedtext?v=gqAmIg0fcts&ei=T32DaNr0O9zXsfIP_qmmyAk&caps=asr&opi=112496729&xoaf=5&xospf=1&hl=en&ip=0.0.0.0&ipbits=0&expire=1753472960&sparams=ip%2Cipbits%2Cexpire%2Cv%2Cei%2Ccaps%2Copi%2Cxoaf&signature=BF6AAB3D4430CACE152B9187312DC84373EE659D.A4720C5E9D32CB844611A6CC9D701A6F66CF4CEC&key=yt8&kind=asr&lang=en&variant=punctuated&tlang=ln&fmt=json3", "name": "Lingala", "impersonate": true, "__yt_dlp_client": "tv"}, {"ext": "srv1", "url": "https://www.youtube.com/api/timedtext?v=gqAmIg0fcts&ei=T32DaNr0O9zXsfIP_qmmyAk&caps=asr&opi=112496729&xoaf=5&xospf=1&hl=en&ip=0.0.0.0&ipbits=0&expire=1753472960&sparams=ip%2Cipbits%2Cexpire%2Cv%2Cei%2Ccaps%2Copi%2Cxoaf&signature=BF6AAB3D4430CACE152B9187312DC84373EE659D.A4720C5E9D32CB844611A6CC9D701A6F66CF4CEC&key=yt8&kind=asr&lang=en&variant=punctuated&tlang=ln&fmt=srv1", "name": "Lingala", "impersonate": true, "__yt_dlp_client": "tv"}, {"ext": "srv2", "url": "https://www.youtube.com/api/timedtext?v=gqAmIg0fcts&ei=T32DaNr0O9zXsfIP_qmmyAk&caps=asr&opi=112496729&xoaf=5&xospf=1&hl=en&ip=0.0.0.0&ipbits=0&expire=1753472960&sparams=ip%2Cipbits%2Cexpire%2Cv%2Cei%2Ccaps%2Copi%2Cxoaf&signature=BF6AAB3D4430CACE152B9187312DC84373EE659D.A4720C5E9D32CB844611A6CC9D701A6F66CF4CEC&key=yt8&kind=asr&lang=en&variant=punctuated&tlang=ln&fmt=srv2", "name": "Lingala", "impersonate": true, "__yt_dlp_client": "tv"}, {"ext": "srv3", "url": "https://www.youtube.com/api/timedtext?v=gqAmIg0fcts&ei=T32DaNr0O9zXsfIP_qmmyAk&caps=asr&opi=112496729&xoaf=5&xospf=1&hl=en&ip=0.0.0.0&ipbits=0&expire=1753472960&sparams=ip%2Cipbits%2Cexpire%2Cv%2Cei%2Ccaps%2Copi%2Cxoaf&signature=BF6AAB3D4430CACE152B9187312DC84373EE659D.A4720C5E9D32CB844611A6CC9D701A6F66CF4CEC&key=yt8&kind=asr&lang=en&variant=punctuated&tlang=ln&fmt=srv3", "name": "Lingala", "impersonate": true, "__yt_dlp_client": "tv"}, {"ext": "ttml", "url": "https://www.youtube.com/api/timedtext?v=gqAmIg0fcts&ei=T32DaNr0O9zXsfIP_qmmyAk&caps=asr&opi=112496729&xoaf=5&xospf=1&hl=en&ip=0.0.0.0&ipbits=0&expire=1753472960&sparams=ip%2Cipbits%2Cexpire%2Cv%2Cei%2Ccaps%2Copi%2Cxoaf&signature=BF6AAB3D4430CACE152B9187312DC84373EE659D.A4720C5E9D32CB844611A6CC9D701A6F66CF4CEC&key=yt8&kind=asr&lang=en&variant=punctuated&tlang=ln&fmt=ttml", "name": "Lingala", "impersonate": true, "__yt_dlp_client": "tv"}, {"ext": "srt", "url": "https://www.youtube.com/api/timedtext?v=gqAmIg0fcts&ei=T32DaNr0O9zXsfIP_qmmyAk&caps=asr&opi=112496729&xoaf=5&xospf=1&hl=en&ip=0.0.0.0&ipbits=0&expire=1753472960&sparams=ip%2Cipbits%2Cexpire%2Cv%2Cei%2Ccaps%2Copi%2Cxoaf&signature=BF6AAB3D4430CACE152B9187312DC84373EE659D.A4720C5E9D32CB844611A6CC9D701A6F66CF4CEC&key=yt8&kind=asr&lang=en&variant=punctuated&tlang=ln&fmt=srt", "name": "Lingala", "impersonate": true, "__yt_dlp_client": "tv"}, {"ext": "vtt", "url": "https://www.youtube.com/api/timedtext?v=gqAmIg0fcts&ei=T32DaNr0O9zXsfIP_qmmyAk&caps=asr&opi=112496729&xoaf=5&xospf=1&hl=en&ip=0.0.0.0&ipbits=0&expire=1753472960&sparams=ip%2Cipbits%2Cexpire%2Cv%2Cei%2Ccaps%2Copi%2Cxoaf&signature=BF6AAB3D4430CACE152B9187312DC84373EE659D.A4720C5E9D32CB844611A6CC9D701A6F66CF4CEC&key=yt8&kind=asr&lang=en&variant=punctuated&tlang=ln&fmt=vtt", "name": "Lingala", "impersonate": true, "__yt_dlp_client": "tv"}], "lt": [{"ext": "json3", "url": "https://www.youtube.com/api/timedtext?v=gqAmIg0fcts&ei=T32DaNr0O9zXsfIP_qmmyAk&caps=asr&opi=112496729&xoaf=5&xospf=1&hl=en&ip=0.0.0.0&ipbits=0&expire=1753472960&sparams=ip%2Cipbits%2Cexpire%2Cv%2Cei%2Ccaps%2Copi%2Cxoaf&signature=BF6AAB3D4430CACE152B9187312DC84373EE659D.A4720C5E9D32CB844611A6CC9D701A6F66CF4CEC&key=yt8&kind=asr&lang=en&variant=punctuated&tlang=lt&fmt=json3", "name": "Lithuanian", "impersonate": true, "__yt_dlp_client": "tv"}, {"ext": "srv1", "url": "https://www.youtube.com/api/timedtext?v=gqAmIg0fcts&ei=T32DaNr0O9zXsfIP_qmmyAk&caps=asr&opi=112496729&xoaf=5&xospf=1&hl=en&ip=0.0.0.0&ipbits=0&expire=1753472960&sparams=ip%2Cipbits%2Cexpire%2Cv%2Cei%2Ccaps%2Copi%2Cxoaf&signature=BF6AAB3D4430CACE152B9187312DC84373EE659D.A4720C5E9D32CB844611A6CC9D701A6F66CF4CEC&key=yt8&kind=asr&lang=en&variant=punctuated&tlang=lt&fmt=srv1", "name": "Lithuanian", "impersonate": true, "__yt_dlp_client": "tv"}, {"ext": "srv2", "url": "https://www.youtube.com/api/timedtext?v=gqAmIg0fcts&ei=T32DaNr0O9zXsfIP_qmmyAk&caps=asr&opi=112496729&xoaf=5&xospf=1&hl=en&ip=0.0.0.0&ipbits=0&expire=1753472960&sparams=ip%2Cipbits%2Cexpire%2Cv%2Cei%2Ccaps%2Copi%2Cxoaf&signature=BF6AAB3D4430CACE152B9187312DC84373EE659D.A4720C5E9D32CB844611A6CC9D701A6F66CF4CEC&key=yt8&kind=asr&lang=en&variant=punctuated&tlang=lt&fmt=srv2", "name": "Lithuanian", "impersonate": true, "__yt_dlp_client": "tv"}, {"ext": "srv3", "url": "https://www.youtube.com/api/timedtext?v=gqAmIg0fcts&ei=T32DaNr0O9zXsfIP_qmmyAk&caps=asr&opi=112496729&xoaf=5&xospf=1&hl=en&ip=0.0.0.0&ipbits=0&expire=1753472960&sparams=ip%2Cipbits%2Cexpire%2Cv%2Cei%2Ccaps%2Copi%2Cxoaf&signature=BF6AAB3D4430CACE152B9187312DC84373EE659D.A4720C5E9D32CB844611A6CC9D701A6F66CF4CEC&key=yt8&kind=asr&lang=en&variant=punctuated&tlang=lt&fmt=srv3", "name": "Lithuanian", "impersonate": true, "__yt_dlp_client": "tv"}, {"ext": "ttml", "url": "https://www.youtube.com/api/timedtext?v=gqAmIg0fcts&ei=T32DaNr0O9zXsfIP_qmmyAk&caps=asr&opi=112496729&xoaf=5&xospf=1&hl=en&ip=0.0.0.0&ipbits=0&expire=1753472960&sparams=ip%2Cipbits%2Cexpire%2Cv%2Cei%2Ccaps%2Copi%2Cxoaf&signature=BF6AAB3D4430CACE152B9187312DC84373EE659D.A4720C5E9D32CB844611A6CC9D701A6F66CF4CEC&key=yt8&kind=asr&lang=en&variant=punctuated&tlang=lt&fmt=ttml", "name": "Lithuanian", "impersonate": true, "__yt_dlp_client": "tv"}, {"ext": "srt", "url": "https://www.youtube.com/api/timedtext?v=gqAmIg0fcts&ei=T32DaNr0O9zXsfIP_qmmyAk&caps=asr&opi=112496729&xoaf=5&xospf=1&hl=en&ip=0.0.0.0&ipbits=0&expire=1753472960&sparams=ip%2Cipbits%2Cexpire%2Cv%2Cei%2Ccaps%2Copi%2Cxoaf&signature=BF6AAB3D4430CACE152B9187312DC84373EE659D.A4720C5E9D32CB844611A6CC9D701A6F66CF4CEC&key=yt8&kind=asr&lang=en&variant=punctuated&tlang=lt&fmt=srt", "name": "Lithuanian", "impersonate": true, "__yt_dlp_client": "tv"}, {"ext": "vtt", "url": "https://www.youtube.com/api/timedtext?v=gqAmIg0fcts&ei=T32DaNr0O9zXsfIP_qmmyAk&caps=asr&opi=112496729&xoaf=5&xospf=1&hl=en&ip=0.0.0.0&ipbits=0&expire=1753472960&sparams=ip%2Cipbits%2Cexpire%2Cv%2Cei%2Ccaps%2Copi%2Cxoaf&signature=BF6AAB3D4430CACE152B9187312DC84373EE659D.A4720C5E9D32CB844611A6CC9D701A6F66CF4CEC&key=yt8&kind=asr&lang=en&variant=punctuated&tlang=lt&fmt=vtt", "name": "Lithuanian", "impersonate": true, "__yt_dlp_client": "tv"}], "lua": [{"ext": "json3", "url": "https://www.youtube.com/api/timedtext?v=gqAmIg0fcts&ei=T32DaNr0O9zXsfIP_qmmyAk&caps=asr&opi=112496729&xoaf=5&xospf=1&hl=en&ip=0.0.0.0&ipbits=0&expire=1753472960&sparams=ip%2Cipbits%2Cexpire%2Cv%2Cei%2Ccaps%2Copi%2Cxoaf&signature=BF6AAB3D4430CACE152B9187312DC84373EE659D.A4720C5E9D32CB844611A6CC9D701A6F66CF4CEC&key=yt8&kind=asr&lang=en&variant=punctuated&tlang=lua&fmt=json3", "name": "Luba-Lulua", "impersonate": true, "__yt_dlp_client": "tv"}, {"ext": "srv1", "url": "https://www.youtube.com/api/timedtext?v=gqAmIg0fcts&ei=T32DaNr0O9zXsfIP_qmmyAk&caps=asr&opi=112496729&xoaf=5&xospf=1&hl=en&ip=0.0.0.0&ipbits=0&expire=1753472960&sparams=ip%2Cipbits%2Cexpire%2Cv%2Cei%2Ccaps%2Copi%2Cxoaf&signature=BF6AAB3D4430CACE152B9187312DC84373EE659D.A4720C5E9D32CB844611A6CC9D701A6F66CF4CEC&key=yt8&kind=asr&lang=en&variant=punctuated&tlang=lua&fmt=srv1", "name": "Luba-Lulua", "impersonate": true, "__yt_dlp_client": "tv"}, {"ext": "srv2", "url": "https://www.youtube.com/api/timedtext?v=gqAmIg0fcts&ei=T32DaNr0O9zXsfIP_qmmyAk&caps=asr&opi=112496729&xoaf=5&xospf=1&hl=en&ip=0.0.0.0&ipbits=0&expire=1753472960&sparams=ip%2Cipbits%2Cexpire%2Cv%2Cei%2Ccaps%2Copi%2Cxoaf&signature=BF6AAB3D4430CACE152B9187312DC84373EE659D.A4720C5E9D32CB844611A6CC9D701A6F66CF4CEC&key=yt8&kind=asr&lang=en&variant=punctuated&tlang=lua&fmt=srv2", "name": "Luba-Lulua", "impersonate": true, "__yt_dlp_client": "tv"}, {"ext": "srv3", "url": "https://www.youtube.com/api/timedtext?v=gqAmIg0fcts&ei=T32DaNr0O9zXsfIP_qmmyAk&caps=asr&opi=112496729&xoaf=5&xospf=1&hl=en&ip=0.0.0.0&ipbits=0&expire=1753472960&sparams=ip%2Cipbits%2Cexpire%2Cv%2Cei%2Ccaps%2Copi%2Cxoaf&signature=BF6AAB3D4430CACE152B9187312DC84373EE659D.A4720C5E9D32CB844611A6CC9D701A6F66CF4CEC&key=yt8&kind=asr&lang=en&variant=punctuated&tlang=lua&fmt=srv3", "name": "Luba-Lulua", "impersonate": true, "__yt_dlp_client": "tv"}, {"ext": "ttml", "url": "https://www.youtube.com/api/timedtext?v=gqAmIg0fcts&ei=T32DaNr0O9zXsfIP_qmmyAk&caps=asr&opi=112496729&xoaf=5&xospf=1&hl=en&ip=0.0.0.0&ipbits=0&expire=1753472960&sparams=ip%2Cipbits%2Cexpire%2Cv%2Cei%2Ccaps%2Copi%2Cxoaf&signature=BF6AAB3D4430CACE152B9187312DC84373EE659D.A4720C5E9D32CB844611A6CC9D701A6F66CF4CEC&key=yt8&kind=asr&lang=en&variant=punctuated&tlang=lua&fmt=ttml", "name": "Luba-Lulua", "impersonate": true, "__yt_dlp_client": "tv"}, {"ext": "srt", "url": "https://www.youtube.com/api/timedtext?v=gqAmIg0fcts&ei=T32DaNr0O9zXsfIP_qmmyAk&caps=asr&opi=112496729&xoaf=5&xospf=1&hl=en&ip=0.0.0.0&ipbits=0&expire=1753472960&sparams=ip%2Cipbits%2Cexpire%2Cv%2Cei%2Ccaps%2Copi%2Cxoaf&signature=BF6AAB3D4430CACE152B9187312DC84373EE659D.A4720C5E9D32CB844611A6CC9D701A6F66CF4CEC&key=yt8&kind=asr&lang=en&variant=punctuated&tlang=lua&fmt=srt", "name": "Luba-Lulua", "impersonate": true, "__yt_dlp_client": "tv"}, {"ext": "vtt", "url": "https://www.youtube.com/api/timedtext?v=gqAmIg0fcts&ei=T32DaNr0O9zXsfIP_qmmyAk&caps=asr&opi=112496729&xoaf=5&xospf=1&hl=en&ip=0.0.0.0&ipbits=0&expire=1753472960&sparams=ip%2Cipbits%2Cexpire%2Cv%2Cei%2Ccaps%2Copi%2Cxoaf&signature=BF6AAB3D4430CACE152B9187312DC84373EE659D.A4720C5E9D32CB844611A6CC9D701A6F66CF4CEC&key=yt8&kind=asr&lang=en&variant=punctuated&tlang=lua&fmt=vtt", "name": "Luba-Lulua", "impersonate": true, "__yt_dlp_client": "tv"}], "luo": [{"ext": "json3", "url": "https://www.youtube.com/api/timedtext?v=gqAmIg0fcts&ei=T32DaNr0O9zXsfIP_qmmyAk&caps=asr&opi=112496729&xoaf=5&xospf=1&hl=en&ip=0.0.0.0&ipbits=0&expire=1753472960&sparams=ip%2Cipbits%2Cexpire%2Cv%2Cei%2Ccaps%2Copi%2Cxoaf&signature=BF6AAB3D4430CACE152B9187312DC84373EE659D.A4720C5E9D32CB844611A6CC9D701A6F66CF4CEC&key=yt8&kind=asr&lang=en&variant=punctuated&tlang=luo&fmt=json3", "name": "Luo", "impersonate": true, "__yt_dlp_client": "tv"}, {"ext": "srv1", "url": "https://www.youtube.com/api/timedtext?v=gqAmIg0fcts&ei=T32DaNr0O9zXsfIP_qmmyAk&caps=asr&opi=112496729&xoaf=5&xospf=1&hl=en&ip=0.0.0.0&ipbits=0&expire=1753472960&sparams=ip%2Cipbits%2Cexpire%2Cv%2Cei%2Ccaps%2Copi%2Cxoaf&signature=BF6AAB3D4430CACE152B9187312DC84373EE659D.A4720C5E9D32CB844611A6CC9D701A6F66CF4CEC&key=yt8&kind=asr&lang=en&variant=punctuated&tlang=luo&fmt=srv1", "name": "Luo", "impersonate": true, "__yt_dlp_client": "tv"}, {"ext": "srv2", "url": "https://www.youtube.com/api/timedtext?v=gqAmIg0fcts&ei=T32DaNr0O9zXsfIP_qmmyAk&caps=asr&opi=112496729&xoaf=5&xospf=1&hl=en&ip=0.0.0.0&ipbits=0&expire=1753472960&sparams=ip%2Cipbits%2Cexpire%2Cv%2Cei%2Ccaps%2Copi%2Cxoaf&signature=BF6AAB3D4430CACE152B9187312DC84373EE659D.A4720C5E9D32CB844611A6CC9D701A6F66CF4CEC&key=yt8&kind=asr&lang=en&variant=punctuated&tlang=luo&fmt=srv2", "name": "Luo", "impersonate": true, "__yt_dlp_client": "tv"}, {"ext": "srv3", "url": "https://www.youtube.com/api/timedtext?v=gqAmIg0fcts&ei=T32DaNr0O9zXsfIP_qmmyAk&caps=asr&opi=112496729&xoaf=5&xospf=1&hl=en&ip=0.0.0.0&ipbits=0&expire=1753472960&sparams=ip%2Cipbits%2Cexpire%2Cv%2Cei%2Ccaps%2Copi%2Cxoaf&signature=BF6AAB3D4430CACE152B9187312DC84373EE659D.A4720C5E9D32CB844611A6CC9D701A6F66CF4CEC&key=yt8&kind=asr&lang=en&variant=punctuated&tlang=luo&fmt=srv3", "name": "Luo", "impersonate": true, "__yt_dlp_client": "tv"}, {"ext": "ttml", "url": "https://www.youtube.com/api/timedtext?v=gqAmIg0fcts&ei=T32DaNr0O9zXsfIP_qmmyAk&caps=asr&opi=112496729&xoaf=5&xospf=1&hl=en&ip=0.0.0.0&ipbits=0&expire=1753472960&sparams=ip%2Cipbits%2Cexpire%2Cv%2Cei%2Ccaps%2Copi%2Cxoaf&signature=BF6AAB3D4430CACE152B9187312DC84373EE659D.A4720C5E9D32CB844611A6CC9D701A6F66CF4CEC&key=yt8&kind=asr&lang=en&variant=punctuated&tlang=luo&fmt=ttml", "name": "Luo", "impersonate": true, "__yt_dlp_client": "tv"}, {"ext": "srt", "url": "https://www.youtube.com/api/timedtext?v=gqAmIg0fcts&ei=T32DaNr0O9zXsfIP_qmmyAk&caps=asr&opi=112496729&xoaf=5&xospf=1&hl=en&ip=0.0.0.0&ipbits=0&expire=1753472960&sparams=ip%2Cipbits%2Cexpire%2Cv%2Cei%2Ccaps%2Copi%2Cxoaf&signature=BF6AAB3D4430CACE152B9187312DC84373EE659D.A4720C5E9D32CB844611A6CC9D701A6F66CF4CEC&key=yt8&kind=asr&lang=en&variant=punctuated&tlang=luo&fmt=srt", "name": "Luo", "impersonate": true, "__yt_dlp_client": "tv"}, {"ext": "vtt", "url": "https://www.youtube.com/api/timedtext?v=gqAmIg0fcts&ei=T32DaNr0O9zXsfIP_qmmyAk&caps=asr&opi=112496729&xoaf=5&xospf=1&hl=en&ip=0.0.0.0&ipbits=0&expire=1753472960&sparams=ip%2Cipbits%2Cexpire%2Cv%2Cei%2Ccaps%2Copi%2Cxoaf&signature=BF6AAB3D4430CACE152B9187312DC84373EE659D.A4720C5E9D32CB844611A6CC9D701A6F66CF4CEC&key=yt8&kind=asr&lang=en&variant=punctuated&tlang=luo&fmt=vtt", "name": "Luo", "impersonate": true, "__yt_dlp_client": "tv"}], "lb": [{"ext": "json3", "url": "https://www.youtube.com/api/timedtext?v=gqAmIg0fcts&ei=T32DaNr0O9zXsfIP_qmmyAk&caps=asr&opi=112496729&xoaf=5&xospf=1&hl=en&ip=0.0.0.0&ipbits=0&expire=1753472960&sparams=ip%2Cipbits%2Cexpire%2Cv%2Cei%2Ccaps%2Copi%2Cxoaf&signature=BF6AAB3D4430CACE152B9187312DC84373EE659D.A4720C5E9D32CB844611A6CC9D701A6F66CF4CEC&key=yt8&kind=asr&lang=en&variant=punctuated&tlang=lb&fmt=json3", "name": "Luxembourgish", "impersonate": true, "__yt_dlp_client": "tv"}, {"ext": "srv1", "url": "https://www.youtube.com/api/timedtext?v=gqAmIg0fcts&ei=T32DaNr0O9zXsfIP_qmmyAk&caps=asr&opi=112496729&xoaf=5&xospf=1&hl=en&ip=0.0.0.0&ipbits=0&expire=1753472960&sparams=ip%2Cipbits%2Cexpire%2Cv%2Cei%2Ccaps%2Copi%2Cxoaf&signature=BF6AAB3D4430CACE152B9187312DC84373EE659D.A4720C5E9D32CB844611A6CC9D701A6F66CF4CEC&key=yt8&kind=asr&lang=en&variant=punctuated&tlang=lb&fmt=srv1", "name": "Luxembourgish", "impersonate": true, "__yt_dlp_client": "tv"}, {"ext": "srv2", "url": "https://www.youtube.com/api/timedtext?v=gqAmIg0fcts&ei=T32DaNr0O9zXsfIP_qmmyAk&caps=asr&opi=112496729&xoaf=5&xospf=1&hl=en&ip=0.0.0.0&ipbits=0&expire=1753472960&sparams=ip%2Cipbits%2Cexpire%2Cv%2Cei%2Ccaps%2Copi%2Cxoaf&signature=BF6AAB3D4430CACE152B9187312DC84373EE659D.A4720C5E9D32CB844611A6CC9D701A6F66CF4CEC&key=yt8&kind=asr&lang=en&variant=punctuated&tlang=lb&fmt=srv2", "name": "Luxembourgish", "impersonate": true, "__yt_dlp_client": "tv"}, {"ext": "srv3", "url": "https://www.youtube.com/api/timedtext?v=gqAmIg0fcts&ei=T32DaNr0O9zXsfIP_qmmyAk&caps=asr&opi=112496729&xoaf=5&xospf=1&hl=en&ip=0.0.0.0&ipbits=0&expire=1753472960&sparams=ip%2Cipbits%2Cexpire%2Cv%2Cei%2Ccaps%2Copi%2Cxoaf&signature=BF6AAB3D4430CACE152B9187312DC84373EE659D.A4720C5E9D32CB844611A6CC9D701A6F66CF4CEC&key=yt8&kind=asr&lang=en&variant=punctuated&tlang=lb&fmt=srv3", "name": "Luxembourgish", "impersonate": true, "__yt_dlp_client": "tv"}, {"ext": "ttml", "url": "https://www.youtube.com/api/timedtext?v=gqAmIg0fcts&ei=T32DaNr0O9zXsfIP_qmmyAk&caps=asr&opi=112496729&xoaf=5&xospf=1&hl=en&ip=0.0.0.0&ipbits=0&expire=1753472960&sparams=ip%2Cipbits%2Cexpire%2Cv%2Cei%2Ccaps%2Copi%2Cxoaf&signature=BF6AAB3D4430CACE152B9187312DC84373EE659D.A4720C5E9D32CB844611A6CC9D701A6F66CF4CEC&key=yt8&kind=asr&lang=en&variant=punctuated&tlang=lb&fmt=ttml", "name": "Luxembourgish", "impersonate": true, "__yt_dlp_client": "tv"}, {"ext": "srt", "url": "https://www.youtube.com/api/timedtext?v=gqAmIg0fcts&ei=T32DaNr0O9zXsfIP_qmmyAk&caps=asr&opi=112496729&xoaf=5&xospf=1&hl=en&ip=0.0.0.0&ipbits=0&expire=1753472960&sparams=ip%2Cipbits%2Cexpire%2Cv%2Cei%2Ccaps%2Copi%2Cxoaf&signature=BF6AAB3D4430CACE152B9187312DC84373EE659D.A4720C5E9D32CB844611A6CC9D701A6F66CF4CEC&key=yt8&kind=asr&lang=en&variant=punctuated&tlang=lb&fmt=srt", "name": "Luxembourgish", "impersonate": true, "__yt_dlp_client": "tv"}, {"ext": "vtt", "url": "https://www.youtube.com/api/timedtext?v=gqAmIg0fcts&ei=T32DaNr0O9zXsfIP_qmmyAk&caps=asr&opi=112496729&xoaf=5&xospf=1&hl=en&ip=0.0.0.0&ipbits=0&expire=1753472960&sparams=ip%2Cipbits%2Cexpire%2Cv%2Cei%2Ccaps%2Copi%2Cxoaf&signature=BF6AAB3D4430CACE152B9187312DC84373EE659D.A4720C5E9D32CB844611A6CC9D701A6F66CF4CEC&key=yt8&kind=asr&lang=en&variant=punctuated&tlang=lb&fmt=vtt", "name": "Luxembourgish", "impersonate": true, "__yt_dlp_client": "tv"}], "mk": [{"ext": "json3", "url": "https://www.youtube.com/api/timedtext?v=gqAmIg0fcts&ei=T32DaNr0O9zXsfIP_qmmyAk&caps=asr&opi=112496729&xoaf=5&xospf=1&hl=en&ip=0.0.0.0&ipbits=0&expire=1753472960&sparams=ip%2Cipbits%2Cexpire%2Cv%2Cei%2Ccaps%2Copi%2Cxoaf&signature=BF6AAB3D4430CACE152B9187312DC84373EE659D.A4720C5E9D32CB844611A6CC9D701A6F66CF4CEC&key=yt8&kind=asr&lang=en&variant=punctuated&tlang=mk&fmt=json3", "name": "Macedonian", "impersonate": true, "__yt_dlp_client": "tv"}, {"ext": "srv1", "url": "https://www.youtube.com/api/timedtext?v=gqAmIg0fcts&ei=T32DaNr0O9zXsfIP_qmmyAk&caps=asr&opi=112496729&xoaf=5&xospf=1&hl=en&ip=0.0.0.0&ipbits=0&expire=1753472960&sparams=ip%2Cipbits%2Cexpire%2Cv%2Cei%2Ccaps%2Copi%2Cxoaf&signature=BF6AAB3D4430CACE152B9187312DC84373EE659D.A4720C5E9D32CB844611A6CC9D701A6F66CF4CEC&key=yt8&kind=asr&lang=en&variant=punctuated&tlang=mk&fmt=srv1", "name": "Macedonian", "impersonate": true, "__yt_dlp_client": "tv"}, {"ext": "srv2", "url": "https://www.youtube.com/api/timedtext?v=gqAmIg0fcts&ei=T32DaNr0O9zXsfIP_qmmyAk&caps=asr&opi=112496729&xoaf=5&xospf=1&hl=en&ip=0.0.0.0&ipbits=0&expire=1753472960&sparams=ip%2Cipbits%2Cexpire%2Cv%2Cei%2Ccaps%2Copi%2Cxoaf&signature=BF6AAB3D4430CACE152B9187312DC84373EE659D.A4720C5E9D32CB844611A6CC9D701A6F66CF4CEC&key=yt8&kind=asr&lang=en&variant=punctuated&tlang=mk&fmt=srv2", "name": "Macedonian", "impersonate": true, "__yt_dlp_client": "tv"}, {"ext": "srv3", "url": "https://www.youtube.com/api/timedtext?v=gqAmIg0fcts&ei=T32DaNr0O9zXsfIP_qmmyAk&caps=asr&opi=112496729&xoaf=5&xospf=1&hl=en&ip=0.0.0.0&ipbits=0&expire=1753472960&sparams=ip%2Cipbits%2Cexpire%2Cv%2Cei%2Ccaps%2Copi%2Cxoaf&signature=BF6AAB3D4430CACE152B9187312DC84373EE659D.A4720C5E9D32CB844611A6CC9D701A6F66CF4CEC&key=yt8&kind=asr&lang=en&variant=punctuated&tlang=mk&fmt=srv3", "name": "Macedonian", "impersonate": true, "__yt_dlp_client": "tv"}, {"ext": "ttml", "url": "https://www.youtube.com/api/timedtext?v=gqAmIg0fcts&ei=T32DaNr0O9zXsfIP_qmmyAk&caps=asr&opi=112496729&xoaf=5&xospf=1&hl=en&ip=0.0.0.0&ipbits=0&expire=1753472960&sparams=ip%2Cipbits%2Cexpire%2Cv%2Cei%2Ccaps%2Copi%2Cxoaf&signature=BF6AAB3D4430CACE152B9187312DC84373EE659D.A4720C5E9D32CB844611A6CC9D701A6F66CF4CEC&key=yt8&kind=asr&lang=en&variant=punctuated&tlang=mk&fmt=ttml", "name": "Macedonian", "impersonate": true, "__yt_dlp_client": "tv"}, {"ext": "srt", "url": "https://www.youtube.com/api/timedtext?v=gqAmIg0fcts&ei=T32DaNr0O9zXsfIP_qmmyAk&caps=asr&opi=112496729&xoaf=5&xospf=1&hl=en&ip=0.0.0.0&ipbits=0&expire=1753472960&sparams=ip%2Cipbits%2Cexpire%2Cv%2Cei%2Ccaps%2Copi%2Cxoaf&signature=BF6AAB3D4430CACE152B9187312DC84373EE659D.A4720C5E9D32CB844611A6CC9D701A6F66CF4CEC&key=yt8&kind=asr&lang=en&variant=punctuated&tlang=mk&fmt=srt", "name": "Macedonian", "impersonate": true, "__yt_dlp_client": "tv"}, {"ext": "vtt", "url": "https://www.youtube.com/api/timedtext?v=gqAmIg0fcts&ei=T32DaNr0O9zXsfIP_qmmyAk&caps=asr&opi=112496729&xoaf=5&xospf=1&hl=en&ip=0.0.0.0&ipbits=0&expire=1753472960&sparams=ip%2Cipbits%2Cexpire%2Cv%2Cei%2Ccaps%2Copi%2Cxoaf&signature=BF6AAB3D4430CACE152B9187312DC84373EE659D.A4720C5E9D32CB844611A6CC9D701A6F66CF4CEC&key=yt8&kind=asr&lang=en&variant=punctuated&tlang=mk&fmt=vtt", "name": "Macedonian", "impersonate": true, "__yt_dlp_client": "tv"}], "mg": [{"ext": "json3", "url": "https://www.youtube.com/api/timedtext?v=gqAmIg0fcts&ei=T32DaNr0O9zXsfIP_qmmyAk&caps=asr&opi=112496729&xoaf=5&xospf=1&hl=en&ip=0.0.0.0&ipbits=0&expire=1753472960&sparams=ip%2Cipbits%2Cexpire%2Cv%2Cei%2Ccaps%2Copi%2Cxoaf&signature=BF6AAB3D4430CACE152B9187312DC84373EE659D.A4720C5E9D32CB844611A6CC9D701A6F66CF4CEC&key=yt8&kind=asr&lang=en&variant=punctuated&tlang=mg&fmt=json3", "name": "Malagasy", "impersonate": true, "__yt_dlp_client": "tv"}, {"ext": "srv1", "url": "https://www.youtube.com/api/timedtext?v=gqAmIg0fcts&ei=T32DaNr0O9zXsfIP_qmmyAk&caps=asr&opi=112496729&xoaf=5&xospf=1&hl=en&ip=0.0.0.0&ipbits=0&expire=1753472960&sparams=ip%2Cipbits%2Cexpire%2Cv%2Cei%2Ccaps%2Copi%2Cxoaf&signature=BF6AAB3D4430CACE152B9187312DC84373EE659D.A4720C5E9D32CB844611A6CC9D701A6F66CF4CEC&key=yt8&kind=asr&lang=en&variant=punctuated&tlang=mg&fmt=srv1", "name": "Malagasy", "impersonate": true, "__yt_dlp_client": "tv"}, {"ext": "srv2", "url": "https://www.youtube.com/api/timedtext?v=gqAmIg0fcts&ei=T32DaNr0O9zXsfIP_qmmyAk&caps=asr&opi=112496729&xoaf=5&xospf=1&hl=en&ip=0.0.0.0&ipbits=0&expire=1753472960&sparams=ip%2Cipbits%2Cexpire%2Cv%2Cei%2Ccaps%2Copi%2Cxoaf&signature=BF6AAB3D4430CACE152B9187312DC84373EE659D.A4720C5E9D32CB844611A6CC9D701A6F66CF4CEC&key=yt8&kind=asr&lang=en&variant=punctuated&tlang=mg&fmt=srv2", "name": "Malagasy", "impersonate": true, "__yt_dlp_client": "tv"}, {"ext": "srv3", "url": "https://www.youtube.com/api/timedtext?v=gqAmIg0fcts&ei=T32DaNr0O9zXsfIP_qmmyAk&caps=asr&opi=112496729&xoaf=5&xospf=1&hl=en&ip=0.0.0.0&ipbits=0&expire=1753472960&sparams=ip%2Cipbits%2Cexpire%2Cv%2Cei%2Ccaps%2Copi%2Cxoaf&signature=BF6AAB3D4430CACE152B9187312DC84373EE659D.A4720C5E9D32CB844611A6CC9D701A6F66CF4CEC&key=yt8&kind=asr&lang=en&variant=punctuated&tlang=mg&fmt=srv3", "name": "Malagasy", "impersonate": true, "__yt_dlp_client": "tv"}, {"ext": "ttml", "url": "https://www.youtube.com/api/timedtext?v=gqAmIg0fcts&ei=T32DaNr0O9zXsfIP_qmmyAk&caps=asr&opi=112496729&xoaf=5&xospf=1&hl=en&ip=0.0.0.0&ipbits=0&expire=1753472960&sparams=ip%2Cipbits%2Cexpire%2Cv%2Cei%2Ccaps%2Copi%2Cxoaf&signature=BF6AAB3D4430CACE152B9187312DC84373EE659D.A4720C5E9D32CB844611A6CC9D701A6F66CF4CEC&key=yt8&kind=asr&lang=en&variant=punctuated&tlang=mg&fmt=ttml", "name": "Malagasy", "impersonate": true, "__yt_dlp_client": "tv"}, {"ext": "srt", "url": "https://www.youtube.com/api/timedtext?v=gqAmIg0fcts&ei=T32DaNr0O9zXsfIP_qmmyAk&caps=asr&opi=112496729&xoaf=5&xospf=1&hl=en&ip=0.0.0.0&ipbits=0&expire=1753472960&sparams=ip%2Cipbits%2Cexpire%2Cv%2Cei%2Ccaps%2Copi%2Cxoaf&signature=BF6AAB3D4430CACE152B9187312DC84373EE659D.A4720C5E9D32CB844611A6CC9D701A6F66CF4CEC&key=yt8&kind=asr&lang=en&variant=punctuated&tlang=mg&fmt=srt", "name": "Malagasy", "impersonate": true, "__yt_dlp_client": "tv"}, {"ext": "vtt", "url": "https://www.youtube.com/api/timedtext?v=gqAmIg0fcts&ei=T32DaNr0O9zXsfIP_qmmyAk&caps=asr&opi=112496729&xoaf=5&xospf=1&hl=en&ip=0.0.0.0&ipbits=0&expire=1753472960&sparams=ip%2Cipbits%2Cexpire%2Cv%2Cei%2Ccaps%2Copi%2Cxoaf&signature=BF6AAB3D4430CACE152B9187312DC84373EE659D.A4720C5E9D32CB844611A6CC9D701A6F66CF4CEC&key=yt8&kind=asr&lang=en&variant=punctuated&tlang=mg&fmt=vtt", "name": "Malagasy", "impersonate": true, "__yt_dlp_client": "tv"}], "ms": [{"ext": "json3", "url": "https://www.youtube.com/api/timedtext?v=gqAmIg0fcts&ei=T32DaNr0O9zXsfIP_qmmyAk&caps=asr&opi=112496729&xoaf=5&xospf=1&hl=en&ip=0.0.0.0&ipbits=0&expire=1753472960&sparams=ip%2Cipbits%2Cexpire%2Cv%2Cei%2Ccaps%2Copi%2Cxoaf&signature=BF6AAB3D4430CACE152B9187312DC84373EE659D.A4720C5E9D32CB844611A6CC9D701A6F66CF4CEC&key=yt8&kind=asr&lang=en&variant=punctuated&tlang=ms&fmt=json3", "name": "Malay", "impersonate": true, "__yt_dlp_client": "tv"}, {"ext": "srv1", "url": "https://www.youtube.com/api/timedtext?v=gqAmIg0fcts&ei=T32DaNr0O9zXsfIP_qmmyAk&caps=asr&opi=112496729&xoaf=5&xospf=1&hl=en&ip=0.0.0.0&ipbits=0&expire=1753472960&sparams=ip%2Cipbits%2Cexpire%2Cv%2Cei%2Ccaps%2Copi%2Cxoaf&signature=BF6AAB3D4430CACE152B9187312DC84373EE659D.A4720C5E9D32CB844611A6CC9D701A6F66CF4CEC&key=yt8&kind=asr&lang=en&variant=punctuated&tlang=ms&fmt=srv1", "name": "Malay", "impersonate": true, "__yt_dlp_client": "tv"}, {"ext": "srv2", "url": "https://www.youtube.com/api/timedtext?v=gqAmIg0fcts&ei=T32DaNr0O9zXsfIP_qmmyAk&caps=asr&opi=112496729&xoaf=5&xospf=1&hl=en&ip=0.0.0.0&ipbits=0&expire=1753472960&sparams=ip%2Cipbits%2Cexpire%2Cv%2Cei%2Ccaps%2Copi%2Cxoaf&signature=BF6AAB3D4430CACE152B9187312DC84373EE659D.A4720C5E9D32CB844611A6CC9D701A6F66CF4CEC&key=yt8&kind=asr&lang=en&variant=punctuated&tlang=ms&fmt=srv2", "name": "Malay", "impersonate": true, "__yt_dlp_client": "tv"}, {"ext": "srv3", "url": "https://www.youtube.com/api/timedtext?v=gqAmIg0fcts&ei=T32DaNr0O9zXsfIP_qmmyAk&caps=asr&opi=112496729&xoaf=5&xospf=1&hl=en&ip=0.0.0.0&ipbits=0&expire=1753472960&sparams=ip%2Cipbits%2Cexpire%2Cv%2Cei%2Ccaps%2Copi%2Cxoaf&signature=BF6AAB3D4430CACE152B9187312DC84373EE659D.A4720C5E9D32CB844611A6CC9D701A6F66CF4CEC&key=yt8&kind=asr&lang=en&variant=punctuated&tlang=ms&fmt=srv3", "name": "Malay", "impersonate": true, "__yt_dlp_client": "tv"}, {"ext": "ttml", "url": "https://www.youtube.com/api/timedtext?v=gqAmIg0fcts&ei=T32DaNr0O9zXsfIP_qmmyAk&caps=asr&opi=112496729&xoaf=5&xospf=1&hl=en&ip=0.0.0.0&ipbits=0&expire=1753472960&sparams=ip%2Cipbits%2Cexpire%2Cv%2Cei%2Ccaps%2Copi%2Cxoaf&signature=BF6AAB3D4430CACE152B9187312DC84373EE659D.A4720C5E9D32CB844611A6CC9D701A6F66CF4CEC&key=yt8&kind=asr&lang=en&variant=punctuated&tlang=ms&fmt=ttml", "name": "Malay", "impersonate": true, "__yt_dlp_client": "tv"}, {"ext": "srt", "url": "https://www.youtube.com/api/timedtext?v=gqAmIg0fcts&ei=T32DaNr0O9zXsfIP_qmmyAk&caps=asr&opi=112496729&xoaf=5&xospf=1&hl=en&ip=0.0.0.0&ipbits=0&expire=1753472960&sparams=ip%2Cipbits%2Cexpire%2Cv%2Cei%2Ccaps%2Copi%2Cxoaf&signature=BF6AAB3D4430CACE152B9187312DC84373EE659D.A4720C5E9D32CB844611A6CC9D701A6F66CF4CEC&key=yt8&kind=asr&lang=en&variant=punctuated&tlang=ms&fmt=srt", "name": "Malay", "impersonate": true, "__yt_dlp_client": "tv"}, {"ext": "vtt", "url": "https://www.youtube.com/api/timedtext?v=gqAmIg0fcts&ei=T32DaNr0O9zXsfIP_qmmyAk&caps=asr&opi=112496729&xoaf=5&xospf=1&hl=en&ip=0.0.0.0&ipbits=0&expire=1753472960&sparams=ip%2Cipbits%2Cexpire%2Cv%2Cei%2Ccaps%2Copi%2Cxoaf&signature=BF6AAB3D4430CACE152B9187312DC84373EE659D.A4720C5E9D32CB844611A6CC9D701A6F66CF4CEC&key=yt8&kind=asr&lang=en&variant=punctuated&tlang=ms&fmt=vtt", "name": "Malay", "impersonate": true, "__yt_dlp_client": "tv"}], "ml": [{"ext": "json3", "url": "https://www.youtube.com/api/timedtext?v=gqAmIg0fcts&ei=T32DaNr0O9zXsfIP_qmmyAk&caps=asr&opi=112496729&xoaf=5&xospf=1&hl=en&ip=0.0.0.0&ipbits=0&expire=1753472960&sparams=ip%2Cipbits%2Cexpire%2Cv%2Cei%2Ccaps%2Copi%2Cxoaf&signature=BF6AAB3D4430CACE152B9187312DC84373EE659D.A4720C5E9D32CB844611A6CC9D701A6F66CF4CEC&key=yt8&kind=asr&lang=en&variant=punctuated&tlang=ml&fmt=json3", "name": "Malayalam", "impersonate": true, "__yt_dlp_client": "tv"}, {"ext": "srv1", "url": "https://www.youtube.com/api/timedtext?v=gqAmIg0fcts&ei=T32DaNr0O9zXsfIP_qmmyAk&caps=asr&opi=112496729&xoaf=5&xospf=1&hl=en&ip=0.0.0.0&ipbits=0&expire=1753472960&sparams=ip%2Cipbits%2Cexpire%2Cv%2Cei%2Ccaps%2Copi%2Cxoaf&signature=BF6AAB3D4430CACE152B9187312DC84373EE659D.A4720C5E9D32CB844611A6CC9D701A6F66CF4CEC&key=yt8&kind=asr&lang=en&variant=punctuated&tlang=ml&fmt=srv1", "name": "Malayalam", "impersonate": true, "__yt_dlp_client": "tv"}, {"ext": "srv2", "url": "https://www.youtube.com/api/timedtext?v=gqAmIg0fcts&ei=T32DaNr0O9zXsfIP_qmmyAk&caps=asr&opi=112496729&xoaf=5&xospf=1&hl=en&ip=0.0.0.0&ipbits=0&expire=1753472960&sparams=ip%2Cipbits%2Cexpire%2Cv%2Cei%2Ccaps%2Copi%2Cxoaf&signature=BF6AAB3D4430CACE152B9187312DC84373EE659D.A4720C5E9D32CB844611A6CC9D701A6F66CF4CEC&key=yt8&kind=asr&lang=en&variant=punctuated&tlang=ml&fmt=srv2", "name": "Malayalam", "impersonate": true, "__yt_dlp_client": "tv"}, {"ext": "srv3", "url": "https://www.youtube.com/api/timedtext?v=gqAmIg0fcts&ei=T32DaNr0O9zXsfIP_qmmyAk&caps=asr&opi=112496729&xoaf=5&xospf=1&hl=en&ip=0.0.0.0&ipbits=0&expire=1753472960&sparams=ip%2Cipbits%2Cexpire%2Cv%2Cei%2Ccaps%2Copi%2Cxoaf&signature=BF6AAB3D4430CACE152B9187312DC84373EE659D.A4720C5E9D32CB844611A6CC9D701A6F66CF4CEC&key=yt8&kind=asr&lang=en&variant=punctuated&tlang=ml&fmt=srv3", "name": "Malayalam", "impersonate": true, "__yt_dlp_client": "tv"}, {"ext": "ttml", "url": "https://www.youtube.com/api/timedtext?v=gqAmIg0fcts&ei=T32DaNr0O9zXsfIP_qmmyAk&caps=asr&opi=112496729&xoaf=5&xospf=1&hl=en&ip=0.0.0.0&ipbits=0&expire=1753472960&sparams=ip%2Cipbits%2Cexpire%2Cv%2Cei%2Ccaps%2Copi%2Cxoaf&signature=BF6AAB3D4430CACE152B9187312DC84373EE659D.A4720C5E9D32CB844611A6CC9D701A6F66CF4CEC&key=yt8&kind=asr&lang=en&variant=punctuated&tlang=ml&fmt=ttml", "name": "Malayalam", "impersonate": true, "__yt_dlp_client": "tv"}, {"ext": "srt", "url": "https://www.youtube.com/api/timedtext?v=gqAmIg0fcts&ei=T32DaNr0O9zXsfIP_qmmyAk&caps=asr&opi=112496729&xoaf=5&xospf=1&hl=en&ip=0.0.0.0&ipbits=0&expire=1753472960&sparams=ip%2Cipbits%2Cexpire%2Cv%2Cei%2Ccaps%2Copi%2Cxoaf&signature=BF6AAB3D4430CACE152B9187312DC84373EE659D.A4720C5E9D32CB844611A6CC9D701A6F66CF4CEC&key=yt8&kind=asr&lang=en&variant=punctuated&tlang=ml&fmt=srt", "name": "Malayalam", "impersonate": true, "__yt_dlp_client": "tv"}, {"ext": "vtt", "url": "https://www.youtube.com/api/timedtext?v=gqAmIg0fcts&ei=T32DaNr0O9zXsfIP_qmmyAk&caps=asr&opi=112496729&xoaf=5&xospf=1&hl=en&ip=0.0.0.0&ipbits=0&expire=1753472960&sparams=ip%2Cipbits%2Cexpire%2Cv%2Cei%2Ccaps%2Copi%2Cxoaf&signature=BF6AAB3D4430CACE152B9187312DC84373EE659D.A4720C5E9D32CB844611A6CC9D701A6F66CF4CEC&key=yt8&kind=asr&lang=en&variant=punctuated&tlang=ml&fmt=vtt", "name": "Malayalam", "impersonate": true, "__yt_dlp_client": "tv"}], "mt": [{"ext": "json3", "url": "https://www.youtube.com/api/timedtext?v=gqAmIg0fcts&ei=T32DaNr0O9zXsfIP_qmmyAk&caps=asr&opi=112496729&xoaf=5&xospf=1&hl=en&ip=0.0.0.0&ipbits=0&expire=1753472960&sparams=ip%2Cipbits%2Cexpire%2Cv%2Cei%2Ccaps%2Copi%2Cxoaf&signature=BF6AAB3D4430CACE152B9187312DC84373EE659D.A4720C5E9D32CB844611A6CC9D701A6F66CF4CEC&key=yt8&kind=asr&lang=en&variant=punctuated&tlang=mt&fmt=json3", "name": "Maltese", "impersonate": true, "__yt_dlp_client": "tv"}, {"ext": "srv1", "url": "https://www.youtube.com/api/timedtext?v=gqAmIg0fcts&ei=T32DaNr0O9zXsfIP_qmmyAk&caps=asr&opi=112496729&xoaf=5&xospf=1&hl=en&ip=0.0.0.0&ipbits=0&expire=1753472960&sparams=ip%2Cipbits%2Cexpire%2Cv%2Cei%2Ccaps%2Copi%2Cxoaf&signature=BF6AAB3D4430CACE152B9187312DC84373EE659D.A4720C5E9D32CB844611A6CC9D701A6F66CF4CEC&key=yt8&kind=asr&lang=en&variant=punctuated&tlang=mt&fmt=srv1", "name": "Maltese", "impersonate": true, "__yt_dlp_client": "tv"}, {"ext": "srv2", "url": "https://www.youtube.com/api/timedtext?v=gqAmIg0fcts&ei=T32DaNr0O9zXsfIP_qmmyAk&caps=asr&opi=112496729&xoaf=5&xospf=1&hl=en&ip=0.0.0.0&ipbits=0&expire=1753472960&sparams=ip%2Cipbits%2Cexpire%2Cv%2Cei%2Ccaps%2Copi%2Cxoaf&signature=BF6AAB3D4430CACE152B9187312DC84373EE659D.A4720C5E9D32CB844611A6CC9D701A6F66CF4CEC&key=yt8&kind=asr&lang=en&variant=punctuated&tlang=mt&fmt=srv2", "name": "Maltese", "impersonate": true, "__yt_dlp_client": "tv"}, {"ext": "srv3", "url": "https://www.youtube.com/api/timedtext?v=gqAmIg0fcts&ei=T32DaNr0O9zXsfIP_qmmyAk&caps=asr&opi=112496729&xoaf=5&xospf=1&hl=en&ip=0.0.0.0&ipbits=0&expire=1753472960&sparams=ip%2Cipbits%2Cexpire%2Cv%2Cei%2Ccaps%2Copi%2Cxoaf&signature=BF6AAB3D4430CACE152B9187312DC84373EE659D.A4720C5E9D32CB844611A6CC9D701A6F66CF4CEC&key=yt8&kind=asr&lang=en&variant=punctuated&tlang=mt&fmt=srv3", "name": "Maltese", "impersonate": true, "__yt_dlp_client": "tv"}, {"ext": "ttml", "url": "https://www.youtube.com/api/timedtext?v=gqAmIg0fcts&ei=T32DaNr0O9zXsfIP_qmmyAk&caps=asr&opi=112496729&xoaf=5&xospf=1&hl=en&ip=0.0.0.0&ipbits=0&expire=1753472960&sparams=ip%2Cipbits%2Cexpire%2Cv%2Cei%2Ccaps%2Copi%2Cxoaf&signature=BF6AAB3D4430CACE152B9187312DC84373EE659D.A4720C5E9D32CB844611A6CC9D701A6F66CF4CEC&key=yt8&kind=asr&lang=en&variant=punctuated&tlang=mt&fmt=ttml", "name": "Maltese", "impersonate": true, "__yt_dlp_client": "tv"}, {"ext": "srt", "url": "https://www.youtube.com/api/timedtext?v=gqAmIg0fcts&ei=T32DaNr0O9zXsfIP_qmmyAk&caps=asr&opi=112496729&xoaf=5&xospf=1&hl=en&ip=0.0.0.0&ipbits=0&expire=1753472960&sparams=ip%2Cipbits%2Cexpire%2Cv%2Cei%2Ccaps%2Copi%2Cxoaf&signature=BF6AAB3D4430CACE152B9187312DC84373EE659D.A4720C5E9D32CB844611A6CC9D701A6F66CF4CEC&key=yt8&kind=asr&lang=en&variant=punctuated&tlang=mt&fmt=srt", "name": "Maltese", "impersonate": true, "__yt_dlp_client": "tv"}, {"ext": "vtt", "url": "https://www.youtube.com/api/timedtext?v=gqAmIg0fcts&ei=T32DaNr0O9zXsfIP_qmmyAk&caps=asr&opi=112496729&xoaf=5&xospf=1&hl=en&ip=0.0.0.0&ipbits=0&expire=1753472960&sparams=ip%2Cipbits%2Cexpire%2Cv%2Cei%2Ccaps%2Copi%2Cxoaf&signature=BF6AAB3D4430CACE152B9187312DC84373EE659D.A4720C5E9D32CB844611A6CC9D701A6F66CF4CEC&key=yt8&kind=asr&lang=en&variant=punctuated&tlang=mt&fmt=vtt", "name": "Maltese", "impersonate": true, "__yt_dlp_client": "tv"}], "gv": [{"ext": "json3", "url": "https://www.youtube.com/api/timedtext?v=gqAmIg0fcts&ei=T32DaNr0O9zXsfIP_qmmyAk&caps=asr&opi=112496729&xoaf=5&xospf=1&hl=en&ip=0.0.0.0&ipbits=0&expire=1753472960&sparams=ip%2Cipbits%2Cexpire%2Cv%2Cei%2Ccaps%2Copi%2Cxoaf&signature=BF6AAB3D4430CACE152B9187312DC84373EE659D.A4720C5E9D32CB844611A6CC9D701A6F66CF4CEC&key=yt8&kind=asr&lang=en&variant=punctuated&tlang=gv&fmt=json3", "name": "Manx", "impersonate": true, "__yt_dlp_client": "tv"}, {"ext": "srv1", "url": "https://www.youtube.com/api/timedtext?v=gqAmIg0fcts&ei=T32DaNr0O9zXsfIP_qmmyAk&caps=asr&opi=112496729&xoaf=5&xospf=1&hl=en&ip=0.0.0.0&ipbits=0&expire=1753472960&sparams=ip%2Cipbits%2Cexpire%2Cv%2Cei%2Ccaps%2Copi%2Cxoaf&signature=BF6AAB3D4430CACE152B9187312DC84373EE659D.A4720C5E9D32CB844611A6CC9D701A6F66CF4CEC&key=yt8&kind=asr&lang=en&variant=punctuated&tlang=gv&fmt=srv1", "name": "Manx", "impersonate": true, "__yt_dlp_client": "tv"}, {"ext": "srv2", "url": "https://www.youtube.com/api/timedtext?v=gqAmIg0fcts&ei=T32DaNr0O9zXsfIP_qmmyAk&caps=asr&opi=112496729&xoaf=5&xospf=1&hl=en&ip=0.0.0.0&ipbits=0&expire=1753472960&sparams=ip%2Cipbits%2Cexpire%2Cv%2Cei%2Ccaps%2Copi%2Cxoaf&signature=BF6AAB3D4430CACE152B9187312DC84373EE659D.A4720C5E9D32CB844611A6CC9D701A6F66CF4CEC&key=yt8&kind=asr&lang=en&variant=punctuated&tlang=gv&fmt=srv2", "name": "Manx", "impersonate": true, "__yt_dlp_client": "tv"}, {"ext": "srv3", "url": "https://www.youtube.com/api/timedtext?v=gqAmIg0fcts&ei=T32DaNr0O9zXsfIP_qmmyAk&caps=asr&opi=112496729&xoaf=5&xospf=1&hl=en&ip=0.0.0.0&ipbits=0&expire=1753472960&sparams=ip%2Cipbits%2Cexpire%2Cv%2Cei%2Ccaps%2Copi%2Cxoaf&signature=BF6AAB3D4430CACE152B9187312DC84373EE659D.A4720C5E9D32CB844611A6CC9D701A6F66CF4CEC&key=yt8&kind=asr&lang=en&variant=punctuated&tlang=gv&fmt=srv3", "name": "Manx", "impersonate": true, "__yt_dlp_client": "tv"}, {"ext": "ttml", "url": "https://www.youtube.com/api/timedtext?v=gqAmIg0fcts&ei=T32DaNr0O9zXsfIP_qmmyAk&caps=asr&opi=112496729&xoaf=5&xospf=1&hl=en&ip=0.0.0.0&ipbits=0&expire=1753472960&sparams=ip%2Cipbits%2Cexpire%2Cv%2Cei%2Ccaps%2Copi%2Cxoaf&signature=BF6AAB3D4430CACE152B9187312DC84373EE659D.A4720C5E9D32CB844611A6CC9D701A6F66CF4CEC&key=yt8&kind=asr&lang=en&variant=punctuated&tlang=gv&fmt=ttml", "name": "Manx", "impersonate": true, "__yt_dlp_client": "tv"}, {"ext": "srt", "url": "https://www.youtube.com/api/timedtext?v=gqAmIg0fcts&ei=T32DaNr0O9zXsfIP_qmmyAk&caps=asr&opi=112496729&xoaf=5&xospf=1&hl=en&ip=0.0.0.0&ipbits=0&expire=1753472960&sparams=ip%2Cipbits%2Cexpire%2Cv%2Cei%2Ccaps%2Copi%2Cxoaf&signature=BF6AAB3D4430CACE152B9187312DC84373EE659D.A4720C5E9D32CB844611A6CC9D701A6F66CF4CEC&key=yt8&kind=asr&lang=en&variant=punctuated&tlang=gv&fmt=srt", "name": "Manx", "impersonate": true, "__yt_dlp_client": "tv"}, {"ext": "vtt", "url": "https://www.youtube.com/api/timedtext?v=gqAmIg0fcts&ei=T32DaNr0O9zXsfIP_qmmyAk&caps=asr&opi=112496729&xoaf=5&xospf=1&hl=en&ip=0.0.0.0&ipbits=0&expire=1753472960&sparams=ip%2Cipbits%2Cexpire%2Cv%2Cei%2Ccaps%2Copi%2Cxoaf&signature=BF6AAB3D4430CACE152B9187312DC84373EE659D.A4720C5E9D32CB844611A6CC9D701A6F66CF4CEC&key=yt8&kind=asr&lang=en&variant=punctuated&tlang=gv&fmt=vtt", "name": "Manx", "impersonate": true, "__yt_dlp_client": "tv"}], "mi": [{"ext": "json3", "url": "https://www.youtube.com/api/timedtext?v=gqAmIg0fcts&ei=T32DaNr0O9zXsfIP_qmmyAk&caps=asr&opi=112496729&xoaf=5&xospf=1&hl=en&ip=0.0.0.0&ipbits=0&expire=1753472960&sparams=ip%2Cipbits%2Cexpire%2Cv%2Cei%2Ccaps%2Copi%2Cxoaf&signature=BF6AAB3D4430CACE152B9187312DC84373EE659D.A4720C5E9D32CB844611A6CC9D701A6F66CF4CEC&key=yt8&kind=asr&lang=en&variant=punctuated&tlang=mi&fmt=json3", "name": "M\u0101ori", "impersonate": true, "__yt_dlp_client": "tv"}, {"ext": "srv1", "url": "https://www.youtube.com/api/timedtext?v=gqAmIg0fcts&ei=T32DaNr0O9zXsfIP_qmmyAk&caps=asr&opi=112496729&xoaf=5&xospf=1&hl=en&ip=0.0.0.0&ipbits=0&expire=1753472960&sparams=ip%2Cipbits%2Cexpire%2Cv%2Cei%2Ccaps%2Copi%2Cxoaf&signature=BF6AAB3D4430CACE152B9187312DC84373EE659D.A4720C5E9D32CB844611A6CC9D701A6F66CF4CEC&key=yt8&kind=asr&lang=en&variant=punctuated&tlang=mi&fmt=srv1", "name": "M\u0101ori", "impersonate": true, "__yt_dlp_client": "tv"}, {"ext": "srv2", "url": "https://www.youtube.com/api/timedtext?v=gqAmIg0fcts&ei=T32DaNr0O9zXsfIP_qmmyAk&caps=asr&opi=112496729&xoaf=5&xospf=1&hl=en&ip=0.0.0.0&ipbits=0&expire=1753472960&sparams=ip%2Cipbits%2Cexpire%2Cv%2Cei%2Ccaps%2Copi%2Cxoaf&signature=BF6AAB3D4430CACE152B9187312DC84373EE659D.A4720C5E9D32CB844611A6CC9D701A6F66CF4CEC&key=yt8&kind=asr&lang=en&variant=punctuated&tlang=mi&fmt=srv2", "name": "M\u0101ori", "impersonate": true, "__yt_dlp_client": "tv"}, {"ext": "srv3", "url": "https://www.youtube.com/api/timedtext?v=gqAmIg0fcts&ei=T32DaNr0O9zXsfIP_qmmyAk&caps=asr&opi=112496729&xoaf=5&xospf=1&hl=en&ip=0.0.0.0&ipbits=0&expire=1753472960&sparams=ip%2Cipbits%2Cexpire%2Cv%2Cei%2Ccaps%2Copi%2Cxoaf&signature=BF6AAB3D4430CACE152B9187312DC84373EE659D.A4720C5E9D32CB844611A6CC9D701A6F66CF4CEC&key=yt8&kind=asr&lang=en&variant=punctuated&tlang=mi&fmt=srv3", "name": "M\u0101ori", "impersonate": true, "__yt_dlp_client": "tv"}, {"ext": "ttml", "url": "https://www.youtube.com/api/timedtext?v=gqAmIg0fcts&ei=T32DaNr0O9zXsfIP_qmmyAk&caps=asr&opi=112496729&xoaf=5&xospf=1&hl=en&ip=0.0.0.0&ipbits=0&expire=1753472960&sparams=ip%2Cipbits%2Cexpire%2Cv%2Cei%2Ccaps%2Copi%2Cxoaf&signature=BF6AAB3D4430CACE152B9187312DC84373EE659D.A4720C5E9D32CB844611A6CC9D701A6F66CF4CEC&key=yt8&kind=asr&lang=en&variant=punctuated&tlang=mi&fmt=ttml", "name": "M\u0101ori", "impersonate": true, "__yt_dlp_client": "tv"}, {"ext": "srt", "url": "https://www.youtube.com/api/timedtext?v=gqAmIg0fcts&ei=T32DaNr0O9zXsfIP_qmmyAk&caps=asr&opi=112496729&xoaf=5&xospf=1&hl=en&ip=0.0.0.0&ipbits=0&expire=1753472960&sparams=ip%2Cipbits%2Cexpire%2Cv%2Cei%2Ccaps%2Copi%2Cxoaf&signature=BF6AAB3D4430CACE152B9187312DC84373EE659D.A4720C5E9D32CB844611A6CC9D701A6F66CF4CEC&key=yt8&kind=asr&lang=en&variant=punctuated&tlang=mi&fmt=srt", "name": "M\u0101ori", "impersonate": true, "__yt_dlp_client": "tv"}, {"ext": "vtt", "url": "https://www.youtube.com/api/timedtext?v=gqAmIg0fcts&ei=T32DaNr0O9zXsfIP_qmmyAk&caps=asr&opi=112496729&xoaf=5&xospf=1&hl=en&ip=0.0.0.0&ipbits=0&expire=1753472960&sparams=ip%2Cipbits%2Cexpire%2Cv%2Cei%2Ccaps%2Copi%2Cxoaf&signature=BF6AAB3D4430CACE152B9187312DC84373EE659D.A4720C5E9D32CB844611A6CC9D701A6F66CF4CEC&key=yt8&kind=asr&lang=en&variant=punctuated&tlang=mi&fmt=vtt", "name": "M\u0101ori", "impersonate": true, "__yt_dlp_client": "tv"}], "mr": [{"ext": "json3", "url": "https://www.youtube.com/api/timedtext?v=gqAmIg0fcts&ei=T32DaNr0O9zXsfIP_qmmyAk&caps=asr&opi=112496729&xoaf=5&xospf=1&hl=en&ip=0.0.0.0&ipbits=0&expire=1753472960&sparams=ip%2Cipbits%2Cexpire%2Cv%2Cei%2Ccaps%2Copi%2Cxoaf&signature=BF6AAB3D4430CACE152B9187312DC84373EE659D.A4720C5E9D32CB844611A6CC9D701A6F66CF4CEC&key=yt8&kind=asr&lang=en&variant=punctuated&tlang=mr&fmt=json3", "name": "Marathi", "impersonate": true, "__yt_dlp_client": "tv"}, {"ext": "srv1", "url": "https://www.youtube.com/api/timedtext?v=gqAmIg0fcts&ei=T32DaNr0O9zXsfIP_qmmyAk&caps=asr&opi=112496729&xoaf=5&xospf=1&hl=en&ip=0.0.0.0&ipbits=0&expire=1753472960&sparams=ip%2Cipbits%2Cexpire%2Cv%2Cei%2Ccaps%2Copi%2Cxoaf&signature=BF6AAB3D4430CACE152B9187312DC84373EE659D.A4720C5E9D32CB844611A6CC9D701A6F66CF4CEC&key=yt8&kind=asr&lang=en&variant=punctuated&tlang=mr&fmt=srv1", "name": "Marathi", "impersonate": true, "__yt_dlp_client": "tv"}, {"ext": "srv2", "url": "https://www.youtube.com/api/timedtext?v=gqAmIg0fcts&ei=T32DaNr0O9zXsfIP_qmmyAk&caps=asr&opi=112496729&xoaf=5&xospf=1&hl=en&ip=0.0.0.0&ipbits=0&expire=1753472960&sparams=ip%2Cipbits%2Cexpire%2Cv%2Cei%2Ccaps%2Copi%2Cxoaf&signature=BF6AAB3D4430CACE152B9187312DC84373EE659D.A4720C5E9D32CB844611A6CC9D701A6F66CF4CEC&key=yt8&kind=asr&lang=en&variant=punctuated&tlang=mr&fmt=srv2", "name": "Marathi", "impersonate": true, "__yt_dlp_client": "tv"}, {"ext": "srv3", "url": "https://www.youtube.com/api/timedtext?v=gqAmIg0fcts&ei=T32DaNr0O9zXsfIP_qmmyAk&caps=asr&opi=112496729&xoaf=5&xospf=1&hl=en&ip=0.0.0.0&ipbits=0&expire=1753472960&sparams=ip%2Cipbits%2Cexpire%2Cv%2Cei%2Ccaps%2Copi%2Cxoaf&signature=BF6AAB3D4430CACE152B9187312DC84373EE659D.A4720C5E9D32CB844611A6CC9D701A6F66CF4CEC&key=yt8&kind=asr&lang=en&variant=punctuated&tlang=mr&fmt=srv3", "name": "Marathi", "impersonate": true, "__yt_dlp_client": "tv"}, {"ext": "ttml", "url": "https://www.youtube.com/api/timedtext?v=gqAmIg0fcts&ei=T32DaNr0O9zXsfIP_qmmyAk&caps=asr&opi=112496729&xoaf=5&xospf=1&hl=en&ip=0.0.0.0&ipbits=0&expire=1753472960&sparams=ip%2Cipbits%2Cexpire%2Cv%2Cei%2Ccaps%2Copi%2Cxoaf&signature=BF6AAB3D4430CACE152B9187312DC84373EE659D.A4720C5E9D32CB844611A6CC9D701A6F66CF4CEC&key=yt8&kind=asr&lang=en&variant=punctuated&tlang=mr&fmt=ttml", "name": "Marathi", "impersonate": true, "__yt_dlp_client": "tv"}, {"ext": "srt", "url": "https://www.youtube.com/api/timedtext?v=gqAmIg0fcts&ei=T32DaNr0O9zXsfIP_qmmyAk&caps=asr&opi=112496729&xoaf=5&xospf=1&hl=en&ip=0.0.0.0&ipbits=0&expire=1753472960&sparams=ip%2Cipbits%2Cexpire%2Cv%2Cei%2Ccaps%2Copi%2Cxoaf&signature=BF6AAB3D4430CACE152B9187312DC84373EE659D.A4720C5E9D32CB844611A6CC9D701A6F66CF4CEC&key=yt8&kind=asr&lang=en&variant=punctuated&tlang=mr&fmt=srt", "name": "Marathi", "impersonate": true, "__yt_dlp_client": "tv"}, {"ext": "vtt", "url": "https://www.youtube.com/api/timedtext?v=gqAmIg0fcts&ei=T32DaNr0O9zXsfIP_qmmyAk&caps=asr&opi=112496729&xoaf=5&xospf=1&hl=en&ip=0.0.0.0&ipbits=0&expire=1753472960&sparams=ip%2Cipbits%2Cexpire%2Cv%2Cei%2Ccaps%2Copi%2Cxoaf&signature=BF6AAB3D4430CACE152B9187312DC84373EE659D.A4720C5E9D32CB844611A6CC9D701A6F66CF4CEC&key=yt8&kind=asr&lang=en&variant=punctuated&tlang=mr&fmt=vtt", "name": "Marathi", "impersonate": true, "__yt_dlp_client": "tv"}], "mn": [{"ext": "json3", "url": "https://www.youtube.com/api/timedtext?v=gqAmIg0fcts&ei=T32DaNr0O9zXsfIP_qmmyAk&caps=asr&opi=112496729&xoaf=5&xospf=1&hl=en&ip=0.0.0.0&ipbits=0&expire=1753472960&sparams=ip%2Cipbits%2Cexpire%2Cv%2Cei%2Ccaps%2Copi%2Cxoaf&signature=BF6AAB3D4430CACE152B9187312DC84373EE659D.A4720C5E9D32CB844611A6CC9D701A6F66CF4CEC&key=yt8&kind=asr&lang=en&variant=punctuated&tlang=mn&fmt=json3", "name": "Mongolian", "impersonate": true, "__yt_dlp_client": "tv"}, {"ext": "srv1", "url": "https://www.youtube.com/api/timedtext?v=gqAmIg0fcts&ei=T32DaNr0O9zXsfIP_qmmyAk&caps=asr&opi=112496729&xoaf=5&xospf=1&hl=en&ip=0.0.0.0&ipbits=0&expire=1753472960&sparams=ip%2Cipbits%2Cexpire%2Cv%2Cei%2Ccaps%2Copi%2Cxoaf&signature=BF6AAB3D4430CACE152B9187312DC84373EE659D.A4720C5E9D32CB844611A6CC9D701A6F66CF4CEC&key=yt8&kind=asr&lang=en&variant=punctuated&tlang=mn&fmt=srv1", "name": "Mongolian", "impersonate": true, "__yt_dlp_client": "tv"}, {"ext": "srv2", "url": "https://www.youtube.com/api/timedtext?v=gqAmIg0fcts&ei=T32DaNr0O9zXsfIP_qmmyAk&caps=asr&opi=112496729&xoaf=5&xospf=1&hl=en&ip=0.0.0.0&ipbits=0&expire=1753472960&sparams=ip%2Cipbits%2Cexpire%2Cv%2Cei%2Ccaps%2Copi%2Cxoaf&signature=BF6AAB3D4430CACE152B9187312DC84373EE659D.A4720C5E9D32CB844611A6CC9D701A6F66CF4CEC&key=yt8&kind=asr&lang=en&variant=punctuated&tlang=mn&fmt=srv2", "name": "Mongolian", "impersonate": true, "__yt_dlp_client": "tv"}, {"ext": "srv3", "url": "https://www.youtube.com/api/timedtext?v=gqAmIg0fcts&ei=T32DaNr0O9zXsfIP_qmmyAk&caps=asr&opi=112496729&xoaf=5&xospf=1&hl=en&ip=0.0.0.0&ipbits=0&expire=1753472960&sparams=ip%2Cipbits%2Cexpire%2Cv%2Cei%2Ccaps%2Copi%2Cxoaf&signature=BF6AAB3D4430CACE152B9187312DC84373EE659D.A4720C5E9D32CB844611A6CC9D701A6F66CF4CEC&key=yt8&kind=asr&lang=en&variant=punctuated&tlang=mn&fmt=srv3", "name": "Mongolian", "impersonate": true, "__yt_dlp_client": "tv"}, {"ext": "ttml", "url": "https://www.youtube.com/api/timedtext?v=gqAmIg0fcts&ei=T32DaNr0O9zXsfIP_qmmyAk&caps=asr&opi=112496729&xoaf=5&xospf=1&hl=en&ip=0.0.0.0&ipbits=0&expire=1753472960&sparams=ip%2Cipbits%2Cexpire%2Cv%2Cei%2Ccaps%2Copi%2Cxoaf&signature=BF6AAB3D4430CACE152B9187312DC84373EE659D.A4720C5E9D32CB844611A6CC9D701A6F66CF4CEC&key=yt8&kind=asr&lang=en&variant=punctuated&tlang=mn&fmt=ttml", "name": "Mongolian", "impersonate": true, "__yt_dlp_client": "tv"}, {"ext": "srt", "url": "https://www.youtube.com/api/timedtext?v=gqAmIg0fcts&ei=T32DaNr0O9zXsfIP_qmmyAk&caps=asr&opi=112496729&xoaf=5&xospf=1&hl=en&ip=0.0.0.0&ipbits=0&expire=1753472960&sparams=ip%2Cipbits%2Cexpire%2Cv%2Cei%2Ccaps%2Copi%2Cxoaf&signature=BF6AAB3D4430CACE152B9187312DC84373EE659D.A4720C5E9D32CB844611A6CC9D701A6F66CF4CEC&key=yt8&kind=asr&lang=en&variant=punctuated&tlang=mn&fmt=srt", "name": "Mongolian", "impersonate": true, "__yt_dlp_client": "tv"}, {"ext": "vtt", "url": "https://www.youtube.com/api/timedtext?v=gqAmIg0fcts&ei=T32DaNr0O9zXsfIP_qmmyAk&caps=asr&opi=112496729&xoaf=5&xospf=1&hl=en&ip=0.0.0.0&ipbits=0&expire=1753472960&sparams=ip%2Cipbits%2Cexpire%2Cv%2Cei%2Ccaps%2Copi%2Cxoaf&signature=BF6AAB3D4430CACE152B9187312DC84373EE659D.A4720C5E9D32CB844611A6CC9D701A6F66CF4CEC&key=yt8&kind=asr&lang=en&variant=punctuated&tlang=mn&fmt=vtt", "name": "Mongolian", "impersonate": true, "__yt_dlp_client": "tv"}], "mfe": [{"ext": "json3", "url": "https://www.youtube.com/api/timedtext?v=gqAmIg0fcts&ei=T32DaNr0O9zXsfIP_qmmyAk&caps=asr&opi=112496729&xoaf=5&xospf=1&hl=en&ip=0.0.0.0&ipbits=0&expire=1753472960&sparams=ip%2Cipbits%2Cexpire%2Cv%2Cei%2Ccaps%2Copi%2Cxoaf&signature=BF6AAB3D4430CACE152B9187312DC84373EE659D.A4720C5E9D32CB844611A6CC9D701A6F66CF4CEC&key=yt8&kind=asr&lang=en&variant=punctuated&tlang=mfe&fmt=json3", "name": "Morisyen", "impersonate": true, "__yt_dlp_client": "tv"}, {"ext": "srv1", "url": "https://www.youtube.com/api/timedtext?v=gqAmIg0fcts&ei=T32DaNr0O9zXsfIP_qmmyAk&caps=asr&opi=112496729&xoaf=5&xospf=1&hl=en&ip=0.0.0.0&ipbits=0&expire=1753472960&sparams=ip%2Cipbits%2Cexpire%2Cv%2Cei%2Ccaps%2Copi%2Cxoaf&signature=BF6AAB3D4430CACE152B9187312DC84373EE659D.A4720C5E9D32CB844611A6CC9D701A6F66CF4CEC&key=yt8&kind=asr&lang=en&variant=punctuated&tlang=mfe&fmt=srv1", "name": "Morisyen", "impersonate": true, "__yt_dlp_client": "tv"}, {"ext": "srv2", "url": "https://www.youtube.com/api/timedtext?v=gqAmIg0fcts&ei=T32DaNr0O9zXsfIP_qmmyAk&caps=asr&opi=112496729&xoaf=5&xospf=1&hl=en&ip=0.0.0.0&ipbits=0&expire=1753472960&sparams=ip%2Cipbits%2Cexpire%2Cv%2Cei%2Ccaps%2Copi%2Cxoaf&signature=BF6AAB3D4430CACE152B9187312DC84373EE659D.A4720C5E9D32CB844611A6CC9D701A6F66CF4CEC&key=yt8&kind=asr&lang=en&variant=punctuated&tlang=mfe&fmt=srv2", "name": "Morisyen", "impersonate": true, "__yt_dlp_client": "tv"}, {"ext": "srv3", "url": "https://www.youtube.com/api/timedtext?v=gqAmIg0fcts&ei=T32DaNr0O9zXsfIP_qmmyAk&caps=asr&opi=112496729&xoaf=5&xospf=1&hl=en&ip=0.0.0.0&ipbits=0&expire=1753472960&sparams=ip%2Cipbits%2Cexpire%2Cv%2Cei%2Ccaps%2Copi%2Cxoaf&signature=BF6AAB3D4430CACE152B9187312DC84373EE659D.A4720C5E9D32CB844611A6CC9D701A6F66CF4CEC&key=yt8&kind=asr&lang=en&variant=punctuated&tlang=mfe&fmt=srv3", "name": "Morisyen", "impersonate": true, "__yt_dlp_client": "tv"}, {"ext": "ttml", "url": "https://www.youtube.com/api/timedtext?v=gqAmIg0fcts&ei=T32DaNr0O9zXsfIP_qmmyAk&caps=asr&opi=112496729&xoaf=5&xospf=1&hl=en&ip=0.0.0.0&ipbits=0&expire=1753472960&sparams=ip%2Cipbits%2Cexpire%2Cv%2Cei%2Ccaps%2Copi%2Cxoaf&signature=BF6AAB3D4430CACE152B9187312DC84373EE659D.A4720C5E9D32CB844611A6CC9D701A6F66CF4CEC&key=yt8&kind=asr&lang=en&variant=punctuated&tlang=mfe&fmt=ttml", "name": "Morisyen", "impersonate": true, "__yt_dlp_client": "tv"}, {"ext": "srt", "url": "https://www.youtube.com/api/timedtext?v=gqAmIg0fcts&ei=T32DaNr0O9zXsfIP_qmmyAk&caps=asr&opi=112496729&xoaf=5&xospf=1&hl=en&ip=0.0.0.0&ipbits=0&expire=1753472960&sparams=ip%2Cipbits%2Cexpire%2Cv%2Cei%2Ccaps%2Copi%2Cxoaf&signature=BF6AAB3D4430CACE152B9187312DC84373EE659D.A4720C5E9D32CB844611A6CC9D701A6F66CF4CEC&key=yt8&kind=asr&lang=en&variant=punctuated&tlang=mfe&fmt=srt", "name": "Morisyen", "impersonate": true, "__yt_dlp_client": "tv"}, {"ext": "vtt", "url": "https://www.youtube.com/api/timedtext?v=gqAmIg0fcts&ei=T32DaNr0O9zXsfIP_qmmyAk&caps=asr&opi=112496729&xoaf=5&xospf=1&hl=en&ip=0.0.0.0&ipbits=0&expire=1753472960&sparams=ip%2Cipbits%2Cexpire%2Cv%2Cei%2Ccaps%2Copi%2Cxoaf&signature=BF6AAB3D4430CACE152B9187312DC84373EE659D.A4720C5E9D32CB844611A6CC9D701A6F66CF4CEC&key=yt8&kind=asr&lang=en&variant=punctuated&tlang=mfe&fmt=vtt", "name": "Morisyen", "impersonate": true, "__yt_dlp_client": "tv"}], "ne": [{"ext": "json3", "url": "https://www.youtube.com/api/timedtext?v=gqAmIg0fcts&ei=T32DaNr0O9zXsfIP_qmmyAk&caps=asr&opi=112496729&xoaf=5&xospf=1&hl=en&ip=0.0.0.0&ipbits=0&expire=1753472960&sparams=ip%2Cipbits%2Cexpire%2Cv%2Cei%2Ccaps%2Copi%2Cxoaf&signature=BF6AAB3D4430CACE152B9187312DC84373EE659D.A4720C5E9D32CB844611A6CC9D701A6F66CF4CEC&key=yt8&kind=asr&lang=en&variant=punctuated&tlang=ne&fmt=json3", "name": "Nepali", "impersonate": true, "__yt_dlp_client": "tv"}, {"ext": "srv1", "url": "https://www.youtube.com/api/timedtext?v=gqAmIg0fcts&ei=T32DaNr0O9zXsfIP_qmmyAk&caps=asr&opi=112496729&xoaf=5&xospf=1&hl=en&ip=0.0.0.0&ipbits=0&expire=1753472960&sparams=ip%2Cipbits%2Cexpire%2Cv%2Cei%2Ccaps%2Copi%2Cxoaf&signature=BF6AAB3D4430CACE152B9187312DC84373EE659D.A4720C5E9D32CB844611A6CC9D701A6F66CF4CEC&key=yt8&kind=asr&lang=en&variant=punctuated&tlang=ne&fmt=srv1", "name": "Nepali", "impersonate": true, "__yt_dlp_client": "tv"}, {"ext": "srv2", "url": "https://www.youtube.com/api/timedtext?v=gqAmIg0fcts&ei=T32DaNr0O9zXsfIP_qmmyAk&caps=asr&opi=112496729&xoaf=5&xospf=1&hl=en&ip=0.0.0.0&ipbits=0&expire=1753472960&sparams=ip%2Cipbits%2Cexpire%2Cv%2Cei%2Ccaps%2Copi%2Cxoaf&signature=BF6AAB3D4430CACE152B9187312DC84373EE659D.A4720C5E9D32CB844611A6CC9D701A6F66CF4CEC&key=yt8&kind=asr&lang=en&variant=punctuated&tlang=ne&fmt=srv2", "name": "Nepali", "impersonate": true, "__yt_dlp_client": "tv"}, {"ext": "srv3", "url": "https://www.youtube.com/api/timedtext?v=gqAmIg0fcts&ei=T32DaNr0O9zXsfIP_qmmyAk&caps=asr&opi=112496729&xoaf=5&xospf=1&hl=en&ip=0.0.0.0&ipbits=0&expire=1753472960&sparams=ip%2Cipbits%2Cexpire%2Cv%2Cei%2Ccaps%2Copi%2Cxoaf&signature=BF6AAB3D4430CACE152B9187312DC84373EE659D.A4720C5E9D32CB844611A6CC9D701A6F66CF4CEC&key=yt8&kind=asr&lang=en&variant=punctuated&tlang=ne&fmt=srv3", "name": "Nepali", "impersonate": true, "__yt_dlp_client": "tv"}, {"ext": "ttml", "url": "https://www.youtube.com/api/timedtext?v=gqAmIg0fcts&ei=T32DaNr0O9zXsfIP_qmmyAk&caps=asr&opi=112496729&xoaf=5&xospf=1&hl=en&ip=0.0.0.0&ipbits=0&expire=1753472960&sparams=ip%2Cipbits%2Cexpire%2Cv%2Cei%2Ccaps%2Copi%2Cxoaf&signature=BF6AAB3D4430CACE152B9187312DC84373EE659D.A4720C5E9D32CB844611A6CC9D701A6F66CF4CEC&key=yt8&kind=asr&lang=en&variant=punctuated&tlang=ne&fmt=ttml", "name": "Nepali", "impersonate": true, "__yt_dlp_client": "tv"}, {"ext": "srt", "url": "https://www.youtube.com/api/timedtext?v=gqAmIg0fcts&ei=T32DaNr0O9zXsfIP_qmmyAk&caps=asr&opi=112496729&xoaf=5&xospf=1&hl=en&ip=0.0.0.0&ipbits=0&expire=1753472960&sparams=ip%2Cipbits%2Cexpire%2Cv%2Cei%2Ccaps%2Copi%2Cxoaf&signature=BF6AAB3D4430CACE152B9187312DC84373EE659D.A4720C5E9D32CB844611A6CC9D701A6F66CF4CEC&key=yt8&kind=asr&lang=en&variant=punctuated&tlang=ne&fmt=srt", "name": "Nepali", "impersonate": true, "__yt_dlp_client": "tv"}, {"ext": "vtt", "url": "https://www.youtube.com/api/timedtext?v=gqAmIg0fcts&ei=T32DaNr0O9zXsfIP_qmmyAk&caps=asr&opi=112496729&xoaf=5&xospf=1&hl=en&ip=0.0.0.0&ipbits=0&expire=1753472960&sparams=ip%2Cipbits%2Cexpire%2Cv%2Cei%2Ccaps%2Copi%2Cxoaf&signature=BF6AAB3D4430CACE152B9187312DC84373EE659D.A4720C5E9D32CB844611A6CC9D701A6F66CF4CEC&key=yt8&kind=asr&lang=en&variant=punctuated&tlang=ne&fmt=vtt", "name": "Nepali", "impersonate": true, "__yt_dlp_client": "tv"}], "new": [{"ext": "json3", "url": "https://www.youtube.com/api/timedtext?v=gqAmIg0fcts&ei=T32DaNr0O9zXsfIP_qmmyAk&caps=asr&opi=112496729&xoaf=5&xospf=1&hl=en&ip=0.0.0.0&ipbits=0&expire=1753472960&sparams=ip%2Cipbits%2Cexpire%2Cv%2Cei%2Ccaps%2Copi%2Cxoaf&signature=BF6AAB3D4430CACE152B9187312DC84373EE659D.A4720C5E9D32CB844611A6CC9D701A6F66CF4CEC&key=yt8&kind=asr&lang=en&variant=punctuated&tlang=new&fmt=json3", "name": "Newari", "impersonate": true, "__yt_dlp_client": "tv"}, {"ext": "srv1", "url": "https://www.youtube.com/api/timedtext?v=gqAmIg0fcts&ei=T32DaNr0O9zXsfIP_qmmyAk&caps=asr&opi=112496729&xoaf=5&xospf=1&hl=en&ip=0.0.0.0&ipbits=0&expire=1753472960&sparams=ip%2Cipbits%2Cexpire%2Cv%2Cei%2Ccaps%2Copi%2Cxoaf&signature=BF6AAB3D4430CACE152B9187312DC84373EE659D.A4720C5E9D32CB844611A6CC9D701A6F66CF4CEC&key=yt8&kind=asr&lang=en&variant=punctuated&tlang=new&fmt=srv1", "name": "Newari", "impersonate": true, "__yt_dlp_client": "tv"}, {"ext": "srv2", "url": "https://www.youtube.com/api/timedtext?v=gqAmIg0fcts&ei=T32DaNr0O9zXsfIP_qmmyAk&caps=asr&opi=112496729&xoaf=5&xospf=1&hl=en&ip=0.0.0.0&ipbits=0&expire=1753472960&sparams=ip%2Cipbits%2Cexpire%2Cv%2Cei%2Ccaps%2Copi%2Cxoaf&signature=BF6AAB3D4430CACE152B9187312DC84373EE659D.A4720C5E9D32CB844611A6CC9D701A6F66CF4CEC&key=yt8&kind=asr&lang=en&variant=punctuated&tlang=new&fmt=srv2", "name": "Newari", "impersonate": true, "__yt_dlp_client": "tv"}, {"ext": "srv3", "url": "https://www.youtube.com/api/timedtext?v=gqAmIg0fcts&ei=T32DaNr0O9zXsfIP_qmmyAk&caps=asr&opi=112496729&xoaf=5&xospf=1&hl=en&ip=0.0.0.0&ipbits=0&expire=1753472960&sparams=ip%2Cipbits%2Cexpire%2Cv%2Cei%2Ccaps%2Copi%2Cxoaf&signature=BF6AAB3D4430CACE152B9187312DC84373EE659D.A4720C5E9D32CB844611A6CC9D701A6F66CF4CEC&key=yt8&kind=asr&lang=en&variant=punctuated&tlang=new&fmt=srv3", "name": "Newari", "impersonate": true, "__yt_dlp_client": "tv"}, {"ext": "ttml", "url": "https://www.youtube.com/api/timedtext?v=gqAmIg0fcts&ei=T32DaNr0O9zXsfIP_qmmyAk&caps=asr&opi=112496729&xoaf=5&xospf=1&hl=en&ip=0.0.0.0&ipbits=0&expire=1753472960&sparams=ip%2Cipbits%2Cexpire%2Cv%2Cei%2Ccaps%2Copi%2Cxoaf&signature=BF6AAB3D4430CACE152B9187312DC84373EE659D.A4720C5E9D32CB844611A6CC9D701A6F66CF4CEC&key=yt8&kind=asr&lang=en&variant=punctuated&tlang=new&fmt=ttml", "name": "Newari", "impersonate": true, "__yt_dlp_client": "tv"}, {"ext": "srt", "url": "https://www.youtube.com/api/timedtext?v=gqAmIg0fcts&ei=T32DaNr0O9zXsfIP_qmmyAk&caps=asr&opi=112496729&xoaf=5&xospf=1&hl=en&ip=0.0.0.0&ipbits=0&expire=1753472960&sparams=ip%2Cipbits%2Cexpire%2Cv%2Cei%2Ccaps%2Copi%2Cxoaf&signature=BF6AAB3D4430CACE152B9187312DC84373EE659D.A4720C5E9D32CB844611A6CC9D701A6F66CF4CEC&key=yt8&kind=asr&lang=en&variant=punctuated&tlang=new&fmt=srt", "name": "Newari", "impersonate": true, "__yt_dlp_client": "tv"}, {"ext": "vtt", "url": "https://www.youtube.com/api/timedtext?v=gqAmIg0fcts&ei=T32DaNr0O9zXsfIP_qmmyAk&caps=asr&opi=112496729&xoaf=5&xospf=1&hl=en&ip=0.0.0.0&ipbits=0&expire=1753472960&sparams=ip%2Cipbits%2Cexpire%2Cv%2Cei%2Ccaps%2Copi%2Cxoaf&signature=BF6AAB3D4430CACE152B9187312DC84373EE659D.A4720C5E9D32CB844611A6CC9D701A6F66CF4CEC&key=yt8&kind=asr&lang=en&variant=punctuated&tlang=new&fmt=vtt", "name": "Newari", "impersonate": true, "__yt_dlp_client": "tv"}], "nso": [{"ext": "json3", "url": "https://www.youtube.com/api/timedtext?v=gqAmIg0fcts&ei=T32DaNr0O9zXsfIP_qmmyAk&caps=asr&opi=112496729&xoaf=5&xospf=1&hl=en&ip=0.0.0.0&ipbits=0&expire=1753472960&sparams=ip%2Cipbits%2Cexpire%2Cv%2Cei%2Ccaps%2Copi%2Cxoaf&signature=BF6AAB3D4430CACE152B9187312DC84373EE659D.A4720C5E9D32CB844611A6CC9D701A6F66CF4CEC&key=yt8&kind=asr&lang=en&variant=punctuated&tlang=nso&fmt=json3", "name": "Northern Sotho", "impersonate": true, "__yt_dlp_client": "tv"}, {"ext": "srv1", "url": "https://www.youtube.com/api/timedtext?v=gqAmIg0fcts&ei=T32DaNr0O9zXsfIP_qmmyAk&caps=asr&opi=112496729&xoaf=5&xospf=1&hl=en&ip=0.0.0.0&ipbits=0&expire=1753472960&sparams=ip%2Cipbits%2Cexpire%2Cv%2Cei%2Ccaps%2Copi%2Cxoaf&signature=BF6AAB3D4430CACE152B9187312DC84373EE659D.A4720C5E9D32CB844611A6CC9D701A6F66CF4CEC&key=yt8&kind=asr&lang=en&variant=punctuated&tlang=nso&fmt=srv1", "name": "Northern Sotho", "impersonate": true, "__yt_dlp_client": "tv"}, {"ext": "srv2", "url": "https://www.youtube.com/api/timedtext?v=gqAmIg0fcts&ei=T32DaNr0O9zXsfIP_qmmyAk&caps=asr&opi=112496729&xoaf=5&xospf=1&hl=en&ip=0.0.0.0&ipbits=0&expire=1753472960&sparams=ip%2Cipbits%2Cexpire%2Cv%2Cei%2Ccaps%2Copi%2Cxoaf&signature=BF6AAB3D4430CACE152B9187312DC84373EE659D.A4720C5E9D32CB844611A6CC9D701A6F66CF4CEC&key=yt8&kind=asr&lang=en&variant=punctuated&tlang=nso&fmt=srv2", "name": "Northern Sotho", "impersonate": true, "__yt_dlp_client": "tv"}, {"ext": "srv3", "url": "https://www.youtube.com/api/timedtext?v=gqAmIg0fcts&ei=T32DaNr0O9zXsfIP_qmmyAk&caps=asr&opi=112496729&xoaf=5&xospf=1&hl=en&ip=0.0.0.0&ipbits=0&expire=1753472960&sparams=ip%2Cipbits%2Cexpire%2Cv%2Cei%2Ccaps%2Copi%2Cxoaf&signature=BF6AAB3D4430CACE152B9187312DC84373EE659D.A4720C5E9D32CB844611A6CC9D701A6F66CF4CEC&key=yt8&kind=asr&lang=en&variant=punctuated&tlang=nso&fmt=srv3", "name": "Northern Sotho", "impersonate": true, "__yt_dlp_client": "tv"}, {"ext": "ttml", "url": "https://www.youtube.com/api/timedtext?v=gqAmIg0fcts&ei=T32DaNr0O9zXsfIP_qmmyAk&caps=asr&opi=112496729&xoaf=5&xospf=1&hl=en&ip=0.0.0.0&ipbits=0&expire=1753472960&sparams=ip%2Cipbits%2Cexpire%2Cv%2Cei%2Ccaps%2Copi%2Cxoaf&signature=BF6AAB3D4430CACE152B9187312DC84373EE659D.A4720C5E9D32CB844611A6CC9D701A6F66CF4CEC&key=yt8&kind=asr&lang=en&variant=punctuated&tlang=nso&fmt=ttml", "name": "Northern Sotho", "impersonate": true, "__yt_dlp_client": "tv"}, {"ext": "srt", "url": "https://www.youtube.com/api/timedtext?v=gqAmIg0fcts&ei=T32DaNr0O9zXsfIP_qmmyAk&caps=asr&opi=112496729&xoaf=5&xospf=1&hl=en&ip=0.0.0.0&ipbits=0&expire=1753472960&sparams=ip%2Cipbits%2Cexpire%2Cv%2Cei%2Ccaps%2Copi%2Cxoaf&signature=BF6AAB3D4430CACE152B9187312DC84373EE659D.A4720C5E9D32CB844611A6CC9D701A6F66CF4CEC&key=yt8&kind=asr&lang=en&variant=punctuated&tlang=nso&fmt=srt", "name": "Northern Sotho", "impersonate": true, "__yt_dlp_client": "tv"}, {"ext": "vtt", "url": "https://www.youtube.com/api/timedtext?v=gqAmIg0fcts&ei=T32DaNr0O9zXsfIP_qmmyAk&caps=asr&opi=112496729&xoaf=5&xospf=1&hl=en&ip=0.0.0.0&ipbits=0&expire=1753472960&sparams=ip%2Cipbits%2Cexpire%2Cv%2Cei%2Ccaps%2Copi%2Cxoaf&signature=BF6AAB3D4430CACE152B9187312DC84373EE659D.A4720C5E9D32CB844611A6CC9D701A6F66CF4CEC&key=yt8&kind=asr&lang=en&variant=punctuated&tlang=nso&fmt=vtt", "name": "Northern Sotho", "impersonate": true, "__yt_dlp_client": "tv"}], "no": [{"ext": "json3", "url": "https://www.youtube.com/api/timedtext?v=gqAmIg0fcts&ei=T32DaNr0O9zXsfIP_qmmyAk&caps=asr&opi=112496729&xoaf=5&xospf=1&hl=en&ip=0.0.0.0&ipbits=0&expire=1753472960&sparams=ip%2Cipbits%2Cexpire%2Cv%2Cei%2Ccaps%2Copi%2Cxoaf&signature=BF6AAB3D4430CACE152B9187312DC84373EE659D.A4720C5E9D32CB844611A6CC9D701A6F66CF4CEC&key=yt8&kind=asr&lang=en&variant=punctuated&tlang=no&fmt=json3", "name": "Norwegian", "impersonate": true, "__yt_dlp_client": "tv"}, {"ext": "srv1", "url": "https://www.youtube.com/api/timedtext?v=gqAmIg0fcts&ei=T32DaNr0O9zXsfIP_qmmyAk&caps=asr&opi=112496729&xoaf=5&xospf=1&hl=en&ip=0.0.0.0&ipbits=0&expire=1753472960&sparams=ip%2Cipbits%2Cexpire%2Cv%2Cei%2Ccaps%2Copi%2Cxoaf&signature=BF6AAB3D4430CACE152B9187312DC84373EE659D.A4720C5E9D32CB844611A6CC9D701A6F66CF4CEC&key=yt8&kind=asr&lang=en&variant=punctuated&tlang=no&fmt=srv1", "name": "Norwegian", "impersonate": true, "__yt_dlp_client": "tv"}, {"ext": "srv2", "url": "https://www.youtube.com/api/timedtext?v=gqAmIg0fcts&ei=T32DaNr0O9zXsfIP_qmmyAk&caps=asr&opi=112496729&xoaf=5&xospf=1&hl=en&ip=0.0.0.0&ipbits=0&expire=1753472960&sparams=ip%2Cipbits%2Cexpire%2Cv%2Cei%2Ccaps%2Copi%2Cxoaf&signature=BF6AAB3D4430CACE152B9187312DC84373EE659D.A4720C5E9D32CB844611A6CC9D701A6F66CF4CEC&key=yt8&kind=asr&lang=en&variant=punctuated&tlang=no&fmt=srv2", "name": "Norwegian", "impersonate": true, "__yt_dlp_client": "tv"}, {"ext": "srv3", "url": "https://www.youtube.com/api/timedtext?v=gqAmIg0fcts&ei=T32DaNr0O9zXsfIP_qmmyAk&caps=asr&opi=112496729&xoaf=5&xospf=1&hl=en&ip=0.0.0.0&ipbits=0&expire=1753472960&sparams=ip%2Cipbits%2Cexpire%2Cv%2Cei%2Ccaps%2Copi%2Cxoaf&signature=BF6AAB3D4430CACE152B9187312DC84373EE659D.A4720C5E9D32CB844611A6CC9D701A6F66CF4CEC&key=yt8&kind=asr&lang=en&variant=punctuated&tlang=no&fmt=srv3", "name": "Norwegian", "impersonate": true, "__yt_dlp_client": "tv"}, {"ext": "ttml", "url": "https://www.youtube.com/api/timedtext?v=gqAmIg0fcts&ei=T32DaNr0O9zXsfIP_qmmyAk&caps=asr&opi=112496729&xoaf=5&xospf=1&hl=en&ip=0.0.0.0&ipbits=0&expire=1753472960&sparams=ip%2Cipbits%2Cexpire%2Cv%2Cei%2Ccaps%2Copi%2Cxoaf&signature=BF6AAB3D4430CACE152B9187312DC84373EE659D.A4720C5E9D32CB844611A6CC9D701A6F66CF4CEC&key=yt8&kind=asr&lang=en&variant=punctuated&tlang=no&fmt=ttml", "name": "Norwegian", "impersonate": true, "__yt_dlp_client": "tv"}, {"ext": "srt", "url": "https://www.youtube.com/api/timedtext?v=gqAmIg0fcts&ei=T32DaNr0O9zXsfIP_qmmyAk&caps=asr&opi=112496729&xoaf=5&xospf=1&hl=en&ip=0.0.0.0&ipbits=0&expire=1753472960&sparams=ip%2Cipbits%2Cexpire%2Cv%2Cei%2Ccaps%2Copi%2Cxoaf&signature=BF6AAB3D4430CACE152B9187312DC84373EE659D.A4720C5E9D32CB844611A6CC9D701A6F66CF4CEC&key=yt8&kind=asr&lang=en&variant=punctuated&tlang=no&fmt=srt", "name": "Norwegian", "impersonate": true, "__yt_dlp_client": "tv"}, {"ext": "vtt", "url": "https://www.youtube.com/api/timedtext?v=gqAmIg0fcts&ei=T32DaNr0O9zXsfIP_qmmyAk&caps=asr&opi=112496729&xoaf=5&xospf=1&hl=en&ip=0.0.0.0&ipbits=0&expire=1753472960&sparams=ip%2Cipbits%2Cexpire%2Cv%2Cei%2Ccaps%2Copi%2Cxoaf&signature=BF6AAB3D4430CACE152B9187312DC84373EE659D.A4720C5E9D32CB844611A6CC9D701A6F66CF4CEC&key=yt8&kind=asr&lang=en&variant=punctuated&tlang=no&fmt=vtt", "name": "Norwegian", "impersonate": true, "__yt_dlp_client": "tv"}], "ny": [{"ext": "json3", "url": "https://www.youtube.com/api/timedtext?v=gqAmIg0fcts&ei=T32DaNr0O9zXsfIP_qmmyAk&caps=asr&opi=112496729&xoaf=5&xospf=1&hl=en&ip=0.0.0.0&ipbits=0&expire=1753472960&sparams=ip%2Cipbits%2Cexpire%2Cv%2Cei%2Ccaps%2Copi%2Cxoaf&signature=BF6AAB3D4430CACE152B9187312DC84373EE659D.A4720C5E9D32CB844611A6CC9D701A6F66CF4CEC&key=yt8&kind=asr&lang=en&variant=punctuated&tlang=ny&fmt=json3", "name": "Nyanja", "impersonate": true, "__yt_dlp_client": "tv"}, {"ext": "srv1", "url": "https://www.youtube.com/api/timedtext?v=gqAmIg0fcts&ei=T32DaNr0O9zXsfIP_qmmyAk&caps=asr&opi=112496729&xoaf=5&xospf=1&hl=en&ip=0.0.0.0&ipbits=0&expire=1753472960&sparams=ip%2Cipbits%2Cexpire%2Cv%2Cei%2Ccaps%2Copi%2Cxoaf&signature=BF6AAB3D4430CACE152B9187312DC84373EE659D.A4720C5E9D32CB844611A6CC9D701A6F66CF4CEC&key=yt8&kind=asr&lang=en&variant=punctuated&tlang=ny&fmt=srv1", "name": "Nyanja", "impersonate": true, "__yt_dlp_client": "tv"}, {"ext": "srv2", "url": "https://www.youtube.com/api/timedtext?v=gqAmIg0fcts&ei=T32DaNr0O9zXsfIP_qmmyAk&caps=asr&opi=112496729&xoaf=5&xospf=1&hl=en&ip=0.0.0.0&ipbits=0&expire=1753472960&sparams=ip%2Cipbits%2Cexpire%2Cv%2Cei%2Ccaps%2Copi%2Cxoaf&signature=BF6AAB3D4430CACE152B9187312DC84373EE659D.A4720C5E9D32CB844611A6CC9D701A6F66CF4CEC&key=yt8&kind=asr&lang=en&variant=punctuated&tlang=ny&fmt=srv2", "name": "Nyanja", "impersonate": true, "__yt_dlp_client": "tv"}, {"ext": "srv3", "url": "https://www.youtube.com/api/timedtext?v=gqAmIg0fcts&ei=T32DaNr0O9zXsfIP_qmmyAk&caps=asr&opi=112496729&xoaf=5&xospf=1&hl=en&ip=0.0.0.0&ipbits=0&expire=1753472960&sparams=ip%2Cipbits%2Cexpire%2Cv%2Cei%2Ccaps%2Copi%2Cxoaf&signature=BF6AAB3D4430CACE152B9187312DC84373EE659D.A4720C5E9D32CB844611A6CC9D701A6F66CF4CEC&key=yt8&kind=asr&lang=en&variant=punctuated&tlang=ny&fmt=srv3", "name": "Nyanja", "impersonate": true, "__yt_dlp_client": "tv"}, {"ext": "ttml", "url": "https://www.youtube.com/api/timedtext?v=gqAmIg0fcts&ei=T32DaNr0O9zXsfIP_qmmyAk&caps=asr&opi=112496729&xoaf=5&xospf=1&hl=en&ip=0.0.0.0&ipbits=0&expire=1753472960&sparams=ip%2Cipbits%2Cexpire%2Cv%2Cei%2Ccaps%2Copi%2Cxoaf&signature=BF6AAB3D4430CACE152B9187312DC84373EE659D.A4720C5E9D32CB844611A6CC9D701A6F66CF4CEC&key=yt8&kind=asr&lang=en&variant=punctuated&tlang=ny&fmt=ttml", "name": "Nyanja", "impersonate": true, "__yt_dlp_client": "tv"}, {"ext": "srt", "url": "https://www.youtube.com/api/timedtext?v=gqAmIg0fcts&ei=T32DaNr0O9zXsfIP_qmmyAk&caps=asr&opi=112496729&xoaf=5&xospf=1&hl=en&ip=0.0.0.0&ipbits=0&expire=1753472960&sparams=ip%2Cipbits%2Cexpire%2Cv%2Cei%2Ccaps%2Copi%2Cxoaf&signature=BF6AAB3D4430CACE152B9187312DC84373EE659D.A4720C5E9D32CB844611A6CC9D701A6F66CF4CEC&key=yt8&kind=asr&lang=en&variant=punctuated&tlang=ny&fmt=srt", "name": "Nyanja", "impersonate": true, "__yt_dlp_client": "tv"}, {"ext": "vtt", "url": "https://www.youtube.com/api/timedtext?v=gqAmIg0fcts&ei=T32DaNr0O9zXsfIP_qmmyAk&caps=asr&opi=112496729&xoaf=5&xospf=1&hl=en&ip=0.0.0.0&ipbits=0&expire=1753472960&sparams=ip%2Cipbits%2Cexpire%2Cv%2Cei%2Ccaps%2Copi%2Cxoaf&signature=BF6AAB3D4430CACE152B9187312DC84373EE659D.A4720C5E9D32CB844611A6CC9D701A6F66CF4CEC&key=yt8&kind=asr&lang=en&variant=punctuated&tlang=ny&fmt=vtt", "name": "Nyanja", "impersonate": true, "__yt_dlp_client": "tv"}], "oc": [{"ext": "json3", "url": "https://www.youtube.com/api/timedtext?v=gqAmIg0fcts&ei=T32DaNr0O9zXsfIP_qmmyAk&caps=asr&opi=112496729&xoaf=5&xospf=1&hl=en&ip=0.0.0.0&ipbits=0&expire=1753472960&sparams=ip%2Cipbits%2Cexpire%2Cv%2Cei%2Ccaps%2Copi%2Cxoaf&signature=BF6AAB3D4430CACE152B9187312DC84373EE659D.A4720C5E9D32CB844611A6CC9D701A6F66CF4CEC&key=yt8&kind=asr&lang=en&variant=punctuated&tlang=oc&fmt=json3", "name": "Occitan", "impersonate": true, "__yt_dlp_client": "tv"}, {"ext": "srv1", "url": "https://www.youtube.com/api/timedtext?v=gqAmIg0fcts&ei=T32DaNr0O9zXsfIP_qmmyAk&caps=asr&opi=112496729&xoaf=5&xospf=1&hl=en&ip=0.0.0.0&ipbits=0&expire=1753472960&sparams=ip%2Cipbits%2Cexpire%2Cv%2Cei%2Ccaps%2Copi%2Cxoaf&signature=BF6AAB3D4430CACE152B9187312DC84373EE659D.A4720C5E9D32CB844611A6CC9D701A6F66CF4CEC&key=yt8&kind=asr&lang=en&variant=punctuated&tlang=oc&fmt=srv1", "name": "Occitan", "impersonate": true, "__yt_dlp_client": "tv"}, {"ext": "srv2", "url": "https://www.youtube.com/api/timedtext?v=gqAmIg0fcts&ei=T32DaNr0O9zXsfIP_qmmyAk&caps=asr&opi=112496729&xoaf=5&xospf=1&hl=en&ip=0.0.0.0&ipbits=0&expire=1753472960&sparams=ip%2Cipbits%2Cexpire%2Cv%2Cei%2Ccaps%2Copi%2Cxoaf&signature=BF6AAB3D4430CACE152B9187312DC84373EE659D.A4720C5E9D32CB844611A6CC9D701A6F66CF4CEC&key=yt8&kind=asr&lang=en&variant=punctuated&tlang=oc&fmt=srv2", "name": "Occitan", "impersonate": true, "__yt_dlp_client": "tv"}, {"ext": "srv3", "url": "https://www.youtube.com/api/timedtext?v=gqAmIg0fcts&ei=T32DaNr0O9zXsfIP_qmmyAk&caps=asr&opi=112496729&xoaf=5&xospf=1&hl=en&ip=0.0.0.0&ipbits=0&expire=1753472960&sparams=ip%2Cipbits%2Cexpire%2Cv%2Cei%2Ccaps%2Copi%2Cxoaf&signature=BF6AAB3D4430CACE152B9187312DC84373EE659D.A4720C5E9D32CB844611A6CC9D701A6F66CF4CEC&key=yt8&kind=asr&lang=en&variant=punctuated&tlang=oc&fmt=srv3", "name": "Occitan", "impersonate": true, "__yt_dlp_client": "tv"}, {"ext": "ttml", "url": "https://www.youtube.com/api/timedtext?v=gqAmIg0fcts&ei=T32DaNr0O9zXsfIP_qmmyAk&caps=asr&opi=112496729&xoaf=5&xospf=1&hl=en&ip=0.0.0.0&ipbits=0&expire=1753472960&sparams=ip%2Cipbits%2Cexpire%2Cv%2Cei%2Ccaps%2Copi%2Cxoaf&signature=BF6AAB3D4430CACE152B9187312DC84373EE659D.A4720C5E9D32CB844611A6CC9D701A6F66CF4CEC&key=yt8&kind=asr&lang=en&variant=punctuated&tlang=oc&fmt=ttml", "name": "Occitan", "impersonate": true, "__yt_dlp_client": "tv"}, {"ext": "srt", "url": "https://www.youtube.com/api/timedtext?v=gqAmIg0fcts&ei=T32DaNr0O9zXsfIP_qmmyAk&caps=asr&opi=112496729&xoaf=5&xospf=1&hl=en&ip=0.0.0.0&ipbits=0&expire=1753472960&sparams=ip%2Cipbits%2Cexpire%2Cv%2Cei%2Ccaps%2Copi%2Cxoaf&signature=BF6AAB3D4430CACE152B9187312DC84373EE659D.A4720C5E9D32CB844611A6CC9D701A6F66CF4CEC&key=yt8&kind=asr&lang=en&variant=punctuated&tlang=oc&fmt=srt", "name": "Occitan", "impersonate": true, "__yt_dlp_client": "tv"}, {"ext": "vtt", "url": "https://www.youtube.com/api/timedtext?v=gqAmIg0fcts&ei=T32DaNr0O9zXsfIP_qmmyAk&caps=asr&opi=112496729&xoaf=5&xospf=1&hl=en&ip=0.0.0.0&ipbits=0&expire=1753472960&sparams=ip%2Cipbits%2Cexpire%2Cv%2Cei%2Ccaps%2Copi%2Cxoaf&signature=BF6AAB3D4430CACE152B9187312DC84373EE659D.A4720C5E9D32CB844611A6CC9D701A6F66CF4CEC&key=yt8&kind=asr&lang=en&variant=punctuated&tlang=oc&fmt=vtt", "name": "Occitan", "impersonate": true, "__yt_dlp_client": "tv"}], "or": [{"ext": "json3", "url": "https://www.youtube.com/api/timedtext?v=gqAmIg0fcts&ei=T32DaNr0O9zXsfIP_qmmyAk&caps=asr&opi=112496729&xoaf=5&xospf=1&hl=en&ip=0.0.0.0&ipbits=0&expire=1753472960&sparams=ip%2Cipbits%2Cexpire%2Cv%2Cei%2Ccaps%2Copi%2Cxoaf&signature=BF6AAB3D4430CACE152B9187312DC84373EE659D.A4720C5E9D32CB844611A6CC9D701A6F66CF4CEC&key=yt8&kind=asr&lang=en&variant=punctuated&tlang=or&fmt=json3", "name": "Odia", "impersonate": true, "__yt_dlp_client": "tv"}, {"ext": "srv1", "url": "https://www.youtube.com/api/timedtext?v=gqAmIg0fcts&ei=T32DaNr0O9zXsfIP_qmmyAk&caps=asr&opi=112496729&xoaf=5&xospf=1&hl=en&ip=0.0.0.0&ipbits=0&expire=1753472960&sparams=ip%2Cipbits%2Cexpire%2Cv%2Cei%2Ccaps%2Copi%2Cxoaf&signature=BF6AAB3D4430CACE152B9187312DC84373EE659D.A4720C5E9D32CB844611A6CC9D701A6F66CF4CEC&key=yt8&kind=asr&lang=en&variant=punctuated&tlang=or&fmt=srv1", "name": "Odia", "impersonate": true, "__yt_dlp_client": "tv"}, {"ext": "srv2", "url": "https://www.youtube.com/api/timedtext?v=gqAmIg0fcts&ei=T32DaNr0O9zXsfIP_qmmyAk&caps=asr&opi=112496729&xoaf=5&xospf=1&hl=en&ip=0.0.0.0&ipbits=0&expire=1753472960&sparams=ip%2Cipbits%2Cexpire%2Cv%2Cei%2Ccaps%2Copi%2Cxoaf&signature=BF6AAB3D4430CACE152B9187312DC84373EE659D.A4720C5E9D32CB844611A6CC9D701A6F66CF4CEC&key=yt8&kind=asr&lang=en&variant=punctuated&tlang=or&fmt=srv2", "name": "Odia", "impersonate": true, "__yt_dlp_client": "tv"}, {"ext": "srv3", "url": "https://www.youtube.com/api/timedtext?v=gqAmIg0fcts&ei=T32DaNr0O9zXsfIP_qmmyAk&caps=asr&opi=112496729&xoaf=5&xospf=1&hl=en&ip=0.0.0.0&ipbits=0&expire=1753472960&sparams=ip%2Cipbits%2Cexpire%2Cv%2Cei%2Ccaps%2Copi%2Cxoaf&signature=BF6AAB3D4430CACE152B9187312DC84373EE659D.A4720C5E9D32CB844611A6CC9D701A6F66CF4CEC&key=yt8&kind=asr&lang=en&variant=punctuated&tlang=or&fmt=srv3", "name": "Odia", "impersonate": true, "__yt_dlp_client": "tv"}, {"ext": "ttml", "url": "https://www.youtube.com/api/timedtext?v=gqAmIg0fcts&ei=T32DaNr0O9zXsfIP_qmmyAk&caps=asr&opi=112496729&xoaf=5&xospf=1&hl=en&ip=0.0.0.0&ipbits=0&expire=1753472960&sparams=ip%2Cipbits%2Cexpire%2Cv%2Cei%2Ccaps%2Copi%2Cxoaf&signature=BF6AAB3D4430CACE152B9187312DC84373EE659D.A4720C5E9D32CB844611A6CC9D701A6F66CF4CEC&key=yt8&kind=asr&lang=en&variant=punctuated&tlang=or&fmt=ttml", "name": "Odia", "impersonate": true, "__yt_dlp_client": "tv"}, {"ext": "srt", "url": "https://www.youtube.com/api/timedtext?v=gqAmIg0fcts&ei=T32DaNr0O9zXsfIP_qmmyAk&caps=asr&opi=112496729&xoaf=5&xospf=1&hl=en&ip=0.0.0.0&ipbits=0&expire=1753472960&sparams=ip%2Cipbits%2Cexpire%2Cv%2Cei%2Ccaps%2Copi%2Cxoaf&signature=BF6AAB3D4430CACE152B9187312DC84373EE659D.A4720C5E9D32CB844611A6CC9D701A6F66CF4CEC&key=yt8&kind=asr&lang=en&variant=punctuated&tlang=or&fmt=srt", "name": "Odia", "impersonate": true, "__yt_dlp_client": "tv"}, {"ext": "vtt", "url": "https://www.youtube.com/api/timedtext?v=gqAmIg0fcts&ei=T32DaNr0O9zXsfIP_qmmyAk&caps=asr&opi=112496729&xoaf=5&xospf=1&hl=en&ip=0.0.0.0&ipbits=0&expire=1753472960&sparams=ip%2Cipbits%2Cexpire%2Cv%2Cei%2Ccaps%2Copi%2Cxoaf&signature=BF6AAB3D4430CACE152B9187312DC84373EE659D.A4720C5E9D32CB844611A6CC9D701A6F66CF4CEC&key=yt8&kind=asr&lang=en&variant=punctuated&tlang=or&fmt=vtt", "name": "Odia", "impersonate": true, "__yt_dlp_client": "tv"}], "om": [{"ext": "json3", "url": "https://www.youtube.com/api/timedtext?v=gqAmIg0fcts&ei=T32DaNr0O9zXsfIP_qmmyAk&caps=asr&opi=112496729&xoaf=5&xospf=1&hl=en&ip=0.0.0.0&ipbits=0&expire=1753472960&sparams=ip%2Cipbits%2Cexpire%2Cv%2Cei%2Ccaps%2Copi%2Cxoaf&signature=BF6AAB3D4430CACE152B9187312DC84373EE659D.A4720C5E9D32CB844611A6CC9D701A6F66CF4CEC&key=yt8&kind=asr&lang=en&variant=punctuated&tlang=om&fmt=json3", "name": "Oromo", "impersonate": true, "__yt_dlp_client": "tv"}, {"ext": "srv1", "url": "https://www.youtube.com/api/timedtext?v=gqAmIg0fcts&ei=T32DaNr0O9zXsfIP_qmmyAk&caps=asr&opi=112496729&xoaf=5&xospf=1&hl=en&ip=0.0.0.0&ipbits=0&expire=1753472960&sparams=ip%2Cipbits%2Cexpire%2Cv%2Cei%2Ccaps%2Copi%2Cxoaf&signature=BF6AAB3D4430CACE152B9187312DC84373EE659D.A4720C5E9D32CB844611A6CC9D701A6F66CF4CEC&key=yt8&kind=asr&lang=en&variant=punctuated&tlang=om&fmt=srv1", "name": "Oromo", "impersonate": true, "__yt_dlp_client": "tv"}, {"ext": "srv2", "url": "https://www.youtube.com/api/timedtext?v=gqAmIg0fcts&ei=T32DaNr0O9zXsfIP_qmmyAk&caps=asr&opi=112496729&xoaf=5&xospf=1&hl=en&ip=0.0.0.0&ipbits=0&expire=1753472960&sparams=ip%2Cipbits%2Cexpire%2Cv%2Cei%2Ccaps%2Copi%2Cxoaf&signature=BF6AAB3D4430CACE152B9187312DC84373EE659D.A4720C5E9D32CB844611A6CC9D701A6F66CF4CEC&key=yt8&kind=asr&lang=en&variant=punctuated&tlang=om&fmt=srv2", "name": "Oromo", "impersonate": true, "__yt_dlp_client": "tv"}, {"ext": "srv3", "url": "https://www.youtube.com/api/timedtext?v=gqAmIg0fcts&ei=T32DaNr0O9zXsfIP_qmmyAk&caps=asr&opi=112496729&xoaf=5&xospf=1&hl=en&ip=0.0.0.0&ipbits=0&expire=1753472960&sparams=ip%2Cipbits%2Cexpire%2Cv%2Cei%2Ccaps%2Copi%2Cxoaf&signature=BF6AAB3D4430CACE152B9187312DC84373EE659D.A4720C5E9D32CB844611A6CC9D701A6F66CF4CEC&key=yt8&kind=asr&lang=en&variant=punctuated&tlang=om&fmt=srv3", "name": "Oromo", "impersonate": true, "__yt_dlp_client": "tv"}, {"ext": "ttml", "url": "https://www.youtube.com/api/timedtext?v=gqAmIg0fcts&ei=T32DaNr0O9zXsfIP_qmmyAk&caps=asr&opi=112496729&xoaf=5&xospf=1&hl=en&ip=0.0.0.0&ipbits=0&expire=1753472960&sparams=ip%2Cipbits%2Cexpire%2Cv%2Cei%2Ccaps%2Copi%2Cxoaf&signature=BF6AAB3D4430CACE152B9187312DC84373EE659D.A4720C5E9D32CB844611A6CC9D701A6F66CF4CEC&key=yt8&kind=asr&lang=en&variant=punctuated&tlang=om&fmt=ttml", "name": "Oromo", "impersonate": true, "__yt_dlp_client": "tv"}, {"ext": "srt", "url": "https://www.youtube.com/api/timedtext?v=gqAmIg0fcts&ei=T32DaNr0O9zXsfIP_qmmyAk&caps=asr&opi=112496729&xoaf=5&xospf=1&hl=en&ip=0.0.0.0&ipbits=0&expire=1753472960&sparams=ip%2Cipbits%2Cexpire%2Cv%2Cei%2Ccaps%2Copi%2Cxoaf&signature=BF6AAB3D4430CACE152B9187312DC84373EE659D.A4720C5E9D32CB844611A6CC9D701A6F66CF4CEC&key=yt8&kind=asr&lang=en&variant=punctuated&tlang=om&fmt=srt", "name": "Oromo", "impersonate": true, "__yt_dlp_client": "tv"}, {"ext": "vtt", "url": "https://www.youtube.com/api/timedtext?v=gqAmIg0fcts&ei=T32DaNr0O9zXsfIP_qmmyAk&caps=asr&opi=112496729&xoaf=5&xospf=1&hl=en&ip=0.0.0.0&ipbits=0&expire=1753472960&sparams=ip%2Cipbits%2Cexpire%2Cv%2Cei%2Ccaps%2Copi%2Cxoaf&signature=BF6AAB3D4430CACE152B9187312DC84373EE659D.A4720C5E9D32CB844611A6CC9D701A6F66CF4CEC&key=yt8&kind=asr&lang=en&variant=punctuated&tlang=om&fmt=vtt", "name": "Oromo", "impersonate": true, "__yt_dlp_client": "tv"}], "os": [{"ext": "json3", "url": "https://www.youtube.com/api/timedtext?v=gqAmIg0fcts&ei=T32DaNr0O9zXsfIP_qmmyAk&caps=asr&opi=112496729&xoaf=5&xospf=1&hl=en&ip=0.0.0.0&ipbits=0&expire=1753472960&sparams=ip%2Cipbits%2Cexpire%2Cv%2Cei%2Ccaps%2Copi%2Cxoaf&signature=BF6AAB3D4430CACE152B9187312DC84373EE659D.A4720C5E9D32CB844611A6CC9D701A6F66CF4CEC&key=yt8&kind=asr&lang=en&variant=punctuated&tlang=os&fmt=json3", "name": "Ossetic", "impersonate": true, "__yt_dlp_client": "tv"}, {"ext": "srv1", "url": "https://www.youtube.com/api/timedtext?v=gqAmIg0fcts&ei=T32DaNr0O9zXsfIP_qmmyAk&caps=asr&opi=112496729&xoaf=5&xospf=1&hl=en&ip=0.0.0.0&ipbits=0&expire=1753472960&sparams=ip%2Cipbits%2Cexpire%2Cv%2Cei%2Ccaps%2Copi%2Cxoaf&signature=BF6AAB3D4430CACE152B9187312DC84373EE659D.A4720C5E9D32CB844611A6CC9D701A6F66CF4CEC&key=yt8&kind=asr&lang=en&variant=punctuated&tlang=os&fmt=srv1", "name": "Ossetic", "impersonate": true, "__yt_dlp_client": "tv"}, {"ext": "srv2", "url": "https://www.youtube.com/api/timedtext?v=gqAmIg0fcts&ei=T32DaNr0O9zXsfIP_qmmyAk&caps=asr&opi=112496729&xoaf=5&xospf=1&hl=en&ip=0.0.0.0&ipbits=0&expire=1753472960&sparams=ip%2Cipbits%2Cexpire%2Cv%2Cei%2Ccaps%2Copi%2Cxoaf&signature=BF6AAB3D4430CACE152B9187312DC84373EE659D.A4720C5E9D32CB844611A6CC9D701A6F66CF4CEC&key=yt8&kind=asr&lang=en&variant=punctuated&tlang=os&fmt=srv2", "name": "Ossetic", "impersonate": true, "__yt_dlp_client": "tv"}, {"ext": "srv3", "url": "https://www.youtube.com/api/timedtext?v=gqAmIg0fcts&ei=T32DaNr0O9zXsfIP_qmmyAk&caps=asr&opi=112496729&xoaf=5&xospf=1&hl=en&ip=0.0.0.0&ipbits=0&expire=1753472960&sparams=ip%2Cipbits%2Cexpire%2Cv%2Cei%2Ccaps%2Copi%2Cxoaf&signature=BF6AAB3D4430CACE152B9187312DC84373EE659D.A4720C5E9D32CB844611A6CC9D701A6F66CF4CEC&key=yt8&kind=asr&lang=en&variant=punctuated&tlang=os&fmt=srv3", "name": "Ossetic", "impersonate": true, "__yt_dlp_client": "tv"}, {"ext": "ttml", "url": "https://www.youtube.com/api/timedtext?v=gqAmIg0fcts&ei=T32DaNr0O9zXsfIP_qmmyAk&caps=asr&opi=112496729&xoaf=5&xospf=1&hl=en&ip=0.0.0.0&ipbits=0&expire=1753472960&sparams=ip%2Cipbits%2Cexpire%2Cv%2Cei%2Ccaps%2Copi%2Cxoaf&signature=BF6AAB3D4430CACE152B9187312DC84373EE659D.A4720C5E9D32CB844611A6CC9D701A6F66CF4CEC&key=yt8&kind=asr&lang=en&variant=punctuated&tlang=os&fmt=ttml", "name": "Ossetic", "impersonate": true, "__yt_dlp_client": "tv"}, {"ext": "srt", "url": "https://www.youtube.com/api/timedtext?v=gqAmIg0fcts&ei=T32DaNr0O9zXsfIP_qmmyAk&caps=asr&opi=112496729&xoaf=5&xospf=1&hl=en&ip=0.0.0.0&ipbits=0&expire=1753472960&sparams=ip%2Cipbits%2Cexpire%2Cv%2Cei%2Ccaps%2Copi%2Cxoaf&signature=BF6AAB3D4430CACE152B9187312DC84373EE659D.A4720C5E9D32CB844611A6CC9D701A6F66CF4CEC&key=yt8&kind=asr&lang=en&variant=punctuated&tlang=os&fmt=srt", "name": "Ossetic", "impersonate": true, "__yt_dlp_client": "tv"}, {"ext": "vtt", "url": "https://www.youtube.com/api/timedtext?v=gqAmIg0fcts&ei=T32DaNr0O9zXsfIP_qmmyAk&caps=asr&opi=112496729&xoaf=5&xospf=1&hl=en&ip=0.0.0.0&ipbits=0&expire=1753472960&sparams=ip%2Cipbits%2Cexpire%2Cv%2Cei%2Ccaps%2Copi%2Cxoaf&signature=BF6AAB3D4430CACE152B9187312DC84373EE659D.A4720C5E9D32CB844611A6CC9D701A6F66CF4CEC&key=yt8&kind=asr&lang=en&variant=punctuated&tlang=os&fmt=vtt", "name": "Ossetic", "impersonate": true, "__yt_dlp_client": "tv"}], "pam": [{"ext": "json3", "url": "https://www.youtube.com/api/timedtext?v=gqAmIg0fcts&ei=T32DaNr0O9zXsfIP_qmmyAk&caps=asr&opi=112496729&xoaf=5&xospf=1&hl=en&ip=0.0.0.0&ipbits=0&expire=1753472960&sparams=ip%2Cipbits%2Cexpire%2Cv%2Cei%2Ccaps%2Copi%2Cxoaf&signature=BF6AAB3D4430CACE152B9187312DC84373EE659D.A4720C5E9D32CB844611A6CC9D701A6F66CF4CEC&key=yt8&kind=asr&lang=en&variant=punctuated&tlang=pam&fmt=json3", "name": "Pampanga", "impersonate": true, "__yt_dlp_client": "tv"}, {"ext": "srv1", "url": "https://www.youtube.com/api/timedtext?v=gqAmIg0fcts&ei=T32DaNr0O9zXsfIP_qmmyAk&caps=asr&opi=112496729&xoaf=5&xospf=1&hl=en&ip=0.0.0.0&ipbits=0&expire=1753472960&sparams=ip%2Cipbits%2Cexpire%2Cv%2Cei%2Ccaps%2Copi%2Cxoaf&signature=BF6AAB3D4430CACE152B9187312DC84373EE659D.A4720C5E9D32CB844611A6CC9D701A6F66CF4CEC&key=yt8&kind=asr&lang=en&variant=punctuated&tlang=pam&fmt=srv1", "name": "Pampanga", "impersonate": true, "__yt_dlp_client": "tv"}, {"ext": "srv2", "url": "https://www.youtube.com/api/timedtext?v=gqAmIg0fcts&ei=T32DaNr0O9zXsfIP_qmmyAk&caps=asr&opi=112496729&xoaf=5&xospf=1&hl=en&ip=0.0.0.0&ipbits=0&expire=1753472960&sparams=ip%2Cipbits%2Cexpire%2Cv%2Cei%2Ccaps%2Copi%2Cxoaf&signature=BF6AAB3D4430CACE152B9187312DC84373EE659D.A4720C5E9D32CB844611A6CC9D701A6F66CF4CEC&key=yt8&kind=asr&lang=en&variant=punctuated&tlang=pam&fmt=srv2", "name": "Pampanga", "impersonate": true, "__yt_dlp_client": "tv"}, {"ext": "srv3", "url": "https://www.youtube.com/api/timedtext?v=gqAmIg0fcts&ei=T32DaNr0O9zXsfIP_qmmyAk&caps=asr&opi=112496729&xoaf=5&xospf=1&hl=en&ip=0.0.0.0&ipbits=0&expire=1753472960&sparams=ip%2Cipbits%2Cexpire%2Cv%2Cei%2Ccaps%2Copi%2Cxoaf&signature=BF6AAB3D4430CACE152B9187312DC84373EE659D.A4720C5E9D32CB844611A6CC9D701A6F66CF4CEC&key=yt8&kind=asr&lang=en&variant=punctuated&tlang=pam&fmt=srv3", "name": "Pampanga", "impersonate": true, "__yt_dlp_client": "tv"}, {"ext": "ttml", "url": "https://www.youtube.com/api/timedtext?v=gqAmIg0fcts&ei=T32DaNr0O9zXsfIP_qmmyAk&caps=asr&opi=112496729&xoaf=5&xospf=1&hl=en&ip=0.0.0.0&ipbits=0&expire=1753472960&sparams=ip%2Cipbits%2Cexpire%2Cv%2Cei%2Ccaps%2Copi%2Cxoaf&signature=BF6AAB3D4430CACE152B9187312DC84373EE659D.A4720C5E9D32CB844611A6CC9D701A6F66CF4CEC&key=yt8&kind=asr&lang=en&variant=punctuated&tlang=pam&fmt=ttml", "name": "Pampanga", "impersonate": true, "__yt_dlp_client": "tv"}, {"ext": "srt", "url": "https://www.youtube.com/api/timedtext?v=gqAmIg0fcts&ei=T32DaNr0O9zXsfIP_qmmyAk&caps=asr&opi=112496729&xoaf=5&xospf=1&hl=en&ip=0.0.0.0&ipbits=0&expire=1753472960&sparams=ip%2Cipbits%2Cexpire%2Cv%2Cei%2Ccaps%2Copi%2Cxoaf&signature=BF6AAB3D4430CACE152B9187312DC84373EE659D.A4720C5E9D32CB844611A6CC9D701A6F66CF4CEC&key=yt8&kind=asr&lang=en&variant=punctuated&tlang=pam&fmt=srt", "name": "Pampanga", "impersonate": true, "__yt_dlp_client": "tv"}, {"ext": "vtt", "url": "https://www.youtube.com/api/timedtext?v=gqAmIg0fcts&ei=T32DaNr0O9zXsfIP_qmmyAk&caps=asr&opi=112496729&xoaf=5&xospf=1&hl=en&ip=0.0.0.0&ipbits=0&expire=1753472960&sparams=ip%2Cipbits%2Cexpire%2Cv%2Cei%2Ccaps%2Copi%2Cxoaf&signature=BF6AAB3D4430CACE152B9187312DC84373EE659D.A4720C5E9D32CB844611A6CC9D701A6F66CF4CEC&key=yt8&kind=asr&lang=en&variant=punctuated&tlang=pam&fmt=vtt", "name": "Pampanga", "impersonate": true, "__yt_dlp_client": "tv"}], "ps": [{"ext": "json3", "url": "https://www.youtube.com/api/timedtext?v=gqAmIg0fcts&ei=T32DaNr0O9zXsfIP_qmmyAk&caps=asr&opi=112496729&xoaf=5&xospf=1&hl=en&ip=0.0.0.0&ipbits=0&expire=1753472960&sparams=ip%2Cipbits%2Cexpire%2Cv%2Cei%2Ccaps%2Copi%2Cxoaf&signature=BF6AAB3D4430CACE152B9187312DC84373EE659D.A4720C5E9D32CB844611A6CC9D701A6F66CF4CEC&key=yt8&kind=asr&lang=en&variant=punctuated&tlang=ps&fmt=json3", "name": "Pashto", "impersonate": true, "__yt_dlp_client": "tv"}, {"ext": "srv1", "url": "https://www.youtube.com/api/timedtext?v=gqAmIg0fcts&ei=T32DaNr0O9zXsfIP_qmmyAk&caps=asr&opi=112496729&xoaf=5&xospf=1&hl=en&ip=0.0.0.0&ipbits=0&expire=1753472960&sparams=ip%2Cipbits%2Cexpire%2Cv%2Cei%2Ccaps%2Copi%2Cxoaf&signature=BF6AAB3D4430CACE152B9187312DC84373EE659D.A4720C5E9D32CB844611A6CC9D701A6F66CF4CEC&key=yt8&kind=asr&lang=en&variant=punctuated&tlang=ps&fmt=srv1", "name": "Pashto", "impersonate": true, "__yt_dlp_client": "tv"}, {"ext": "srv2", "url": "https://www.youtube.com/api/timedtext?v=gqAmIg0fcts&ei=T32DaNr0O9zXsfIP_qmmyAk&caps=asr&opi=112496729&xoaf=5&xospf=1&hl=en&ip=0.0.0.0&ipbits=0&expire=1753472960&sparams=ip%2Cipbits%2Cexpire%2Cv%2Cei%2Ccaps%2Copi%2Cxoaf&signature=BF6AAB3D4430CACE152B9187312DC84373EE659D.A4720C5E9D32CB844611A6CC9D701A6F66CF4CEC&key=yt8&kind=asr&lang=en&variant=punctuated&tlang=ps&fmt=srv2", "name": "Pashto", "impersonate": true, "__yt_dlp_client": "tv"}, {"ext": "srv3", "url": "https://www.youtube.com/api/timedtext?v=gqAmIg0fcts&ei=T32DaNr0O9zXsfIP_qmmyAk&caps=asr&opi=112496729&xoaf=5&xospf=1&hl=en&ip=0.0.0.0&ipbits=0&expire=1753472960&sparams=ip%2Cipbits%2Cexpire%2Cv%2Cei%2Ccaps%2Copi%2Cxoaf&signature=BF6AAB3D4430CACE152B9187312DC84373EE659D.A4720C5E9D32CB844611A6CC9D701A6F66CF4CEC&key=yt8&kind=asr&lang=en&variant=punctuated&tlang=ps&fmt=srv3", "name": "Pashto", "impersonate": true, "__yt_dlp_client": "tv"}, {"ext": "ttml", "url": "https://www.youtube.com/api/timedtext?v=gqAmIg0fcts&ei=T32DaNr0O9zXsfIP_qmmyAk&caps=asr&opi=112496729&xoaf=5&xospf=1&hl=en&ip=0.0.0.0&ipbits=0&expire=1753472960&sparams=ip%2Cipbits%2Cexpire%2Cv%2Cei%2Ccaps%2Copi%2Cxoaf&signature=BF6AAB3D4430CACE152B9187312DC84373EE659D.A4720C5E9D32CB844611A6CC9D701A6F66CF4CEC&key=yt8&kind=asr&lang=en&variant=punctuated&tlang=ps&fmt=ttml", "name": "Pashto", "impersonate": true, "__yt_dlp_client": "tv"}, {"ext": "srt", "url": "https://www.youtube.com/api/timedtext?v=gqAmIg0fcts&ei=T32DaNr0O9zXsfIP_qmmyAk&caps=asr&opi=112496729&xoaf=5&xospf=1&hl=en&ip=0.0.0.0&ipbits=0&expire=1753472960&sparams=ip%2Cipbits%2Cexpire%2Cv%2Cei%2Ccaps%2Copi%2Cxoaf&signature=BF6AAB3D4430CACE152B9187312DC84373EE659D.A4720C5E9D32CB844611A6CC9D701A6F66CF4CEC&key=yt8&kind=asr&lang=en&variant=punctuated&tlang=ps&fmt=srt", "name": "Pashto", "impersonate": true, "__yt_dlp_client": "tv"}, {"ext": "vtt", "url": "https://www.youtube.com/api/timedtext?v=gqAmIg0fcts&ei=T32DaNr0O9zXsfIP_qmmyAk&caps=asr&opi=112496729&xoaf=5&xospf=1&hl=en&ip=0.0.0.0&ipbits=0&expire=1753472960&sparams=ip%2Cipbits%2Cexpire%2Cv%2Cei%2Ccaps%2Copi%2Cxoaf&signature=BF6AAB3D4430CACE152B9187312DC84373EE659D.A4720C5E9D32CB844611A6CC9D701A6F66CF4CEC&key=yt8&kind=asr&lang=en&variant=punctuated&tlang=ps&fmt=vtt", "name": "Pashto", "impersonate": true, "__yt_dlp_client": "tv"}], "fa": [{"ext": "json3", "url": "https://www.youtube.com/api/timedtext?v=gqAmIg0fcts&ei=T32DaNr0O9zXsfIP_qmmyAk&caps=asr&opi=112496729&xoaf=5&xospf=1&hl=en&ip=0.0.0.0&ipbits=0&expire=1753472960&sparams=ip%2Cipbits%2Cexpire%2Cv%2Cei%2Ccaps%2Copi%2Cxoaf&signature=BF6AAB3D4430CACE152B9187312DC84373EE659D.A4720C5E9D32CB844611A6CC9D701A6F66CF4CEC&key=yt8&kind=asr&lang=en&variant=punctuated&tlang=fa&fmt=json3", "name": "Persian", "impersonate": true, "__yt_dlp_client": "tv"}, {"ext": "srv1", "url": "https://www.youtube.com/api/timedtext?v=gqAmIg0fcts&ei=T32DaNr0O9zXsfIP_qmmyAk&caps=asr&opi=112496729&xoaf=5&xospf=1&hl=en&ip=0.0.0.0&ipbits=0&expire=1753472960&sparams=ip%2Cipbits%2Cexpire%2Cv%2Cei%2Ccaps%2Copi%2Cxoaf&signature=BF6AAB3D4430CACE152B9187312DC84373EE659D.A4720C5E9D32CB844611A6CC9D701A6F66CF4CEC&key=yt8&kind=asr&lang=en&variant=punctuated&tlang=fa&fmt=srv1", "name": "Persian", "impersonate": true, "__yt_dlp_client": "tv"}, {"ext": "srv2", "url": "https://www.youtube.com/api/timedtext?v=gqAmIg0fcts&ei=T32DaNr0O9zXsfIP_qmmyAk&caps=asr&opi=112496729&xoaf=5&xospf=1&hl=en&ip=0.0.0.0&ipbits=0&expire=1753472960&sparams=ip%2Cipbits%2Cexpire%2Cv%2Cei%2Ccaps%2Copi%2Cxoaf&signature=BF6AAB3D4430CACE152B9187312DC84373EE659D.A4720C5E9D32CB844611A6CC9D701A6F66CF4CEC&key=yt8&kind=asr&lang=en&variant=punctuated&tlang=fa&fmt=srv2", "name": "Persian", "impersonate": true, "__yt_dlp_client": "tv"}, {"ext": "srv3", "url": "https://www.youtube.com/api/timedtext?v=gqAmIg0fcts&ei=T32DaNr0O9zXsfIP_qmmyAk&caps=asr&opi=112496729&xoaf=5&xospf=1&hl=en&ip=0.0.0.0&ipbits=0&expire=1753472960&sparams=ip%2Cipbits%2Cexpire%2Cv%2Cei%2Ccaps%2Copi%2Cxoaf&signature=BF6AAB3D4430CACE152B9187312DC84373EE659D.A4720C5E9D32CB844611A6CC9D701A6F66CF4CEC&key=yt8&kind=asr&lang=en&variant=punctuated&tlang=fa&fmt=srv3", "name": "Persian", "impersonate": true, "__yt_dlp_client": "tv"}, {"ext": "ttml", "url": "https://www.youtube.com/api/timedtext?v=gqAmIg0fcts&ei=T32DaNr0O9zXsfIP_qmmyAk&caps=asr&opi=112496729&xoaf=5&xospf=1&hl=en&ip=0.0.0.0&ipbits=0&expire=1753472960&sparams=ip%2Cipbits%2Cexpire%2Cv%2Cei%2Ccaps%2Copi%2Cxoaf&signature=BF6AAB3D4430CACE152B9187312DC84373EE659D.A4720C5E9D32CB844611A6CC9D701A6F66CF4CEC&key=yt8&kind=asr&lang=en&variant=punctuated&tlang=fa&fmt=ttml", "name": "Persian", "impersonate": true, "__yt_dlp_client": "tv"}, {"ext": "srt", "url": "https://www.youtube.com/api/timedtext?v=gqAmIg0fcts&ei=T32DaNr0O9zXsfIP_qmmyAk&caps=asr&opi=112496729&xoaf=5&xospf=1&hl=en&ip=0.0.0.0&ipbits=0&expire=1753472960&sparams=ip%2Cipbits%2Cexpire%2Cv%2Cei%2Ccaps%2Copi%2Cxoaf&signature=BF6AAB3D4430CACE152B9187312DC84373EE659D.A4720C5E9D32CB844611A6CC9D701A6F66CF4CEC&key=yt8&kind=asr&lang=en&variant=punctuated&tlang=fa&fmt=srt", "name": "Persian", "impersonate": true, "__yt_dlp_client": "tv"}, {"ext": "vtt", "url": "https://www.youtube.com/api/timedtext?v=gqAmIg0fcts&ei=T32DaNr0O9zXsfIP_qmmyAk&caps=asr&opi=112496729&xoaf=5&xospf=1&hl=en&ip=0.0.0.0&ipbits=0&expire=1753472960&sparams=ip%2Cipbits%2Cexpire%2Cv%2Cei%2Ccaps%2Copi%2Cxoaf&signature=BF6AAB3D4430CACE152B9187312DC84373EE659D.A4720C5E9D32CB844611A6CC9D701A6F66CF4CEC&key=yt8&kind=asr&lang=en&variant=punctuated&tlang=fa&fmt=vtt", "name": "Persian", "impersonate": true, "__yt_dlp_client": "tv"}], "pl": [{"ext": "json3", "url": "https://www.youtube.com/api/timedtext?v=gqAmIg0fcts&ei=T32DaNr0O9zXsfIP_qmmyAk&caps=asr&opi=112496729&xoaf=5&xospf=1&hl=en&ip=0.0.0.0&ipbits=0&expire=1753472960&sparams=ip%2Cipbits%2Cexpire%2Cv%2Cei%2Ccaps%2Copi%2Cxoaf&signature=BF6AAB3D4430CACE152B9187312DC84373EE659D.A4720C5E9D32CB844611A6CC9D701A6F66CF4CEC&key=yt8&kind=asr&lang=en&variant=punctuated&tlang=pl&fmt=json3", "name": "Polish", "impersonate": true, "__yt_dlp_client": "tv"}, {"ext": "srv1", "url": "https://www.youtube.com/api/timedtext?v=gqAmIg0fcts&ei=T32DaNr0O9zXsfIP_qmmyAk&caps=asr&opi=112496729&xoaf=5&xospf=1&hl=en&ip=0.0.0.0&ipbits=0&expire=1753472960&sparams=ip%2Cipbits%2Cexpire%2Cv%2Cei%2Ccaps%2Copi%2Cxoaf&signature=BF6AAB3D4430CACE152B9187312DC84373EE659D.A4720C5E9D32CB844611A6CC9D701A6F66CF4CEC&key=yt8&kind=asr&lang=en&variant=punctuated&tlang=pl&fmt=srv1", "name": "Polish", "impersonate": true, "__yt_dlp_client": "tv"}, {"ext": "srv2", "url": "https://www.youtube.com/api/timedtext?v=gqAmIg0fcts&ei=T32DaNr0O9zXsfIP_qmmyAk&caps=asr&opi=112496729&xoaf=5&xospf=1&hl=en&ip=0.0.0.0&ipbits=0&expire=1753472960&sparams=ip%2Cipbits%2Cexpire%2Cv%2Cei%2Ccaps%2Copi%2Cxoaf&signature=BF6AAB3D4430CACE152B9187312DC84373EE659D.A4720C5E9D32CB844611A6CC9D701A6F66CF4CEC&key=yt8&kind=asr&lang=en&variant=punctuated&tlang=pl&fmt=srv2", "name": "Polish", "impersonate": true, "__yt_dlp_client": "tv"}, {"ext": "srv3", "url": "https://www.youtube.com/api/timedtext?v=gqAmIg0fcts&ei=T32DaNr0O9zXsfIP_qmmyAk&caps=asr&opi=112496729&xoaf=5&xospf=1&hl=en&ip=0.0.0.0&ipbits=0&expire=1753472960&sparams=ip%2Cipbits%2Cexpire%2Cv%2Cei%2Ccaps%2Copi%2Cxoaf&signature=BF6AAB3D4430CACE152B9187312DC84373EE659D.A4720C5E9D32CB844611A6CC9D701A6F66CF4CEC&key=yt8&kind=asr&lang=en&variant=punctuated&tlang=pl&fmt=srv3", "name": "Polish", "impersonate": true, "__yt_dlp_client": "tv"}, {"ext": "ttml", "url": "https://www.youtube.com/api/timedtext?v=gqAmIg0fcts&ei=T32DaNr0O9zXsfIP_qmmyAk&caps=asr&opi=112496729&xoaf=5&xospf=1&hl=en&ip=0.0.0.0&ipbits=0&expire=1753472960&sparams=ip%2Cipbits%2Cexpire%2Cv%2Cei%2Ccaps%2Copi%2Cxoaf&signature=BF6AAB3D4430CACE152B9187312DC84373EE659D.A4720C5E9D32CB844611A6CC9D701A6F66CF4CEC&key=yt8&kind=asr&lang=en&variant=punctuated&tlang=pl&fmt=ttml", "name": "Polish", "impersonate": true, "__yt_dlp_client": "tv"}, {"ext": "srt", "url": "https://www.youtube.com/api/timedtext?v=gqAmIg0fcts&ei=T32DaNr0O9zXsfIP_qmmyAk&caps=asr&opi=112496729&xoaf=5&xospf=1&hl=en&ip=0.0.0.0&ipbits=0&expire=1753472960&sparams=ip%2Cipbits%2Cexpire%2Cv%2Cei%2Ccaps%2Copi%2Cxoaf&signature=BF6AAB3D4430CACE152B9187312DC84373EE659D.A4720C5E9D32CB844611A6CC9D701A6F66CF4CEC&key=yt8&kind=asr&lang=en&variant=punctuated&tlang=pl&fmt=srt", "name": "Polish", "impersonate": true, "__yt_dlp_client": "tv"}, {"ext": "vtt", "url": "https://www.youtube.com/api/timedtext?v=gqAmIg0fcts&ei=T32DaNr0O9zXsfIP_qmmyAk&caps=asr&opi=112496729&xoaf=5&xospf=1&hl=en&ip=0.0.0.0&ipbits=0&expire=1753472960&sparams=ip%2Cipbits%2Cexpire%2Cv%2Cei%2Ccaps%2Copi%2Cxoaf&signature=BF6AAB3D4430CACE152B9187312DC84373EE659D.A4720C5E9D32CB844611A6CC9D701A6F66CF4CEC&key=yt8&kind=asr&lang=en&variant=punctuated&tlang=pl&fmt=vtt", "name": "Polish", "impersonate": true, "__yt_dlp_client": "tv"}], "pt": [{"ext": "json3", "url": "https://www.youtube.com/api/timedtext?v=gqAmIg0fcts&ei=T32DaNr0O9zXsfIP_qmmyAk&caps=asr&opi=112496729&xoaf=5&xospf=1&hl=en&ip=0.0.0.0&ipbits=0&expire=1753472960&sparams=ip%2Cipbits%2Cexpire%2Cv%2Cei%2Ccaps%2Copi%2Cxoaf&signature=BF6AAB3D4430CACE152B9187312DC84373EE659D.A4720C5E9D32CB844611A6CC9D701A6F66CF4CEC&key=yt8&kind=asr&lang=en&variant=punctuated&tlang=pt&fmt=json3", "name": "Portuguese", "impersonate": true, "__yt_dlp_client": "tv"}, {"ext": "srv1", "url": "https://www.youtube.com/api/timedtext?v=gqAmIg0fcts&ei=T32DaNr0O9zXsfIP_qmmyAk&caps=asr&opi=112496729&xoaf=5&xospf=1&hl=en&ip=0.0.0.0&ipbits=0&expire=1753472960&sparams=ip%2Cipbits%2Cexpire%2Cv%2Cei%2Ccaps%2Copi%2Cxoaf&signature=BF6AAB3D4430CACE152B9187312DC84373EE659D.A4720C5E9D32CB844611A6CC9D701A6F66CF4CEC&key=yt8&kind=asr&lang=en&variant=punctuated&tlang=pt&fmt=srv1", "name": "Portuguese", "impersonate": true, "__yt_dlp_client": "tv"}, {"ext": "srv2", "url": "https://www.youtube.com/api/timedtext?v=gqAmIg0fcts&ei=T32DaNr0O9zXsfIP_qmmyAk&caps=asr&opi=112496729&xoaf=5&xospf=1&hl=en&ip=0.0.0.0&ipbits=0&expire=1753472960&sparams=ip%2Cipbits%2Cexpire%2Cv%2Cei%2Ccaps%2Copi%2Cxoaf&signature=BF6AAB3D4430CACE152B9187312DC84373EE659D.A4720C5E9D32CB844611A6CC9D701A6F66CF4CEC&key=yt8&kind=asr&lang=en&variant=punctuated&tlang=pt&fmt=srv2", "name": "Portuguese", "impersonate": true, "__yt_dlp_client": "tv"}, {"ext": "srv3", "url": "https://www.youtube.com/api/timedtext?v=gqAmIg0fcts&ei=T32DaNr0O9zXsfIP_qmmyAk&caps=asr&opi=112496729&xoaf=5&xospf=1&hl=en&ip=0.0.0.0&ipbits=0&expire=1753472960&sparams=ip%2Cipbits%2Cexpire%2Cv%2Cei%2Ccaps%2Copi%2Cxoaf&signature=BF6AAB3D4430CACE152B9187312DC84373EE659D.A4720C5E9D32CB844611A6CC9D701A6F66CF4CEC&key=yt8&kind=asr&lang=en&variant=punctuated&tlang=pt&fmt=srv3", "name": "Portuguese", "impersonate": true, "__yt_dlp_client": "tv"}, {"ext": "ttml", "url": "https://www.youtube.com/api/timedtext?v=gqAmIg0fcts&ei=T32DaNr0O9zXsfIP_qmmyAk&caps=asr&opi=112496729&xoaf=5&xospf=1&hl=en&ip=0.0.0.0&ipbits=0&expire=1753472960&sparams=ip%2Cipbits%2Cexpire%2Cv%2Cei%2Ccaps%2Copi%2Cxoaf&signature=BF6AAB3D4430CACE152B9187312DC84373EE659D.A4720C5E9D32CB844611A6CC9D701A6F66CF4CEC&key=yt8&kind=asr&lang=en&variant=punctuated&tlang=pt&fmt=ttml", "name": "Portuguese", "impersonate": true, "__yt_dlp_client": "tv"}, {"ext": "srt", "url": "https://www.youtube.com/api/timedtext?v=gqAmIg0fcts&ei=T32DaNr0O9zXsfIP_qmmyAk&caps=asr&opi=112496729&xoaf=5&xospf=1&hl=en&ip=0.0.0.0&ipbits=0&expire=1753472960&sparams=ip%2Cipbits%2Cexpire%2Cv%2Cei%2Ccaps%2Copi%2Cxoaf&signature=BF6AAB3D4430CACE152B9187312DC84373EE659D.A4720C5E9D32CB844611A6CC9D701A6F66CF4CEC&key=yt8&kind=asr&lang=en&variant=punctuated&tlang=pt&fmt=srt", "name": "Portuguese", "impersonate": true, "__yt_dlp_client": "tv"}, {"ext": "vtt", "url": "https://www.youtube.com/api/timedtext?v=gqAmIg0fcts&ei=T32DaNr0O9zXsfIP_qmmyAk&caps=asr&opi=112496729&xoaf=5&xospf=1&hl=en&ip=0.0.0.0&ipbits=0&expire=1753472960&sparams=ip%2Cipbits%2Cexpire%2Cv%2Cei%2Ccaps%2Copi%2Cxoaf&signature=BF6AAB3D4430CACE152B9187312DC84373EE659D.A4720C5E9D32CB844611A6CC9D701A6F66CF4CEC&key=yt8&kind=asr&lang=en&variant=punctuated&tlang=pt&fmt=vtt", "name": "Portuguese", "impersonate": true, "__yt_dlp_client": "tv"}], "pt-PT": [{"ext": "json3", "url": "https://www.youtube.com/api/timedtext?v=gqAmIg0fcts&ei=T32DaNr0O9zXsfIP_qmmyAk&caps=asr&opi=112496729&xoaf=5&xospf=1&hl=en&ip=0.0.0.0&ipbits=0&expire=1753472960&sparams=ip%2Cipbits%2Cexpire%2Cv%2Cei%2Ccaps%2Copi%2Cxoaf&signature=BF6AAB3D4430CACE152B9187312DC84373EE659D.A4720C5E9D32CB844611A6CC9D701A6F66CF4CEC&key=yt8&kind=asr&lang=en&variant=punctuated&tlang=pt-PT&fmt=json3", "name": "Portuguese (Portugal)", "impersonate": true, "__yt_dlp_client": "tv"}, {"ext": "srv1", "url": "https://www.youtube.com/api/timedtext?v=gqAmIg0fcts&ei=T32DaNr0O9zXsfIP_qmmyAk&caps=asr&opi=112496729&xoaf=5&xospf=1&hl=en&ip=0.0.0.0&ipbits=0&expire=1753472960&sparams=ip%2Cipbits%2Cexpire%2Cv%2Cei%2Ccaps%2Copi%2Cxoaf&signature=BF6AAB3D4430CACE152B9187312DC84373EE659D.A4720C5E9D32CB844611A6CC9D701A6F66CF4CEC&key=yt8&kind=asr&lang=en&variant=punctuated&tlang=pt-PT&fmt=srv1", "name": "Portuguese (Portugal)", "impersonate": true, "__yt_dlp_client": "tv"}, {"ext": "srv2", "url": "https://www.youtube.com/api/timedtext?v=gqAmIg0fcts&ei=T32DaNr0O9zXsfIP_qmmyAk&caps=asr&opi=112496729&xoaf=5&xospf=1&hl=en&ip=0.0.0.0&ipbits=0&expire=1753472960&sparams=ip%2Cipbits%2Cexpire%2Cv%2Cei%2Ccaps%2Copi%2Cxoaf&signature=BF6AAB3D4430CACE152B9187312DC84373EE659D.A4720C5E9D32CB844611A6CC9D701A6F66CF4CEC&key=yt8&kind=asr&lang=en&variant=punctuated&tlang=pt-PT&fmt=srv2", "name": "Portuguese (Portugal)", "impersonate": true, "__yt_dlp_client": "tv"}, {"ext": "srv3", "url": "https://www.youtube.com/api/timedtext?v=gqAmIg0fcts&ei=T32DaNr0O9zXsfIP_qmmyAk&caps=asr&opi=112496729&xoaf=5&xospf=1&hl=en&ip=0.0.0.0&ipbits=0&expire=1753472960&sparams=ip%2Cipbits%2Cexpire%2Cv%2Cei%2Ccaps%2Copi%2Cxoaf&signature=BF6AAB3D4430CACE152B9187312DC84373EE659D.A4720C5E9D32CB844611A6CC9D701A6F66CF4CEC&key=yt8&kind=asr&lang=en&variant=punctuated&tlang=pt-PT&fmt=srv3", "name": "Portuguese (Portugal)", "impersonate": true, "__yt_dlp_client": "tv"}, {"ext": "ttml", "url": "https://www.youtube.com/api/timedtext?v=gqAmIg0fcts&ei=T32DaNr0O9zXsfIP_qmmyAk&caps=asr&opi=112496729&xoaf=5&xospf=1&hl=en&ip=0.0.0.0&ipbits=0&expire=1753472960&sparams=ip%2Cipbits%2Cexpire%2Cv%2Cei%2Ccaps%2Copi%2Cxoaf&signature=BF6AAB3D4430CACE152B9187312DC84373EE659D.A4720C5E9D32CB844611A6CC9D701A6F66CF4CEC&key=yt8&kind=asr&lang=en&variant=punctuated&tlang=pt-PT&fmt=ttml", "name": "Portuguese (Portugal)", "impersonate": true, "__yt_dlp_client": "tv"}, {"ext": "srt", "url": "https://www.youtube.com/api/timedtext?v=gqAmIg0fcts&ei=T32DaNr0O9zXsfIP_qmmyAk&caps=asr&opi=112496729&xoaf=5&xospf=1&hl=en&ip=0.0.0.0&ipbits=0&expire=1753472960&sparams=ip%2Cipbits%2Cexpire%2Cv%2Cei%2Ccaps%2Copi%2Cxoaf&signature=BF6AAB3D4430CACE152B9187312DC84373EE659D.A4720C5E9D32CB844611A6CC9D701A6F66CF4CEC&key=yt8&kind=asr&lang=en&variant=punctuated&tlang=pt-PT&fmt=srt", "name": "Portuguese (Portugal)", "impersonate": true, "__yt_dlp_client": "tv"}, {"ext": "vtt", "url": "https://www.youtube.com/api/timedtext?v=gqAmIg0fcts&ei=T32DaNr0O9zXsfIP_qmmyAk&caps=asr&opi=112496729&xoaf=5&xospf=1&hl=en&ip=0.0.0.0&ipbits=0&expire=1753472960&sparams=ip%2Cipbits%2Cexpire%2Cv%2Cei%2Ccaps%2Copi%2Cxoaf&signature=BF6AAB3D4430CACE152B9187312DC84373EE659D.A4720C5E9D32CB844611A6CC9D701A6F66CF4CEC&key=yt8&kind=asr&lang=en&variant=punctuated&tlang=pt-PT&fmt=vtt", "name": "Portuguese (Portugal)", "impersonate": true, "__yt_dlp_client": "tv"}], "pa": [{"ext": "json3", "url": "https://www.youtube.com/api/timedtext?v=gqAmIg0fcts&ei=T32DaNr0O9zXsfIP_qmmyAk&caps=asr&opi=112496729&xoaf=5&xospf=1&hl=en&ip=0.0.0.0&ipbits=0&expire=1753472960&sparams=ip%2Cipbits%2Cexpire%2Cv%2Cei%2Ccaps%2Copi%2Cxoaf&signature=BF6AAB3D4430CACE152B9187312DC84373EE659D.A4720C5E9D32CB844611A6CC9D701A6F66CF4CEC&key=yt8&kind=asr&lang=en&variant=punctuated&tlang=pa&fmt=json3", "name": "Punjabi", "impersonate": true, "__yt_dlp_client": "tv"}, {"ext": "srv1", "url": "https://www.youtube.com/api/timedtext?v=gqAmIg0fcts&ei=T32DaNr0O9zXsfIP_qmmyAk&caps=asr&opi=112496729&xoaf=5&xospf=1&hl=en&ip=0.0.0.0&ipbits=0&expire=1753472960&sparams=ip%2Cipbits%2Cexpire%2Cv%2Cei%2Ccaps%2Copi%2Cxoaf&signature=BF6AAB3D4430CACE152B9187312DC84373EE659D.A4720C5E9D32CB844611A6CC9D701A6F66CF4CEC&key=yt8&kind=asr&lang=en&variant=punctuated&tlang=pa&fmt=srv1", "name": "Punjabi", "impersonate": true, "__yt_dlp_client": "tv"}, {"ext": "srv2", "url": "https://www.youtube.com/api/timedtext?v=gqAmIg0fcts&ei=T32DaNr0O9zXsfIP_qmmyAk&caps=asr&opi=112496729&xoaf=5&xospf=1&hl=en&ip=0.0.0.0&ipbits=0&expire=1753472960&sparams=ip%2Cipbits%2Cexpire%2Cv%2Cei%2Ccaps%2Copi%2Cxoaf&signature=BF6AAB3D4430CACE152B9187312DC84373EE659D.A4720C5E9D32CB844611A6CC9D701A6F66CF4CEC&key=yt8&kind=asr&lang=en&variant=punctuated&tlang=pa&fmt=srv2", "name": "Punjabi", "impersonate": true, "__yt_dlp_client": "tv"}, {"ext": "srv3", "url": "https://www.youtube.com/api/timedtext?v=gqAmIg0fcts&ei=T32DaNr0O9zXsfIP_qmmyAk&caps=asr&opi=112496729&xoaf=5&xospf=1&hl=en&ip=0.0.0.0&ipbits=0&expire=1753472960&sparams=ip%2Cipbits%2Cexpire%2Cv%2Cei%2Ccaps%2Copi%2Cxoaf&signature=BF6AAB3D4430CACE152B9187312DC84373EE659D.A4720C5E9D32CB844611A6CC9D701A6F66CF4CEC&key=yt8&kind=asr&lang=en&variant=punctuated&tlang=pa&fmt=srv3", "name": "Punjabi", "impersonate": true, "__yt_dlp_client": "tv"}, {"ext": "ttml", "url": "https://www.youtube.com/api/timedtext?v=gqAmIg0fcts&ei=T32DaNr0O9zXsfIP_qmmyAk&caps=asr&opi=112496729&xoaf=5&xospf=1&hl=en&ip=0.0.0.0&ipbits=0&expire=1753472960&sparams=ip%2Cipbits%2Cexpire%2Cv%2Cei%2Ccaps%2Copi%2Cxoaf&signature=BF6AAB3D4430CACE152B9187312DC84373EE659D.A4720C5E9D32CB844611A6CC9D701A6F66CF4CEC&key=yt8&kind=asr&lang=en&variant=punctuated&tlang=pa&fmt=ttml", "name": "Punjabi", "impersonate": true, "__yt_dlp_client": "tv"}, {"ext": "srt", "url": "https://www.youtube.com/api/timedtext?v=gqAmIg0fcts&ei=T32DaNr0O9zXsfIP_qmmyAk&caps=asr&opi=112496729&xoaf=5&xospf=1&hl=en&ip=0.0.0.0&ipbits=0&expire=1753472960&sparams=ip%2Cipbits%2Cexpire%2Cv%2Cei%2Ccaps%2Copi%2Cxoaf&signature=BF6AAB3D4430CACE152B9187312DC84373EE659D.A4720C5E9D32CB844611A6CC9D701A6F66CF4CEC&key=yt8&kind=asr&lang=en&variant=punctuated&tlang=pa&fmt=srt", "name": "Punjabi", "impersonate": true, "__yt_dlp_client": "tv"}, {"ext": "vtt", "url": "https://www.youtube.com/api/timedtext?v=gqAmIg0fcts&ei=T32DaNr0O9zXsfIP_qmmyAk&caps=asr&opi=112496729&xoaf=5&xospf=1&hl=en&ip=0.0.0.0&ipbits=0&expire=1753472960&sparams=ip%2Cipbits%2Cexpire%2Cv%2Cei%2Ccaps%2Copi%2Cxoaf&signature=BF6AAB3D4430CACE152B9187312DC84373EE659D.A4720C5E9D32CB844611A6CC9D701A6F66CF4CEC&key=yt8&kind=asr&lang=en&variant=punctuated&tlang=pa&fmt=vtt", "name": "Punjabi", "impersonate": true, "__yt_dlp_client": "tv"}], "qu": [{"ext": "json3", "url": "https://www.youtube.com/api/timedtext?v=gqAmIg0fcts&ei=T32DaNr0O9zXsfIP_qmmyAk&caps=asr&opi=112496729&xoaf=5&xospf=1&hl=en&ip=0.0.0.0&ipbits=0&expire=1753472960&sparams=ip%2Cipbits%2Cexpire%2Cv%2Cei%2Ccaps%2Copi%2Cxoaf&signature=BF6AAB3D4430CACE152B9187312DC84373EE659D.A4720C5E9D32CB844611A6CC9D701A6F66CF4CEC&key=yt8&kind=asr&lang=en&variant=punctuated&tlang=qu&fmt=json3", "name": "Quechua", "impersonate": true, "__yt_dlp_client": "tv"}, {"ext": "srv1", "url": "https://www.youtube.com/api/timedtext?v=gqAmIg0fcts&ei=T32DaNr0O9zXsfIP_qmmyAk&caps=asr&opi=112496729&xoaf=5&xospf=1&hl=en&ip=0.0.0.0&ipbits=0&expire=1753472960&sparams=ip%2Cipbits%2Cexpire%2Cv%2Cei%2Ccaps%2Copi%2Cxoaf&signature=BF6AAB3D4430CACE152B9187312DC84373EE659D.A4720C5E9D32CB844611A6CC9D701A6F66CF4CEC&key=yt8&kind=asr&lang=en&variant=punctuated&tlang=qu&fmt=srv1", "name": "Quechua", "impersonate": true, "__yt_dlp_client": "tv"}, {"ext": "srv2", "url": "https://www.youtube.com/api/timedtext?v=gqAmIg0fcts&ei=T32DaNr0O9zXsfIP_qmmyAk&caps=asr&opi=112496729&xoaf=5&xospf=1&hl=en&ip=0.0.0.0&ipbits=0&expire=1753472960&sparams=ip%2Cipbits%2Cexpire%2Cv%2Cei%2Ccaps%2Copi%2Cxoaf&signature=BF6AAB3D4430CACE152B9187312DC84373EE659D.A4720C5E9D32CB844611A6CC9D701A6F66CF4CEC&key=yt8&kind=asr&lang=en&variant=punctuated&tlang=qu&fmt=srv2", "name": "Quechua", "impersonate": true, "__yt_dlp_client": "tv"}, {"ext": "srv3", "url": "https://www.youtube.com/api/timedtext?v=gqAmIg0fcts&ei=T32DaNr0O9zXsfIP_qmmyAk&caps=asr&opi=112496729&xoaf=5&xospf=1&hl=en&ip=0.0.0.0&ipbits=0&expire=1753472960&sparams=ip%2Cipbits%2Cexpire%2Cv%2Cei%2Ccaps%2Copi%2Cxoaf&signature=BF6AAB3D4430CACE152B9187312DC84373EE659D.A4720C5E9D32CB844611A6CC9D701A6F66CF4CEC&key=yt8&kind=asr&lang=en&variant=punctuated&tlang=qu&fmt=srv3", "name": "Quechua", "impersonate": true, "__yt_dlp_client": "tv"}, {"ext": "ttml", "url": "https://www.youtube.com/api/timedtext?v=gqAmIg0fcts&ei=T32DaNr0O9zXsfIP_qmmyAk&caps=asr&opi=112496729&xoaf=5&xospf=1&hl=en&ip=0.0.0.0&ipbits=0&expire=1753472960&sparams=ip%2Cipbits%2Cexpire%2Cv%2Cei%2Ccaps%2Copi%2Cxoaf&signature=BF6AAB3D4430CACE152B9187312DC84373EE659D.A4720C5E9D32CB844611A6CC9D701A6F66CF4CEC&key=yt8&kind=asr&lang=en&variant=punctuated&tlang=qu&fmt=ttml", "name": "Quechua", "impersonate": true, "__yt_dlp_client": "tv"}, {"ext": "srt", "url": "https://www.youtube.com/api/timedtext?v=gqAmIg0fcts&ei=T32DaNr0O9zXsfIP_qmmyAk&caps=asr&opi=112496729&xoaf=5&xospf=1&hl=en&ip=0.0.0.0&ipbits=0&expire=1753472960&sparams=ip%2Cipbits%2Cexpire%2Cv%2Cei%2Ccaps%2Copi%2Cxoaf&signature=BF6AAB3D4430CACE152B9187312DC84373EE659D.A4720C5E9D32CB844611A6CC9D701A6F66CF4CEC&key=yt8&kind=asr&lang=en&variant=punctuated&tlang=qu&fmt=srt", "name": "Quechua", "impersonate": true, "__yt_dlp_client": "tv"}, {"ext": "vtt", "url": "https://www.youtube.com/api/timedtext?v=gqAmIg0fcts&ei=T32DaNr0O9zXsfIP_qmmyAk&caps=asr&opi=112496729&xoaf=5&xospf=1&hl=en&ip=0.0.0.0&ipbits=0&expire=1753472960&sparams=ip%2Cipbits%2Cexpire%2Cv%2Cei%2Ccaps%2Copi%2Cxoaf&signature=BF6AAB3D4430CACE152B9187312DC84373EE659D.A4720C5E9D32CB844611A6CC9D701A6F66CF4CEC&key=yt8&kind=asr&lang=en&variant=punctuated&tlang=qu&fmt=vtt", "name": "Quechua", "impersonate": true, "__yt_dlp_client": "tv"}], "ro": [{"ext": "json3", "url": "https://www.youtube.com/api/timedtext?v=gqAmIg0fcts&ei=T32DaNr0O9zXsfIP_qmmyAk&caps=asr&opi=112496729&xoaf=5&xospf=1&hl=en&ip=0.0.0.0&ipbits=0&expire=1753472960&sparams=ip%2Cipbits%2Cexpire%2Cv%2Cei%2Ccaps%2Copi%2Cxoaf&signature=BF6AAB3D4430CACE152B9187312DC84373EE659D.A4720C5E9D32CB844611A6CC9D701A6F66CF4CEC&key=yt8&kind=asr&lang=en&variant=punctuated&tlang=ro&fmt=json3", "name": "Romanian", "impersonate": true, "__yt_dlp_client": "tv"}, {"ext": "srv1", "url": "https://www.youtube.com/api/timedtext?v=gqAmIg0fcts&ei=T32DaNr0O9zXsfIP_qmmyAk&caps=asr&opi=112496729&xoaf=5&xospf=1&hl=en&ip=0.0.0.0&ipbits=0&expire=1753472960&sparams=ip%2Cipbits%2Cexpire%2Cv%2Cei%2Ccaps%2Copi%2Cxoaf&signature=BF6AAB3D4430CACE152B9187312DC84373EE659D.A4720C5E9D32CB844611A6CC9D701A6F66CF4CEC&key=yt8&kind=asr&lang=en&variant=punctuated&tlang=ro&fmt=srv1", "name": "Romanian", "impersonate": true, "__yt_dlp_client": "tv"}, {"ext": "srv2", "url": "https://www.youtube.com/api/timedtext?v=gqAmIg0fcts&ei=T32DaNr0O9zXsfIP_qmmyAk&caps=asr&opi=112496729&xoaf=5&xospf=1&hl=en&ip=0.0.0.0&ipbits=0&expire=1753472960&sparams=ip%2Cipbits%2Cexpire%2Cv%2Cei%2Ccaps%2Copi%2Cxoaf&signature=BF6AAB3D4430CACE152B9187312DC84373EE659D.A4720C5E9D32CB844611A6CC9D701A6F66CF4CEC&key=yt8&kind=asr&lang=en&variant=punctuated&tlang=ro&fmt=srv2", "name": "Romanian", "impersonate": true, "__yt_dlp_client": "tv"}, {"ext": "srv3", "url": "https://www.youtube.com/api/timedtext?v=gqAmIg0fcts&ei=T32DaNr0O9zXsfIP_qmmyAk&caps=asr&opi=112496729&xoaf=5&xospf=1&hl=en&ip=0.0.0.0&ipbits=0&expire=1753472960&sparams=ip%2Cipbits%2Cexpire%2Cv%2Cei%2Ccaps%2Copi%2Cxoaf&signature=BF6AAB3D4430CACE152B9187312DC84373EE659D.A4720C5E9D32CB844611A6CC9D701A6F66CF4CEC&key=yt8&kind=asr&lang=en&variant=punctuated&tlang=ro&fmt=srv3", "name": "Romanian", "impersonate": true, "__yt_dlp_client": "tv"}, {"ext": "ttml", "url": "https://www.youtube.com/api/timedtext?v=gqAmIg0fcts&ei=T32DaNr0O9zXsfIP_qmmyAk&caps=asr&opi=112496729&xoaf=5&xospf=1&hl=en&ip=0.0.0.0&ipbits=0&expire=1753472960&sparams=ip%2Cipbits%2Cexpire%2Cv%2Cei%2Ccaps%2Copi%2Cxoaf&signature=BF6AAB3D4430CACE152B9187312DC84373EE659D.A4720C5E9D32CB844611A6CC9D701A6F66CF4CEC&key=yt8&kind=asr&lang=en&variant=punctuated&tlang=ro&fmt=ttml", "name": "Romanian", "impersonate": true, "__yt_dlp_client": "tv"}, {"ext": "srt", "url": "https://www.youtube.com/api/timedtext?v=gqAmIg0fcts&ei=T32DaNr0O9zXsfIP_qmmyAk&caps=asr&opi=112496729&xoaf=5&xospf=1&hl=en&ip=0.0.0.0&ipbits=0&expire=1753472960&sparams=ip%2Cipbits%2Cexpire%2Cv%2Cei%2Ccaps%2Copi%2Cxoaf&signature=BF6AAB3D4430CACE152B9187312DC84373EE659D.A4720C5E9D32CB844611A6CC9D701A6F66CF4CEC&key=yt8&kind=asr&lang=en&variant=punctuated&tlang=ro&fmt=srt", "name": "Romanian", "impersonate": true, "__yt_dlp_client": "tv"}, {"ext": "vtt", "url": "https://www.youtube.com/api/timedtext?v=gqAmIg0fcts&ei=T32DaNr0O9zXsfIP_qmmyAk&caps=asr&opi=112496729&xoaf=5&xospf=1&hl=en&ip=0.0.0.0&ipbits=0&expire=1753472960&sparams=ip%2Cipbits%2Cexpire%2Cv%2Cei%2Ccaps%2Copi%2Cxoaf&signature=BF6AAB3D4430CACE152B9187312DC84373EE659D.A4720C5E9D32CB844611A6CC9D701A6F66CF4CEC&key=yt8&kind=asr&lang=en&variant=punctuated&tlang=ro&fmt=vtt", "name": "Romanian", "impersonate": true, "__yt_dlp_client": "tv"}], "rn": [{"ext": "json3", "url": "https://www.youtube.com/api/timedtext?v=gqAmIg0fcts&ei=T32DaNr0O9zXsfIP_qmmyAk&caps=asr&opi=112496729&xoaf=5&xospf=1&hl=en&ip=0.0.0.0&ipbits=0&expire=1753472960&sparams=ip%2Cipbits%2Cexpire%2Cv%2Cei%2Ccaps%2Copi%2Cxoaf&signature=BF6AAB3D4430CACE152B9187312DC84373EE659D.A4720C5E9D32CB844611A6CC9D701A6F66CF4CEC&key=yt8&kind=asr&lang=en&variant=punctuated&tlang=rn&fmt=json3", "name": "Rundi", "impersonate": true, "__yt_dlp_client": "tv"}, {"ext": "srv1", "url": "https://www.youtube.com/api/timedtext?v=gqAmIg0fcts&ei=T32DaNr0O9zXsfIP_qmmyAk&caps=asr&opi=112496729&xoaf=5&xospf=1&hl=en&ip=0.0.0.0&ipbits=0&expire=1753472960&sparams=ip%2Cipbits%2Cexpire%2Cv%2Cei%2Ccaps%2Copi%2Cxoaf&signature=BF6AAB3D4430CACE152B9187312DC84373EE659D.A4720C5E9D32CB844611A6CC9D701A6F66CF4CEC&key=yt8&kind=asr&lang=en&variant=punctuated&tlang=rn&fmt=srv1", "name": "Rundi", "impersonate": true, "__yt_dlp_client": "tv"}, {"ext": "srv2", "url": "https://www.youtube.com/api/timedtext?v=gqAmIg0fcts&ei=T32DaNr0O9zXsfIP_qmmyAk&caps=asr&opi=112496729&xoaf=5&xospf=1&hl=en&ip=0.0.0.0&ipbits=0&expire=1753472960&sparams=ip%2Cipbits%2Cexpire%2Cv%2Cei%2Ccaps%2Copi%2Cxoaf&signature=BF6AAB3D4430CACE152B9187312DC84373EE659D.A4720C5E9D32CB844611A6CC9D701A6F66CF4CEC&key=yt8&kind=asr&lang=en&variant=punctuated&tlang=rn&fmt=srv2", "name": "Rundi", "impersonate": true, "__yt_dlp_client": "tv"}, {"ext": "srv3", "url": "https://www.youtube.com/api/timedtext?v=gqAmIg0fcts&ei=T32DaNr0O9zXsfIP_qmmyAk&caps=asr&opi=112496729&xoaf=5&xospf=1&hl=en&ip=0.0.0.0&ipbits=0&expire=1753472960&sparams=ip%2Cipbits%2Cexpire%2Cv%2Cei%2Ccaps%2Copi%2Cxoaf&signature=BF6AAB3D4430CACE152B9187312DC84373EE659D.A4720C5E9D32CB844611A6CC9D701A6F66CF4CEC&key=yt8&kind=asr&lang=en&variant=punctuated&tlang=rn&fmt=srv3", "name": "Rundi", "impersonate": true, "__yt_dlp_client": "tv"}, {"ext": "ttml", "url": "https://www.youtube.com/api/timedtext?v=gqAmIg0fcts&ei=T32DaNr0O9zXsfIP_qmmyAk&caps=asr&opi=112496729&xoaf=5&xospf=1&hl=en&ip=0.0.0.0&ipbits=0&expire=1753472960&sparams=ip%2Cipbits%2Cexpire%2Cv%2Cei%2Ccaps%2Copi%2Cxoaf&signature=BF6AAB3D4430CACE152B9187312DC84373EE659D.A4720C5E9D32CB844611A6CC9D701A6F66CF4CEC&key=yt8&kind=asr&lang=en&variant=punctuated&tlang=rn&fmt=ttml", "name": "Rundi", "impersonate": true, "__yt_dlp_client": "tv"}, {"ext": "srt", "url": "https://www.youtube.com/api/timedtext?v=gqAmIg0fcts&ei=T32DaNr0O9zXsfIP_qmmyAk&caps=asr&opi=112496729&xoaf=5&xospf=1&hl=en&ip=0.0.0.0&ipbits=0&expire=1753472960&sparams=ip%2Cipbits%2Cexpire%2Cv%2Cei%2Ccaps%2Copi%2Cxoaf&signature=BF6AAB3D4430CACE152B9187312DC84373EE659D.A4720C5E9D32CB844611A6CC9D701A6F66CF4CEC&key=yt8&kind=asr&lang=en&variant=punctuated&tlang=rn&fmt=srt", "name": "Rundi", "impersonate": true, "__yt_dlp_client": "tv"}, {"ext": "vtt", "url": "https://www.youtube.com/api/timedtext?v=gqAmIg0fcts&ei=T32DaNr0O9zXsfIP_qmmyAk&caps=asr&opi=112496729&xoaf=5&xospf=1&hl=en&ip=0.0.0.0&ipbits=0&expire=1753472960&sparams=ip%2Cipbits%2Cexpire%2Cv%2Cei%2Ccaps%2Copi%2Cxoaf&signature=BF6AAB3D4430CACE152B9187312DC84373EE659D.A4720C5E9D32CB844611A6CC9D701A6F66CF4CEC&key=yt8&kind=asr&lang=en&variant=punctuated&tlang=rn&fmt=vtt", "name": "Rundi", "impersonate": true, "__yt_dlp_client": "tv"}], "ru": [{"ext": "json3", "url": "https://www.youtube.com/api/timedtext?v=gqAmIg0fcts&ei=T32DaNr0O9zXsfIP_qmmyAk&caps=asr&opi=112496729&xoaf=5&xospf=1&hl=en&ip=0.0.0.0&ipbits=0&expire=1753472960&sparams=ip%2Cipbits%2Cexpire%2Cv%2Cei%2Ccaps%2Copi%2Cxoaf&signature=BF6AAB3D4430CACE152B9187312DC84373EE659D.A4720C5E9D32CB844611A6CC9D701A6F66CF4CEC&key=yt8&kind=asr&lang=en&variant=punctuated&tlang=ru&fmt=json3", "name": "Russian", "impersonate": true, "__yt_dlp_client": "tv"}, {"ext": "srv1", "url": "https://www.youtube.com/api/timedtext?v=gqAmIg0fcts&ei=T32DaNr0O9zXsfIP_qmmyAk&caps=asr&opi=112496729&xoaf=5&xospf=1&hl=en&ip=0.0.0.0&ipbits=0&expire=1753472960&sparams=ip%2Cipbits%2Cexpire%2Cv%2Cei%2Ccaps%2Copi%2Cxoaf&signature=BF6AAB3D4430CACE152B9187312DC84373EE659D.A4720C5E9D32CB844611A6CC9D701A6F66CF4CEC&key=yt8&kind=asr&lang=en&variant=punctuated&tlang=ru&fmt=srv1", "name": "Russian", "impersonate": true, "__yt_dlp_client": "tv"}, {"ext": "srv2", "url": "https://www.youtube.com/api/timedtext?v=gqAmIg0fcts&ei=T32DaNr0O9zXsfIP_qmmyAk&caps=asr&opi=112496729&xoaf=5&xospf=1&hl=en&ip=0.0.0.0&ipbits=0&expire=1753472960&sparams=ip%2Cipbits%2Cexpire%2Cv%2Cei%2Ccaps%2Copi%2Cxoaf&signature=BF6AAB3D4430CACE152B9187312DC84373EE659D.A4720C5E9D32CB844611A6CC9D701A6F66CF4CEC&key=yt8&kind=asr&lang=en&variant=punctuated&tlang=ru&fmt=srv2", "name": "Russian", "impersonate": true, "__yt_dlp_client": "tv"}, {"ext": "srv3", "url": "https://www.youtube.com/api/timedtext?v=gqAmIg0fcts&ei=T32DaNr0O9zXsfIP_qmmyAk&caps=asr&opi=112496729&xoaf=5&xospf=1&hl=en&ip=0.0.0.0&ipbits=0&expire=1753472960&sparams=ip%2Cipbits%2Cexpire%2Cv%2Cei%2Ccaps%2Copi%2Cxoaf&signature=BF6AAB3D4430CACE152B9187312DC84373EE659D.A4720C5E9D32CB844611A6CC9D701A6F66CF4CEC&key=yt8&kind=asr&lang=en&variant=punctuated&tlang=ru&fmt=srv3", "name": "Russian", "impersonate": true, "__yt_dlp_client": "tv"}, {"ext": "ttml", "url": "https://www.youtube.com/api/timedtext?v=gqAmIg0fcts&ei=T32DaNr0O9zXsfIP_qmmyAk&caps=asr&opi=112496729&xoaf=5&xospf=1&hl=en&ip=0.0.0.0&ipbits=0&expire=1753472960&sparams=ip%2Cipbits%2Cexpire%2Cv%2Cei%2Ccaps%2Copi%2Cxoaf&signature=BF6AAB3D4430CACE152B9187312DC84373EE659D.A4720C5E9D32CB844611A6CC9D701A6F66CF4CEC&key=yt8&kind=asr&lang=en&variant=punctuated&tlang=ru&fmt=ttml", "name": "Russian", "impersonate": true, "__yt_dlp_client": "tv"}, {"ext": "srt", "url": "https://www.youtube.com/api/timedtext?v=gqAmIg0fcts&ei=T32DaNr0O9zXsfIP_qmmyAk&caps=asr&opi=112496729&xoaf=5&xospf=1&hl=en&ip=0.0.0.0&ipbits=0&expire=1753472960&sparams=ip%2Cipbits%2Cexpire%2Cv%2Cei%2Ccaps%2Copi%2Cxoaf&signature=BF6AAB3D4430CACE152B9187312DC84373EE659D.A4720C5E9D32CB844611A6CC9D701A6F66CF4CEC&key=yt8&kind=asr&lang=en&variant=punctuated&tlang=ru&fmt=srt", "name": "Russian", "impersonate": true, "__yt_dlp_client": "tv"}, {"ext": "vtt", "url": "https://www.youtube.com/api/timedtext?v=gqAmIg0fcts&ei=T32DaNr0O9zXsfIP_qmmyAk&caps=asr&opi=112496729&xoaf=5&xospf=1&hl=en&ip=0.0.0.0&ipbits=0&expire=1753472960&sparams=ip%2Cipbits%2Cexpire%2Cv%2Cei%2Ccaps%2Copi%2Cxoaf&signature=BF6AAB3D4430CACE152B9187312DC84373EE659D.A4720C5E9D32CB844611A6CC9D701A6F66CF4CEC&key=yt8&kind=asr&lang=en&variant=punctuated&tlang=ru&fmt=vtt", "name": "Russian", "impersonate": true, "__yt_dlp_client": "tv"}], "sm": [{"ext": "json3", "url": "https://www.youtube.com/api/timedtext?v=gqAmIg0fcts&ei=T32DaNr0O9zXsfIP_qmmyAk&caps=asr&opi=112496729&xoaf=5&xospf=1&hl=en&ip=0.0.0.0&ipbits=0&expire=1753472960&sparams=ip%2Cipbits%2Cexpire%2Cv%2Cei%2Ccaps%2Copi%2Cxoaf&signature=BF6AAB3D4430CACE152B9187312DC84373EE659D.A4720C5E9D32CB844611A6CC9D701A6F66CF4CEC&key=yt8&kind=asr&lang=en&variant=punctuated&tlang=sm&fmt=json3", "name": "Samoan", "impersonate": true, "__yt_dlp_client": "tv"}, {"ext": "srv1", "url": "https://www.youtube.com/api/timedtext?v=gqAmIg0fcts&ei=T32DaNr0O9zXsfIP_qmmyAk&caps=asr&opi=112496729&xoaf=5&xospf=1&hl=en&ip=0.0.0.0&ipbits=0&expire=1753472960&sparams=ip%2Cipbits%2Cexpire%2Cv%2Cei%2Ccaps%2Copi%2Cxoaf&signature=BF6AAB3D4430CACE152B9187312DC84373EE659D.A4720C5E9D32CB844611A6CC9D701A6F66CF4CEC&key=yt8&kind=asr&lang=en&variant=punctuated&tlang=sm&fmt=srv1", "name": "Samoan", "impersonate": true, "__yt_dlp_client": "tv"}, {"ext": "srv2", "url": "https://www.youtube.com/api/timedtext?v=gqAmIg0fcts&ei=T32DaNr0O9zXsfIP_qmmyAk&caps=asr&opi=112496729&xoaf=5&xospf=1&hl=en&ip=0.0.0.0&ipbits=0&expire=1753472960&sparams=ip%2Cipbits%2Cexpire%2Cv%2Cei%2Ccaps%2Copi%2Cxoaf&signature=BF6AAB3D4430CACE152B9187312DC84373EE659D.A4720C5E9D32CB844611A6CC9D701A6F66CF4CEC&key=yt8&kind=asr&lang=en&variant=punctuated&tlang=sm&fmt=srv2", "name": "Samoan", "impersonate": true, "__yt_dlp_client": "tv"}, {"ext": "srv3", "url": "https://www.youtube.com/api/timedtext?v=gqAmIg0fcts&ei=T32DaNr0O9zXsfIP_qmmyAk&caps=asr&opi=112496729&xoaf=5&xospf=1&hl=en&ip=0.0.0.0&ipbits=0&expire=1753472960&sparams=ip%2Cipbits%2Cexpire%2Cv%2Cei%2Ccaps%2Copi%2Cxoaf&signature=BF6AAB3D4430CACE152B9187312DC84373EE659D.A4720C5E9D32CB844611A6CC9D701A6F66CF4CEC&key=yt8&kind=asr&lang=en&variant=punctuated&tlang=sm&fmt=srv3", "name": "Samoan", "impersonate": true, "__yt_dlp_client": "tv"}, {"ext": "ttml", "url": "https://www.youtube.com/api/timedtext?v=gqAmIg0fcts&ei=T32DaNr0O9zXsfIP_qmmyAk&caps=asr&opi=112496729&xoaf=5&xospf=1&hl=en&ip=0.0.0.0&ipbits=0&expire=1753472960&sparams=ip%2Cipbits%2Cexpire%2Cv%2Cei%2Ccaps%2Copi%2Cxoaf&signature=BF6AAB3D4430CACE152B9187312DC84373EE659D.A4720C5E9D32CB844611A6CC9D701A6F66CF4CEC&key=yt8&kind=asr&lang=en&variant=punctuated&tlang=sm&fmt=ttml", "name": "Samoan", "impersonate": true, "__yt_dlp_client": "tv"}, {"ext": "srt", "url": "https://www.youtube.com/api/timedtext?v=gqAmIg0fcts&ei=T32DaNr0O9zXsfIP_qmmyAk&caps=asr&opi=112496729&xoaf=5&xospf=1&hl=en&ip=0.0.0.0&ipbits=0&expire=1753472960&sparams=ip%2Cipbits%2Cexpire%2Cv%2Cei%2Ccaps%2Copi%2Cxoaf&signature=BF6AAB3D4430CACE152B9187312DC84373EE659D.A4720C5E9D32CB844611A6CC9D701A6F66CF4CEC&key=yt8&kind=asr&lang=en&variant=punctuated&tlang=sm&fmt=srt", "name": "Samoan", "impersonate": true, "__yt_dlp_client": "tv"}, {"ext": "vtt", "url": "https://www.youtube.com/api/timedtext?v=gqAmIg0fcts&ei=T32DaNr0O9zXsfIP_qmmyAk&caps=asr&opi=112496729&xoaf=5&xospf=1&hl=en&ip=0.0.0.0&ipbits=0&expire=1753472960&sparams=ip%2Cipbits%2Cexpire%2Cv%2Cei%2Ccaps%2Copi%2Cxoaf&signature=BF6AAB3D4430CACE152B9187312DC84373EE659D.A4720C5E9D32CB844611A6CC9D701A6F66CF4CEC&key=yt8&kind=asr&lang=en&variant=punctuated&tlang=sm&fmt=vtt", "name": "Samoan", "impersonate": true, "__yt_dlp_client": "tv"}], "sg": [{"ext": "json3", "url": "https://www.youtube.com/api/timedtext?v=gqAmIg0fcts&ei=T32DaNr0O9zXsfIP_qmmyAk&caps=asr&opi=112496729&xoaf=5&xospf=1&hl=en&ip=0.0.0.0&ipbits=0&expire=1753472960&sparams=ip%2Cipbits%2Cexpire%2Cv%2Cei%2Ccaps%2Copi%2Cxoaf&signature=BF6AAB3D4430CACE152B9187312DC84373EE659D.A4720C5E9D32CB844611A6CC9D701A6F66CF4CEC&key=yt8&kind=asr&lang=en&variant=punctuated&tlang=sg&fmt=json3", "name": "Sango", "impersonate": true, "__yt_dlp_client": "tv"}, {"ext": "srv1", "url": "https://www.youtube.com/api/timedtext?v=gqAmIg0fcts&ei=T32DaNr0O9zXsfIP_qmmyAk&caps=asr&opi=112496729&xoaf=5&xospf=1&hl=en&ip=0.0.0.0&ipbits=0&expire=1753472960&sparams=ip%2Cipbits%2Cexpire%2Cv%2Cei%2Ccaps%2Copi%2Cxoaf&signature=BF6AAB3D4430CACE152B9187312DC84373EE659D.A4720C5E9D32CB844611A6CC9D701A6F66CF4CEC&key=yt8&kind=asr&lang=en&variant=punctuated&tlang=sg&fmt=srv1", "name": "Sango", "impersonate": true, "__yt_dlp_client": "tv"}, {"ext": "srv2", "url": "https://www.youtube.com/api/timedtext?v=gqAmIg0fcts&ei=T32DaNr0O9zXsfIP_qmmyAk&caps=asr&opi=112496729&xoaf=5&xospf=1&hl=en&ip=0.0.0.0&ipbits=0&expire=1753472960&sparams=ip%2Cipbits%2Cexpire%2Cv%2Cei%2Ccaps%2Copi%2Cxoaf&signature=BF6AAB3D4430CACE152B9187312DC84373EE659D.A4720C5E9D32CB844611A6CC9D701A6F66CF4CEC&key=yt8&kind=asr&lang=en&variant=punctuated&tlang=sg&fmt=srv2", "name": "Sango", "impersonate": true, "__yt_dlp_client": "tv"}, {"ext": "srv3", "url": "https://www.youtube.com/api/timedtext?v=gqAmIg0fcts&ei=T32DaNr0O9zXsfIP_qmmyAk&caps=asr&opi=112496729&xoaf=5&xospf=1&hl=en&ip=0.0.0.0&ipbits=0&expire=1753472960&sparams=ip%2Cipbits%2Cexpire%2Cv%2Cei%2Ccaps%2Copi%2Cxoaf&signature=BF6AAB3D4430CACE152B9187312DC84373EE659D.A4720C5E9D32CB844611A6CC9D701A6F66CF4CEC&key=yt8&kind=asr&lang=en&variant=punctuated&tlang=sg&fmt=srv3", "name": "Sango", "impersonate": true, "__yt_dlp_client": "tv"}, {"ext": "ttml", "url": "https://www.youtube.com/api/timedtext?v=gqAmIg0fcts&ei=T32DaNr0O9zXsfIP_qmmyAk&caps=asr&opi=112496729&xoaf=5&xospf=1&hl=en&ip=0.0.0.0&ipbits=0&expire=1753472960&sparams=ip%2Cipbits%2Cexpire%2Cv%2Cei%2Ccaps%2Copi%2Cxoaf&signature=BF6AAB3D4430CACE152B9187312DC84373EE659D.A4720C5E9D32CB844611A6CC9D701A6F66CF4CEC&key=yt8&kind=asr&lang=en&variant=punctuated&tlang=sg&fmt=ttml", "name": "Sango", "impersonate": true, "__yt_dlp_client": "tv"}, {"ext": "srt", "url": "https://www.youtube.com/api/timedtext?v=gqAmIg0fcts&ei=T32DaNr0O9zXsfIP_qmmyAk&caps=asr&opi=112496729&xoaf=5&xospf=1&hl=en&ip=0.0.0.0&ipbits=0&expire=1753472960&sparams=ip%2Cipbits%2Cexpire%2Cv%2Cei%2Ccaps%2Copi%2Cxoaf&signature=BF6AAB3D4430CACE152B9187312DC84373EE659D.A4720C5E9D32CB844611A6CC9D701A6F66CF4CEC&key=yt8&kind=asr&lang=en&variant=punctuated&tlang=sg&fmt=srt", "name": "Sango", "impersonate": true, "__yt_dlp_client": "tv"}, {"ext": "vtt", "url": "https://www.youtube.com/api/timedtext?v=gqAmIg0fcts&ei=T32DaNr0O9zXsfIP_qmmyAk&caps=asr&opi=112496729&xoaf=5&xospf=1&hl=en&ip=0.0.0.0&ipbits=0&expire=1753472960&sparams=ip%2Cipbits%2Cexpire%2Cv%2Cei%2Ccaps%2Copi%2Cxoaf&signature=BF6AAB3D4430CACE152B9187312DC84373EE659D.A4720C5E9D32CB844611A6CC9D701A6F66CF4CEC&key=yt8&kind=asr&lang=en&variant=punctuated&tlang=sg&fmt=vtt", "name": "Sango", "impersonate": true, "__yt_dlp_client": "tv"}], "sa": [{"ext": "json3", "url": "https://www.youtube.com/api/timedtext?v=gqAmIg0fcts&ei=T32DaNr0O9zXsfIP_qmmyAk&caps=asr&opi=112496729&xoaf=5&xospf=1&hl=en&ip=0.0.0.0&ipbits=0&expire=1753472960&sparams=ip%2Cipbits%2Cexpire%2Cv%2Cei%2Ccaps%2Copi%2Cxoaf&signature=BF6AAB3D4430CACE152B9187312DC84373EE659D.A4720C5E9D32CB844611A6CC9D701A6F66CF4CEC&key=yt8&kind=asr&lang=en&variant=punctuated&tlang=sa&fmt=json3", "name": "Sanskrit", "impersonate": true, "__yt_dlp_client": "tv"}, {"ext": "srv1", "url": "https://www.youtube.com/api/timedtext?v=gqAmIg0fcts&ei=T32DaNr0O9zXsfIP_qmmyAk&caps=asr&opi=112496729&xoaf=5&xospf=1&hl=en&ip=0.0.0.0&ipbits=0&expire=1753472960&sparams=ip%2Cipbits%2Cexpire%2Cv%2Cei%2Ccaps%2Copi%2Cxoaf&signature=BF6AAB3D4430CACE152B9187312DC84373EE659D.A4720C5E9D32CB844611A6CC9D701A6F66CF4CEC&key=yt8&kind=asr&lang=en&variant=punctuated&tlang=sa&fmt=srv1", "name": "Sanskrit", "impersonate": true, "__yt_dlp_client": "tv"}, {"ext": "srv2", "url": "https://www.youtube.com/api/timedtext?v=gqAmIg0fcts&ei=T32DaNr0O9zXsfIP_qmmyAk&caps=asr&opi=112496729&xoaf=5&xospf=1&hl=en&ip=0.0.0.0&ipbits=0&expire=1753472960&sparams=ip%2Cipbits%2Cexpire%2Cv%2Cei%2Ccaps%2Copi%2Cxoaf&signature=BF6AAB3D4430CACE152B9187312DC84373EE659D.A4720C5E9D32CB844611A6CC9D701A6F66CF4CEC&key=yt8&kind=asr&lang=en&variant=punctuated&tlang=sa&fmt=srv2", "name": "Sanskrit", "impersonate": true, "__yt_dlp_client": "tv"}, {"ext": "srv3", "url": "https://www.youtube.com/api/timedtext?v=gqAmIg0fcts&ei=T32DaNr0O9zXsfIP_qmmyAk&caps=asr&opi=112496729&xoaf=5&xospf=1&hl=en&ip=0.0.0.0&ipbits=0&expire=1753472960&sparams=ip%2Cipbits%2Cexpire%2Cv%2Cei%2Ccaps%2Copi%2Cxoaf&signature=BF6AAB3D4430CACE152B9187312DC84373EE659D.A4720C5E9D32CB844611A6CC9D701A6F66CF4CEC&key=yt8&kind=asr&lang=en&variant=punctuated&tlang=sa&fmt=srv3", "name": "Sanskrit", "impersonate": true, "__yt_dlp_client": "tv"}, {"ext": "ttml", "url": "https://www.youtube.com/api/timedtext?v=gqAmIg0fcts&ei=T32DaNr0O9zXsfIP_qmmyAk&caps=asr&opi=112496729&xoaf=5&xospf=1&hl=en&ip=0.0.0.0&ipbits=0&expire=1753472960&sparams=ip%2Cipbits%2Cexpire%2Cv%2Cei%2Ccaps%2Copi%2Cxoaf&signature=BF6AAB3D4430CACE152B9187312DC84373EE659D.A4720C5E9D32CB844611A6CC9D701A6F66CF4CEC&key=yt8&kind=asr&lang=en&variant=punctuated&tlang=sa&fmt=ttml", "name": "Sanskrit", "impersonate": true, "__yt_dlp_client": "tv"}, {"ext": "srt", "url": "https://www.youtube.com/api/timedtext?v=gqAmIg0fcts&ei=T32DaNr0O9zXsfIP_qmmyAk&caps=asr&opi=112496729&xoaf=5&xospf=1&hl=en&ip=0.0.0.0&ipbits=0&expire=1753472960&sparams=ip%2Cipbits%2Cexpire%2Cv%2Cei%2Ccaps%2Copi%2Cxoaf&signature=BF6AAB3D4430CACE152B9187312DC84373EE659D.A4720C5E9D32CB844611A6CC9D701A6F66CF4CEC&key=yt8&kind=asr&lang=en&variant=punctuated&tlang=sa&fmt=srt", "name": "Sanskrit", "impersonate": true, "__yt_dlp_client": "tv"}, {"ext": "vtt", "url": "https://www.youtube.com/api/timedtext?v=gqAmIg0fcts&ei=T32DaNr0O9zXsfIP_qmmyAk&caps=asr&opi=112496729&xoaf=5&xospf=1&hl=en&ip=0.0.0.0&ipbits=0&expire=1753472960&sparams=ip%2Cipbits%2Cexpire%2Cv%2Cei%2Ccaps%2Copi%2Cxoaf&signature=BF6AAB3D4430CACE152B9187312DC84373EE659D.A4720C5E9D32CB844611A6CC9D701A6F66CF4CEC&key=yt8&kind=asr&lang=en&variant=punctuated&tlang=sa&fmt=vtt", "name": "Sanskrit", "impersonate": true, "__yt_dlp_client": "tv"}], "gd": [{"ext": "json3", "url": "https://www.youtube.com/api/timedtext?v=gqAmIg0fcts&ei=T32DaNr0O9zXsfIP_qmmyAk&caps=asr&opi=112496729&xoaf=5&xospf=1&hl=en&ip=0.0.0.0&ipbits=0&expire=1753472960&sparams=ip%2Cipbits%2Cexpire%2Cv%2Cei%2Ccaps%2Copi%2Cxoaf&signature=BF6AAB3D4430CACE152B9187312DC84373EE659D.A4720C5E9D32CB844611A6CC9D701A6F66CF4CEC&key=yt8&kind=asr&lang=en&variant=punctuated&tlang=gd&fmt=json3", "name": "Scottish Gaelic", "impersonate": true, "__yt_dlp_client": "tv"}, {"ext": "srv1", "url": "https://www.youtube.com/api/timedtext?v=gqAmIg0fcts&ei=T32DaNr0O9zXsfIP_qmmyAk&caps=asr&opi=112496729&xoaf=5&xospf=1&hl=en&ip=0.0.0.0&ipbits=0&expire=1753472960&sparams=ip%2Cipbits%2Cexpire%2Cv%2Cei%2Ccaps%2Copi%2Cxoaf&signature=BF6AAB3D4430CACE152B9187312DC84373EE659D.A4720C5E9D32CB844611A6CC9D701A6F66CF4CEC&key=yt8&kind=asr&lang=en&variant=punctuated&tlang=gd&fmt=srv1", "name": "Scottish Gaelic", "impersonate": true, "__yt_dlp_client": "tv"}, {"ext": "srv2", "url": "https://www.youtube.com/api/timedtext?v=gqAmIg0fcts&ei=T32DaNr0O9zXsfIP_qmmyAk&caps=asr&opi=112496729&xoaf=5&xospf=1&hl=en&ip=0.0.0.0&ipbits=0&expire=1753472960&sparams=ip%2Cipbits%2Cexpire%2Cv%2Cei%2Ccaps%2Copi%2Cxoaf&signature=BF6AAB3D4430CACE152B9187312DC84373EE659D.A4720C5E9D32CB844611A6CC9D701A6F66CF4CEC&key=yt8&kind=asr&lang=en&variant=punctuated&tlang=gd&fmt=srv2", "name": "Scottish Gaelic", "impersonate": true, "__yt_dlp_client": "tv"}, {"ext": "srv3", "url": "https://www.youtube.com/api/timedtext?v=gqAmIg0fcts&ei=T32DaNr0O9zXsfIP_qmmyAk&caps=asr&opi=112496729&xoaf=5&xospf=1&hl=en&ip=0.0.0.0&ipbits=0&expire=1753472960&sparams=ip%2Cipbits%2Cexpire%2Cv%2Cei%2Ccaps%2Copi%2Cxoaf&signature=BF6AAB3D4430CACE152B9187312DC84373EE659D.A4720C5E9D32CB844611A6CC9D701A6F66CF4CEC&key=yt8&kind=asr&lang=en&variant=punctuated&tlang=gd&fmt=srv3", "name": "Scottish Gaelic", "impersonate": true, "__yt_dlp_client": "tv"}, {"ext": "ttml", "url": "https://www.youtube.com/api/timedtext?v=gqAmIg0fcts&ei=T32DaNr0O9zXsfIP_qmmyAk&caps=asr&opi=112496729&xoaf=5&xospf=1&hl=en&ip=0.0.0.0&ipbits=0&expire=1753472960&sparams=ip%2Cipbits%2Cexpire%2Cv%2Cei%2Ccaps%2Copi%2Cxoaf&signature=BF6AAB3D4430CACE152B9187312DC84373EE659D.A4720C5E9D32CB844611A6CC9D701A6F66CF4CEC&key=yt8&kind=asr&lang=en&variant=punctuated&tlang=gd&fmt=ttml", "name": "Scottish Gaelic", "impersonate": true, "__yt_dlp_client": "tv"}, {"ext": "srt", "url": "https://www.youtube.com/api/timedtext?v=gqAmIg0fcts&ei=T32DaNr0O9zXsfIP_qmmyAk&caps=asr&opi=112496729&xoaf=5&xospf=1&hl=en&ip=0.0.0.0&ipbits=0&expire=1753472960&sparams=ip%2Cipbits%2Cexpire%2Cv%2Cei%2Ccaps%2Copi%2Cxoaf&signature=BF6AAB3D4430CACE152B9187312DC84373EE659D.A4720C5E9D32CB844611A6CC9D701A6F66CF4CEC&key=yt8&kind=asr&lang=en&variant=punctuated&tlang=gd&fmt=srt", "name": "Scottish Gaelic", "impersonate": true, "__yt_dlp_client": "tv"}, {"ext": "vtt", "url": "https://www.youtube.com/api/timedtext?v=gqAmIg0fcts&ei=T32DaNr0O9zXsfIP_qmmyAk&caps=asr&opi=112496729&xoaf=5&xospf=1&hl=en&ip=0.0.0.0&ipbits=0&expire=1753472960&sparams=ip%2Cipbits%2Cexpire%2Cv%2Cei%2Ccaps%2Copi%2Cxoaf&signature=BF6AAB3D4430CACE152B9187312DC84373EE659D.A4720C5E9D32CB844611A6CC9D701A6F66CF4CEC&key=yt8&kind=asr&lang=en&variant=punctuated&tlang=gd&fmt=vtt", "name": "Scottish Gaelic", "impersonate": true, "__yt_dlp_client": "tv"}], "sr": [{"ext": "json3", "url": "https://www.youtube.com/api/timedtext?v=gqAmIg0fcts&ei=T32DaNr0O9zXsfIP_qmmyAk&caps=asr&opi=112496729&xoaf=5&xospf=1&hl=en&ip=0.0.0.0&ipbits=0&expire=1753472960&sparams=ip%2Cipbits%2Cexpire%2Cv%2Cei%2Ccaps%2Copi%2Cxoaf&signature=BF6AAB3D4430CACE152B9187312DC84373EE659D.A4720C5E9D32CB844611A6CC9D701A6F66CF4CEC&key=yt8&kind=asr&lang=en&variant=punctuated&tlang=sr&fmt=json3", "name": "Serbian", "impersonate": true, "__yt_dlp_client": "tv"}, {"ext": "srv1", "url": "https://www.youtube.com/api/timedtext?v=gqAmIg0fcts&ei=T32DaNr0O9zXsfIP_qmmyAk&caps=asr&opi=112496729&xoaf=5&xospf=1&hl=en&ip=0.0.0.0&ipbits=0&expire=1753472960&sparams=ip%2Cipbits%2Cexpire%2Cv%2Cei%2Ccaps%2Copi%2Cxoaf&signature=BF6AAB3D4430CACE152B9187312DC84373EE659D.A4720C5E9D32CB844611A6CC9D701A6F66CF4CEC&key=yt8&kind=asr&lang=en&variant=punctuated&tlang=sr&fmt=srv1", "name": "Serbian", "impersonate": true, "__yt_dlp_client": "tv"}, {"ext": "srv2", "url": "https://www.youtube.com/api/timedtext?v=gqAmIg0fcts&ei=T32DaNr0O9zXsfIP_qmmyAk&caps=asr&opi=112496729&xoaf=5&xospf=1&hl=en&ip=0.0.0.0&ipbits=0&expire=1753472960&sparams=ip%2Cipbits%2Cexpire%2Cv%2Cei%2Ccaps%2Copi%2Cxoaf&signature=BF6AAB3D4430CACE152B9187312DC84373EE659D.A4720C5E9D32CB844611A6CC9D701A6F66CF4CEC&key=yt8&kind=asr&lang=en&variant=punctuated&tlang=sr&fmt=srv2", "name": "Serbian", "impersonate": true, "__yt_dlp_client": "tv"}, {"ext": "srv3", "url": "https://www.youtube.com/api/timedtext?v=gqAmIg0fcts&ei=T32DaNr0O9zXsfIP_qmmyAk&caps=asr&opi=112496729&xoaf=5&xospf=1&hl=en&ip=0.0.0.0&ipbits=0&expire=1753472960&sparams=ip%2Cipbits%2Cexpire%2Cv%2Cei%2Ccaps%2Copi%2Cxoaf&signature=BF6AAB3D4430CACE152B9187312DC84373EE659D.A4720C5E9D32CB844611A6CC9D701A6F66CF4CEC&key=yt8&kind=asr&lang=en&variant=punctuated&tlang=sr&fmt=srv3", "name": "Serbian", "impersonate": true, "__yt_dlp_client": "tv"}, {"ext": "ttml", "url": "https://www.youtube.com/api/timedtext?v=gqAmIg0fcts&ei=T32DaNr0O9zXsfIP_qmmyAk&caps=asr&opi=112496729&xoaf=5&xospf=1&hl=en&ip=0.0.0.0&ipbits=0&expire=1753472960&sparams=ip%2Cipbits%2Cexpire%2Cv%2Cei%2Ccaps%2Copi%2Cxoaf&signature=BF6AAB3D4430CACE152B9187312DC84373EE659D.A4720C5E9D32CB844611A6CC9D701A6F66CF4CEC&key=yt8&kind=asr&lang=en&variant=punctuated&tlang=sr&fmt=ttml", "name": "Serbian", "impersonate": true, "__yt_dlp_client": "tv"}, {"ext": "srt", "url": "https://www.youtube.com/api/timedtext?v=gqAmIg0fcts&ei=T32DaNr0O9zXsfIP_qmmyAk&caps=asr&opi=112496729&xoaf=5&xospf=1&hl=en&ip=0.0.0.0&ipbits=0&expire=1753472960&sparams=ip%2Cipbits%2Cexpire%2Cv%2Cei%2Ccaps%2Copi%2Cxoaf&signature=BF6AAB3D4430CACE152B9187312DC84373EE659D.A4720C5E9D32CB844611A6CC9D701A6F66CF4CEC&key=yt8&kind=asr&lang=en&variant=punctuated&tlang=sr&fmt=srt", "name": "Serbian", "impersonate": true, "__yt_dlp_client": "tv"}, {"ext": "vtt", "url": "https://www.youtube.com/api/timedtext?v=gqAmIg0fcts&ei=T32DaNr0O9zXsfIP_qmmyAk&caps=asr&opi=112496729&xoaf=5&xospf=1&hl=en&ip=0.0.0.0&ipbits=0&expire=1753472960&sparams=ip%2Cipbits%2Cexpire%2Cv%2Cei%2Ccaps%2Copi%2Cxoaf&signature=BF6AAB3D4430CACE152B9187312DC84373EE659D.A4720C5E9D32CB844611A6CC9D701A6F66CF4CEC&key=yt8&kind=asr&lang=en&variant=punctuated&tlang=sr&fmt=vtt", "name": "Serbian", "impersonate": true, "__yt_dlp_client": "tv"}], "crs": [{"ext": "json3", "url": "https://www.youtube.com/api/timedtext?v=gqAmIg0fcts&ei=T32DaNr0O9zXsfIP_qmmyAk&caps=asr&opi=112496729&xoaf=5&xospf=1&hl=en&ip=0.0.0.0&ipbits=0&expire=1753472960&sparams=ip%2Cipbits%2Cexpire%2Cv%2Cei%2Ccaps%2Copi%2Cxoaf&signature=BF6AAB3D4430CACE152B9187312DC84373EE659D.A4720C5E9D32CB844611A6CC9D701A6F66CF4CEC&key=yt8&kind=asr&lang=en&variant=punctuated&tlang=crs&fmt=json3", "name": "Seselwa Creole French", "impersonate": true, "__yt_dlp_client": "tv"}, {"ext": "srv1", "url": "https://www.youtube.com/api/timedtext?v=gqAmIg0fcts&ei=T32DaNr0O9zXsfIP_qmmyAk&caps=asr&opi=112496729&xoaf=5&xospf=1&hl=en&ip=0.0.0.0&ipbits=0&expire=1753472960&sparams=ip%2Cipbits%2Cexpire%2Cv%2Cei%2Ccaps%2Copi%2Cxoaf&signature=BF6AAB3D4430CACE152B9187312DC84373EE659D.A4720C5E9D32CB844611A6CC9D701A6F66CF4CEC&key=yt8&kind=asr&lang=en&variant=punctuated&tlang=crs&fmt=srv1", "name": "Seselwa Creole French", "impersonate": true, "__yt_dlp_client": "tv"}, {"ext": "srv2", "url": "https://www.youtube.com/api/timedtext?v=gqAmIg0fcts&ei=T32DaNr0O9zXsfIP_qmmyAk&caps=asr&opi=112496729&xoaf=5&xospf=1&hl=en&ip=0.0.0.0&ipbits=0&expire=1753472960&sparams=ip%2Cipbits%2Cexpire%2Cv%2Cei%2Ccaps%2Copi%2Cxoaf&signature=BF6AAB3D4430CACE152B9187312DC84373EE659D.A4720C5E9D32CB844611A6CC9D701A6F66CF4CEC&key=yt8&kind=asr&lang=en&variant=punctuated&tlang=crs&fmt=srv2", "name": "Seselwa Creole French", "impersonate": true, "__yt_dlp_client": "tv"}, {"ext": "srv3", "url": "https://www.youtube.com/api/timedtext?v=gqAmIg0fcts&ei=T32DaNr0O9zXsfIP_qmmyAk&caps=asr&opi=112496729&xoaf=5&xospf=1&hl=en&ip=0.0.0.0&ipbits=0&expire=1753472960&sparams=ip%2Cipbits%2Cexpire%2Cv%2Cei%2Ccaps%2Copi%2Cxoaf&signature=BF6AAB3D4430CACE152B9187312DC84373EE659D.A4720C5E9D32CB844611A6CC9D701A6F66CF4CEC&key=yt8&kind=asr&lang=en&variant=punctuated&tlang=crs&fmt=srv3", "name": "Seselwa Creole French", "impersonate": true, "__yt_dlp_client": "tv"}, {"ext": "ttml", "url": "https://www.youtube.com/api/timedtext?v=gqAmIg0fcts&ei=T32DaNr0O9zXsfIP_qmmyAk&caps=asr&opi=112496729&xoaf=5&xospf=1&hl=en&ip=0.0.0.0&ipbits=0&expire=1753472960&sparams=ip%2Cipbits%2Cexpire%2Cv%2Cei%2Ccaps%2Copi%2Cxoaf&signature=BF6AAB3D4430CACE152B9187312DC84373EE659D.A4720C5E9D32CB844611A6CC9D701A6F66CF4CEC&key=yt8&kind=asr&lang=en&variant=punctuated&tlang=crs&fmt=ttml", "name": "Seselwa Creole French", "impersonate": true, "__yt_dlp_client": "tv"}, {"ext": "srt", "url": "https://www.youtube.com/api/timedtext?v=gqAmIg0fcts&ei=T32DaNr0O9zXsfIP_qmmyAk&caps=asr&opi=112496729&xoaf=5&xospf=1&hl=en&ip=0.0.0.0&ipbits=0&expire=1753472960&sparams=ip%2Cipbits%2Cexpire%2Cv%2Cei%2Ccaps%2Copi%2Cxoaf&signature=BF6AAB3D4430CACE152B9187312DC84373EE659D.A4720C5E9D32CB844611A6CC9D701A6F66CF4CEC&key=yt8&kind=asr&lang=en&variant=punctuated&tlang=crs&fmt=srt", "name": "Seselwa Creole French", "impersonate": true, "__yt_dlp_client": "tv"}, {"ext": "vtt", "url": "https://www.youtube.com/api/timedtext?v=gqAmIg0fcts&ei=T32DaNr0O9zXsfIP_qmmyAk&caps=asr&opi=112496729&xoaf=5&xospf=1&hl=en&ip=0.0.0.0&ipbits=0&expire=1753472960&sparams=ip%2Cipbits%2Cexpire%2Cv%2Cei%2Ccaps%2Copi%2Cxoaf&signature=BF6AAB3D4430CACE152B9187312DC84373EE659D.A4720C5E9D32CB844611A6CC9D701A6F66CF4CEC&key=yt8&kind=asr&lang=en&variant=punctuated&tlang=crs&fmt=vtt", "name": "Seselwa Creole French", "impersonate": true, "__yt_dlp_client": "tv"}], "sn": [{"ext": "json3", "url": "https://www.youtube.com/api/timedtext?v=gqAmIg0fcts&ei=T32DaNr0O9zXsfIP_qmmyAk&caps=asr&opi=112496729&xoaf=5&xospf=1&hl=en&ip=0.0.0.0&ipbits=0&expire=1753472960&sparams=ip%2Cipbits%2Cexpire%2Cv%2Cei%2Ccaps%2Copi%2Cxoaf&signature=BF6AAB3D4430CACE152B9187312DC84373EE659D.A4720C5E9D32CB844611A6CC9D701A6F66CF4CEC&key=yt8&kind=asr&lang=en&variant=punctuated&tlang=sn&fmt=json3", "name": "Shona", "impersonate": true, "__yt_dlp_client": "tv"}, {"ext": "srv1", "url": "https://www.youtube.com/api/timedtext?v=gqAmIg0fcts&ei=T32DaNr0O9zXsfIP_qmmyAk&caps=asr&opi=112496729&xoaf=5&xospf=1&hl=en&ip=0.0.0.0&ipbits=0&expire=1753472960&sparams=ip%2Cipbits%2Cexpire%2Cv%2Cei%2Ccaps%2Copi%2Cxoaf&signature=BF6AAB3D4430CACE152B9187312DC84373EE659D.A4720C5E9D32CB844611A6CC9D701A6F66CF4CEC&key=yt8&kind=asr&lang=en&variant=punctuated&tlang=sn&fmt=srv1", "name": "Shona", "impersonate": true, "__yt_dlp_client": "tv"}, {"ext": "srv2", "url": "https://www.youtube.com/api/timedtext?v=gqAmIg0fcts&ei=T32DaNr0O9zXsfIP_qmmyAk&caps=asr&opi=112496729&xoaf=5&xospf=1&hl=en&ip=0.0.0.0&ipbits=0&expire=1753472960&sparams=ip%2Cipbits%2Cexpire%2Cv%2Cei%2Ccaps%2Copi%2Cxoaf&signature=BF6AAB3D4430CACE152B9187312DC84373EE659D.A4720C5E9D32CB844611A6CC9D701A6F66CF4CEC&key=yt8&kind=asr&lang=en&variant=punctuated&tlang=sn&fmt=srv2", "name": "Shona", "impersonate": true, "__yt_dlp_client": "tv"}, {"ext": "srv3", "url": "https://www.youtube.com/api/timedtext?v=gqAmIg0fcts&ei=T32DaNr0O9zXsfIP_qmmyAk&caps=asr&opi=112496729&xoaf=5&xospf=1&hl=en&ip=0.0.0.0&ipbits=0&expire=1753472960&sparams=ip%2Cipbits%2Cexpire%2Cv%2Cei%2Ccaps%2Copi%2Cxoaf&signature=BF6AAB3D4430CACE152B9187312DC84373EE659D.A4720C5E9D32CB844611A6CC9D701A6F66CF4CEC&key=yt8&kind=asr&lang=en&variant=punctuated&tlang=sn&fmt=srv3", "name": "Shona", "impersonate": true, "__yt_dlp_client": "tv"}, {"ext": "ttml", "url": "https://www.youtube.com/api/timedtext?v=gqAmIg0fcts&ei=T32DaNr0O9zXsfIP_qmmyAk&caps=asr&opi=112496729&xoaf=5&xospf=1&hl=en&ip=0.0.0.0&ipbits=0&expire=1753472960&sparams=ip%2Cipbits%2Cexpire%2Cv%2Cei%2Ccaps%2Copi%2Cxoaf&signature=BF6AAB3D4430CACE152B9187312DC84373EE659D.A4720C5E9D32CB844611A6CC9D701A6F66CF4CEC&key=yt8&kind=asr&lang=en&variant=punctuated&tlang=sn&fmt=ttml", "name": "Shona", "impersonate": true, "__yt_dlp_client": "tv"}, {"ext": "srt", "url": "https://www.youtube.com/api/timedtext?v=gqAmIg0fcts&ei=T32DaNr0O9zXsfIP_qmmyAk&caps=asr&opi=112496729&xoaf=5&xospf=1&hl=en&ip=0.0.0.0&ipbits=0&expire=1753472960&sparams=ip%2Cipbits%2Cexpire%2Cv%2Cei%2Ccaps%2Copi%2Cxoaf&signature=BF6AAB3D4430CACE152B9187312DC84373EE659D.A4720C5E9D32CB844611A6CC9D701A6F66CF4CEC&key=yt8&kind=asr&lang=en&variant=punctuated&tlang=sn&fmt=srt", "name": "Shona", "impersonate": true, "__yt_dlp_client": "tv"}, {"ext": "vtt", "url": "https://www.youtube.com/api/timedtext?v=gqAmIg0fcts&ei=T32DaNr0O9zXsfIP_qmmyAk&caps=asr&opi=112496729&xoaf=5&xospf=1&hl=en&ip=0.0.0.0&ipbits=0&expire=1753472960&sparams=ip%2Cipbits%2Cexpire%2Cv%2Cei%2Ccaps%2Copi%2Cxoaf&signature=BF6AAB3D4430CACE152B9187312DC84373EE659D.A4720C5E9D32CB844611A6CC9D701A6F66CF4CEC&key=yt8&kind=asr&lang=en&variant=punctuated&tlang=sn&fmt=vtt", "name": "Shona", "impersonate": true, "__yt_dlp_client": "tv"}], "sd": [{"ext": "json3", "url": "https://www.youtube.com/api/timedtext?v=gqAmIg0fcts&ei=T32DaNr0O9zXsfIP_qmmyAk&caps=asr&opi=112496729&xoaf=5&xospf=1&hl=en&ip=0.0.0.0&ipbits=0&expire=1753472960&sparams=ip%2Cipbits%2Cexpire%2Cv%2Cei%2Ccaps%2Copi%2Cxoaf&signature=BF6AAB3D4430CACE152B9187312DC84373EE659D.A4720C5E9D32CB844611A6CC9D701A6F66CF4CEC&key=yt8&kind=asr&lang=en&variant=punctuated&tlang=sd&fmt=json3", "name": "Sindhi", "impersonate": true, "__yt_dlp_client": "tv"}, {"ext": "srv1", "url": "https://www.youtube.com/api/timedtext?v=gqAmIg0fcts&ei=T32DaNr0O9zXsfIP_qmmyAk&caps=asr&opi=112496729&xoaf=5&xospf=1&hl=en&ip=0.0.0.0&ipbits=0&expire=1753472960&sparams=ip%2Cipbits%2Cexpire%2Cv%2Cei%2Ccaps%2Copi%2Cxoaf&signature=BF6AAB3D4430CACE152B9187312DC84373EE659D.A4720C5E9D32CB844611A6CC9D701A6F66CF4CEC&key=yt8&kind=asr&lang=en&variant=punctuated&tlang=sd&fmt=srv1", "name": "Sindhi", "impersonate": true, "__yt_dlp_client": "tv"}, {"ext": "srv2", "url": "https://www.youtube.com/api/timedtext?v=gqAmIg0fcts&ei=T32DaNr0O9zXsfIP_qmmyAk&caps=asr&opi=112496729&xoaf=5&xospf=1&hl=en&ip=0.0.0.0&ipbits=0&expire=1753472960&sparams=ip%2Cipbits%2Cexpire%2Cv%2Cei%2Ccaps%2Copi%2Cxoaf&signature=BF6AAB3D4430CACE152B9187312DC84373EE659D.A4720C5E9D32CB844611A6CC9D701A6F66CF4CEC&key=yt8&kind=asr&lang=en&variant=punctuated&tlang=sd&fmt=srv2", "name": "Sindhi", "impersonate": true, "__yt_dlp_client": "tv"}, {"ext": "srv3", "url": "https://www.youtube.com/api/timedtext?v=gqAmIg0fcts&ei=T32DaNr0O9zXsfIP_qmmyAk&caps=asr&opi=112496729&xoaf=5&xospf=1&hl=en&ip=0.0.0.0&ipbits=0&expire=1753472960&sparams=ip%2Cipbits%2Cexpire%2Cv%2Cei%2Ccaps%2Copi%2Cxoaf&signature=BF6AAB3D4430CACE152B9187312DC84373EE659D.A4720C5E9D32CB844611A6CC9D701A6F66CF4CEC&key=yt8&kind=asr&lang=en&variant=punctuated&tlang=sd&fmt=srv3", "name": "Sindhi", "impersonate": true, "__yt_dlp_client": "tv"}, {"ext": "ttml", "url": "https://www.youtube.com/api/timedtext?v=gqAmIg0fcts&ei=T32DaNr0O9zXsfIP_qmmyAk&caps=asr&opi=112496729&xoaf=5&xospf=1&hl=en&ip=0.0.0.0&ipbits=0&expire=1753472960&sparams=ip%2Cipbits%2Cexpire%2Cv%2Cei%2Ccaps%2Copi%2Cxoaf&signature=BF6AAB3D4430CACE152B9187312DC84373EE659D.A4720C5E9D32CB844611A6CC9D701A6F66CF4CEC&key=yt8&kind=asr&lang=en&variant=punctuated&tlang=sd&fmt=ttml", "name": "Sindhi", "impersonate": true, "__yt_dlp_client": "tv"}, {"ext": "srt", "url": "https://www.youtube.com/api/timedtext?v=gqAmIg0fcts&ei=T32DaNr0O9zXsfIP_qmmyAk&caps=asr&opi=112496729&xoaf=5&xospf=1&hl=en&ip=0.0.0.0&ipbits=0&expire=1753472960&sparams=ip%2Cipbits%2Cexpire%2Cv%2Cei%2Ccaps%2Copi%2Cxoaf&signature=BF6AAB3D4430CACE152B9187312DC84373EE659D.A4720C5E9D32CB844611A6CC9D701A6F66CF4CEC&key=yt8&kind=asr&lang=en&variant=punctuated&tlang=sd&fmt=srt", "name": "Sindhi", "impersonate": true, "__yt_dlp_client": "tv"}, {"ext": "vtt", "url": "https://www.youtube.com/api/timedtext?v=gqAmIg0fcts&ei=T32DaNr0O9zXsfIP_qmmyAk&caps=asr&opi=112496729&xoaf=5&xospf=1&hl=en&ip=0.0.0.0&ipbits=0&expire=1753472960&sparams=ip%2Cipbits%2Cexpire%2Cv%2Cei%2Ccaps%2Copi%2Cxoaf&signature=BF6AAB3D4430CACE152B9187312DC84373EE659D.A4720C5E9D32CB844611A6CC9D701A6F66CF4CEC&key=yt8&kind=asr&lang=en&variant=punctuated&tlang=sd&fmt=vtt", "name": "Sindhi", "impersonate": true, "__yt_dlp_client": "tv"}], "si": [{"ext": "json3", "url": "https://www.youtube.com/api/timedtext?v=gqAmIg0fcts&ei=T32DaNr0O9zXsfIP_qmmyAk&caps=asr&opi=112496729&xoaf=5&xospf=1&hl=en&ip=0.0.0.0&ipbits=0&expire=1753472960&sparams=ip%2Cipbits%2Cexpire%2Cv%2Cei%2Ccaps%2Copi%2Cxoaf&signature=BF6AAB3D4430CACE152B9187312DC84373EE659D.A4720C5E9D32CB844611A6CC9D701A6F66CF4CEC&key=yt8&kind=asr&lang=en&variant=punctuated&tlang=si&fmt=json3", "name": "Sinhala", "impersonate": true, "__yt_dlp_client": "tv"}, {"ext": "srv1", "url": "https://www.youtube.com/api/timedtext?v=gqAmIg0fcts&ei=T32DaNr0O9zXsfIP_qmmyAk&caps=asr&opi=112496729&xoaf=5&xospf=1&hl=en&ip=0.0.0.0&ipbits=0&expire=1753472960&sparams=ip%2Cipbits%2Cexpire%2Cv%2Cei%2Ccaps%2Copi%2Cxoaf&signature=BF6AAB3D4430CACE152B9187312DC84373EE659D.A4720C5E9D32CB844611A6CC9D701A6F66CF4CEC&key=yt8&kind=asr&lang=en&variant=punctuated&tlang=si&fmt=srv1", "name": "Sinhala", "impersonate": true, "__yt_dlp_client": "tv"}, {"ext": "srv2", "url": "https://www.youtube.com/api/timedtext?v=gqAmIg0fcts&ei=T32DaNr0O9zXsfIP_qmmyAk&caps=asr&opi=112496729&xoaf=5&xospf=1&hl=en&ip=0.0.0.0&ipbits=0&expire=1753472960&sparams=ip%2Cipbits%2Cexpire%2Cv%2Cei%2Ccaps%2Copi%2Cxoaf&signature=BF6AAB3D4430CACE152B9187312DC84373EE659D.A4720C5E9D32CB844611A6CC9D701A6F66CF4CEC&key=yt8&kind=asr&lang=en&variant=punctuated&tlang=si&fmt=srv2", "name": "Sinhala", "impersonate": true, "__yt_dlp_client": "tv"}, {"ext": "srv3", "url": "https://www.youtube.com/api/timedtext?v=gqAmIg0fcts&ei=T32DaNr0O9zXsfIP_qmmyAk&caps=asr&opi=112496729&xoaf=5&xospf=1&hl=en&ip=0.0.0.0&ipbits=0&expire=1753472960&sparams=ip%2Cipbits%2Cexpire%2Cv%2Cei%2Ccaps%2Copi%2Cxoaf&signature=BF6AAB3D4430CACE152B9187312DC84373EE659D.A4720C5E9D32CB844611A6CC9D701A6F66CF4CEC&key=yt8&kind=asr&lang=en&variant=punctuated&tlang=si&fmt=srv3", "name": "Sinhala", "impersonate": true, "__yt_dlp_client": "tv"}, {"ext": "ttml", "url": "https://www.youtube.com/api/timedtext?v=gqAmIg0fcts&ei=T32DaNr0O9zXsfIP_qmmyAk&caps=asr&opi=112496729&xoaf=5&xospf=1&hl=en&ip=0.0.0.0&ipbits=0&expire=1753472960&sparams=ip%2Cipbits%2Cexpire%2Cv%2Cei%2Ccaps%2Copi%2Cxoaf&signature=BF6AAB3D4430CACE152B9187312DC84373EE659D.A4720C5E9D32CB844611A6CC9D701A6F66CF4CEC&key=yt8&kind=asr&lang=en&variant=punctuated&tlang=si&fmt=ttml", "name": "Sinhala", "impersonate": true, "__yt_dlp_client": "tv"}, {"ext": "srt", "url": "https://www.youtube.com/api/timedtext?v=gqAmIg0fcts&ei=T32DaNr0O9zXsfIP_qmmyAk&caps=asr&opi=112496729&xoaf=5&xospf=1&hl=en&ip=0.0.0.0&ipbits=0&expire=1753472960&sparams=ip%2Cipbits%2Cexpire%2Cv%2Cei%2Ccaps%2Copi%2Cxoaf&signature=BF6AAB3D4430CACE152B9187312DC84373EE659D.A4720C5E9D32CB844611A6CC9D701A6F66CF4CEC&key=yt8&kind=asr&lang=en&variant=punctuated&tlang=si&fmt=srt", "name": "Sinhala", "impersonate": true, "__yt_dlp_client": "tv"}, {"ext": "vtt", "url": "https://www.youtube.com/api/timedtext?v=gqAmIg0fcts&ei=T32DaNr0O9zXsfIP_qmmyAk&caps=asr&opi=112496729&xoaf=5&xospf=1&hl=en&ip=0.0.0.0&ipbits=0&expire=1753472960&sparams=ip%2Cipbits%2Cexpire%2Cv%2Cei%2Ccaps%2Copi%2Cxoaf&signature=BF6AAB3D4430CACE152B9187312DC84373EE659D.A4720C5E9D32CB844611A6CC9D701A6F66CF4CEC&key=yt8&kind=asr&lang=en&variant=punctuated&tlang=si&fmt=vtt", "name": "Sinhala", "impersonate": true, "__yt_dlp_client": "tv"}], "sk": [{"ext": "json3", "url": "https://www.youtube.com/api/timedtext?v=gqAmIg0fcts&ei=T32DaNr0O9zXsfIP_qmmyAk&caps=asr&opi=112496729&xoaf=5&xospf=1&hl=en&ip=0.0.0.0&ipbits=0&expire=1753472960&sparams=ip%2Cipbits%2Cexpire%2Cv%2Cei%2Ccaps%2Copi%2Cxoaf&signature=BF6AAB3D4430CACE152B9187312DC84373EE659D.A4720C5E9D32CB844611A6CC9D701A6F66CF4CEC&key=yt8&kind=asr&lang=en&variant=punctuated&tlang=sk&fmt=json3", "name": "Slovak", "impersonate": true, "__yt_dlp_client": "tv"}, {"ext": "srv1", "url": "https://www.youtube.com/api/timedtext?v=gqAmIg0fcts&ei=T32DaNr0O9zXsfIP_qmmyAk&caps=asr&opi=112496729&xoaf=5&xospf=1&hl=en&ip=0.0.0.0&ipbits=0&expire=1753472960&sparams=ip%2Cipbits%2Cexpire%2Cv%2Cei%2Ccaps%2Copi%2Cxoaf&signature=BF6AAB3D4430CACE152B9187312DC84373EE659D.A4720C5E9D32CB844611A6CC9D701A6F66CF4CEC&key=yt8&kind=asr&lang=en&variant=punctuated&tlang=sk&fmt=srv1", "name": "Slovak", "impersonate": true, "__yt_dlp_client": "tv"}, {"ext": "srv2", "url": "https://www.youtube.com/api/timedtext?v=gqAmIg0fcts&ei=T32DaNr0O9zXsfIP_qmmyAk&caps=asr&opi=112496729&xoaf=5&xospf=1&hl=en&ip=0.0.0.0&ipbits=0&expire=1753472960&sparams=ip%2Cipbits%2Cexpire%2Cv%2Cei%2Ccaps%2Copi%2Cxoaf&signature=BF6AAB3D4430CACE152B9187312DC84373EE659D.A4720C5E9D32CB844611A6CC9D701A6F66CF4CEC&key=yt8&kind=asr&lang=en&variant=punctuated&tlang=sk&fmt=srv2", "name": "Slovak", "impersonate": true, "__yt_dlp_client": "tv"}, {"ext": "srv3", "url": "https://www.youtube.com/api/timedtext?v=gqAmIg0fcts&ei=T32DaNr0O9zXsfIP_qmmyAk&caps=asr&opi=112496729&xoaf=5&xospf=1&hl=en&ip=0.0.0.0&ipbits=0&expire=1753472960&sparams=ip%2Cipbits%2Cexpire%2Cv%2Cei%2Ccaps%2Copi%2Cxoaf&signature=BF6AAB3D4430CACE152B9187312DC84373EE659D.A4720C5E9D32CB844611A6CC9D701A6F66CF4CEC&key=yt8&kind=asr&lang=en&variant=punctuated&tlang=sk&fmt=srv3", "name": "Slovak", "impersonate": true, "__yt_dlp_client": "tv"}, {"ext": "ttml", "url": "https://www.youtube.com/api/timedtext?v=gqAmIg0fcts&ei=T32DaNr0O9zXsfIP_qmmyAk&caps=asr&opi=112496729&xoaf=5&xospf=1&hl=en&ip=0.0.0.0&ipbits=0&expire=1753472960&sparams=ip%2Cipbits%2Cexpire%2Cv%2Cei%2Ccaps%2Copi%2Cxoaf&signature=BF6AAB3D4430CACE152B9187312DC84373EE659D.A4720C5E9D32CB844611A6CC9D701A6F66CF4CEC&key=yt8&kind=asr&lang=en&variant=punctuated&tlang=sk&fmt=ttml", "name": "Slovak", "impersonate": true, "__yt_dlp_client": "tv"}, {"ext": "srt", "url": "https://www.youtube.com/api/timedtext?v=gqAmIg0fcts&ei=T32DaNr0O9zXsfIP_qmmyAk&caps=asr&opi=112496729&xoaf=5&xospf=1&hl=en&ip=0.0.0.0&ipbits=0&expire=1753472960&sparams=ip%2Cipbits%2Cexpire%2Cv%2Cei%2Ccaps%2Copi%2Cxoaf&signature=BF6AAB3D4430CACE152B9187312DC84373EE659D.A4720C5E9D32CB844611A6CC9D701A6F66CF4CEC&key=yt8&kind=asr&lang=en&variant=punctuated&tlang=sk&fmt=srt", "name": "Slovak", "impersonate": true, "__yt_dlp_client": "tv"}, {"ext": "vtt", "url": "https://www.youtube.com/api/timedtext?v=gqAmIg0fcts&ei=T32DaNr0O9zXsfIP_qmmyAk&caps=asr&opi=112496729&xoaf=5&xospf=1&hl=en&ip=0.0.0.0&ipbits=0&expire=1753472960&sparams=ip%2Cipbits%2Cexpire%2Cv%2Cei%2Ccaps%2Copi%2Cxoaf&signature=BF6AAB3D4430CACE152B9187312DC84373EE659D.A4720C5E9D32CB844611A6CC9D701A6F66CF4CEC&key=yt8&kind=asr&lang=en&variant=punctuated&tlang=sk&fmt=vtt", "name": "Slovak", "impersonate": true, "__yt_dlp_client": "tv"}], "sl": [{"ext": "json3", "url": "https://www.youtube.com/api/timedtext?v=gqAmIg0fcts&ei=T32DaNr0O9zXsfIP_qmmyAk&caps=asr&opi=112496729&xoaf=5&xospf=1&hl=en&ip=0.0.0.0&ipbits=0&expire=1753472960&sparams=ip%2Cipbits%2Cexpire%2Cv%2Cei%2Ccaps%2Copi%2Cxoaf&signature=BF6AAB3D4430CACE152B9187312DC84373EE659D.A4720C5E9D32CB844611A6CC9D701A6F66CF4CEC&key=yt8&kind=asr&lang=en&variant=punctuated&tlang=sl&fmt=json3", "name": "Slovenian", "impersonate": true, "__yt_dlp_client": "tv"}, {"ext": "srv1", "url": "https://www.youtube.com/api/timedtext?v=gqAmIg0fcts&ei=T32DaNr0O9zXsfIP_qmmyAk&caps=asr&opi=112496729&xoaf=5&xospf=1&hl=en&ip=0.0.0.0&ipbits=0&expire=1753472960&sparams=ip%2Cipbits%2Cexpire%2Cv%2Cei%2Ccaps%2Copi%2Cxoaf&signature=BF6AAB3D4430CACE152B9187312DC84373EE659D.A4720C5E9D32CB844611A6CC9D701A6F66CF4CEC&key=yt8&kind=asr&lang=en&variant=punctuated&tlang=sl&fmt=srv1", "name": "Slovenian", "impersonate": true, "__yt_dlp_client": "tv"}, {"ext": "srv2", "url": "https://www.youtube.com/api/timedtext?v=gqAmIg0fcts&ei=T32DaNr0O9zXsfIP_qmmyAk&caps=asr&opi=112496729&xoaf=5&xospf=1&hl=en&ip=0.0.0.0&ipbits=0&expire=1753472960&sparams=ip%2Cipbits%2Cexpire%2Cv%2Cei%2Ccaps%2Copi%2Cxoaf&signature=BF6AAB3D4430CACE152B9187312DC84373EE659D.A4720C5E9D32CB844611A6CC9D701A6F66CF4CEC&key=yt8&kind=asr&lang=en&variant=punctuated&tlang=sl&fmt=srv2", "name": "Slovenian", "impersonate": true, "__yt_dlp_client": "tv"}, {"ext": "srv3", "url": "https://www.youtube.com/api/timedtext?v=gqAmIg0fcts&ei=T32DaNr0O9zXsfIP_qmmyAk&caps=asr&opi=112496729&xoaf=5&xospf=1&hl=en&ip=0.0.0.0&ipbits=0&expire=1753472960&sparams=ip%2Cipbits%2Cexpire%2Cv%2Cei%2Ccaps%2Copi%2Cxoaf&signature=BF6AAB3D4430CACE152B9187312DC84373EE659D.A4720C5E9D32CB844611A6CC9D701A6F66CF4CEC&key=yt8&kind=asr&lang=en&variant=punctuated&tlang=sl&fmt=srv3", "name": "Slovenian", "impersonate": true, "__yt_dlp_client": "tv"}, {"ext": "ttml", "url": "https://www.youtube.com/api/timedtext?v=gqAmIg0fcts&ei=T32DaNr0O9zXsfIP_qmmyAk&caps=asr&opi=112496729&xoaf=5&xospf=1&hl=en&ip=0.0.0.0&ipbits=0&expire=1753472960&sparams=ip%2Cipbits%2Cexpire%2Cv%2Cei%2Ccaps%2Copi%2Cxoaf&signature=BF6AAB3D4430CACE152B9187312DC84373EE659D.A4720C5E9D32CB844611A6CC9D701A6F66CF4CEC&key=yt8&kind=asr&lang=en&variant=punctuated&tlang=sl&fmt=ttml", "name": "Slovenian", "impersonate": true, "__yt_dlp_client": "tv"}, {"ext": "srt", "url": "https://www.youtube.com/api/timedtext?v=gqAmIg0fcts&ei=T32DaNr0O9zXsfIP_qmmyAk&caps=asr&opi=112496729&xoaf=5&xospf=1&hl=en&ip=0.0.0.0&ipbits=0&expire=1753472960&sparams=ip%2Cipbits%2Cexpire%2Cv%2Cei%2Ccaps%2Copi%2Cxoaf&signature=BF6AAB3D4430CACE152B9187312DC84373EE659D.A4720C5E9D32CB844611A6CC9D701A6F66CF4CEC&key=yt8&kind=asr&lang=en&variant=punctuated&tlang=sl&fmt=srt", "name": "Slovenian", "impersonate": true, "__yt_dlp_client": "tv"}, {"ext": "vtt", "url": "https://www.youtube.com/api/timedtext?v=gqAmIg0fcts&ei=T32DaNr0O9zXsfIP_qmmyAk&caps=asr&opi=112496729&xoaf=5&xospf=1&hl=en&ip=0.0.0.0&ipbits=0&expire=1753472960&sparams=ip%2Cipbits%2Cexpire%2Cv%2Cei%2Ccaps%2Copi%2Cxoaf&signature=BF6AAB3D4430CACE152B9187312DC84373EE659D.A4720C5E9D32CB844611A6CC9D701A6F66CF4CEC&key=yt8&kind=asr&lang=en&variant=punctuated&tlang=sl&fmt=vtt", "name": "Slovenian", "impersonate": true, "__yt_dlp_client": "tv"}], "so": [{"ext": "json3", "url": "https://www.youtube.com/api/timedtext?v=gqAmIg0fcts&ei=T32DaNr0O9zXsfIP_qmmyAk&caps=asr&opi=112496729&xoaf=5&xospf=1&hl=en&ip=0.0.0.0&ipbits=0&expire=1753472960&sparams=ip%2Cipbits%2Cexpire%2Cv%2Cei%2Ccaps%2Copi%2Cxoaf&signature=BF6AAB3D4430CACE152B9187312DC84373EE659D.A4720C5E9D32CB844611A6CC9D701A6F66CF4CEC&key=yt8&kind=asr&lang=en&variant=punctuated&tlang=so&fmt=json3", "name": "Somali", "impersonate": true, "__yt_dlp_client": "tv"}, {"ext": "srv1", "url": "https://www.youtube.com/api/timedtext?v=gqAmIg0fcts&ei=T32DaNr0O9zXsfIP_qmmyAk&caps=asr&opi=112496729&xoaf=5&xospf=1&hl=en&ip=0.0.0.0&ipbits=0&expire=1753472960&sparams=ip%2Cipbits%2Cexpire%2Cv%2Cei%2Ccaps%2Copi%2Cxoaf&signature=BF6AAB3D4430CACE152B9187312DC84373EE659D.A4720C5E9D32CB844611A6CC9D701A6F66CF4CEC&key=yt8&kind=asr&lang=en&variant=punctuated&tlang=so&fmt=srv1", "name": "Somali", "impersonate": true, "__yt_dlp_client": "tv"}, {"ext": "srv2", "url": "https://www.youtube.com/api/timedtext?v=gqAmIg0fcts&ei=T32DaNr0O9zXsfIP_qmmyAk&caps=asr&opi=112496729&xoaf=5&xospf=1&hl=en&ip=0.0.0.0&ipbits=0&expire=1753472960&sparams=ip%2Cipbits%2Cexpire%2Cv%2Cei%2Ccaps%2Copi%2Cxoaf&signature=BF6AAB3D4430CACE152B9187312DC84373EE659D.A4720C5E9D32CB844611A6CC9D701A6F66CF4CEC&key=yt8&kind=asr&lang=en&variant=punctuated&tlang=so&fmt=srv2", "name": "Somali", "impersonate": true, "__yt_dlp_client": "tv"}, {"ext": "srv3", "url": "https://www.youtube.com/api/timedtext?v=gqAmIg0fcts&ei=T32DaNr0O9zXsfIP_qmmyAk&caps=asr&opi=112496729&xoaf=5&xospf=1&hl=en&ip=0.0.0.0&ipbits=0&expire=1753472960&sparams=ip%2Cipbits%2Cexpire%2Cv%2Cei%2Ccaps%2Copi%2Cxoaf&signature=BF6AAB3D4430CACE152B9187312DC84373EE659D.A4720C5E9D32CB844611A6CC9D701A6F66CF4CEC&key=yt8&kind=asr&lang=en&variant=punctuated&tlang=so&fmt=srv3", "name": "Somali", "impersonate": true, "__yt_dlp_client": "tv"}, {"ext": "ttml", "url": "https://www.youtube.com/api/timedtext?v=gqAmIg0fcts&ei=T32DaNr0O9zXsfIP_qmmyAk&caps=asr&opi=112496729&xoaf=5&xospf=1&hl=en&ip=0.0.0.0&ipbits=0&expire=1753472960&sparams=ip%2Cipbits%2Cexpire%2Cv%2Cei%2Ccaps%2Copi%2Cxoaf&signature=BF6AAB3D4430CACE152B9187312DC84373EE659D.A4720C5E9D32CB844611A6CC9D701A6F66CF4CEC&key=yt8&kind=asr&lang=en&variant=punctuated&tlang=so&fmt=ttml", "name": "Somali", "impersonate": true, "__yt_dlp_client": "tv"}, {"ext": "srt", "url": "https://www.youtube.com/api/timedtext?v=gqAmIg0fcts&ei=T32DaNr0O9zXsfIP_qmmyAk&caps=asr&opi=112496729&xoaf=5&xospf=1&hl=en&ip=0.0.0.0&ipbits=0&expire=1753472960&sparams=ip%2Cipbits%2Cexpire%2Cv%2Cei%2Ccaps%2Copi%2Cxoaf&signature=BF6AAB3D4430CACE152B9187312DC84373EE659D.A4720C5E9D32CB844611A6CC9D701A6F66CF4CEC&key=yt8&kind=asr&lang=en&variant=punctuated&tlang=so&fmt=srt", "name": "Somali", "impersonate": true, "__yt_dlp_client": "tv"}, {"ext": "vtt", "url": "https://www.youtube.com/api/timedtext?v=gqAmIg0fcts&ei=T32DaNr0O9zXsfIP_qmmyAk&caps=asr&opi=112496729&xoaf=5&xospf=1&hl=en&ip=0.0.0.0&ipbits=0&expire=1753472960&sparams=ip%2Cipbits%2Cexpire%2Cv%2Cei%2Ccaps%2Copi%2Cxoaf&signature=BF6AAB3D4430CACE152B9187312DC84373EE659D.A4720C5E9D32CB844611A6CC9D701A6F66CF4CEC&key=yt8&kind=asr&lang=en&variant=punctuated&tlang=so&fmt=vtt", "name": "Somali", "impersonate": true, "__yt_dlp_client": "tv"}], "st": [{"ext": "json3", "url": "https://www.youtube.com/api/timedtext?v=gqAmIg0fcts&ei=T32DaNr0O9zXsfIP_qmmyAk&caps=asr&opi=112496729&xoaf=5&xospf=1&hl=en&ip=0.0.0.0&ipbits=0&expire=1753472960&sparams=ip%2Cipbits%2Cexpire%2Cv%2Cei%2Ccaps%2Copi%2Cxoaf&signature=BF6AAB3D4430CACE152B9187312DC84373EE659D.A4720C5E9D32CB844611A6CC9D701A6F66CF4CEC&key=yt8&kind=asr&lang=en&variant=punctuated&tlang=st&fmt=json3", "name": "Southern Sotho", "impersonate": true, "__yt_dlp_client": "tv"}, {"ext": "srv1", "url": "https://www.youtube.com/api/timedtext?v=gqAmIg0fcts&ei=T32DaNr0O9zXsfIP_qmmyAk&caps=asr&opi=112496729&xoaf=5&xospf=1&hl=en&ip=0.0.0.0&ipbits=0&expire=1753472960&sparams=ip%2Cipbits%2Cexpire%2Cv%2Cei%2Ccaps%2Copi%2Cxoaf&signature=BF6AAB3D4430CACE152B9187312DC84373EE659D.A4720C5E9D32CB844611A6CC9D701A6F66CF4CEC&key=yt8&kind=asr&lang=en&variant=punctuated&tlang=st&fmt=srv1", "name": "Southern Sotho", "impersonate": true, "__yt_dlp_client": "tv"}, {"ext": "srv2", "url": "https://www.youtube.com/api/timedtext?v=gqAmIg0fcts&ei=T32DaNr0O9zXsfIP_qmmyAk&caps=asr&opi=112496729&xoaf=5&xospf=1&hl=en&ip=0.0.0.0&ipbits=0&expire=1753472960&sparams=ip%2Cipbits%2Cexpire%2Cv%2Cei%2Ccaps%2Copi%2Cxoaf&signature=BF6AAB3D4430CACE152B9187312DC84373EE659D.A4720C5E9D32CB844611A6CC9D701A6F66CF4CEC&key=yt8&kind=asr&lang=en&variant=punctuated&tlang=st&fmt=srv2", "name": "Southern Sotho", "impersonate": true, "__yt_dlp_client": "tv"}, {"ext": "srv3", "url": "https://www.youtube.com/api/timedtext?v=gqAmIg0fcts&ei=T32DaNr0O9zXsfIP_qmmyAk&caps=asr&opi=112496729&xoaf=5&xospf=1&hl=en&ip=0.0.0.0&ipbits=0&expire=1753472960&sparams=ip%2Cipbits%2Cexpire%2Cv%2Cei%2Ccaps%2Copi%2Cxoaf&signature=BF6AAB3D4430CACE152B9187312DC84373EE659D.A4720C5E9D32CB844611A6CC9D701A6F66CF4CEC&key=yt8&kind=asr&lang=en&variant=punctuated&tlang=st&fmt=srv3", "name": "Southern Sotho", "impersonate": true, "__yt_dlp_client": "tv"}, {"ext": "ttml", "url": "https://www.youtube.com/api/timedtext?v=gqAmIg0fcts&ei=T32DaNr0O9zXsfIP_qmmyAk&caps=asr&opi=112496729&xoaf=5&xospf=1&hl=en&ip=0.0.0.0&ipbits=0&expire=1753472960&sparams=ip%2Cipbits%2Cexpire%2Cv%2Cei%2Ccaps%2Copi%2Cxoaf&signature=BF6AAB3D4430CACE152B9187312DC84373EE659D.A4720C5E9D32CB844611A6CC9D701A6F66CF4CEC&key=yt8&kind=asr&lang=en&variant=punctuated&tlang=st&fmt=ttml", "name": "Southern Sotho", "impersonate": true, "__yt_dlp_client": "tv"}, {"ext": "srt", "url": "https://www.youtube.com/api/timedtext?v=gqAmIg0fcts&ei=T32DaNr0O9zXsfIP_qmmyAk&caps=asr&opi=112496729&xoaf=5&xospf=1&hl=en&ip=0.0.0.0&ipbits=0&expire=1753472960&sparams=ip%2Cipbits%2Cexpire%2Cv%2Cei%2Ccaps%2Copi%2Cxoaf&signature=BF6AAB3D4430CACE152B9187312DC84373EE659D.A4720C5E9D32CB844611A6CC9D701A6F66CF4CEC&key=yt8&kind=asr&lang=en&variant=punctuated&tlang=st&fmt=srt", "name": "Southern Sotho", "impersonate": true, "__yt_dlp_client": "tv"}, {"ext": "vtt", "url": "https://www.youtube.com/api/timedtext?v=gqAmIg0fcts&ei=T32DaNr0O9zXsfIP_qmmyAk&caps=asr&opi=112496729&xoaf=5&xospf=1&hl=en&ip=0.0.0.0&ipbits=0&expire=1753472960&sparams=ip%2Cipbits%2Cexpire%2Cv%2Cei%2Ccaps%2Copi%2Cxoaf&signature=BF6AAB3D4430CACE152B9187312DC84373EE659D.A4720C5E9D32CB844611A6CC9D701A6F66CF4CEC&key=yt8&kind=asr&lang=en&variant=punctuated&tlang=st&fmt=vtt", "name": "Southern Sotho", "impersonate": true, "__yt_dlp_client": "tv"}], "es": [{"ext": "json3", "url": "https://www.youtube.com/api/timedtext?v=gqAmIg0fcts&ei=T32DaNr0O9zXsfIP_qmmyAk&caps=asr&opi=112496729&xoaf=5&xospf=1&hl=en&ip=0.0.0.0&ipbits=0&expire=1753472960&sparams=ip%2Cipbits%2Cexpire%2Cv%2Cei%2Ccaps%2Copi%2Cxoaf&signature=BF6AAB3D4430CACE152B9187312DC84373EE659D.A4720C5E9D32CB844611A6CC9D701A6F66CF4CEC&key=yt8&kind=asr&lang=en&variant=punctuated&tlang=es&fmt=json3", "name": "Spanish", "impersonate": true, "__yt_dlp_client": "tv"}, {"ext": "srv1", "url": "https://www.youtube.com/api/timedtext?v=gqAmIg0fcts&ei=T32DaNr0O9zXsfIP_qmmyAk&caps=asr&opi=112496729&xoaf=5&xospf=1&hl=en&ip=0.0.0.0&ipbits=0&expire=1753472960&sparams=ip%2Cipbits%2Cexpire%2Cv%2Cei%2Ccaps%2Copi%2Cxoaf&signature=BF6AAB3D4430CACE152B9187312DC84373EE659D.A4720C5E9D32CB844611A6CC9D701A6F66CF4CEC&key=yt8&kind=asr&lang=en&variant=punctuated&tlang=es&fmt=srv1", "name": "Spanish", "impersonate": true, "__yt_dlp_client": "tv"}, {"ext": "srv2", "url": "https://www.youtube.com/api/timedtext?v=gqAmIg0fcts&ei=T32DaNr0O9zXsfIP_qmmyAk&caps=asr&opi=112496729&xoaf=5&xospf=1&hl=en&ip=0.0.0.0&ipbits=0&expire=1753472960&sparams=ip%2Cipbits%2Cexpire%2Cv%2Cei%2Ccaps%2Copi%2Cxoaf&signature=BF6AAB3D4430CACE152B9187312DC84373EE659D.A4720C5E9D32CB844611A6CC9D701A6F66CF4CEC&key=yt8&kind=asr&lang=en&variant=punctuated&tlang=es&fmt=srv2", "name": "Spanish", "impersonate": true, "__yt_dlp_client": "tv"}, {"ext": "srv3", "url": "https://www.youtube.com/api/timedtext?v=gqAmIg0fcts&ei=T32DaNr0O9zXsfIP_qmmyAk&caps=asr&opi=112496729&xoaf=5&xospf=1&hl=en&ip=0.0.0.0&ipbits=0&expire=1753472960&sparams=ip%2Cipbits%2Cexpire%2Cv%2Cei%2Ccaps%2Copi%2Cxoaf&signature=BF6AAB3D4430CACE152B9187312DC84373EE659D.A4720C5E9D32CB844611A6CC9D701A6F66CF4CEC&key=yt8&kind=asr&lang=en&variant=punctuated&tlang=es&fmt=srv3", "name": "Spanish", "impersonate": true, "__yt_dlp_client": "tv"}, {"ext": "ttml", "url": "https://www.youtube.com/api/timedtext?v=gqAmIg0fcts&ei=T32DaNr0O9zXsfIP_qmmyAk&caps=asr&opi=112496729&xoaf=5&xospf=1&hl=en&ip=0.0.0.0&ipbits=0&expire=1753472960&sparams=ip%2Cipbits%2Cexpire%2Cv%2Cei%2Ccaps%2Copi%2Cxoaf&signature=BF6AAB3D4430CACE152B9187312DC84373EE659D.A4720C5E9D32CB844611A6CC9D701A6F66CF4CEC&key=yt8&kind=asr&lang=en&variant=punctuated&tlang=es&fmt=ttml", "name": "Spanish", "impersonate": true, "__yt_dlp_client": "tv"}, {"ext": "srt", "url": "https://www.youtube.com/api/timedtext?v=gqAmIg0fcts&ei=T32DaNr0O9zXsfIP_qmmyAk&caps=asr&opi=112496729&xoaf=5&xospf=1&hl=en&ip=0.0.0.0&ipbits=0&expire=1753472960&sparams=ip%2Cipbits%2Cexpire%2Cv%2Cei%2Ccaps%2Copi%2Cxoaf&signature=BF6AAB3D4430CACE152B9187312DC84373EE659D.A4720C5E9D32CB844611A6CC9D701A6F66CF4CEC&key=yt8&kind=asr&lang=en&variant=punctuated&tlang=es&fmt=srt", "name": "Spanish", "impersonate": true, "__yt_dlp_client": "tv"}, {"ext": "vtt", "url": "https://www.youtube.com/api/timedtext?v=gqAmIg0fcts&ei=T32DaNr0O9zXsfIP_qmmyAk&caps=asr&opi=112496729&xoaf=5&xospf=1&hl=en&ip=0.0.0.0&ipbits=0&expire=1753472960&sparams=ip%2Cipbits%2Cexpire%2Cv%2Cei%2Ccaps%2Copi%2Cxoaf&signature=BF6AAB3D4430CACE152B9187312DC84373EE659D.A4720C5E9D32CB844611A6CC9D701A6F66CF4CEC&key=yt8&kind=asr&lang=en&variant=punctuated&tlang=es&fmt=vtt", "name": "Spanish", "impersonate": true, "__yt_dlp_client": "tv"}], "su": [{"ext": "json3", "url": "https://www.youtube.com/api/timedtext?v=gqAmIg0fcts&ei=T32DaNr0O9zXsfIP_qmmyAk&caps=asr&opi=112496729&xoaf=5&xospf=1&hl=en&ip=0.0.0.0&ipbits=0&expire=1753472960&sparams=ip%2Cipbits%2Cexpire%2Cv%2Cei%2Ccaps%2Copi%2Cxoaf&signature=BF6AAB3D4430CACE152B9187312DC84373EE659D.A4720C5E9D32CB844611A6CC9D701A6F66CF4CEC&key=yt8&kind=asr&lang=en&variant=punctuated&tlang=su&fmt=json3", "name": "Sundanese", "impersonate": true, "__yt_dlp_client": "tv"}, {"ext": "srv1", "url": "https://www.youtube.com/api/timedtext?v=gqAmIg0fcts&ei=T32DaNr0O9zXsfIP_qmmyAk&caps=asr&opi=112496729&xoaf=5&xospf=1&hl=en&ip=0.0.0.0&ipbits=0&expire=1753472960&sparams=ip%2Cipbits%2Cexpire%2Cv%2Cei%2Ccaps%2Copi%2Cxoaf&signature=BF6AAB3D4430CACE152B9187312DC84373EE659D.A4720C5E9D32CB844611A6CC9D701A6F66CF4CEC&key=yt8&kind=asr&lang=en&variant=punctuated&tlang=su&fmt=srv1", "name": "Sundanese", "impersonate": true, "__yt_dlp_client": "tv"}, {"ext": "srv2", "url": "https://www.youtube.com/api/timedtext?v=gqAmIg0fcts&ei=T32DaNr0O9zXsfIP_qmmyAk&caps=asr&opi=112496729&xoaf=5&xospf=1&hl=en&ip=0.0.0.0&ipbits=0&expire=1753472960&sparams=ip%2Cipbits%2Cexpire%2Cv%2Cei%2Ccaps%2Copi%2Cxoaf&signature=BF6AAB3D4430CACE152B9187312DC84373EE659D.A4720C5E9D32CB844611A6CC9D701A6F66CF4CEC&key=yt8&kind=asr&lang=en&variant=punctuated&tlang=su&fmt=srv2", "name": "Sundanese", "impersonate": true, "__yt_dlp_client": "tv"}, {"ext": "srv3", "url": "https://www.youtube.com/api/timedtext?v=gqAmIg0fcts&ei=T32DaNr0O9zXsfIP_qmmyAk&caps=asr&opi=112496729&xoaf=5&xospf=1&hl=en&ip=0.0.0.0&ipbits=0&expire=1753472960&sparams=ip%2Cipbits%2Cexpire%2Cv%2Cei%2Ccaps%2Copi%2Cxoaf&signature=BF6AAB3D4430CACE152B9187312DC84373EE659D.A4720C5E9D32CB844611A6CC9D701A6F66CF4CEC&key=yt8&kind=asr&lang=en&variant=punctuated&tlang=su&fmt=srv3", "name": "Sundanese", "impersonate": true, "__yt_dlp_client": "tv"}, {"ext": "ttml", "url": "https://www.youtube.com/api/timedtext?v=gqAmIg0fcts&ei=T32DaNr0O9zXsfIP_qmmyAk&caps=asr&opi=112496729&xoaf=5&xospf=1&hl=en&ip=0.0.0.0&ipbits=0&expire=1753472960&sparams=ip%2Cipbits%2Cexpire%2Cv%2Cei%2Ccaps%2Copi%2Cxoaf&signature=BF6AAB3D4430CACE152B9187312DC84373EE659D.A4720C5E9D32CB844611A6CC9D701A6F66CF4CEC&key=yt8&kind=asr&lang=en&variant=punctuated&tlang=su&fmt=ttml", "name": "Sundanese", "impersonate": true, "__yt_dlp_client": "tv"}, {"ext": "srt", "url": "https://www.youtube.com/api/timedtext?v=gqAmIg0fcts&ei=T32DaNr0O9zXsfIP_qmmyAk&caps=asr&opi=112496729&xoaf=5&xospf=1&hl=en&ip=0.0.0.0&ipbits=0&expire=1753472960&sparams=ip%2Cipbits%2Cexpire%2Cv%2Cei%2Ccaps%2Copi%2Cxoaf&signature=BF6AAB3D4430CACE152B9187312DC84373EE659D.A4720C5E9D32CB844611A6CC9D701A6F66CF4CEC&key=yt8&kind=asr&lang=en&variant=punctuated&tlang=su&fmt=srt", "name": "Sundanese", "impersonate": true, "__yt_dlp_client": "tv"}, {"ext": "vtt", "url": "https://www.youtube.com/api/timedtext?v=gqAmIg0fcts&ei=T32DaNr0O9zXsfIP_qmmyAk&caps=asr&opi=112496729&xoaf=5&xospf=1&hl=en&ip=0.0.0.0&ipbits=0&expire=1753472960&sparams=ip%2Cipbits%2Cexpire%2Cv%2Cei%2Ccaps%2Copi%2Cxoaf&signature=BF6AAB3D4430CACE152B9187312DC84373EE659D.A4720C5E9D32CB844611A6CC9D701A6F66CF4CEC&key=yt8&kind=asr&lang=en&variant=punctuated&tlang=su&fmt=vtt", "name": "Sundanese", "impersonate": true, "__yt_dlp_client": "tv"}], "sw": [{"ext": "json3", "url": "https://www.youtube.com/api/timedtext?v=gqAmIg0fcts&ei=T32DaNr0O9zXsfIP_qmmyAk&caps=asr&opi=112496729&xoaf=5&xospf=1&hl=en&ip=0.0.0.0&ipbits=0&expire=1753472960&sparams=ip%2Cipbits%2Cexpire%2Cv%2Cei%2Ccaps%2Copi%2Cxoaf&signature=BF6AAB3D4430CACE152B9187312DC84373EE659D.A4720C5E9D32CB844611A6CC9D701A6F66CF4CEC&key=yt8&kind=asr&lang=en&variant=punctuated&tlang=sw&fmt=json3", "name": "Swahili", "impersonate": true, "__yt_dlp_client": "tv"}, {"ext": "srv1", "url": "https://www.youtube.com/api/timedtext?v=gqAmIg0fcts&ei=T32DaNr0O9zXsfIP_qmmyAk&caps=asr&opi=112496729&xoaf=5&xospf=1&hl=en&ip=0.0.0.0&ipbits=0&expire=1753472960&sparams=ip%2Cipbits%2Cexpire%2Cv%2Cei%2Ccaps%2Copi%2Cxoaf&signature=BF6AAB3D4430CACE152B9187312DC84373EE659D.A4720C5E9D32CB844611A6CC9D701A6F66CF4CEC&key=yt8&kind=asr&lang=en&variant=punctuated&tlang=sw&fmt=srv1", "name": "Swahili", "impersonate": true, "__yt_dlp_client": "tv"}, {"ext": "srv2", "url": "https://www.youtube.com/api/timedtext?v=gqAmIg0fcts&ei=T32DaNr0O9zXsfIP_qmmyAk&caps=asr&opi=112496729&xoaf=5&xospf=1&hl=en&ip=0.0.0.0&ipbits=0&expire=1753472960&sparams=ip%2Cipbits%2Cexpire%2Cv%2Cei%2Ccaps%2Copi%2Cxoaf&signature=BF6AAB3D4430CACE152B9187312DC84373EE659D.A4720C5E9D32CB844611A6CC9D701A6F66CF4CEC&key=yt8&kind=asr&lang=en&variant=punctuated&tlang=sw&fmt=srv2", "name": "Swahili", "impersonate": true, "__yt_dlp_client": "tv"}, {"ext": "srv3", "url": "https://www.youtube.com/api/timedtext?v=gqAmIg0fcts&ei=T32DaNr0O9zXsfIP_qmmyAk&caps=asr&opi=112496729&xoaf=5&xospf=1&hl=en&ip=0.0.0.0&ipbits=0&expire=1753472960&sparams=ip%2Cipbits%2Cexpire%2Cv%2Cei%2Ccaps%2Copi%2Cxoaf&signature=BF6AAB3D4430CACE152B9187312DC84373EE659D.A4720C5E9D32CB844611A6CC9D701A6F66CF4CEC&key=yt8&kind=asr&lang=en&variant=punctuated&tlang=sw&fmt=srv3", "name": "Swahili", "impersonate": true, "__yt_dlp_client": "tv"}, {"ext": "ttml", "url": "https://www.youtube.com/api/timedtext?v=gqAmIg0fcts&ei=T32DaNr0O9zXsfIP_qmmyAk&caps=asr&opi=112496729&xoaf=5&xospf=1&hl=en&ip=0.0.0.0&ipbits=0&expire=1753472960&sparams=ip%2Cipbits%2Cexpire%2Cv%2Cei%2Ccaps%2Copi%2Cxoaf&signature=BF6AAB3D4430CACE152B9187312DC84373EE659D.A4720C5E9D32CB844611A6CC9D701A6F66CF4CEC&key=yt8&kind=asr&lang=en&variant=punctuated&tlang=sw&fmt=ttml", "name": "Swahili", "impersonate": true, "__yt_dlp_client": "tv"}, {"ext": "srt", "url": "https://www.youtube.com/api/timedtext?v=gqAmIg0fcts&ei=T32DaNr0O9zXsfIP_qmmyAk&caps=asr&opi=112496729&xoaf=5&xospf=1&hl=en&ip=0.0.0.0&ipbits=0&expire=1753472960&sparams=ip%2Cipbits%2Cexpire%2Cv%2Cei%2Ccaps%2Copi%2Cxoaf&signature=BF6AAB3D4430CACE152B9187312DC84373EE659D.A4720C5E9D32CB844611A6CC9D701A6F66CF4CEC&key=yt8&kind=asr&lang=en&variant=punctuated&tlang=sw&fmt=srt", "name": "Swahili", "impersonate": true, "__yt_dlp_client": "tv"}, {"ext": "vtt", "url": "https://www.youtube.com/api/timedtext?v=gqAmIg0fcts&ei=T32DaNr0O9zXsfIP_qmmyAk&caps=asr&opi=112496729&xoaf=5&xospf=1&hl=en&ip=0.0.0.0&ipbits=0&expire=1753472960&sparams=ip%2Cipbits%2Cexpire%2Cv%2Cei%2Ccaps%2Copi%2Cxoaf&signature=BF6AAB3D4430CACE152B9187312DC84373EE659D.A4720C5E9D32CB844611A6CC9D701A6F66CF4CEC&key=yt8&kind=asr&lang=en&variant=punctuated&tlang=sw&fmt=vtt", "name": "Swahili", "impersonate": true, "__yt_dlp_client": "tv"}], "ss": [{"ext": "json3", "url": "https://www.youtube.com/api/timedtext?v=gqAmIg0fcts&ei=T32DaNr0O9zXsfIP_qmmyAk&caps=asr&opi=112496729&xoaf=5&xospf=1&hl=en&ip=0.0.0.0&ipbits=0&expire=1753472960&sparams=ip%2Cipbits%2Cexpire%2Cv%2Cei%2Ccaps%2Copi%2Cxoaf&signature=BF6AAB3D4430CACE152B9187312DC84373EE659D.A4720C5E9D32CB844611A6CC9D701A6F66CF4CEC&key=yt8&kind=asr&lang=en&variant=punctuated&tlang=ss&fmt=json3", "name": "Swati", "impersonate": true, "__yt_dlp_client": "tv"}, {"ext": "srv1", "url": "https://www.youtube.com/api/timedtext?v=gqAmIg0fcts&ei=T32DaNr0O9zXsfIP_qmmyAk&caps=asr&opi=112496729&xoaf=5&xospf=1&hl=en&ip=0.0.0.0&ipbits=0&expire=1753472960&sparams=ip%2Cipbits%2Cexpire%2Cv%2Cei%2Ccaps%2Copi%2Cxoaf&signature=BF6AAB3D4430CACE152B9187312DC84373EE659D.A4720C5E9D32CB844611A6CC9D701A6F66CF4CEC&key=yt8&kind=asr&lang=en&variant=punctuated&tlang=ss&fmt=srv1", "name": "Swati", "impersonate": true, "__yt_dlp_client": "tv"}, {"ext": "srv2", "url": "https://www.youtube.com/api/timedtext?v=gqAmIg0fcts&ei=T32DaNr0O9zXsfIP_qmmyAk&caps=asr&opi=112496729&xoaf=5&xospf=1&hl=en&ip=0.0.0.0&ipbits=0&expire=1753472960&sparams=ip%2Cipbits%2Cexpire%2Cv%2Cei%2Ccaps%2Copi%2Cxoaf&signature=BF6AAB3D4430CACE152B9187312DC84373EE659D.A4720C5E9D32CB844611A6CC9D701A6F66CF4CEC&key=yt8&kind=asr&lang=en&variant=punctuated&tlang=ss&fmt=srv2", "name": "Swati", "impersonate": true, "__yt_dlp_client": "tv"}, {"ext": "srv3", "url": "https://www.youtube.com/api/timedtext?v=gqAmIg0fcts&ei=T32DaNr0O9zXsfIP_qmmyAk&caps=asr&opi=112496729&xoaf=5&xospf=1&hl=en&ip=0.0.0.0&ipbits=0&expire=1753472960&sparams=ip%2Cipbits%2Cexpire%2Cv%2Cei%2Ccaps%2Copi%2Cxoaf&signature=BF6AAB3D4430CACE152B9187312DC84373EE659D.A4720C5E9D32CB844611A6CC9D701A6F66CF4CEC&key=yt8&kind=asr&lang=en&variant=punctuated&tlang=ss&fmt=srv3", "name": "Swati", "impersonate": true, "__yt_dlp_client": "tv"}, {"ext": "ttml", "url": "https://www.youtube.com/api/timedtext?v=gqAmIg0fcts&ei=T32DaNr0O9zXsfIP_qmmyAk&caps=asr&opi=112496729&xoaf=5&xospf=1&hl=en&ip=0.0.0.0&ipbits=0&expire=1753472960&sparams=ip%2Cipbits%2Cexpire%2Cv%2Cei%2Ccaps%2Copi%2Cxoaf&signature=BF6AAB3D4430CACE152B9187312DC84373EE659D.A4720C5E9D32CB844611A6CC9D701A6F66CF4CEC&key=yt8&kind=asr&lang=en&variant=punctuated&tlang=ss&fmt=ttml", "name": "Swati", "impersonate": true, "__yt_dlp_client": "tv"}, {"ext": "srt", "url": "https://www.youtube.com/api/timedtext?v=gqAmIg0fcts&ei=T32DaNr0O9zXsfIP_qmmyAk&caps=asr&opi=112496729&xoaf=5&xospf=1&hl=en&ip=0.0.0.0&ipbits=0&expire=1753472960&sparams=ip%2Cipbits%2Cexpire%2Cv%2Cei%2Ccaps%2Copi%2Cxoaf&signature=BF6AAB3D4430CACE152B9187312DC84373EE659D.A4720C5E9D32CB844611A6CC9D701A6F66CF4CEC&key=yt8&kind=asr&lang=en&variant=punctuated&tlang=ss&fmt=srt", "name": "Swati", "impersonate": true, "__yt_dlp_client": "tv"}, {"ext": "vtt", "url": "https://www.youtube.com/api/timedtext?v=gqAmIg0fcts&ei=T32DaNr0O9zXsfIP_qmmyAk&caps=asr&opi=112496729&xoaf=5&xospf=1&hl=en&ip=0.0.0.0&ipbits=0&expire=1753472960&sparams=ip%2Cipbits%2Cexpire%2Cv%2Cei%2Ccaps%2Copi%2Cxoaf&signature=BF6AAB3D4430CACE152B9187312DC84373EE659D.A4720C5E9D32CB844611A6CC9D701A6F66CF4CEC&key=yt8&kind=asr&lang=en&variant=punctuated&tlang=ss&fmt=vtt", "name": "Swati", "impersonate": true, "__yt_dlp_client": "tv"}], "sv": [{"ext": "json3", "url": "https://www.youtube.com/api/timedtext?v=gqAmIg0fcts&ei=T32DaNr0O9zXsfIP_qmmyAk&caps=asr&opi=112496729&xoaf=5&xospf=1&hl=en&ip=0.0.0.0&ipbits=0&expire=1753472960&sparams=ip%2Cipbits%2Cexpire%2Cv%2Cei%2Ccaps%2Copi%2Cxoaf&signature=BF6AAB3D4430CACE152B9187312DC84373EE659D.A4720C5E9D32CB844611A6CC9D701A6F66CF4CEC&key=yt8&kind=asr&lang=en&variant=punctuated&tlang=sv&fmt=json3", "name": "Swedish", "impersonate": true, "__yt_dlp_client": "tv"}, {"ext": "srv1", "url": "https://www.youtube.com/api/timedtext?v=gqAmIg0fcts&ei=T32DaNr0O9zXsfIP_qmmyAk&caps=asr&opi=112496729&xoaf=5&xospf=1&hl=en&ip=0.0.0.0&ipbits=0&expire=1753472960&sparams=ip%2Cipbits%2Cexpire%2Cv%2Cei%2Ccaps%2Copi%2Cxoaf&signature=BF6AAB3D4430CACE152B9187312DC84373EE659D.A4720C5E9D32CB844611A6CC9D701A6F66CF4CEC&key=yt8&kind=asr&lang=en&variant=punctuated&tlang=sv&fmt=srv1", "name": "Swedish", "impersonate": true, "__yt_dlp_client": "tv"}, {"ext": "srv2", "url": "https://www.youtube.com/api/timedtext?v=gqAmIg0fcts&ei=T32DaNr0O9zXsfIP_qmmyAk&caps=asr&opi=112496729&xoaf=5&xospf=1&hl=en&ip=0.0.0.0&ipbits=0&expire=1753472960&sparams=ip%2Cipbits%2Cexpire%2Cv%2Cei%2Ccaps%2Copi%2Cxoaf&signature=BF6AAB3D4430CACE152B9187312DC84373EE659D.A4720C5E9D32CB844611A6CC9D701A6F66CF4CEC&key=yt8&kind=asr&lang=en&variant=punctuated&tlang=sv&fmt=srv2", "name": "Swedish", "impersonate": true, "__yt_dlp_client": "tv"}, {"ext": "srv3", "url": "https://www.youtube.com/api/timedtext?v=gqAmIg0fcts&ei=T32DaNr0O9zXsfIP_qmmyAk&caps=asr&opi=112496729&xoaf=5&xospf=1&hl=en&ip=0.0.0.0&ipbits=0&expire=1753472960&sparams=ip%2Cipbits%2Cexpire%2Cv%2Cei%2Ccaps%2Copi%2Cxoaf&signature=BF6AAB3D4430CACE152B9187312DC84373EE659D.A4720C5E9D32CB844611A6CC9D701A6F66CF4CEC&key=yt8&kind=asr&lang=en&variant=punctuated&tlang=sv&fmt=srv3", "name": "Swedish", "impersonate": true, "__yt_dlp_client": "tv"}, {"ext": "ttml", "url": "https://www.youtube.com/api/timedtext?v=gqAmIg0fcts&ei=T32DaNr0O9zXsfIP_qmmyAk&caps=asr&opi=112496729&xoaf=5&xospf=1&hl=en&ip=0.0.0.0&ipbits=0&expire=1753472960&sparams=ip%2Cipbits%2Cexpire%2Cv%2Cei%2Ccaps%2Copi%2Cxoaf&signature=BF6AAB3D4430CACE152B9187312DC84373EE659D.A4720C5E9D32CB844611A6CC9D701A6F66CF4CEC&key=yt8&kind=asr&lang=en&variant=punctuated&tlang=sv&fmt=ttml", "name": "Swedish", "impersonate": true, "__yt_dlp_client": "tv"}, {"ext": "srt", "url": "https://www.youtube.com/api/timedtext?v=gqAmIg0fcts&ei=T32DaNr0O9zXsfIP_qmmyAk&caps=asr&opi=112496729&xoaf=5&xospf=1&hl=en&ip=0.0.0.0&ipbits=0&expire=1753472960&sparams=ip%2Cipbits%2Cexpire%2Cv%2Cei%2Ccaps%2Copi%2Cxoaf&signature=BF6AAB3D4430CACE152B9187312DC84373EE659D.A4720C5E9D32CB844611A6CC9D701A6F66CF4CEC&key=yt8&kind=asr&lang=en&variant=punctuated&tlang=sv&fmt=srt", "name": "Swedish", "impersonate": true, "__yt_dlp_client": "tv"}, {"ext": "vtt", "url": "https://www.youtube.com/api/timedtext?v=gqAmIg0fcts&ei=T32DaNr0O9zXsfIP_qmmyAk&caps=asr&opi=112496729&xoaf=5&xospf=1&hl=en&ip=0.0.0.0&ipbits=0&expire=1753472960&sparams=ip%2Cipbits%2Cexpire%2Cv%2Cei%2Ccaps%2Copi%2Cxoaf&signature=BF6AAB3D4430CACE152B9187312DC84373EE659D.A4720C5E9D32CB844611A6CC9D701A6F66CF4CEC&key=yt8&kind=asr&lang=en&variant=punctuated&tlang=sv&fmt=vtt", "name": "Swedish", "impersonate": true, "__yt_dlp_client": "tv"}], "tg": [{"ext": "json3", "url": "https://www.youtube.com/api/timedtext?v=gqAmIg0fcts&ei=T32DaNr0O9zXsfIP_qmmyAk&caps=asr&opi=112496729&xoaf=5&xospf=1&hl=en&ip=0.0.0.0&ipbits=0&expire=1753472960&sparams=ip%2Cipbits%2Cexpire%2Cv%2Cei%2Ccaps%2Copi%2Cxoaf&signature=BF6AAB3D4430CACE152B9187312DC84373EE659D.A4720C5E9D32CB844611A6CC9D701A6F66CF4CEC&key=yt8&kind=asr&lang=en&variant=punctuated&tlang=tg&fmt=json3", "name": "Tajik", "impersonate": true, "__yt_dlp_client": "tv"}, {"ext": "srv1", "url": "https://www.youtube.com/api/timedtext?v=gqAmIg0fcts&ei=T32DaNr0O9zXsfIP_qmmyAk&caps=asr&opi=112496729&xoaf=5&xospf=1&hl=en&ip=0.0.0.0&ipbits=0&expire=1753472960&sparams=ip%2Cipbits%2Cexpire%2Cv%2Cei%2Ccaps%2Copi%2Cxoaf&signature=BF6AAB3D4430CACE152B9187312DC84373EE659D.A4720C5E9D32CB844611A6CC9D701A6F66CF4CEC&key=yt8&kind=asr&lang=en&variant=punctuated&tlang=tg&fmt=srv1", "name": "Tajik", "impersonate": true, "__yt_dlp_client": "tv"}, {"ext": "srv2", "url": "https://www.youtube.com/api/timedtext?v=gqAmIg0fcts&ei=T32DaNr0O9zXsfIP_qmmyAk&caps=asr&opi=112496729&xoaf=5&xospf=1&hl=en&ip=0.0.0.0&ipbits=0&expire=1753472960&sparams=ip%2Cipbits%2Cexpire%2Cv%2Cei%2Ccaps%2Copi%2Cxoaf&signature=BF6AAB3D4430CACE152B9187312DC84373EE659D.A4720C5E9D32CB844611A6CC9D701A6F66CF4CEC&key=yt8&kind=asr&lang=en&variant=punctuated&tlang=tg&fmt=srv2", "name": "Tajik", "impersonate": true, "__yt_dlp_client": "tv"}, {"ext": "srv3", "url": "https://www.youtube.com/api/timedtext?v=gqAmIg0fcts&ei=T32DaNr0O9zXsfIP_qmmyAk&caps=asr&opi=112496729&xoaf=5&xospf=1&hl=en&ip=0.0.0.0&ipbits=0&expire=1753472960&sparams=ip%2Cipbits%2Cexpire%2Cv%2Cei%2Ccaps%2Copi%2Cxoaf&signature=BF6AAB3D4430CACE152B9187312DC84373EE659D.A4720C5E9D32CB844611A6CC9D701A6F66CF4CEC&key=yt8&kind=asr&lang=en&variant=punctuated&tlang=tg&fmt=srv3", "name": "Tajik", "impersonate": true, "__yt_dlp_client": "tv"}, {"ext": "ttml", "url": "https://www.youtube.com/api/timedtext?v=gqAmIg0fcts&ei=T32DaNr0O9zXsfIP_qmmyAk&caps=asr&opi=112496729&xoaf=5&xospf=1&hl=en&ip=0.0.0.0&ipbits=0&expire=1753472960&sparams=ip%2Cipbits%2Cexpire%2Cv%2Cei%2Ccaps%2Copi%2Cxoaf&signature=BF6AAB3D4430CACE152B9187312DC84373EE659D.A4720C5E9D32CB844611A6CC9D701A6F66CF4CEC&key=yt8&kind=asr&lang=en&variant=punctuated&tlang=tg&fmt=ttml", "name": "Tajik", "impersonate": true, "__yt_dlp_client": "tv"}, {"ext": "srt", "url": "https://www.youtube.com/api/timedtext?v=gqAmIg0fcts&ei=T32DaNr0O9zXsfIP_qmmyAk&caps=asr&opi=112496729&xoaf=5&xospf=1&hl=en&ip=0.0.0.0&ipbits=0&expire=1753472960&sparams=ip%2Cipbits%2Cexpire%2Cv%2Cei%2Ccaps%2Copi%2Cxoaf&signature=BF6AAB3D4430CACE152B9187312DC84373EE659D.A4720C5E9D32CB844611A6CC9D701A6F66CF4CEC&key=yt8&kind=asr&lang=en&variant=punctuated&tlang=tg&fmt=srt", "name": "Tajik", "impersonate": true, "__yt_dlp_client": "tv"}, {"ext": "vtt", "url": "https://www.youtube.com/api/timedtext?v=gqAmIg0fcts&ei=T32DaNr0O9zXsfIP_qmmyAk&caps=asr&opi=112496729&xoaf=5&xospf=1&hl=en&ip=0.0.0.0&ipbits=0&expire=1753472960&sparams=ip%2Cipbits%2Cexpire%2Cv%2Cei%2Ccaps%2Copi%2Cxoaf&signature=BF6AAB3D4430CACE152B9187312DC84373EE659D.A4720C5E9D32CB844611A6CC9D701A6F66CF4CEC&key=yt8&kind=asr&lang=en&variant=punctuated&tlang=tg&fmt=vtt", "name": "Tajik", "impersonate": true, "__yt_dlp_client": "tv"}], "ta": [{"ext": "json3", "url": "https://www.youtube.com/api/timedtext?v=gqAmIg0fcts&ei=T32DaNr0O9zXsfIP_qmmyAk&caps=asr&opi=112496729&xoaf=5&xospf=1&hl=en&ip=0.0.0.0&ipbits=0&expire=1753472960&sparams=ip%2Cipbits%2Cexpire%2Cv%2Cei%2Ccaps%2Copi%2Cxoaf&signature=BF6AAB3D4430CACE152B9187312DC84373EE659D.A4720C5E9D32CB844611A6CC9D701A6F66CF4CEC&key=yt8&kind=asr&lang=en&variant=punctuated&tlang=ta&fmt=json3", "name": "Tamil", "impersonate": true, "__yt_dlp_client": "tv"}, {"ext": "srv1", "url": "https://www.youtube.com/api/timedtext?v=gqAmIg0fcts&ei=T32DaNr0O9zXsfIP_qmmyAk&caps=asr&opi=112496729&xoaf=5&xospf=1&hl=en&ip=0.0.0.0&ipbits=0&expire=1753472960&sparams=ip%2Cipbits%2Cexpire%2Cv%2Cei%2Ccaps%2Copi%2Cxoaf&signature=BF6AAB3D4430CACE152B9187312DC84373EE659D.A4720C5E9D32CB844611A6CC9D701A6F66CF4CEC&key=yt8&kind=asr&lang=en&variant=punctuated&tlang=ta&fmt=srv1", "name": "Tamil", "impersonate": true, "__yt_dlp_client": "tv"}, {"ext": "srv2", "url": "https://www.youtube.com/api/timedtext?v=gqAmIg0fcts&ei=T32DaNr0O9zXsfIP_qmmyAk&caps=asr&opi=112496729&xoaf=5&xospf=1&hl=en&ip=0.0.0.0&ipbits=0&expire=1753472960&sparams=ip%2Cipbits%2Cexpire%2Cv%2Cei%2Ccaps%2Copi%2Cxoaf&signature=BF6AAB3D4430CACE152B9187312DC84373EE659D.A4720C5E9D32CB844611A6CC9D701A6F66CF4CEC&key=yt8&kind=asr&lang=en&variant=punctuated&tlang=ta&fmt=srv2", "name": "Tamil", "impersonate": true, "__yt_dlp_client": "tv"}, {"ext": "srv3", "url": "https://www.youtube.com/api/timedtext?v=gqAmIg0fcts&ei=T32DaNr0O9zXsfIP_qmmyAk&caps=asr&opi=112496729&xoaf=5&xospf=1&hl=en&ip=0.0.0.0&ipbits=0&expire=1753472960&sparams=ip%2Cipbits%2Cexpire%2Cv%2Cei%2Ccaps%2Copi%2Cxoaf&signature=BF6AAB3D4430CACE152B9187312DC84373EE659D.A4720C5E9D32CB844611A6CC9D701A6F66CF4CEC&key=yt8&kind=asr&lang=en&variant=punctuated&tlang=ta&fmt=srv3", "name": "Tamil", "impersonate": true, "__yt_dlp_client": "tv"}, {"ext": "ttml", "url": "https://www.youtube.com/api/timedtext?v=gqAmIg0fcts&ei=T32DaNr0O9zXsfIP_qmmyAk&caps=asr&opi=112496729&xoaf=5&xospf=1&hl=en&ip=0.0.0.0&ipbits=0&expire=1753472960&sparams=ip%2Cipbits%2Cexpire%2Cv%2Cei%2Ccaps%2Copi%2Cxoaf&signature=BF6AAB3D4430CACE152B9187312DC84373EE659D.A4720C5E9D32CB844611A6CC9D701A6F66CF4CEC&key=yt8&kind=asr&lang=en&variant=punctuated&tlang=ta&fmt=ttml", "name": "Tamil", "impersonate": true, "__yt_dlp_client": "tv"}, {"ext": "srt", "url": "https://www.youtube.com/api/timedtext?v=gqAmIg0fcts&ei=T32DaNr0O9zXsfIP_qmmyAk&caps=asr&opi=112496729&xoaf=5&xospf=1&hl=en&ip=0.0.0.0&ipbits=0&expire=1753472960&sparams=ip%2Cipbits%2Cexpire%2Cv%2Cei%2Ccaps%2Copi%2Cxoaf&signature=BF6AAB3D4430CACE152B9187312DC84373EE659D.A4720C5E9D32CB844611A6CC9D701A6F66CF4CEC&key=yt8&kind=asr&lang=en&variant=punctuated&tlang=ta&fmt=srt", "name": "Tamil", "impersonate": true, "__yt_dlp_client": "tv"}, {"ext": "vtt", "url": "https://www.youtube.com/api/timedtext?v=gqAmIg0fcts&ei=T32DaNr0O9zXsfIP_qmmyAk&caps=asr&opi=112496729&xoaf=5&xospf=1&hl=en&ip=0.0.0.0&ipbits=0&expire=1753472960&sparams=ip%2Cipbits%2Cexpire%2Cv%2Cei%2Ccaps%2Copi%2Cxoaf&signature=BF6AAB3D4430CACE152B9187312DC84373EE659D.A4720C5E9D32CB844611A6CC9D701A6F66CF4CEC&key=yt8&kind=asr&lang=en&variant=punctuated&tlang=ta&fmt=vtt", "name": "Tamil", "impersonate": true, "__yt_dlp_client": "tv"}], "tt": [{"ext": "json3", "url": "https://www.youtube.com/api/timedtext?v=gqAmIg0fcts&ei=T32DaNr0O9zXsfIP_qmmyAk&caps=asr&opi=112496729&xoaf=5&xospf=1&hl=en&ip=0.0.0.0&ipbits=0&expire=1753472960&sparams=ip%2Cipbits%2Cexpire%2Cv%2Cei%2Ccaps%2Copi%2Cxoaf&signature=BF6AAB3D4430CACE152B9187312DC84373EE659D.A4720C5E9D32CB844611A6CC9D701A6F66CF4CEC&key=yt8&kind=asr&lang=en&variant=punctuated&tlang=tt&fmt=json3", "name": "Tatar", "impersonate": true, "__yt_dlp_client": "tv"}, {"ext": "srv1", "url": "https://www.youtube.com/api/timedtext?v=gqAmIg0fcts&ei=T32DaNr0O9zXsfIP_qmmyAk&caps=asr&opi=112496729&xoaf=5&xospf=1&hl=en&ip=0.0.0.0&ipbits=0&expire=1753472960&sparams=ip%2Cipbits%2Cexpire%2Cv%2Cei%2Ccaps%2Copi%2Cxoaf&signature=BF6AAB3D4430CACE152B9187312DC84373EE659D.A4720C5E9D32CB844611A6CC9D701A6F66CF4CEC&key=yt8&kind=asr&lang=en&variant=punctuated&tlang=tt&fmt=srv1", "name": "Tatar", "impersonate": true, "__yt_dlp_client": "tv"}, {"ext": "srv2", "url": "https://www.youtube.com/api/timedtext?v=gqAmIg0fcts&ei=T32DaNr0O9zXsfIP_qmmyAk&caps=asr&opi=112496729&xoaf=5&xospf=1&hl=en&ip=0.0.0.0&ipbits=0&expire=1753472960&sparams=ip%2Cipbits%2Cexpire%2Cv%2Cei%2Ccaps%2Copi%2Cxoaf&signature=BF6AAB3D4430CACE152B9187312DC84373EE659D.A4720C5E9D32CB844611A6CC9D701A6F66CF4CEC&key=yt8&kind=asr&lang=en&variant=punctuated&tlang=tt&fmt=srv2", "name": "Tatar", "impersonate": true, "__yt_dlp_client": "tv"}, {"ext": "srv3", "url": "https://www.youtube.com/api/timedtext?v=gqAmIg0fcts&ei=T32DaNr0O9zXsfIP_qmmyAk&caps=asr&opi=112496729&xoaf=5&xospf=1&hl=en&ip=0.0.0.0&ipbits=0&expire=1753472960&sparams=ip%2Cipbits%2Cexpire%2Cv%2Cei%2Ccaps%2Copi%2Cxoaf&signature=BF6AAB3D4430CACE152B9187312DC84373EE659D.A4720C5E9D32CB844611A6CC9D701A6F66CF4CEC&key=yt8&kind=asr&lang=en&variant=punctuated&tlang=tt&fmt=srv3", "name": "Tatar", "impersonate": true, "__yt_dlp_client": "tv"}, {"ext": "ttml", "url": "https://www.youtube.com/api/timedtext?v=gqAmIg0fcts&ei=T32DaNr0O9zXsfIP_qmmyAk&caps=asr&opi=112496729&xoaf=5&xospf=1&hl=en&ip=0.0.0.0&ipbits=0&expire=1753472960&sparams=ip%2Cipbits%2Cexpire%2Cv%2Cei%2Ccaps%2Copi%2Cxoaf&signature=BF6AAB3D4430CACE152B9187312DC84373EE659D.A4720C5E9D32CB844611A6CC9D701A6F66CF4CEC&key=yt8&kind=asr&lang=en&variant=punctuated&tlang=tt&fmt=ttml", "name": "Tatar", "impersonate": true, "__yt_dlp_client": "tv"}, {"ext": "srt", "url": "https://www.youtube.com/api/timedtext?v=gqAmIg0fcts&ei=T32DaNr0O9zXsfIP_qmmyAk&caps=asr&opi=112496729&xoaf=5&xospf=1&hl=en&ip=0.0.0.0&ipbits=0&expire=1753472960&sparams=ip%2Cipbits%2Cexpire%2Cv%2Cei%2Ccaps%2Copi%2Cxoaf&signature=BF6AAB3D4430CACE152B9187312DC84373EE659D.A4720C5E9D32CB844611A6CC9D701A6F66CF4CEC&key=yt8&kind=asr&lang=en&variant=punctuated&tlang=tt&fmt=srt", "name": "Tatar", "impersonate": true, "__yt_dlp_client": "tv"}, {"ext": "vtt", "url": "https://www.youtube.com/api/timedtext?v=gqAmIg0fcts&ei=T32DaNr0O9zXsfIP_qmmyAk&caps=asr&opi=112496729&xoaf=5&xospf=1&hl=en&ip=0.0.0.0&ipbits=0&expire=1753472960&sparams=ip%2Cipbits%2Cexpire%2Cv%2Cei%2Ccaps%2Copi%2Cxoaf&signature=BF6AAB3D4430CACE152B9187312DC84373EE659D.A4720C5E9D32CB844611A6CC9D701A6F66CF4CEC&key=yt8&kind=asr&lang=en&variant=punctuated&tlang=tt&fmt=vtt", "name": "Tatar", "impersonate": true, "__yt_dlp_client": "tv"}], "te": [{"ext": "json3", "url": "https://www.youtube.com/api/timedtext?v=gqAmIg0fcts&ei=T32DaNr0O9zXsfIP_qmmyAk&caps=asr&opi=112496729&xoaf=5&xospf=1&hl=en&ip=0.0.0.0&ipbits=0&expire=1753472960&sparams=ip%2Cipbits%2Cexpire%2Cv%2Cei%2Ccaps%2Copi%2Cxoaf&signature=BF6AAB3D4430CACE152B9187312DC84373EE659D.A4720C5E9D32CB844611A6CC9D701A6F66CF4CEC&key=yt8&kind=asr&lang=en&variant=punctuated&tlang=te&fmt=json3", "name": "Telugu", "impersonate": true, "__yt_dlp_client": "tv"}, {"ext": "srv1", "url": "https://www.youtube.com/api/timedtext?v=gqAmIg0fcts&ei=T32DaNr0O9zXsfIP_qmmyAk&caps=asr&opi=112496729&xoaf=5&xospf=1&hl=en&ip=0.0.0.0&ipbits=0&expire=1753472960&sparams=ip%2Cipbits%2Cexpire%2Cv%2Cei%2Ccaps%2Copi%2Cxoaf&signature=BF6AAB3D4430CACE152B9187312DC84373EE659D.A4720C5E9D32CB844611A6CC9D701A6F66CF4CEC&key=yt8&kind=asr&lang=en&variant=punctuated&tlang=te&fmt=srv1", "name": "Telugu", "impersonate": true, "__yt_dlp_client": "tv"}, {"ext": "srv2", "url": "https://www.youtube.com/api/timedtext?v=gqAmIg0fcts&ei=T32DaNr0O9zXsfIP_qmmyAk&caps=asr&opi=112496729&xoaf=5&xospf=1&hl=en&ip=0.0.0.0&ipbits=0&expire=1753472960&sparams=ip%2Cipbits%2Cexpire%2Cv%2Cei%2Ccaps%2Copi%2Cxoaf&signature=BF6AAB3D4430CACE152B9187312DC84373EE659D.A4720C5E9D32CB844611A6CC9D701A6F66CF4CEC&key=yt8&kind=asr&lang=en&variant=punctuated&tlang=te&fmt=srv2", "name": "Telugu", "impersonate": true, "__yt_dlp_client": "tv"}, {"ext": "srv3", "url": "https://www.youtube.com/api/timedtext?v=gqAmIg0fcts&ei=T32DaNr0O9zXsfIP_qmmyAk&caps=asr&opi=112496729&xoaf=5&xospf=1&hl=en&ip=0.0.0.0&ipbits=0&expire=1753472960&sparams=ip%2Cipbits%2Cexpire%2Cv%2Cei%2Ccaps%2Copi%2Cxoaf&signature=BF6AAB3D4430CACE152B9187312DC84373EE659D.A4720C5E9D32CB844611A6CC9D701A6F66CF4CEC&key=yt8&kind=asr&lang=en&variant=punctuated&tlang=te&fmt=srv3", "name": "Telugu", "impersonate": true, "__yt_dlp_client": "tv"}, {"ext": "ttml", "url": "https://www.youtube.com/api/timedtext?v=gqAmIg0fcts&ei=T32DaNr0O9zXsfIP_qmmyAk&caps=asr&opi=112496729&xoaf=5&xospf=1&hl=en&ip=0.0.0.0&ipbits=0&expire=1753472960&sparams=ip%2Cipbits%2Cexpire%2Cv%2Cei%2Ccaps%2Copi%2Cxoaf&signature=BF6AAB3D4430CACE152B9187312DC84373EE659D.A4720C5E9D32CB844611A6CC9D701A6F66CF4CEC&key=yt8&kind=asr&lang=en&variant=punctuated&tlang=te&fmt=ttml", "name": "Telugu", "impersonate": true, "__yt_dlp_client": "tv"}, {"ext": "srt", "url": "https://www.youtube.com/api/timedtext?v=gqAmIg0fcts&ei=T32DaNr0O9zXsfIP_qmmyAk&caps=asr&opi=112496729&xoaf=5&xospf=1&hl=en&ip=0.0.0.0&ipbits=0&expire=1753472960&sparams=ip%2Cipbits%2Cexpire%2Cv%2Cei%2Ccaps%2Copi%2Cxoaf&signature=BF6AAB3D4430CACE152B9187312DC84373EE659D.A4720C5E9D32CB844611A6CC9D701A6F66CF4CEC&key=yt8&kind=asr&lang=en&variant=punctuated&tlang=te&fmt=srt", "name": "Telugu", "impersonate": true, "__yt_dlp_client": "tv"}, {"ext": "vtt", "url": "https://www.youtube.com/api/timedtext?v=gqAmIg0fcts&ei=T32DaNr0O9zXsfIP_qmmyAk&caps=asr&opi=112496729&xoaf=5&xospf=1&hl=en&ip=0.0.0.0&ipbits=0&expire=1753472960&sparams=ip%2Cipbits%2Cexpire%2Cv%2Cei%2Ccaps%2Copi%2Cxoaf&signature=BF6AAB3D4430CACE152B9187312DC84373EE659D.A4720C5E9D32CB844611A6CC9D701A6F66CF4CEC&key=yt8&kind=asr&lang=en&variant=punctuated&tlang=te&fmt=vtt", "name": "Telugu", "impersonate": true, "__yt_dlp_client": "tv"}], "th": [{"ext": "json3", "url": "https://www.youtube.com/api/timedtext?v=gqAmIg0fcts&ei=T32DaNr0O9zXsfIP_qmmyAk&caps=asr&opi=112496729&xoaf=5&xospf=1&hl=en&ip=0.0.0.0&ipbits=0&expire=1753472960&sparams=ip%2Cipbits%2Cexpire%2Cv%2Cei%2Ccaps%2Copi%2Cxoaf&signature=BF6AAB3D4430CACE152B9187312DC84373EE659D.A4720C5E9D32CB844611A6CC9D701A6F66CF4CEC&key=yt8&kind=asr&lang=en&variant=punctuated&tlang=th&fmt=json3", "name": "Thai", "impersonate": true, "__yt_dlp_client": "tv"}, {"ext": "srv1", "url": "https://www.youtube.com/api/timedtext?v=gqAmIg0fcts&ei=T32DaNr0O9zXsfIP_qmmyAk&caps=asr&opi=112496729&xoaf=5&xospf=1&hl=en&ip=0.0.0.0&ipbits=0&expire=1753472960&sparams=ip%2Cipbits%2Cexpire%2Cv%2Cei%2Ccaps%2Copi%2Cxoaf&signature=BF6AAB3D4430CACE152B9187312DC84373EE659D.A4720C5E9D32CB844611A6CC9D701A6F66CF4CEC&key=yt8&kind=asr&lang=en&variant=punctuated&tlang=th&fmt=srv1", "name": "Thai", "impersonate": true, "__yt_dlp_client": "tv"}, {"ext": "srv2", "url": "https://www.youtube.com/api/timedtext?v=gqAmIg0fcts&ei=T32DaNr0O9zXsfIP_qmmyAk&caps=asr&opi=112496729&xoaf=5&xospf=1&hl=en&ip=0.0.0.0&ipbits=0&expire=1753472960&sparams=ip%2Cipbits%2Cexpire%2Cv%2Cei%2Ccaps%2Copi%2Cxoaf&signature=BF6AAB3D4430CACE152B9187312DC84373EE659D.A4720C5E9D32CB844611A6CC9D701A6F66CF4CEC&key=yt8&kind=asr&lang=en&variant=punctuated&tlang=th&fmt=srv2", "name": "Thai", "impersonate": true, "__yt_dlp_client": "tv"}, {"ext": "srv3", "url": "https://www.youtube.com/api/timedtext?v=gqAmIg0fcts&ei=T32DaNr0O9zXsfIP_qmmyAk&caps=asr&opi=112496729&xoaf=5&xospf=1&hl=en&ip=0.0.0.0&ipbits=0&expire=1753472960&sparams=ip%2Cipbits%2Cexpire%2Cv%2Cei%2Ccaps%2Copi%2Cxoaf&signature=BF6AAB3D4430CACE152B9187312DC84373EE659D.A4720C5E9D32CB844611A6CC9D701A6F66CF4CEC&key=yt8&kind=asr&lang=en&variant=punctuated&tlang=th&fmt=srv3", "name": "Thai", "impersonate": true, "__yt_dlp_client": "tv"}, {"ext": "ttml", "url": "https://www.youtube.com/api/timedtext?v=gqAmIg0fcts&ei=T32DaNr0O9zXsfIP_qmmyAk&caps=asr&opi=112496729&xoaf=5&xospf=1&hl=en&ip=0.0.0.0&ipbits=0&expire=1753472960&sparams=ip%2Cipbits%2Cexpire%2Cv%2Cei%2Ccaps%2Copi%2Cxoaf&signature=BF6AAB3D4430CACE152B9187312DC84373EE659D.A4720C5E9D32CB844611A6CC9D701A6F66CF4CEC&key=yt8&kind=asr&lang=en&variant=punctuated&tlang=th&fmt=ttml", "name": "Thai", "impersonate": true, "__yt_dlp_client": "tv"}, {"ext": "srt", "url": "https://www.youtube.com/api/timedtext?v=gqAmIg0fcts&ei=T32DaNr0O9zXsfIP_qmmyAk&caps=asr&opi=112496729&xoaf=5&xospf=1&hl=en&ip=0.0.0.0&ipbits=0&expire=1753472960&sparams=ip%2Cipbits%2Cexpire%2Cv%2Cei%2Ccaps%2Copi%2Cxoaf&signature=BF6AAB3D4430CACE152B9187312DC84373EE659D.A4720C5E9D32CB844611A6CC9D701A6F66CF4CEC&key=yt8&kind=asr&lang=en&variant=punctuated&tlang=th&fmt=srt", "name": "Thai", "impersonate": true, "__yt_dlp_client": "tv"}, {"ext": "vtt", "url": "https://www.youtube.com/api/timedtext?v=gqAmIg0fcts&ei=T32DaNr0O9zXsfIP_qmmyAk&caps=asr&opi=112496729&xoaf=5&xospf=1&hl=en&ip=0.0.0.0&ipbits=0&expire=1753472960&sparams=ip%2Cipbits%2Cexpire%2Cv%2Cei%2Ccaps%2Copi%2Cxoaf&signature=BF6AAB3D4430CACE152B9187312DC84373EE659D.A4720C5E9D32CB844611A6CC9D701A6F66CF4CEC&key=yt8&kind=asr&lang=en&variant=punctuated&tlang=th&fmt=vtt", "name": "Thai", "impersonate": true, "__yt_dlp_client": "tv"}], "bo": [{"ext": "json3", "url": "https://www.youtube.com/api/timedtext?v=gqAmIg0fcts&ei=T32DaNr0O9zXsfIP_qmmyAk&caps=asr&opi=112496729&xoaf=5&xospf=1&hl=en&ip=0.0.0.0&ipbits=0&expire=1753472960&sparams=ip%2Cipbits%2Cexpire%2Cv%2Cei%2Ccaps%2Copi%2Cxoaf&signature=BF6AAB3D4430CACE152B9187312DC84373EE659D.A4720C5E9D32CB844611A6CC9D701A6F66CF4CEC&key=yt8&kind=asr&lang=en&variant=punctuated&tlang=bo&fmt=json3", "name": "Tibetan", "impersonate": true, "__yt_dlp_client": "tv"}, {"ext": "srv1", "url": "https://www.youtube.com/api/timedtext?v=gqAmIg0fcts&ei=T32DaNr0O9zXsfIP_qmmyAk&caps=asr&opi=112496729&xoaf=5&xospf=1&hl=en&ip=0.0.0.0&ipbits=0&expire=1753472960&sparams=ip%2Cipbits%2Cexpire%2Cv%2Cei%2Ccaps%2Copi%2Cxoaf&signature=BF6AAB3D4430CACE152B9187312DC84373EE659D.A4720C5E9D32CB844611A6CC9D701A6F66CF4CEC&key=yt8&kind=asr&lang=en&variant=punctuated&tlang=bo&fmt=srv1", "name": "Tibetan", "impersonate": true, "__yt_dlp_client": "tv"}, {"ext": "srv2", "url": "https://www.youtube.com/api/timedtext?v=gqAmIg0fcts&ei=T32DaNr0O9zXsfIP_qmmyAk&caps=asr&opi=112496729&xoaf=5&xospf=1&hl=en&ip=0.0.0.0&ipbits=0&expire=1753472960&sparams=ip%2Cipbits%2Cexpire%2Cv%2Cei%2Ccaps%2Copi%2Cxoaf&signature=BF6AAB3D4430CACE152B9187312DC84373EE659D.A4720C5E9D32CB844611A6CC9D701A6F66CF4CEC&key=yt8&kind=asr&lang=en&variant=punctuated&tlang=bo&fmt=srv2", "name": "Tibetan", "impersonate": true, "__yt_dlp_client": "tv"}, {"ext": "srv3", "url": "https://www.youtube.com/api/timedtext?v=gqAmIg0fcts&ei=T32DaNr0O9zXsfIP_qmmyAk&caps=asr&opi=112496729&xoaf=5&xospf=1&hl=en&ip=0.0.0.0&ipbits=0&expire=1753472960&sparams=ip%2Cipbits%2Cexpire%2Cv%2Cei%2Ccaps%2Copi%2Cxoaf&signature=BF6AAB3D4430CACE152B9187312DC84373EE659D.A4720C5E9D32CB844611A6CC9D701A6F66CF4CEC&key=yt8&kind=asr&lang=en&variant=punctuated&tlang=bo&fmt=srv3", "name": "Tibetan", "impersonate": true, "__yt_dlp_client": "tv"}, {"ext": "ttml", "url": "https://www.youtube.com/api/timedtext?v=gqAmIg0fcts&ei=T32DaNr0O9zXsfIP_qmmyAk&caps=asr&opi=112496729&xoaf=5&xospf=1&hl=en&ip=0.0.0.0&ipbits=0&expire=1753472960&sparams=ip%2Cipbits%2Cexpire%2Cv%2Cei%2Ccaps%2Copi%2Cxoaf&signature=BF6AAB3D4430CACE152B9187312DC84373EE659D.A4720C5E9D32CB844611A6CC9D701A6F66CF4CEC&key=yt8&kind=asr&lang=en&variant=punctuated&tlang=bo&fmt=ttml", "name": "Tibetan", "impersonate": true, "__yt_dlp_client": "tv"}, {"ext": "srt", "url": "https://www.youtube.com/api/timedtext?v=gqAmIg0fcts&ei=T32DaNr0O9zXsfIP_qmmyAk&caps=asr&opi=112496729&xoaf=5&xospf=1&hl=en&ip=0.0.0.0&ipbits=0&expire=1753472960&sparams=ip%2Cipbits%2Cexpire%2Cv%2Cei%2Ccaps%2Copi%2Cxoaf&signature=BF6AAB3D4430CACE152B9187312DC84373EE659D.A4720C5E9D32CB844611A6CC9D701A6F66CF4CEC&key=yt8&kind=asr&lang=en&variant=punctuated&tlang=bo&fmt=srt", "name": "Tibetan", "impersonate": true, "__yt_dlp_client": "tv"}, {"ext": "vtt", "url": "https://www.youtube.com/api/timedtext?v=gqAmIg0fcts&ei=T32DaNr0O9zXsfIP_qmmyAk&caps=asr&opi=112496729&xoaf=5&xospf=1&hl=en&ip=0.0.0.0&ipbits=0&expire=1753472960&sparams=ip%2Cipbits%2Cexpire%2Cv%2Cei%2Ccaps%2Copi%2Cxoaf&signature=BF6AAB3D4430CACE152B9187312DC84373EE659D.A4720C5E9D32CB844611A6CC9D701A6F66CF4CEC&key=yt8&kind=asr&lang=en&variant=punctuated&tlang=bo&fmt=vtt", "name": "Tibetan", "impersonate": true, "__yt_dlp_client": "tv"}], "ti": [{"ext": "json3", "url": "https://www.youtube.com/api/timedtext?v=gqAmIg0fcts&ei=T32DaNr0O9zXsfIP_qmmyAk&caps=asr&opi=112496729&xoaf=5&xospf=1&hl=en&ip=0.0.0.0&ipbits=0&expire=1753472960&sparams=ip%2Cipbits%2Cexpire%2Cv%2Cei%2Ccaps%2Copi%2Cxoaf&signature=BF6AAB3D4430CACE152B9187312DC84373EE659D.A4720C5E9D32CB844611A6CC9D701A6F66CF4CEC&key=yt8&kind=asr&lang=en&variant=punctuated&tlang=ti&fmt=json3", "name": "Tigrinya", "impersonate": true, "__yt_dlp_client": "tv"}, {"ext": "srv1", "url": "https://www.youtube.com/api/timedtext?v=gqAmIg0fcts&ei=T32DaNr0O9zXsfIP_qmmyAk&caps=asr&opi=112496729&xoaf=5&xospf=1&hl=en&ip=0.0.0.0&ipbits=0&expire=1753472960&sparams=ip%2Cipbits%2Cexpire%2Cv%2Cei%2Ccaps%2Copi%2Cxoaf&signature=BF6AAB3D4430CACE152B9187312DC84373EE659D.A4720C5E9D32CB844611A6CC9D701A6F66CF4CEC&key=yt8&kind=asr&lang=en&variant=punctuated&tlang=ti&fmt=srv1", "name": "Tigrinya", "impersonate": true, "__yt_dlp_client": "tv"}, {"ext": "srv2", "url": "https://www.youtube.com/api/timedtext?v=gqAmIg0fcts&ei=T32DaNr0O9zXsfIP_qmmyAk&caps=asr&opi=112496729&xoaf=5&xospf=1&hl=en&ip=0.0.0.0&ipbits=0&expire=1753472960&sparams=ip%2Cipbits%2Cexpire%2Cv%2Cei%2Ccaps%2Copi%2Cxoaf&signature=BF6AAB3D4430CACE152B9187312DC84373EE659D.A4720C5E9D32CB844611A6CC9D701A6F66CF4CEC&key=yt8&kind=asr&lang=en&variant=punctuated&tlang=ti&fmt=srv2", "name": "Tigrinya", "impersonate": true, "__yt_dlp_client": "tv"}, {"ext": "srv3", "url": "https://www.youtube.com/api/timedtext?v=gqAmIg0fcts&ei=T32DaNr0O9zXsfIP_qmmyAk&caps=asr&opi=112496729&xoaf=5&xospf=1&hl=en&ip=0.0.0.0&ipbits=0&expire=1753472960&sparams=ip%2Cipbits%2Cexpire%2Cv%2Cei%2Ccaps%2Copi%2Cxoaf&signature=BF6AAB3D4430CACE152B9187312DC84373EE659D.A4720C5E9D32CB844611A6CC9D701A6F66CF4CEC&key=yt8&kind=asr&lang=en&variant=punctuated&tlang=ti&fmt=srv3", "name": "Tigrinya", "impersonate": true, "__yt_dlp_client": "tv"}, {"ext": "ttml", "url": "https://www.youtube.com/api/timedtext?v=gqAmIg0fcts&ei=T32DaNr0O9zXsfIP_qmmyAk&caps=asr&opi=112496729&xoaf=5&xospf=1&hl=en&ip=0.0.0.0&ipbits=0&expire=1753472960&sparams=ip%2Cipbits%2Cexpire%2Cv%2Cei%2Ccaps%2Copi%2Cxoaf&signature=BF6AAB3D4430CACE152B9187312DC84373EE659D.A4720C5E9D32CB844611A6CC9D701A6F66CF4CEC&key=yt8&kind=asr&lang=en&variant=punctuated&tlang=ti&fmt=ttml", "name": "Tigrinya", "impersonate": true, "__yt_dlp_client": "tv"}, {"ext": "srt", "url": "https://www.youtube.com/api/timedtext?v=gqAmIg0fcts&ei=T32DaNr0O9zXsfIP_qmmyAk&caps=asr&opi=112496729&xoaf=5&xospf=1&hl=en&ip=0.0.0.0&ipbits=0&expire=1753472960&sparams=ip%2Cipbits%2Cexpire%2Cv%2Cei%2Ccaps%2Copi%2Cxoaf&signature=BF6AAB3D4430CACE152B9187312DC84373EE659D.A4720C5E9D32CB844611A6CC9D701A6F66CF4CEC&key=yt8&kind=asr&lang=en&variant=punctuated&tlang=ti&fmt=srt", "name": "Tigrinya", "impersonate": true, "__yt_dlp_client": "tv"}, {"ext": "vtt", "url": "https://www.youtube.com/api/timedtext?v=gqAmIg0fcts&ei=T32DaNr0O9zXsfIP_qmmyAk&caps=asr&opi=112496729&xoaf=5&xospf=1&hl=en&ip=0.0.0.0&ipbits=0&expire=1753472960&sparams=ip%2Cipbits%2Cexpire%2Cv%2Cei%2Ccaps%2Copi%2Cxoaf&signature=BF6AAB3D4430CACE152B9187312DC84373EE659D.A4720C5E9D32CB844611A6CC9D701A6F66CF4CEC&key=yt8&kind=asr&lang=en&variant=punctuated&tlang=ti&fmt=vtt", "name": "Tigrinya", "impersonate": true, "__yt_dlp_client": "tv"}], "to": [{"ext": "json3", "url": "https://www.youtube.com/api/timedtext?v=gqAmIg0fcts&ei=T32DaNr0O9zXsfIP_qmmyAk&caps=asr&opi=112496729&xoaf=5&xospf=1&hl=en&ip=0.0.0.0&ipbits=0&expire=1753472960&sparams=ip%2Cipbits%2Cexpire%2Cv%2Cei%2Ccaps%2Copi%2Cxoaf&signature=BF6AAB3D4430CACE152B9187312DC84373EE659D.A4720C5E9D32CB844611A6CC9D701A6F66CF4CEC&key=yt8&kind=asr&lang=en&variant=punctuated&tlang=to&fmt=json3", "name": "Tongan", "impersonate": true, "__yt_dlp_client": "tv"}, {"ext": "srv1", "url": "https://www.youtube.com/api/timedtext?v=gqAmIg0fcts&ei=T32DaNr0O9zXsfIP_qmmyAk&caps=asr&opi=112496729&xoaf=5&xospf=1&hl=en&ip=0.0.0.0&ipbits=0&expire=1753472960&sparams=ip%2Cipbits%2Cexpire%2Cv%2Cei%2Ccaps%2Copi%2Cxoaf&signature=BF6AAB3D4430CACE152B9187312DC84373EE659D.A4720C5E9D32CB844611A6CC9D701A6F66CF4CEC&key=yt8&kind=asr&lang=en&variant=punctuated&tlang=to&fmt=srv1", "name": "Tongan", "impersonate": true, "__yt_dlp_client": "tv"}, {"ext": "srv2", "url": "https://www.youtube.com/api/timedtext?v=gqAmIg0fcts&ei=T32DaNr0O9zXsfIP_qmmyAk&caps=asr&opi=112496729&xoaf=5&xospf=1&hl=en&ip=0.0.0.0&ipbits=0&expire=1753472960&sparams=ip%2Cipbits%2Cexpire%2Cv%2Cei%2Ccaps%2Copi%2Cxoaf&signature=BF6AAB3D4430CACE152B9187312DC84373EE659D.A4720C5E9D32CB844611A6CC9D701A6F66CF4CEC&key=yt8&kind=asr&lang=en&variant=punctuated&tlang=to&fmt=srv2", "name": "Tongan", "impersonate": true, "__yt_dlp_client": "tv"}, {"ext": "srv3", "url": "https://www.youtube.com/api/timedtext?v=gqAmIg0fcts&ei=T32DaNr0O9zXsfIP_qmmyAk&caps=asr&opi=112496729&xoaf=5&xospf=1&hl=en&ip=0.0.0.0&ipbits=0&expire=1753472960&sparams=ip%2Cipbits%2Cexpire%2Cv%2Cei%2Ccaps%2Copi%2Cxoaf&signature=BF6AAB3D4430CACE152B9187312DC84373EE659D.A4720C5E9D32CB844611A6CC9D701A6F66CF4CEC&key=yt8&kind=asr&lang=en&variant=punctuated&tlang=to&fmt=srv3", "name": "Tongan", "impersonate": true, "__yt_dlp_client": "tv"}, {"ext": "ttml", "url": "https://www.youtube.com/api/timedtext?v=gqAmIg0fcts&ei=T32DaNr0O9zXsfIP_qmmyAk&caps=asr&opi=112496729&xoaf=5&xospf=1&hl=en&ip=0.0.0.0&ipbits=0&expire=1753472960&sparams=ip%2Cipbits%2Cexpire%2Cv%2Cei%2Ccaps%2Copi%2Cxoaf&signature=BF6AAB3D4430CACE152B9187312DC84373EE659D.A4720C5E9D32CB844611A6CC9D701A6F66CF4CEC&key=yt8&kind=asr&lang=en&variant=punctuated&tlang=to&fmt=ttml", "name": "Tongan", "impersonate": true, "__yt_dlp_client": "tv"}, {"ext": "srt", "url": "https://www.youtube.com/api/timedtext?v=gqAmIg0fcts&ei=T32DaNr0O9zXsfIP_qmmyAk&caps=asr&opi=112496729&xoaf=5&xospf=1&hl=en&ip=0.0.0.0&ipbits=0&expire=1753472960&sparams=ip%2Cipbits%2Cexpire%2Cv%2Cei%2Ccaps%2Copi%2Cxoaf&signature=BF6AAB3D4430CACE152B9187312DC84373EE659D.A4720C5E9D32CB844611A6CC9D701A6F66CF4CEC&key=yt8&kind=asr&lang=en&variant=punctuated&tlang=to&fmt=srt", "name": "Tongan", "impersonate": true, "__yt_dlp_client": "tv"}, {"ext": "vtt", "url": "https://www.youtube.com/api/timedtext?v=gqAmIg0fcts&ei=T32DaNr0O9zXsfIP_qmmyAk&caps=asr&opi=112496729&xoaf=5&xospf=1&hl=en&ip=0.0.0.0&ipbits=0&expire=1753472960&sparams=ip%2Cipbits%2Cexpire%2Cv%2Cei%2Ccaps%2Copi%2Cxoaf&signature=BF6AAB3D4430CACE152B9187312DC84373EE659D.A4720C5E9D32CB844611A6CC9D701A6F66CF4CEC&key=yt8&kind=asr&lang=en&variant=punctuated&tlang=to&fmt=vtt", "name": "Tongan", "impersonate": true, "__yt_dlp_client": "tv"}], "ts": [{"ext": "json3", "url": "https://www.youtube.com/api/timedtext?v=gqAmIg0fcts&ei=T32DaNr0O9zXsfIP_qmmyAk&caps=asr&opi=112496729&xoaf=5&xospf=1&hl=en&ip=0.0.0.0&ipbits=0&expire=1753472960&sparams=ip%2Cipbits%2Cexpire%2Cv%2Cei%2Ccaps%2Copi%2Cxoaf&signature=BF6AAB3D4430CACE152B9187312DC84373EE659D.A4720C5E9D32CB844611A6CC9D701A6F66CF4CEC&key=yt8&kind=asr&lang=en&variant=punctuated&tlang=ts&fmt=json3", "name": "Tsonga", "impersonate": true, "__yt_dlp_client": "tv"}, {"ext": "srv1", "url": "https://www.youtube.com/api/timedtext?v=gqAmIg0fcts&ei=T32DaNr0O9zXsfIP_qmmyAk&caps=asr&opi=112496729&xoaf=5&xospf=1&hl=en&ip=0.0.0.0&ipbits=0&expire=1753472960&sparams=ip%2Cipbits%2Cexpire%2Cv%2Cei%2Ccaps%2Copi%2Cxoaf&signature=BF6AAB3D4430CACE152B9187312DC84373EE659D.A4720C5E9D32CB844611A6CC9D701A6F66CF4CEC&key=yt8&kind=asr&lang=en&variant=punctuated&tlang=ts&fmt=srv1", "name": "Tsonga", "impersonate": true, "__yt_dlp_client": "tv"}, {"ext": "srv2", "url": "https://www.youtube.com/api/timedtext?v=gqAmIg0fcts&ei=T32DaNr0O9zXsfIP_qmmyAk&caps=asr&opi=112496729&xoaf=5&xospf=1&hl=en&ip=0.0.0.0&ipbits=0&expire=1753472960&sparams=ip%2Cipbits%2Cexpire%2Cv%2Cei%2Ccaps%2Copi%2Cxoaf&signature=BF6AAB3D4430CACE152B9187312DC84373EE659D.A4720C5E9D32CB844611A6CC9D701A6F66CF4CEC&key=yt8&kind=asr&lang=en&variant=punctuated&tlang=ts&fmt=srv2", "name": "Tsonga", "impersonate": true, "__yt_dlp_client": "tv"}, {"ext": "srv3", "url": "https://www.youtube.com/api/timedtext?v=gqAmIg0fcts&ei=T32DaNr0O9zXsfIP_qmmyAk&caps=asr&opi=112496729&xoaf=5&xospf=1&hl=en&ip=0.0.0.0&ipbits=0&expire=1753472960&sparams=ip%2Cipbits%2Cexpire%2Cv%2Cei%2Ccaps%2Copi%2Cxoaf&signature=BF6AAB3D4430CACE152B9187312DC84373EE659D.A4720C5E9D32CB844611A6CC9D701A6F66CF4CEC&key=yt8&kind=asr&lang=en&variant=punctuated&tlang=ts&fmt=srv3", "name": "Tsonga", "impersonate": true, "__yt_dlp_client": "tv"}, {"ext": "ttml", "url": "https://www.youtube.com/api/timedtext?v=gqAmIg0fcts&ei=T32DaNr0O9zXsfIP_qmmyAk&caps=asr&opi=112496729&xoaf=5&xospf=1&hl=en&ip=0.0.0.0&ipbits=0&expire=1753472960&sparams=ip%2Cipbits%2Cexpire%2Cv%2Cei%2Ccaps%2Copi%2Cxoaf&signature=BF6AAB3D4430CACE152B9187312DC84373EE659D.A4720C5E9D32CB844611A6CC9D701A6F66CF4CEC&key=yt8&kind=asr&lang=en&variant=punctuated&tlang=ts&fmt=ttml", "name": "Tsonga", "impersonate": true, "__yt_dlp_client": "tv"}, {"ext": "srt", "url": "https://www.youtube.com/api/timedtext?v=gqAmIg0fcts&ei=T32DaNr0O9zXsfIP_qmmyAk&caps=asr&opi=112496729&xoaf=5&xospf=1&hl=en&ip=0.0.0.0&ipbits=0&expire=1753472960&sparams=ip%2Cipbits%2Cexpire%2Cv%2Cei%2Ccaps%2Copi%2Cxoaf&signature=BF6AAB3D4430CACE152B9187312DC84373EE659D.A4720C5E9D32CB844611A6CC9D701A6F66CF4CEC&key=yt8&kind=asr&lang=en&variant=punctuated&tlang=ts&fmt=srt", "name": "Tsonga", "impersonate": true, "__yt_dlp_client": "tv"}, {"ext": "vtt", "url": "https://www.youtube.com/api/timedtext?v=gqAmIg0fcts&ei=T32DaNr0O9zXsfIP_qmmyAk&caps=asr&opi=112496729&xoaf=5&xospf=1&hl=en&ip=0.0.0.0&ipbits=0&expire=1753472960&sparams=ip%2Cipbits%2Cexpire%2Cv%2Cei%2Ccaps%2Copi%2Cxoaf&signature=BF6AAB3D4430CACE152B9187312DC84373EE659D.A4720C5E9D32CB844611A6CC9D701A6F66CF4CEC&key=yt8&kind=asr&lang=en&variant=punctuated&tlang=ts&fmt=vtt", "name": "Tsonga", "impersonate": true, "__yt_dlp_client": "tv"}], "tn": [{"ext": "json3", "url": "https://www.youtube.com/api/timedtext?v=gqAmIg0fcts&ei=T32DaNr0O9zXsfIP_qmmyAk&caps=asr&opi=112496729&xoaf=5&xospf=1&hl=en&ip=0.0.0.0&ipbits=0&expire=1753472960&sparams=ip%2Cipbits%2Cexpire%2Cv%2Cei%2Ccaps%2Copi%2Cxoaf&signature=BF6AAB3D4430CACE152B9187312DC84373EE659D.A4720C5E9D32CB844611A6CC9D701A6F66CF4CEC&key=yt8&kind=asr&lang=en&variant=punctuated&tlang=tn&fmt=json3", "name": "Tswana", "impersonate": true, "__yt_dlp_client": "tv"}, {"ext": "srv1", "url": "https://www.youtube.com/api/timedtext?v=gqAmIg0fcts&ei=T32DaNr0O9zXsfIP_qmmyAk&caps=asr&opi=112496729&xoaf=5&xospf=1&hl=en&ip=0.0.0.0&ipbits=0&expire=1753472960&sparams=ip%2Cipbits%2Cexpire%2Cv%2Cei%2Ccaps%2Copi%2Cxoaf&signature=BF6AAB3D4430CACE152B9187312DC84373EE659D.A4720C5E9D32CB844611A6CC9D701A6F66CF4CEC&key=yt8&kind=asr&lang=en&variant=punctuated&tlang=tn&fmt=srv1", "name": "Tswana", "impersonate": true, "__yt_dlp_client": "tv"}, {"ext": "srv2", "url": "https://www.youtube.com/api/timedtext?v=gqAmIg0fcts&ei=T32DaNr0O9zXsfIP_qmmyAk&caps=asr&opi=112496729&xoaf=5&xospf=1&hl=en&ip=0.0.0.0&ipbits=0&expire=1753472960&sparams=ip%2Cipbits%2Cexpire%2Cv%2Cei%2Ccaps%2Copi%2Cxoaf&signature=BF6AAB3D4430CACE152B9187312DC84373EE659D.A4720C5E9D32CB844611A6CC9D701A6F66CF4CEC&key=yt8&kind=asr&lang=en&variant=punctuated&tlang=tn&fmt=srv2", "name": "Tswana", "impersonate": true, "__yt_dlp_client": "tv"}, {"ext": "srv3", "url": "https://www.youtube.com/api/timedtext?v=gqAmIg0fcts&ei=T32DaNr0O9zXsfIP_qmmyAk&caps=asr&opi=112496729&xoaf=5&xospf=1&hl=en&ip=0.0.0.0&ipbits=0&expire=1753472960&sparams=ip%2Cipbits%2Cexpire%2Cv%2Cei%2Ccaps%2Copi%2Cxoaf&signature=BF6AAB3D4430CACE152B9187312DC84373EE659D.A4720C5E9D32CB844611A6CC9D701A6F66CF4CEC&key=yt8&kind=asr&lang=en&variant=punctuated&tlang=tn&fmt=srv3", "name": "Tswana", "impersonate": true, "__yt_dlp_client": "tv"}, {"ext": "ttml", "url": "https://www.youtube.com/api/timedtext?v=gqAmIg0fcts&ei=T32DaNr0O9zXsfIP_qmmyAk&caps=asr&opi=112496729&xoaf=5&xospf=1&hl=en&ip=0.0.0.0&ipbits=0&expire=1753472960&sparams=ip%2Cipbits%2Cexpire%2Cv%2Cei%2Ccaps%2Copi%2Cxoaf&signature=BF6AAB3D4430CACE152B9187312DC84373EE659D.A4720C5E9D32CB844611A6CC9D701A6F66CF4CEC&key=yt8&kind=asr&lang=en&variant=punctuated&tlang=tn&fmt=ttml", "name": "Tswana", "impersonate": true, "__yt_dlp_client": "tv"}, {"ext": "srt", "url": "https://www.youtube.com/api/timedtext?v=gqAmIg0fcts&ei=T32DaNr0O9zXsfIP_qmmyAk&caps=asr&opi=112496729&xoaf=5&xospf=1&hl=en&ip=0.0.0.0&ipbits=0&expire=1753472960&sparams=ip%2Cipbits%2Cexpire%2Cv%2Cei%2Ccaps%2Copi%2Cxoaf&signature=BF6AAB3D4430CACE152B9187312DC84373EE659D.A4720C5E9D32CB844611A6CC9D701A6F66CF4CEC&key=yt8&kind=asr&lang=en&variant=punctuated&tlang=tn&fmt=srt", "name": "Tswana", "impersonate": true, "__yt_dlp_client": "tv"}, {"ext": "vtt", "url": "https://www.youtube.com/api/timedtext?v=gqAmIg0fcts&ei=T32DaNr0O9zXsfIP_qmmyAk&caps=asr&opi=112496729&xoaf=5&xospf=1&hl=en&ip=0.0.0.0&ipbits=0&expire=1753472960&sparams=ip%2Cipbits%2Cexpire%2Cv%2Cei%2Ccaps%2Copi%2Cxoaf&signature=BF6AAB3D4430CACE152B9187312DC84373EE659D.A4720C5E9D32CB844611A6CC9D701A6F66CF4CEC&key=yt8&kind=asr&lang=en&variant=punctuated&tlang=tn&fmt=vtt", "name": "Tswana", "impersonate": true, "__yt_dlp_client": "tv"}], "tum": [{"ext": "json3", "url": "https://www.youtube.com/api/timedtext?v=gqAmIg0fcts&ei=T32DaNr0O9zXsfIP_qmmyAk&caps=asr&opi=112496729&xoaf=5&xospf=1&hl=en&ip=0.0.0.0&ipbits=0&expire=1753472960&sparams=ip%2Cipbits%2Cexpire%2Cv%2Cei%2Ccaps%2Copi%2Cxoaf&signature=BF6AAB3D4430CACE152B9187312DC84373EE659D.A4720C5E9D32CB844611A6CC9D701A6F66CF4CEC&key=yt8&kind=asr&lang=en&variant=punctuated&tlang=tum&fmt=json3", "name": "Tumbuka", "impersonate": true, "__yt_dlp_client": "tv"}, {"ext": "srv1", "url": "https://www.youtube.com/api/timedtext?v=gqAmIg0fcts&ei=T32DaNr0O9zXsfIP_qmmyAk&caps=asr&opi=112496729&xoaf=5&xospf=1&hl=en&ip=0.0.0.0&ipbits=0&expire=1753472960&sparams=ip%2Cipbits%2Cexpire%2Cv%2Cei%2Ccaps%2Copi%2Cxoaf&signature=BF6AAB3D4430CACE152B9187312DC84373EE659D.A4720C5E9D32CB844611A6CC9D701A6F66CF4CEC&key=yt8&kind=asr&lang=en&variant=punctuated&tlang=tum&fmt=srv1", "name": "Tumbuka", "impersonate": true, "__yt_dlp_client": "tv"}, {"ext": "srv2", "url": "https://www.youtube.com/api/timedtext?v=gqAmIg0fcts&ei=T32DaNr0O9zXsfIP_qmmyAk&caps=asr&opi=112496729&xoaf=5&xospf=1&hl=en&ip=0.0.0.0&ipbits=0&expire=1753472960&sparams=ip%2Cipbits%2Cexpire%2Cv%2Cei%2Ccaps%2Copi%2Cxoaf&signature=BF6AAB3D4430CACE152B9187312DC84373EE659D.A4720C5E9D32CB844611A6CC9D701A6F66CF4CEC&key=yt8&kind=asr&lang=en&variant=punctuated&tlang=tum&fmt=srv2", "name": "Tumbuka", "impersonate": true, "__yt_dlp_client": "tv"}, {"ext": "srv3", "url": "https://www.youtube.com/api/timedtext?v=gqAmIg0fcts&ei=T32DaNr0O9zXsfIP_qmmyAk&caps=asr&opi=112496729&xoaf=5&xospf=1&hl=en&ip=0.0.0.0&ipbits=0&expire=1753472960&sparams=ip%2Cipbits%2Cexpire%2Cv%2Cei%2Ccaps%2Copi%2Cxoaf&signature=BF6AAB3D4430CACE152B9187312DC84373EE659D.A4720C5E9D32CB844611A6CC9D701A6F66CF4CEC&key=yt8&kind=asr&lang=en&variant=punctuated&tlang=tum&fmt=srv3", "name": "Tumbuka", "impersonate": true, "__yt_dlp_client": "tv"}, {"ext": "ttml", "url": "https://www.youtube.com/api/timedtext?v=gqAmIg0fcts&ei=T32DaNr0O9zXsfIP_qmmyAk&caps=asr&opi=112496729&xoaf=5&xospf=1&hl=en&ip=0.0.0.0&ipbits=0&expire=1753472960&sparams=ip%2Cipbits%2Cexpire%2Cv%2Cei%2Ccaps%2Copi%2Cxoaf&signature=BF6AAB3D4430CACE152B9187312DC84373EE659D.A4720C5E9D32CB844611A6CC9D701A6F66CF4CEC&key=yt8&kind=asr&lang=en&variant=punctuated&tlang=tum&fmt=ttml", "name": "Tumbuka", "impersonate": true, "__yt_dlp_client": "tv"}, {"ext": "srt", "url": "https://www.youtube.com/api/timedtext?v=gqAmIg0fcts&ei=T32DaNr0O9zXsfIP_qmmyAk&caps=asr&opi=112496729&xoaf=5&xospf=1&hl=en&ip=0.0.0.0&ipbits=0&expire=1753472960&sparams=ip%2Cipbits%2Cexpire%2Cv%2Cei%2Ccaps%2Copi%2Cxoaf&signature=BF6AAB3D4430CACE152B9187312DC84373EE659D.A4720C5E9D32CB844611A6CC9D701A6F66CF4CEC&key=yt8&kind=asr&lang=en&variant=punctuated&tlang=tum&fmt=srt", "name": "Tumbuka", "impersonate": true, "__yt_dlp_client": "tv"}, {"ext": "vtt", "url": "https://www.youtube.com/api/timedtext?v=gqAmIg0fcts&ei=T32DaNr0O9zXsfIP_qmmyAk&caps=asr&opi=112496729&xoaf=5&xospf=1&hl=en&ip=0.0.0.0&ipbits=0&expire=1753472960&sparams=ip%2Cipbits%2Cexpire%2Cv%2Cei%2Ccaps%2Copi%2Cxoaf&signature=BF6AAB3D4430CACE152B9187312DC84373EE659D.A4720C5E9D32CB844611A6CC9D701A6F66CF4CEC&key=yt8&kind=asr&lang=en&variant=punctuated&tlang=tum&fmt=vtt", "name": "Tumbuka", "impersonate": true, "__yt_dlp_client": "tv"}], "tr": [{"ext": "json3", "url": "https://www.youtube.com/api/timedtext?v=gqAmIg0fcts&ei=T32DaNr0O9zXsfIP_qmmyAk&caps=asr&opi=112496729&xoaf=5&xospf=1&hl=en&ip=0.0.0.0&ipbits=0&expire=1753472960&sparams=ip%2Cipbits%2Cexpire%2Cv%2Cei%2Ccaps%2Copi%2Cxoaf&signature=BF6AAB3D4430CACE152B9187312DC84373EE659D.A4720C5E9D32CB844611A6CC9D701A6F66CF4CEC&key=yt8&kind=asr&lang=en&variant=punctuated&tlang=tr&fmt=json3", "name": "Turkish", "impersonate": true, "__yt_dlp_client": "tv"}, {"ext": "srv1", "url": "https://www.youtube.com/api/timedtext?v=gqAmIg0fcts&ei=T32DaNr0O9zXsfIP_qmmyAk&caps=asr&opi=112496729&xoaf=5&xospf=1&hl=en&ip=0.0.0.0&ipbits=0&expire=1753472960&sparams=ip%2Cipbits%2Cexpire%2Cv%2Cei%2Ccaps%2Copi%2Cxoaf&signature=BF6AAB3D4430CACE152B9187312DC84373EE659D.A4720C5E9D32CB844611A6CC9D701A6F66CF4CEC&key=yt8&kind=asr&lang=en&variant=punctuated&tlang=tr&fmt=srv1", "name": "Turkish", "impersonate": true, "__yt_dlp_client": "tv"}, {"ext": "srv2", "url": "https://www.youtube.com/api/timedtext?v=gqAmIg0fcts&ei=T32DaNr0O9zXsfIP_qmmyAk&caps=asr&opi=112496729&xoaf=5&xospf=1&hl=en&ip=0.0.0.0&ipbits=0&expire=1753472960&sparams=ip%2Cipbits%2Cexpire%2Cv%2Cei%2Ccaps%2Copi%2Cxoaf&signature=BF6AAB3D4430CACE152B9187312DC84373EE659D.A4720C5E9D32CB844611A6CC9D701A6F66CF4CEC&key=yt8&kind=asr&lang=en&variant=punctuated&tlang=tr&fmt=srv2", "name": "Turkish", "impersonate": true, "__yt_dlp_client": "tv"}, {"ext": "srv3", "url": "https://www.youtube.com/api/timedtext?v=gqAmIg0fcts&ei=T32DaNr0O9zXsfIP_qmmyAk&caps=asr&opi=112496729&xoaf=5&xospf=1&hl=en&ip=0.0.0.0&ipbits=0&expire=1753472960&sparams=ip%2Cipbits%2Cexpire%2Cv%2Cei%2Ccaps%2Copi%2Cxoaf&signature=BF6AAB3D4430CACE152B9187312DC84373EE659D.A4720C5E9D32CB844611A6CC9D701A6F66CF4CEC&key=yt8&kind=asr&lang=en&variant=punctuated&tlang=tr&fmt=srv3", "name": "Turkish", "impersonate": true, "__yt_dlp_client": "tv"}, {"ext": "ttml", "url": "https://www.youtube.com/api/timedtext?v=gqAmIg0fcts&ei=T32DaNr0O9zXsfIP_qmmyAk&caps=asr&opi=112496729&xoaf=5&xospf=1&hl=en&ip=0.0.0.0&ipbits=0&expire=1753472960&sparams=ip%2Cipbits%2Cexpire%2Cv%2Cei%2Ccaps%2Copi%2Cxoaf&signature=BF6AAB3D4430CACE152B9187312DC84373EE659D.A4720C5E9D32CB844611A6CC9D701A6F66CF4CEC&key=yt8&kind=asr&lang=en&variant=punctuated&tlang=tr&fmt=ttml", "name": "Turkish", "impersonate": true, "__yt_dlp_client": "tv"}, {"ext": "srt", "url": "https://www.youtube.com/api/timedtext?v=gqAmIg0fcts&ei=T32DaNr0O9zXsfIP_qmmyAk&caps=asr&opi=112496729&xoaf=5&xospf=1&hl=en&ip=0.0.0.0&ipbits=0&expire=1753472960&sparams=ip%2Cipbits%2Cexpire%2Cv%2Cei%2Ccaps%2Copi%2Cxoaf&signature=BF6AAB3D4430CACE152B9187312DC84373EE659D.A4720C5E9D32CB844611A6CC9D701A6F66CF4CEC&key=yt8&kind=asr&lang=en&variant=punctuated&tlang=tr&fmt=srt", "name": "Turkish", "impersonate": true, "__yt_dlp_client": "tv"}, {"ext": "vtt", "url": "https://www.youtube.com/api/timedtext?v=gqAmIg0fcts&ei=T32DaNr0O9zXsfIP_qmmyAk&caps=asr&opi=112496729&xoaf=5&xospf=1&hl=en&ip=0.0.0.0&ipbits=0&expire=1753472960&sparams=ip%2Cipbits%2Cexpire%2Cv%2Cei%2Ccaps%2Copi%2Cxoaf&signature=BF6AAB3D4430CACE152B9187312DC84373EE659D.A4720C5E9D32CB844611A6CC9D701A6F66CF4CEC&key=yt8&kind=asr&lang=en&variant=punctuated&tlang=tr&fmt=vtt", "name": "Turkish", "impersonate": true, "__yt_dlp_client": "tv"}], "tk": [{"ext": "json3", "url": "https://www.youtube.com/api/timedtext?v=gqAmIg0fcts&ei=T32DaNr0O9zXsfIP_qmmyAk&caps=asr&opi=112496729&xoaf=5&xospf=1&hl=en&ip=0.0.0.0&ipbits=0&expire=1753472960&sparams=ip%2Cipbits%2Cexpire%2Cv%2Cei%2Ccaps%2Copi%2Cxoaf&signature=BF6AAB3D4430CACE152B9187312DC84373EE659D.A4720C5E9D32CB844611A6CC9D701A6F66CF4CEC&key=yt8&kind=asr&lang=en&variant=punctuated&tlang=tk&fmt=json3", "name": "Turkmen", "impersonate": true, "__yt_dlp_client": "tv"}, {"ext": "srv1", "url": "https://www.youtube.com/api/timedtext?v=gqAmIg0fcts&ei=T32DaNr0O9zXsfIP_qmmyAk&caps=asr&opi=112496729&xoaf=5&xospf=1&hl=en&ip=0.0.0.0&ipbits=0&expire=1753472960&sparams=ip%2Cipbits%2Cexpire%2Cv%2Cei%2Ccaps%2Copi%2Cxoaf&signature=BF6AAB3D4430CACE152B9187312DC84373EE659D.A4720C5E9D32CB844611A6CC9D701A6F66CF4CEC&key=yt8&kind=asr&lang=en&variant=punctuated&tlang=tk&fmt=srv1", "name": "Turkmen", "impersonate": true, "__yt_dlp_client": "tv"}, {"ext": "srv2", "url": "https://www.youtube.com/api/timedtext?v=gqAmIg0fcts&ei=T32DaNr0O9zXsfIP_qmmyAk&caps=asr&opi=112496729&xoaf=5&xospf=1&hl=en&ip=0.0.0.0&ipbits=0&expire=1753472960&sparams=ip%2Cipbits%2Cexpire%2Cv%2Cei%2Ccaps%2Copi%2Cxoaf&signature=BF6AAB3D4430CACE152B9187312DC84373EE659D.A4720C5E9D32CB844611A6CC9D701A6F66CF4CEC&key=yt8&kind=asr&lang=en&variant=punctuated&tlang=tk&fmt=srv2", "name": "Turkmen", "impersonate": true, "__yt_dlp_client": "tv"}, {"ext": "srv3", "url": "https://www.youtube.com/api/timedtext?v=gqAmIg0fcts&ei=T32DaNr0O9zXsfIP_qmmyAk&caps=asr&opi=112496729&xoaf=5&xospf=1&hl=en&ip=0.0.0.0&ipbits=0&expire=1753472960&sparams=ip%2Cipbits%2Cexpire%2Cv%2Cei%2Ccaps%2Copi%2Cxoaf&signature=BF6AAB3D4430CACE152B9187312DC84373EE659D.A4720C5E9D32CB844611A6CC9D701A6F66CF4CEC&key=yt8&kind=asr&lang=en&variant=punctuated&tlang=tk&fmt=srv3", "name": "Turkmen", "impersonate": true, "__yt_dlp_client": "tv"}, {"ext": "ttml", "url": "https://www.youtube.com/api/timedtext?v=gqAmIg0fcts&ei=T32DaNr0O9zXsfIP_qmmyAk&caps=asr&opi=112496729&xoaf=5&xospf=1&hl=en&ip=0.0.0.0&ipbits=0&expire=1753472960&sparams=ip%2Cipbits%2Cexpire%2Cv%2Cei%2Ccaps%2Copi%2Cxoaf&signature=BF6AAB3D4430CACE152B9187312DC84373EE659D.A4720C5E9D32CB844611A6CC9D701A6F66CF4CEC&key=yt8&kind=asr&lang=en&variant=punctuated&tlang=tk&fmt=ttml", "name": "Turkmen", "impersonate": true, "__yt_dlp_client": "tv"}, {"ext": "srt", "url": "https://www.youtube.com/api/timedtext?v=gqAmIg0fcts&ei=T32DaNr0O9zXsfIP_qmmyAk&caps=asr&opi=112496729&xoaf=5&xospf=1&hl=en&ip=0.0.0.0&ipbits=0&expire=1753472960&sparams=ip%2Cipbits%2Cexpire%2Cv%2Cei%2Ccaps%2Copi%2Cxoaf&signature=BF6AAB3D4430CACE152B9187312DC84373EE659D.A4720C5E9D32CB844611A6CC9D701A6F66CF4CEC&key=yt8&kind=asr&lang=en&variant=punctuated&tlang=tk&fmt=srt", "name": "Turkmen", "impersonate": true, "__yt_dlp_client": "tv"}, {"ext": "vtt", "url": "https://www.youtube.com/api/timedtext?v=gqAmIg0fcts&ei=T32DaNr0O9zXsfIP_qmmyAk&caps=asr&opi=112496729&xoaf=5&xospf=1&hl=en&ip=0.0.0.0&ipbits=0&expire=1753472960&sparams=ip%2Cipbits%2Cexpire%2Cv%2Cei%2Ccaps%2Copi%2Cxoaf&signature=BF6AAB3D4430CACE152B9187312DC84373EE659D.A4720C5E9D32CB844611A6CC9D701A6F66CF4CEC&key=yt8&kind=asr&lang=en&variant=punctuated&tlang=tk&fmt=vtt", "name": "Turkmen", "impersonate": true, "__yt_dlp_client": "tv"}], "uk": [{"ext": "json3", "url": "https://www.youtube.com/api/timedtext?v=gqAmIg0fcts&ei=T32DaNr0O9zXsfIP_qmmyAk&caps=asr&opi=112496729&xoaf=5&xospf=1&hl=en&ip=0.0.0.0&ipbits=0&expire=1753472960&sparams=ip%2Cipbits%2Cexpire%2Cv%2Cei%2Ccaps%2Copi%2Cxoaf&signature=BF6AAB3D4430CACE152B9187312DC84373EE659D.A4720C5E9D32CB844611A6CC9D701A6F66CF4CEC&key=yt8&kind=asr&lang=en&variant=punctuated&tlang=uk&fmt=json3", "name": "Ukrainian", "impersonate": true, "__yt_dlp_client": "tv"}, {"ext": "srv1", "url": "https://www.youtube.com/api/timedtext?v=gqAmIg0fcts&ei=T32DaNr0O9zXsfIP_qmmyAk&caps=asr&opi=112496729&xoaf=5&xospf=1&hl=en&ip=0.0.0.0&ipbits=0&expire=1753472960&sparams=ip%2Cipbits%2Cexpire%2Cv%2Cei%2Ccaps%2Copi%2Cxoaf&signature=BF6AAB3D4430CACE152B9187312DC84373EE659D.A4720C5E9D32CB844611A6CC9D701A6F66CF4CEC&key=yt8&kind=asr&lang=en&variant=punctuated&tlang=uk&fmt=srv1", "name": "Ukrainian", "impersonate": true, "__yt_dlp_client": "tv"}, {"ext": "srv2", "url": "https://www.youtube.com/api/timedtext?v=gqAmIg0fcts&ei=T32DaNr0O9zXsfIP_qmmyAk&caps=asr&opi=112496729&xoaf=5&xospf=1&hl=en&ip=0.0.0.0&ipbits=0&expire=1753472960&sparams=ip%2Cipbits%2Cexpire%2Cv%2Cei%2Ccaps%2Copi%2Cxoaf&signature=BF6AAB3D4430CACE152B9187312DC84373EE659D.A4720C5E9D32CB844611A6CC9D701A6F66CF4CEC&key=yt8&kind=asr&lang=en&variant=punctuated&tlang=uk&fmt=srv2", "name": "Ukrainian", "impersonate": true, "__yt_dlp_client": "tv"}, {"ext": "srv3", "url": "https://www.youtube.com/api/timedtext?v=gqAmIg0fcts&ei=T32DaNr0O9zXsfIP_qmmyAk&caps=asr&opi=112496729&xoaf=5&xospf=1&hl=en&ip=0.0.0.0&ipbits=0&expire=1753472960&sparams=ip%2Cipbits%2Cexpire%2Cv%2Cei%2Ccaps%2Copi%2Cxoaf&signature=BF6AAB3D4430CACE152B9187312DC84373EE659D.A4720C5E9D32CB844611A6CC9D701A6F66CF4CEC&key=yt8&kind=asr&lang=en&variant=punctuated&tlang=uk&fmt=srv3", "name": "Ukrainian", "impersonate": true, "__yt_dlp_client": "tv"}, {"ext": "ttml", "url": "https://www.youtube.com/api/timedtext?v=gqAmIg0fcts&ei=T32DaNr0O9zXsfIP_qmmyAk&caps=asr&opi=112496729&xoaf=5&xospf=1&hl=en&ip=0.0.0.0&ipbits=0&expire=1753472960&sparams=ip%2Cipbits%2Cexpire%2Cv%2Cei%2Ccaps%2Copi%2Cxoaf&signature=BF6AAB3D4430CACE152B9187312DC84373EE659D.A4720C5E9D32CB844611A6CC9D701A6F66CF4CEC&key=yt8&kind=asr&lang=en&variant=punctuated&tlang=uk&fmt=ttml", "name": "Ukrainian", "impersonate": true, "__yt_dlp_client": "tv"}, {"ext": "srt", "url": "https://www.youtube.com/api/timedtext?v=gqAmIg0fcts&ei=T32DaNr0O9zXsfIP_qmmyAk&caps=asr&opi=112496729&xoaf=5&xospf=1&hl=en&ip=0.0.0.0&ipbits=0&expire=1753472960&sparams=ip%2Cipbits%2Cexpire%2Cv%2Cei%2Ccaps%2Copi%2Cxoaf&signature=BF6AAB3D4430CACE152B9187312DC84373EE659D.A4720C5E9D32CB844611A6CC9D701A6F66CF4CEC&key=yt8&kind=asr&lang=en&variant=punctuated&tlang=uk&fmt=srt", "name": "Ukrainian", "impersonate": true, "__yt_dlp_client": "tv"}, {"ext": "vtt", "url": "https://www.youtube.com/api/timedtext?v=gqAmIg0fcts&ei=T32DaNr0O9zXsfIP_qmmyAk&caps=asr&opi=112496729&xoaf=5&xospf=1&hl=en&ip=0.0.0.0&ipbits=0&expire=1753472960&sparams=ip%2Cipbits%2Cexpire%2Cv%2Cei%2Ccaps%2Copi%2Cxoaf&signature=BF6AAB3D4430CACE152B9187312DC84373EE659D.A4720C5E9D32CB844611A6CC9D701A6F66CF4CEC&key=yt8&kind=asr&lang=en&variant=punctuated&tlang=uk&fmt=vtt", "name": "Ukrainian", "impersonate": true, "__yt_dlp_client": "tv"}], "ur": [{"ext": "json3", "url": "https://www.youtube.com/api/timedtext?v=gqAmIg0fcts&ei=T32DaNr0O9zXsfIP_qmmyAk&caps=asr&opi=112496729&xoaf=5&xospf=1&hl=en&ip=0.0.0.0&ipbits=0&expire=1753472960&sparams=ip%2Cipbits%2Cexpire%2Cv%2Cei%2Ccaps%2Copi%2Cxoaf&signature=BF6AAB3D4430CACE152B9187312DC84373EE659D.A4720C5E9D32CB844611A6CC9D701A6F66CF4CEC&key=yt8&kind=asr&lang=en&variant=punctuated&tlang=ur&fmt=json3", "name": "Urdu", "impersonate": true, "__yt_dlp_client": "tv"}, {"ext": "srv1", "url": "https://www.youtube.com/api/timedtext?v=gqAmIg0fcts&ei=T32DaNr0O9zXsfIP_qmmyAk&caps=asr&opi=112496729&xoaf=5&xospf=1&hl=en&ip=0.0.0.0&ipbits=0&expire=1753472960&sparams=ip%2Cipbits%2Cexpire%2Cv%2Cei%2Ccaps%2Copi%2Cxoaf&signature=BF6AAB3D4430CACE152B9187312DC84373EE659D.A4720C5E9D32CB844611A6CC9D701A6F66CF4CEC&key=yt8&kind=asr&lang=en&variant=punctuated&tlang=ur&fmt=srv1", "name": "Urdu", "impersonate": true, "__yt_dlp_client": "tv"}, {"ext": "srv2", "url": "https://www.youtube.com/api/timedtext?v=gqAmIg0fcts&ei=T32DaNr0O9zXsfIP_qmmyAk&caps=asr&opi=112496729&xoaf=5&xospf=1&hl=en&ip=0.0.0.0&ipbits=0&expire=1753472960&sparams=ip%2Cipbits%2Cexpire%2Cv%2Cei%2Ccaps%2Copi%2Cxoaf&signature=BF6AAB3D4430CACE152B9187312DC84373EE659D.A4720C5E9D32CB844611A6CC9D701A6F66CF4CEC&key=yt8&kind=asr&lang=en&variant=punctuated&tlang=ur&fmt=srv2", "name": "Urdu", "impersonate": true, "__yt_dlp_client": "tv"}, {"ext": "srv3", "url": "https://www.youtube.com/api/timedtext?v=gqAmIg0fcts&ei=T32DaNr0O9zXsfIP_qmmyAk&caps=asr&opi=112496729&xoaf=5&xospf=1&hl=en&ip=0.0.0.0&ipbits=0&expire=1753472960&sparams=ip%2Cipbits%2Cexpire%2Cv%2Cei%2Ccaps%2Copi%2Cxoaf&signature=BF6AAB3D4430CACE152B9187312DC84373EE659D.A4720C5E9D32CB844611A6CC9D701A6F66CF4CEC&key=yt8&kind=asr&lang=en&variant=punctuated&tlang=ur&fmt=srv3", "name": "Urdu", "impersonate": true, "__yt_dlp_client": "tv"}, {"ext": "ttml", "url": "https://www.youtube.com/api/timedtext?v=gqAmIg0fcts&ei=T32DaNr0O9zXsfIP_qmmyAk&caps=asr&opi=112496729&xoaf=5&xospf=1&hl=en&ip=0.0.0.0&ipbits=0&expire=1753472960&sparams=ip%2Cipbits%2Cexpire%2Cv%2Cei%2Ccaps%2Copi%2Cxoaf&signature=BF6AAB3D4430CACE152B9187312DC84373EE659D.A4720C5E9D32CB844611A6CC9D701A6F66CF4CEC&key=yt8&kind=asr&lang=en&variant=punctuated&tlang=ur&fmt=ttml", "name": "Urdu", "impersonate": true, "__yt_dlp_client": "tv"}, {"ext": "srt", "url": "https://www.youtube.com/api/timedtext?v=gqAmIg0fcts&ei=T32DaNr0O9zXsfIP_qmmyAk&caps=asr&opi=112496729&xoaf=5&xospf=1&hl=en&ip=0.0.0.0&ipbits=0&expire=1753472960&sparams=ip%2Cipbits%2Cexpire%2Cv%2Cei%2Ccaps%2Copi%2Cxoaf&signature=BF6AAB3D4430CACE152B9187312DC84373EE659D.A4720C5E9D32CB844611A6CC9D701A6F66CF4CEC&key=yt8&kind=asr&lang=en&variant=punctuated&tlang=ur&fmt=srt", "name": "Urdu", "impersonate": true, "__yt_dlp_client": "tv"}, {"ext": "vtt", "url": "https://www.youtube.com/api/timedtext?v=gqAmIg0fcts&ei=T32DaNr0O9zXsfIP_qmmyAk&caps=asr&opi=112496729&xoaf=5&xospf=1&hl=en&ip=0.0.0.0&ipbits=0&expire=1753472960&sparams=ip%2Cipbits%2Cexpire%2Cv%2Cei%2Ccaps%2Copi%2Cxoaf&signature=BF6AAB3D4430CACE152B9187312DC84373EE659D.A4720C5E9D32CB844611A6CC9D701A6F66CF4CEC&key=yt8&kind=asr&lang=en&variant=punctuated&tlang=ur&fmt=vtt", "name": "Urdu", "impersonate": true, "__yt_dlp_client": "tv"}], "ug": [{"ext": "json3", "url": "https://www.youtube.com/api/timedtext?v=gqAmIg0fcts&ei=T32DaNr0O9zXsfIP_qmmyAk&caps=asr&opi=112496729&xoaf=5&xospf=1&hl=en&ip=0.0.0.0&ipbits=0&expire=1753472960&sparams=ip%2Cipbits%2Cexpire%2Cv%2Cei%2Ccaps%2Copi%2Cxoaf&signature=BF6AAB3D4430CACE152B9187312DC84373EE659D.A4720C5E9D32CB844611A6CC9D701A6F66CF4CEC&key=yt8&kind=asr&lang=en&variant=punctuated&tlang=ug&fmt=json3", "name": "Uyghur", "impersonate": true, "__yt_dlp_client": "tv"}, {"ext": "srv1", "url": "https://www.youtube.com/api/timedtext?v=gqAmIg0fcts&ei=T32DaNr0O9zXsfIP_qmmyAk&caps=asr&opi=112496729&xoaf=5&xospf=1&hl=en&ip=0.0.0.0&ipbits=0&expire=1753472960&sparams=ip%2Cipbits%2Cexpire%2Cv%2Cei%2Ccaps%2Copi%2Cxoaf&signature=BF6AAB3D4430CACE152B9187312DC84373EE659D.A4720C5E9D32CB844611A6CC9D701A6F66CF4CEC&key=yt8&kind=asr&lang=en&variant=punctuated&tlang=ug&fmt=srv1", "name": "Uyghur", "impersonate": true, "__yt_dlp_client": "tv"}, {"ext": "srv2", "url": "https://www.youtube.com/api/timedtext?v=gqAmIg0fcts&ei=T32DaNr0O9zXsfIP_qmmyAk&caps=asr&opi=112496729&xoaf=5&xospf=1&hl=en&ip=0.0.0.0&ipbits=0&expire=1753472960&sparams=ip%2Cipbits%2Cexpire%2Cv%2Cei%2Ccaps%2Copi%2Cxoaf&signature=BF6AAB3D4430CACE152B9187312DC84373EE659D.A4720C5E9D32CB844611A6CC9D701A6F66CF4CEC&key=yt8&kind=asr&lang=en&variant=punctuated&tlang=ug&fmt=srv2", "name": "Uyghur", "impersonate": true, "__yt_dlp_client": "tv"}, {"ext": "srv3", "url": "https://www.youtube.com/api/timedtext?v=gqAmIg0fcts&ei=T32DaNr0O9zXsfIP_qmmyAk&caps=asr&opi=112496729&xoaf=5&xospf=1&hl=en&ip=0.0.0.0&ipbits=0&expire=1753472960&sparams=ip%2Cipbits%2Cexpire%2Cv%2Cei%2Ccaps%2Copi%2Cxoaf&signature=BF6AAB3D4430CACE152B9187312DC84373EE659D.A4720C5E9D32CB844611A6CC9D701A6F66CF4CEC&key=yt8&kind=asr&lang=en&variant=punctuated&tlang=ug&fmt=srv3", "name": "Uyghur", "impersonate": true, "__yt_dlp_client": "tv"}, {"ext": "ttml", "url": "https://www.youtube.com/api/timedtext?v=gqAmIg0fcts&ei=T32DaNr0O9zXsfIP_qmmyAk&caps=asr&opi=112496729&xoaf=5&xospf=1&hl=en&ip=0.0.0.0&ipbits=0&expire=1753472960&sparams=ip%2Cipbits%2Cexpire%2Cv%2Cei%2Ccaps%2Copi%2Cxoaf&signature=BF6AAB3D4430CACE152B9187312DC84373EE659D.A4720C5E9D32CB844611A6CC9D701A6F66CF4CEC&key=yt8&kind=asr&lang=en&variant=punctuated&tlang=ug&fmt=ttml", "name": "Uyghur", "impersonate": true, "__yt_dlp_client": "tv"}, {"ext": "srt", "url": "https://www.youtube.com/api/timedtext?v=gqAmIg0fcts&ei=T32DaNr0O9zXsfIP_qmmyAk&caps=asr&opi=112496729&xoaf=5&xospf=1&hl=en&ip=0.0.0.0&ipbits=0&expire=1753472960&sparams=ip%2Cipbits%2Cexpire%2Cv%2Cei%2Ccaps%2Copi%2Cxoaf&signature=BF6AAB3D4430CACE152B9187312DC84373EE659D.A4720C5E9D32CB844611A6CC9D701A6F66CF4CEC&key=yt8&kind=asr&lang=en&variant=punctuated&tlang=ug&fmt=srt", "name": "Uyghur", "impersonate": true, "__yt_dlp_client": "tv"}, {"ext": "vtt", "url": "https://www.youtube.com/api/timedtext?v=gqAmIg0fcts&ei=T32DaNr0O9zXsfIP_qmmyAk&caps=asr&opi=112496729&xoaf=5&xospf=1&hl=en&ip=0.0.0.0&ipbits=0&expire=1753472960&sparams=ip%2Cipbits%2Cexpire%2Cv%2Cei%2Ccaps%2Copi%2Cxoaf&signature=BF6AAB3D4430CACE152B9187312DC84373EE659D.A4720C5E9D32CB844611A6CC9D701A6F66CF4CEC&key=yt8&kind=asr&lang=en&variant=punctuated&tlang=ug&fmt=vtt", "name": "Uyghur", "impersonate": true, "__yt_dlp_client": "tv"}], "uz": [{"ext": "json3", "url": "https://www.youtube.com/api/timedtext?v=gqAmIg0fcts&ei=T32DaNr0O9zXsfIP_qmmyAk&caps=asr&opi=112496729&xoaf=5&xospf=1&hl=en&ip=0.0.0.0&ipbits=0&expire=1753472960&sparams=ip%2Cipbits%2Cexpire%2Cv%2Cei%2Ccaps%2Copi%2Cxoaf&signature=BF6AAB3D4430CACE152B9187312DC84373EE659D.A4720C5E9D32CB844611A6CC9D701A6F66CF4CEC&key=yt8&kind=asr&lang=en&variant=punctuated&tlang=uz&fmt=json3", "name": "Uzbek", "impersonate": true, "__yt_dlp_client": "tv"}, {"ext": "srv1", "url": "https://www.youtube.com/api/timedtext?v=gqAmIg0fcts&ei=T32DaNr0O9zXsfIP_qmmyAk&caps=asr&opi=112496729&xoaf=5&xospf=1&hl=en&ip=0.0.0.0&ipbits=0&expire=1753472960&sparams=ip%2Cipbits%2Cexpire%2Cv%2Cei%2Ccaps%2Copi%2Cxoaf&signature=BF6AAB3D4430CACE152B9187312DC84373EE659D.A4720C5E9D32CB844611A6CC9D701A6F66CF4CEC&key=yt8&kind=asr&lang=en&variant=punctuated&tlang=uz&fmt=srv1", "name": "Uzbek", "impersonate": true, "__yt_dlp_client": "tv"}, {"ext": "srv2", "url": "https://www.youtube.com/api/timedtext?v=gqAmIg0fcts&ei=T32DaNr0O9zXsfIP_qmmyAk&caps=asr&opi=112496729&xoaf=5&xospf=1&hl=en&ip=0.0.0.0&ipbits=0&expire=1753472960&sparams=ip%2Cipbits%2Cexpire%2Cv%2Cei%2Ccaps%2Copi%2Cxoaf&signature=BF6AAB3D4430CACE152B9187312DC84373EE659D.A4720C5E9D32CB844611A6CC9D701A6F66CF4CEC&key=yt8&kind=asr&lang=en&variant=punctuated&tlang=uz&fmt=srv2", "name": "Uzbek", "impersonate": true, "__yt_dlp_client": "tv"}, {"ext": "srv3", "url": "https://www.youtube.com/api/timedtext?v=gqAmIg0fcts&ei=T32DaNr0O9zXsfIP_qmmyAk&caps=asr&opi=112496729&xoaf=5&xospf=1&hl=en&ip=0.0.0.0&ipbits=0&expire=1753472960&sparams=ip%2Cipbits%2Cexpire%2Cv%2Cei%2Ccaps%2Copi%2Cxoaf&signature=BF6AAB3D4430CACE152B9187312DC84373EE659D.A4720C5E9D32CB844611A6CC9D701A6F66CF4CEC&key=yt8&kind=asr&lang=en&variant=punctuated&tlang=uz&fmt=srv3", "name": "Uzbek", "impersonate": true, "__yt_dlp_client": "tv"}, {"ext": "ttml", "url": "https://www.youtube.com/api/timedtext?v=gqAmIg0fcts&ei=T32DaNr0O9zXsfIP_qmmyAk&caps=asr&opi=112496729&xoaf=5&xospf=1&hl=en&ip=0.0.0.0&ipbits=0&expire=1753472960&sparams=ip%2Cipbits%2Cexpire%2Cv%2Cei%2Ccaps%2Copi%2Cxoaf&signature=BF6AAB3D4430CACE152B9187312DC84373EE659D.A4720C5E9D32CB844611A6CC9D701A6F66CF4CEC&key=yt8&kind=asr&lang=en&variant=punctuated&tlang=uz&fmt=ttml", "name": "Uzbek", "impersonate": true, "__yt_dlp_client": "tv"}, {"ext": "srt", "url": "https://www.youtube.com/api/timedtext?v=gqAmIg0fcts&ei=T32DaNr0O9zXsfIP_qmmyAk&caps=asr&opi=112496729&xoaf=5&xospf=1&hl=en&ip=0.0.0.0&ipbits=0&expire=1753472960&sparams=ip%2Cipbits%2Cexpire%2Cv%2Cei%2Ccaps%2Copi%2Cxoaf&signature=BF6AAB3D4430CACE152B9187312DC84373EE659D.A4720C5E9D32CB844611A6CC9D701A6F66CF4CEC&key=yt8&kind=asr&lang=en&variant=punctuated&tlang=uz&fmt=srt", "name": "Uzbek", "impersonate": true, "__yt_dlp_client": "tv"}, {"ext": "vtt", "url": "https://www.youtube.com/api/timedtext?v=gqAmIg0fcts&ei=T32DaNr0O9zXsfIP_qmmyAk&caps=asr&opi=112496729&xoaf=5&xospf=1&hl=en&ip=0.0.0.0&ipbits=0&expire=1753472960&sparams=ip%2Cipbits%2Cexpire%2Cv%2Cei%2Ccaps%2Copi%2Cxoaf&signature=BF6AAB3D4430CACE152B9187312DC84373EE659D.A4720C5E9D32CB844611A6CC9D701A6F66CF4CEC&key=yt8&kind=asr&lang=en&variant=punctuated&tlang=uz&fmt=vtt", "name": "Uzbek", "impersonate": true, "__yt_dlp_client": "tv"}], "ve": [{"ext": "json3", "url": "https://www.youtube.com/api/timedtext?v=gqAmIg0fcts&ei=T32DaNr0O9zXsfIP_qmmyAk&caps=asr&opi=112496729&xoaf=5&xospf=1&hl=en&ip=0.0.0.0&ipbits=0&expire=1753472960&sparams=ip%2Cipbits%2Cexpire%2Cv%2Cei%2Ccaps%2Copi%2Cxoaf&signature=BF6AAB3D4430CACE152B9187312DC84373EE659D.A4720C5E9D32CB844611A6CC9D701A6F66CF4CEC&key=yt8&kind=asr&lang=en&variant=punctuated&tlang=ve&fmt=json3", "name": "Venda", "impersonate": true, "__yt_dlp_client": "tv"}, {"ext": "srv1", "url": "https://www.youtube.com/api/timedtext?v=gqAmIg0fcts&ei=T32DaNr0O9zXsfIP_qmmyAk&caps=asr&opi=112496729&xoaf=5&xospf=1&hl=en&ip=0.0.0.0&ipbits=0&expire=1753472960&sparams=ip%2Cipbits%2Cexpire%2Cv%2Cei%2Ccaps%2Copi%2Cxoaf&signature=BF6AAB3D4430CACE152B9187312DC84373EE659D.A4720C5E9D32CB844611A6CC9D701A6F66CF4CEC&key=yt8&kind=asr&lang=en&variant=punctuated&tlang=ve&fmt=srv1", "name": "Venda", "impersonate": true, "__yt_dlp_client": "tv"}, {"ext": "srv2", "url": "https://www.youtube.com/api/timedtext?v=gqAmIg0fcts&ei=T32DaNr0O9zXsfIP_qmmyAk&caps=asr&opi=112496729&xoaf=5&xospf=1&hl=en&ip=0.0.0.0&ipbits=0&expire=1753472960&sparams=ip%2Cipbits%2Cexpire%2Cv%2Cei%2Ccaps%2Copi%2Cxoaf&signature=BF6AAB3D4430CACE152B9187312DC84373EE659D.A4720C5E9D32CB844611A6CC9D701A6F66CF4CEC&key=yt8&kind=asr&lang=en&variant=punctuated&tlang=ve&fmt=srv2", "name": "Venda", "impersonate": true, "__yt_dlp_client": "tv"}, {"ext": "srv3", "url": "https://www.youtube.com/api/timedtext?v=gqAmIg0fcts&ei=T32DaNr0O9zXsfIP_qmmyAk&caps=asr&opi=112496729&xoaf=5&xospf=1&hl=en&ip=0.0.0.0&ipbits=0&expire=1753472960&sparams=ip%2Cipbits%2Cexpire%2Cv%2Cei%2Ccaps%2Copi%2Cxoaf&signature=BF6AAB3D4430CACE152B9187312DC84373EE659D.A4720C5E9D32CB844611A6CC9D701A6F66CF4CEC&key=yt8&kind=asr&lang=en&variant=punctuated&tlang=ve&fmt=srv3", "name": "Venda", "impersonate": true, "__yt_dlp_client": "tv"}, {"ext": "ttml", "url": "https://www.youtube.com/api/timedtext?v=gqAmIg0fcts&ei=T32DaNr0O9zXsfIP_qmmyAk&caps=asr&opi=112496729&xoaf=5&xospf=1&hl=en&ip=0.0.0.0&ipbits=0&expire=1753472960&sparams=ip%2Cipbits%2Cexpire%2Cv%2Cei%2Ccaps%2Copi%2Cxoaf&signature=BF6AAB3D4430CACE152B9187312DC84373EE659D.A4720C5E9D32CB844611A6CC9D701A6F66CF4CEC&key=yt8&kind=asr&lang=en&variant=punctuated&tlang=ve&fmt=ttml", "name": "Venda", "impersonate": true, "__yt_dlp_client": "tv"}, {"ext": "srt", "url": "https://www.youtube.com/api/timedtext?v=gqAmIg0fcts&ei=T32DaNr0O9zXsfIP_qmmyAk&caps=asr&opi=112496729&xoaf=5&xospf=1&hl=en&ip=0.0.0.0&ipbits=0&expire=1753472960&sparams=ip%2Cipbits%2Cexpire%2Cv%2Cei%2Ccaps%2Copi%2Cxoaf&signature=BF6AAB3D4430CACE152B9187312DC84373EE659D.A4720C5E9D32CB844611A6CC9D701A6F66CF4CEC&key=yt8&kind=asr&lang=en&variant=punctuated&tlang=ve&fmt=srt", "name": "Venda", "impersonate": true, "__yt_dlp_client": "tv"}, {"ext": "vtt", "url": "https://www.youtube.com/api/timedtext?v=gqAmIg0fcts&ei=T32DaNr0O9zXsfIP_qmmyAk&caps=asr&opi=112496729&xoaf=5&xospf=1&hl=en&ip=0.0.0.0&ipbits=0&expire=1753472960&sparams=ip%2Cipbits%2Cexpire%2Cv%2Cei%2Ccaps%2Copi%2Cxoaf&signature=BF6AAB3D4430CACE152B9187312DC84373EE659D.A4720C5E9D32CB844611A6CC9D701A6F66CF4CEC&key=yt8&kind=asr&lang=en&variant=punctuated&tlang=ve&fmt=vtt", "name": "Venda", "impersonate": true, "__yt_dlp_client": "tv"}], "vi": [{"ext": "json3", "url": "https://www.youtube.com/api/timedtext?v=gqAmIg0fcts&ei=T32DaNr0O9zXsfIP_qmmyAk&caps=asr&opi=112496729&xoaf=5&xospf=1&hl=en&ip=0.0.0.0&ipbits=0&expire=1753472960&sparams=ip%2Cipbits%2Cexpire%2Cv%2Cei%2Ccaps%2Copi%2Cxoaf&signature=BF6AAB3D4430CACE152B9187312DC84373EE659D.A4720C5E9D32CB844611A6CC9D701A6F66CF4CEC&key=yt8&kind=asr&lang=en&variant=punctuated&tlang=vi&fmt=json3", "name": "Vietnamese", "impersonate": true, "__yt_dlp_client": "tv"}, {"ext": "srv1", "url": "https://www.youtube.com/api/timedtext?v=gqAmIg0fcts&ei=T32DaNr0O9zXsfIP_qmmyAk&caps=asr&opi=112496729&xoaf=5&xospf=1&hl=en&ip=0.0.0.0&ipbits=0&expire=1753472960&sparams=ip%2Cipbits%2Cexpire%2Cv%2Cei%2Ccaps%2Copi%2Cxoaf&signature=BF6AAB3D4430CACE152B9187312DC84373EE659D.A4720C5E9D32CB844611A6CC9D701A6F66CF4CEC&key=yt8&kind=asr&lang=en&variant=punctuated&tlang=vi&fmt=srv1", "name": "Vietnamese", "impersonate": true, "__yt_dlp_client": "tv"}, {"ext": "srv2", "url": "https://www.youtube.com/api/timedtext?v=gqAmIg0fcts&ei=T32DaNr0O9zXsfIP_qmmyAk&caps=asr&opi=112496729&xoaf=5&xospf=1&hl=en&ip=0.0.0.0&ipbits=0&expire=1753472960&sparams=ip%2Cipbits%2Cexpire%2Cv%2Cei%2Ccaps%2Copi%2Cxoaf&signature=BF6AAB3D4430CACE152B9187312DC84373EE659D.A4720C5E9D32CB844611A6CC9D701A6F66CF4CEC&key=yt8&kind=asr&lang=en&variant=punctuated&tlang=vi&fmt=srv2", "name": "Vietnamese", "impersonate": true, "__yt_dlp_client": "tv"}, {"ext": "srv3", "url": "https://www.youtube.com/api/timedtext?v=gqAmIg0fcts&ei=T32DaNr0O9zXsfIP_qmmyAk&caps=asr&opi=112496729&xoaf=5&xospf=1&hl=en&ip=0.0.0.0&ipbits=0&expire=1753472960&sparams=ip%2Cipbits%2Cexpire%2Cv%2Cei%2Ccaps%2Copi%2Cxoaf&signature=BF6AAB3D4430CACE152B9187312DC84373EE659D.A4720C5E9D32CB844611A6CC9D701A6F66CF4CEC&key=yt8&kind=asr&lang=en&variant=punctuated&tlang=vi&fmt=srv3", "name": "Vietnamese", "impersonate": true, "__yt_dlp_client": "tv"}, {"ext": "ttml", "url": "https://www.youtube.com/api/timedtext?v=gqAmIg0fcts&ei=T32DaNr0O9zXsfIP_qmmyAk&caps=asr&opi=112496729&xoaf=5&xospf=1&hl=en&ip=0.0.0.0&ipbits=0&expire=1753472960&sparams=ip%2Cipbits%2Cexpire%2Cv%2Cei%2Ccaps%2Copi%2Cxoaf&signature=BF6AAB3D4430CACE152B9187312DC84373EE659D.A4720C5E9D32CB844611A6CC9D701A6F66CF4CEC&key=yt8&kind=asr&lang=en&variant=punctuated&tlang=vi&fmt=ttml", "name": "Vietnamese", "impersonate": true, "__yt_dlp_client": "tv"}, {"ext": "srt", "url": "https://www.youtube.com/api/timedtext?v=gqAmIg0fcts&ei=T32DaNr0O9zXsfIP_qmmyAk&caps=asr&opi=112496729&xoaf=5&xospf=1&hl=en&ip=0.0.0.0&ipbits=0&expire=1753472960&sparams=ip%2Cipbits%2Cexpire%2Cv%2Cei%2Ccaps%2Copi%2Cxoaf&signature=BF6AAB3D4430CACE152B9187312DC84373EE659D.A4720C5E9D32CB844611A6CC9D701A6F66CF4CEC&key=yt8&kind=asr&lang=en&variant=punctuated&tlang=vi&fmt=srt", "name": "Vietnamese", "impersonate": true, "__yt_dlp_client": "tv"}, {"ext": "vtt", "url": "https://www.youtube.com/api/timedtext?v=gqAmIg0fcts&ei=T32DaNr0O9zXsfIP_qmmyAk&caps=asr&opi=112496729&xoaf=5&xospf=1&hl=en&ip=0.0.0.0&ipbits=0&expire=1753472960&sparams=ip%2Cipbits%2Cexpire%2Cv%2Cei%2Ccaps%2Copi%2Cxoaf&signature=BF6AAB3D4430CACE152B9187312DC84373EE659D.A4720C5E9D32CB844611A6CC9D701A6F66CF4CEC&key=yt8&kind=asr&lang=en&variant=punctuated&tlang=vi&fmt=vtt", "name": "Vietnamese", "impersonate": true, "__yt_dlp_client": "tv"}], "war": [{"ext": "json3", "url": "https://www.youtube.com/api/timedtext?v=gqAmIg0fcts&ei=T32DaNr0O9zXsfIP_qmmyAk&caps=asr&opi=112496729&xoaf=5&xospf=1&hl=en&ip=0.0.0.0&ipbits=0&expire=1753472960&sparams=ip%2Cipbits%2Cexpire%2Cv%2Cei%2Ccaps%2Copi%2Cxoaf&signature=BF6AAB3D4430CACE152B9187312DC84373EE659D.A4720C5E9D32CB844611A6CC9D701A6F66CF4CEC&key=yt8&kind=asr&lang=en&variant=punctuated&tlang=war&fmt=json3", "name": "Waray", "impersonate": true, "__yt_dlp_client": "tv"}, {"ext": "srv1", "url": "https://www.youtube.com/api/timedtext?v=gqAmIg0fcts&ei=T32DaNr0O9zXsfIP_qmmyAk&caps=asr&opi=112496729&xoaf=5&xospf=1&hl=en&ip=0.0.0.0&ipbits=0&expire=1753472960&sparams=ip%2Cipbits%2Cexpire%2Cv%2Cei%2Ccaps%2Copi%2Cxoaf&signature=BF6AAB3D4430CACE152B9187312DC84373EE659D.A4720C5E9D32CB844611A6CC9D701A6F66CF4CEC&key=yt8&kind=asr&lang=en&variant=punctuated&tlang=war&fmt=srv1", "name": "Waray", "impersonate": true, "__yt_dlp_client": "tv"}, {"ext": "srv2", "url": "https://www.youtube.com/api/timedtext?v=gqAmIg0fcts&ei=T32DaNr0O9zXsfIP_qmmyAk&caps=asr&opi=112496729&xoaf=5&xospf=1&hl=en&ip=0.0.0.0&ipbits=0&expire=1753472960&sparams=ip%2Cipbits%2Cexpire%2Cv%2Cei%2Ccaps%2Copi%2Cxoaf&signature=BF6AAB3D4430CACE152B9187312DC84373EE659D.A4720C5E9D32CB844611A6CC9D701A6F66CF4CEC&key=yt8&kind=asr&lang=en&variant=punctuated&tlang=war&fmt=srv2", "name": "Waray", "impersonate": true, "__yt_dlp_client": "tv"}, {"ext": "srv3", "url": "https://www.youtube.com/api/timedtext?v=gqAmIg0fcts&ei=T32DaNr0O9zXsfIP_qmmyAk&caps=asr&opi=112496729&xoaf=5&xospf=1&hl=en&ip=0.0.0.0&ipbits=0&expire=1753472960&sparams=ip%2Cipbits%2Cexpire%2Cv%2Cei%2Ccaps%2Copi%2Cxoaf&signature=BF6AAB3D4430CACE152B9187312DC84373EE659D.A4720C5E9D32CB844611A6CC9D701A6F66CF4CEC&key=yt8&kind=asr&lang=en&variant=punctuated&tlang=war&fmt=srv3", "name": "Waray", "impersonate": true, "__yt_dlp_client": "tv"}, {"ext": "ttml", "url": "https://www.youtube.com/api/timedtext?v=gqAmIg0fcts&ei=T32DaNr0O9zXsfIP_qmmyAk&caps=asr&opi=112496729&xoaf=5&xospf=1&hl=en&ip=0.0.0.0&ipbits=0&expire=1753472960&sparams=ip%2Cipbits%2Cexpire%2Cv%2Cei%2Ccaps%2Copi%2Cxoaf&signature=BF6AAB3D4430CACE152B9187312DC84373EE659D.A4720C5E9D32CB844611A6CC9D701A6F66CF4CEC&key=yt8&kind=asr&lang=en&variant=punctuated&tlang=war&fmt=ttml", "name": "Waray", "impersonate": true, "__yt_dlp_client": "tv"}, {"ext": "srt", "url": "https://www.youtube.com/api/timedtext?v=gqAmIg0fcts&ei=T32DaNr0O9zXsfIP_qmmyAk&caps=asr&opi=112496729&xoaf=5&xospf=1&hl=en&ip=0.0.0.0&ipbits=0&expire=1753472960&sparams=ip%2Cipbits%2Cexpire%2Cv%2Cei%2Ccaps%2Copi%2Cxoaf&signature=BF6AAB3D4430CACE152B9187312DC84373EE659D.A4720C5E9D32CB844611A6CC9D701A6F66CF4CEC&key=yt8&kind=asr&lang=en&variant=punctuated&tlang=war&fmt=srt", "name": "Waray", "impersonate": true, "__yt_dlp_client": "tv"}, {"ext": "vtt", "url": "https://www.youtube.com/api/timedtext?v=gqAmIg0fcts&ei=T32DaNr0O9zXsfIP_qmmyAk&caps=asr&opi=112496729&xoaf=5&xospf=1&hl=en&ip=0.0.0.0&ipbits=0&expire=1753472960&sparams=ip%2Cipbits%2Cexpire%2Cv%2Cei%2Ccaps%2Copi%2Cxoaf&signature=BF6AAB3D4430CACE152B9187312DC84373EE659D.A4720C5E9D32CB844611A6CC9D701A6F66CF4CEC&key=yt8&kind=asr&lang=en&variant=punctuated&tlang=war&fmt=vtt", "name": "Waray", "impersonate": true, "__yt_dlp_client": "tv"}], "cy": [{"ext": "json3", "url": "https://www.youtube.com/api/timedtext?v=gqAmIg0fcts&ei=T32DaNr0O9zXsfIP_qmmyAk&caps=asr&opi=112496729&xoaf=5&xospf=1&hl=en&ip=0.0.0.0&ipbits=0&expire=1753472960&sparams=ip%2Cipbits%2Cexpire%2Cv%2Cei%2Ccaps%2Copi%2Cxoaf&signature=BF6AAB3D4430CACE152B9187312DC84373EE659D.A4720C5E9D32CB844611A6CC9D701A6F66CF4CEC&key=yt8&kind=asr&lang=en&variant=punctuated&tlang=cy&fmt=json3", "name": "Welsh", "impersonate": true, "__yt_dlp_client": "tv"}, {"ext": "srv1", "url": "https://www.youtube.com/api/timedtext?v=gqAmIg0fcts&ei=T32DaNr0O9zXsfIP_qmmyAk&caps=asr&opi=112496729&xoaf=5&xospf=1&hl=en&ip=0.0.0.0&ipbits=0&expire=1753472960&sparams=ip%2Cipbits%2Cexpire%2Cv%2Cei%2Ccaps%2Copi%2Cxoaf&signature=BF6AAB3D4430CACE152B9187312DC84373EE659D.A4720C5E9D32CB844611A6CC9D701A6F66CF4CEC&key=yt8&kind=asr&lang=en&variant=punctuated&tlang=cy&fmt=srv1", "name": "Welsh", "impersonate": true, "__yt_dlp_client": "tv"}, {"ext": "srv2", "url": "https://www.youtube.com/api/timedtext?v=gqAmIg0fcts&ei=T32DaNr0O9zXsfIP_qmmyAk&caps=asr&opi=112496729&xoaf=5&xospf=1&hl=en&ip=0.0.0.0&ipbits=0&expire=1753472960&sparams=ip%2Cipbits%2Cexpire%2Cv%2Cei%2Ccaps%2Copi%2Cxoaf&signature=BF6AAB3D4430CACE152B9187312DC84373EE659D.A4720C5E9D32CB844611A6CC9D701A6F66CF4CEC&key=yt8&kind=asr&lang=en&variant=punctuated&tlang=cy&fmt=srv2", "name": "Welsh", "impersonate": true, "__yt_dlp_client": "tv"}, {"ext": "srv3", "url": "https://www.youtube.com/api/timedtext?v=gqAmIg0fcts&ei=T32DaNr0O9zXsfIP_qmmyAk&caps=asr&opi=112496729&xoaf=5&xospf=1&hl=en&ip=0.0.0.0&ipbits=0&expire=1753472960&sparams=ip%2Cipbits%2Cexpire%2Cv%2Cei%2Ccaps%2Copi%2Cxoaf&signature=BF6AAB3D4430CACE152B9187312DC84373EE659D.A4720C5E9D32CB844611A6CC9D701A6F66CF4CEC&key=yt8&kind=asr&lang=en&variant=punctuated&tlang=cy&fmt=srv3", "name": "Welsh", "impersonate": true, "__yt_dlp_client": "tv"}, {"ext": "ttml", "url": "https://www.youtube.com/api/timedtext?v=gqAmIg0fcts&ei=T32DaNr0O9zXsfIP_qmmyAk&caps=asr&opi=112496729&xoaf=5&xospf=1&hl=en&ip=0.0.0.0&ipbits=0&expire=1753472960&sparams=ip%2Cipbits%2Cexpire%2Cv%2Cei%2Ccaps%2Copi%2Cxoaf&signature=BF6AAB3D4430CACE152B9187312DC84373EE659D.A4720C5E9D32CB844611A6CC9D701A6F66CF4CEC&key=yt8&kind=asr&lang=en&variant=punctuated&tlang=cy&fmt=ttml", "name": "Welsh", "impersonate": true, "__yt_dlp_client": "tv"}, {"ext": "srt", "url": "https://www.youtube.com/api/timedtext?v=gqAmIg0fcts&ei=T32DaNr0O9zXsfIP_qmmyAk&caps=asr&opi=112496729&xoaf=5&xospf=1&hl=en&ip=0.0.0.0&ipbits=0&expire=1753472960&sparams=ip%2Cipbits%2Cexpire%2Cv%2Cei%2Ccaps%2Copi%2Cxoaf&signature=BF6AAB3D4430CACE152B9187312DC84373EE659D.A4720C5E9D32CB844611A6CC9D701A6F66CF4CEC&key=yt8&kind=asr&lang=en&variant=punctuated&tlang=cy&fmt=srt", "name": "Welsh", "impersonate": true, "__yt_dlp_client": "tv"}, {"ext": "vtt", "url": "https://www.youtube.com/api/timedtext?v=gqAmIg0fcts&ei=T32DaNr0O9zXsfIP_qmmyAk&caps=asr&opi=112496729&xoaf=5&xospf=1&hl=en&ip=0.0.0.0&ipbits=0&expire=1753472960&sparams=ip%2Cipbits%2Cexpire%2Cv%2Cei%2Ccaps%2Copi%2Cxoaf&signature=BF6AAB3D4430CACE152B9187312DC84373EE659D.A4720C5E9D32CB844611A6CC9D701A6F66CF4CEC&key=yt8&kind=asr&lang=en&variant=punctuated&tlang=cy&fmt=vtt", "name": "Welsh", "impersonate": true, "__yt_dlp_client": "tv"}], "fy": [{"ext": "json3", "url": "https://www.youtube.com/api/timedtext?v=gqAmIg0fcts&ei=T32DaNr0O9zXsfIP_qmmyAk&caps=asr&opi=112496729&xoaf=5&xospf=1&hl=en&ip=0.0.0.0&ipbits=0&expire=1753472960&sparams=ip%2Cipbits%2Cexpire%2Cv%2Cei%2Ccaps%2Copi%2Cxoaf&signature=BF6AAB3D4430CACE152B9187312DC84373EE659D.A4720C5E9D32CB844611A6CC9D701A6F66CF4CEC&key=yt8&kind=asr&lang=en&variant=punctuated&tlang=fy&fmt=json3", "name": "Western Frisian", "impersonate": true, "__yt_dlp_client": "tv"}, {"ext": "srv1", "url": "https://www.youtube.com/api/timedtext?v=gqAmIg0fcts&ei=T32DaNr0O9zXsfIP_qmmyAk&caps=asr&opi=112496729&xoaf=5&xospf=1&hl=en&ip=0.0.0.0&ipbits=0&expire=1753472960&sparams=ip%2Cipbits%2Cexpire%2Cv%2Cei%2Ccaps%2Copi%2Cxoaf&signature=BF6AAB3D4430CACE152B9187312DC84373EE659D.A4720C5E9D32CB844611A6CC9D701A6F66CF4CEC&key=yt8&kind=asr&lang=en&variant=punctuated&tlang=fy&fmt=srv1", "name": "Western Frisian", "impersonate": true, "__yt_dlp_client": "tv"}, {"ext": "srv2", "url": "https://www.youtube.com/api/timedtext?v=gqAmIg0fcts&ei=T32DaNr0O9zXsfIP_qmmyAk&caps=asr&opi=112496729&xoaf=5&xospf=1&hl=en&ip=0.0.0.0&ipbits=0&expire=1753472960&sparams=ip%2Cipbits%2Cexpire%2Cv%2Cei%2Ccaps%2Copi%2Cxoaf&signature=BF6AAB3D4430CACE152B9187312DC84373EE659D.A4720C5E9D32CB844611A6CC9D701A6F66CF4CEC&key=yt8&kind=asr&lang=en&variant=punctuated&tlang=fy&fmt=srv2", "name": "Western Frisian", "impersonate": true, "__yt_dlp_client": "tv"}, {"ext": "srv3", "url": "https://www.youtube.com/api/timedtext?v=gqAmIg0fcts&ei=T32DaNr0O9zXsfIP_qmmyAk&caps=asr&opi=112496729&xoaf=5&xospf=1&hl=en&ip=0.0.0.0&ipbits=0&expire=1753472960&sparams=ip%2Cipbits%2Cexpire%2Cv%2Cei%2Ccaps%2Copi%2Cxoaf&signature=BF6AAB3D4430CACE152B9187312DC84373EE659D.A4720C5E9D32CB844611A6CC9D701A6F66CF4CEC&key=yt8&kind=asr&lang=en&variant=punctuated&tlang=fy&fmt=srv3", "name": "Western Frisian", "impersonate": true, "__yt_dlp_client": "tv"}, {"ext": "ttml", "url": "https://www.youtube.com/api/timedtext?v=gqAmIg0fcts&ei=T32DaNr0O9zXsfIP_qmmyAk&caps=asr&opi=112496729&xoaf=5&xospf=1&hl=en&ip=0.0.0.0&ipbits=0&expire=1753472960&sparams=ip%2Cipbits%2Cexpire%2Cv%2Cei%2Ccaps%2Copi%2Cxoaf&signature=BF6AAB3D4430CACE152B9187312DC84373EE659D.A4720C5E9D32CB844611A6CC9D701A6F66CF4CEC&key=yt8&kind=asr&lang=en&variant=punctuated&tlang=fy&fmt=ttml", "name": "Western Frisian", "impersonate": true, "__yt_dlp_client": "tv"}, {"ext": "srt", "url": "https://www.youtube.com/api/timedtext?v=gqAmIg0fcts&ei=T32DaNr0O9zXsfIP_qmmyAk&caps=asr&opi=112496729&xoaf=5&xospf=1&hl=en&ip=0.0.0.0&ipbits=0&expire=1753472960&sparams=ip%2Cipbits%2Cexpire%2Cv%2Cei%2Ccaps%2Copi%2Cxoaf&signature=BF6AAB3D4430CACE152B9187312DC84373EE659D.A4720C5E9D32CB844611A6CC9D701A6F66CF4CEC&key=yt8&kind=asr&lang=en&variant=punctuated&tlang=fy&fmt=srt", "name": "Western Frisian", "impersonate": true, "__yt_dlp_client": "tv"}, {"ext": "vtt", "url": "https://www.youtube.com/api/timedtext?v=gqAmIg0fcts&ei=T32DaNr0O9zXsfIP_qmmyAk&caps=asr&opi=112496729&xoaf=5&xospf=1&hl=en&ip=0.0.0.0&ipbits=0&expire=1753472960&sparams=ip%2Cipbits%2Cexpire%2Cv%2Cei%2Ccaps%2Copi%2Cxoaf&signature=BF6AAB3D4430CACE152B9187312DC84373EE659D.A4720C5E9D32CB844611A6CC9D701A6F66CF4CEC&key=yt8&kind=asr&lang=en&variant=punctuated&tlang=fy&fmt=vtt", "name": "Western Frisian", "impersonate": true, "__yt_dlp_client": "tv"}], "wo": [{"ext": "json3", "url": "https://www.youtube.com/api/timedtext?v=gqAmIg0fcts&ei=T32DaNr0O9zXsfIP_qmmyAk&caps=asr&opi=112496729&xoaf=5&xospf=1&hl=en&ip=0.0.0.0&ipbits=0&expire=1753472960&sparams=ip%2Cipbits%2Cexpire%2Cv%2Cei%2Ccaps%2Copi%2Cxoaf&signature=BF6AAB3D4430CACE152B9187312DC84373EE659D.A4720C5E9D32CB844611A6CC9D701A6F66CF4CEC&key=yt8&kind=asr&lang=en&variant=punctuated&tlang=wo&fmt=json3", "name": "Wolof", "impersonate": true, "__yt_dlp_client": "tv"}, {"ext": "srv1", "url": "https://www.youtube.com/api/timedtext?v=gqAmIg0fcts&ei=T32DaNr0O9zXsfIP_qmmyAk&caps=asr&opi=112496729&xoaf=5&xospf=1&hl=en&ip=0.0.0.0&ipbits=0&expire=1753472960&sparams=ip%2Cipbits%2Cexpire%2Cv%2Cei%2Ccaps%2Copi%2Cxoaf&signature=BF6AAB3D4430CACE152B9187312DC84373EE659D.A4720C5E9D32CB844611A6CC9D701A6F66CF4CEC&key=yt8&kind=asr&lang=en&variant=punctuated&tlang=wo&fmt=srv1", "name": "Wolof", "impersonate": true, "__yt_dlp_client": "tv"}, {"ext": "srv2", "url": "https://www.youtube.com/api/timedtext?v=gqAmIg0fcts&ei=T32DaNr0O9zXsfIP_qmmyAk&caps=asr&opi=112496729&xoaf=5&xospf=1&hl=en&ip=0.0.0.0&ipbits=0&expire=1753472960&sparams=ip%2Cipbits%2Cexpire%2Cv%2Cei%2Ccaps%2Copi%2Cxoaf&signature=BF6AAB3D4430CACE152B9187312DC84373EE659D.A4720C5E9D32CB844611A6CC9D701A6F66CF4CEC&key=yt8&kind=asr&lang=en&variant=punctuated&tlang=wo&fmt=srv2", "name": "Wolof", "impersonate": true, "__yt_dlp_client": "tv"}, {"ext": "srv3", "url": "https://www.youtube.com/api/timedtext?v=gqAmIg0fcts&ei=T32DaNr0O9zXsfIP_qmmyAk&caps=asr&opi=112496729&xoaf=5&xospf=1&hl=en&ip=0.0.0.0&ipbits=0&expire=1753472960&sparams=ip%2Cipbits%2Cexpire%2Cv%2Cei%2Ccaps%2Copi%2Cxoaf&signature=BF6AAB3D4430CACE152B9187312DC84373EE659D.A4720C5E9D32CB844611A6CC9D701A6F66CF4CEC&key=yt8&kind=asr&lang=en&variant=punctuated&tlang=wo&fmt=srv3", "name": "Wolof", "impersonate": true, "__yt_dlp_client": "tv"}, {"ext": "ttml", "url": "https://www.youtube.com/api/timedtext?v=gqAmIg0fcts&ei=T32DaNr0O9zXsfIP_qmmyAk&caps=asr&opi=112496729&xoaf=5&xospf=1&hl=en&ip=0.0.0.0&ipbits=0&expire=1753472960&sparams=ip%2Cipbits%2Cexpire%2Cv%2Cei%2Ccaps%2Copi%2Cxoaf&signature=BF6AAB3D4430CACE152B9187312DC84373EE659D.A4720C5E9D32CB844611A6CC9D701A6F66CF4CEC&key=yt8&kind=asr&lang=en&variant=punctuated&tlang=wo&fmt=ttml", "name": "Wolof", "impersonate": true, "__yt_dlp_client": "tv"}, {"ext": "srt", "url": "https://www.youtube.com/api/timedtext?v=gqAmIg0fcts&ei=T32DaNr0O9zXsfIP_qmmyAk&caps=asr&opi=112496729&xoaf=5&xospf=1&hl=en&ip=0.0.0.0&ipbits=0&expire=1753472960&sparams=ip%2Cipbits%2Cexpire%2Cv%2Cei%2Ccaps%2Copi%2Cxoaf&signature=BF6AAB3D4430CACE152B9187312DC84373EE659D.A4720C5E9D32CB844611A6CC9D701A6F66CF4CEC&key=yt8&kind=asr&lang=en&variant=punctuated&tlang=wo&fmt=srt", "name": "Wolof", "impersonate": true, "__yt_dlp_client": "tv"}, {"ext": "vtt", "url": "https://www.youtube.com/api/timedtext?v=gqAmIg0fcts&ei=T32DaNr0O9zXsfIP_qmmyAk&caps=asr&opi=112496729&xoaf=5&xospf=1&hl=en&ip=0.0.0.0&ipbits=0&expire=1753472960&sparams=ip%2Cipbits%2Cexpire%2Cv%2Cei%2Ccaps%2Copi%2Cxoaf&signature=BF6AAB3D4430CACE152B9187312DC84373EE659D.A4720C5E9D32CB844611A6CC9D701A6F66CF4CEC&key=yt8&kind=asr&lang=en&variant=punctuated&tlang=wo&fmt=vtt", "name": "Wolof", "impersonate": true, "__yt_dlp_client": "tv"}], "xh": [{"ext": "json3", "url": "https://www.youtube.com/api/timedtext?v=gqAmIg0fcts&ei=T32DaNr0O9zXsfIP_qmmyAk&caps=asr&opi=112496729&xoaf=5&xospf=1&hl=en&ip=0.0.0.0&ipbits=0&expire=1753472960&sparams=ip%2Cipbits%2Cexpire%2Cv%2Cei%2Ccaps%2Copi%2Cxoaf&signature=BF6AAB3D4430CACE152B9187312DC84373EE659D.A4720C5E9D32CB844611A6CC9D701A6F66CF4CEC&key=yt8&kind=asr&lang=en&variant=punctuated&tlang=xh&fmt=json3", "name": "Xhosa", "impersonate": true, "__yt_dlp_client": "tv"}, {"ext": "srv1", "url": "https://www.youtube.com/api/timedtext?v=gqAmIg0fcts&ei=T32DaNr0O9zXsfIP_qmmyAk&caps=asr&opi=112496729&xoaf=5&xospf=1&hl=en&ip=0.0.0.0&ipbits=0&expire=1753472960&sparams=ip%2Cipbits%2Cexpire%2Cv%2Cei%2Ccaps%2Copi%2Cxoaf&signature=BF6AAB3D4430CACE152B9187312DC84373EE659D.A4720C5E9D32CB844611A6CC9D701A6F66CF4CEC&key=yt8&kind=asr&lang=en&variant=punctuated&tlang=xh&fmt=srv1", "name": "Xhosa", "impersonate": true, "__yt_dlp_client": "tv"}, {"ext": "srv2", "url": "https://www.youtube.com/api/timedtext?v=gqAmIg0fcts&ei=T32DaNr0O9zXsfIP_qmmyAk&caps=asr&opi=112496729&xoaf=5&xospf=1&hl=en&ip=0.0.0.0&ipbits=0&expire=1753472960&sparams=ip%2Cipbits%2Cexpire%2Cv%2Cei%2Ccaps%2Copi%2Cxoaf&signature=BF6AAB3D4430CACE152B9187312DC84373EE659D.A4720C5E9D32CB844611A6CC9D701A6F66CF4CEC&key=yt8&kind=asr&lang=en&variant=punctuated&tlang=xh&fmt=srv2", "name": "Xhosa", "impersonate": true, "__yt_dlp_client": "tv"}, {"ext": "srv3", "url": "https://www.youtube.com/api/timedtext?v=gqAmIg0fcts&ei=T32DaNr0O9zXsfIP_qmmyAk&caps=asr&opi=112496729&xoaf=5&xospf=1&hl=en&ip=0.0.0.0&ipbits=0&expire=1753472960&sparams=ip%2Cipbits%2Cexpire%2Cv%2Cei%2Ccaps%2Copi%2Cxoaf&signature=BF6AAB3D4430CACE152B9187312DC84373EE659D.A4720C5E9D32CB844611A6CC9D701A6F66CF4CEC&key=yt8&kind=asr&lang=en&variant=punctuated&tlang=xh&fmt=srv3", "name": "Xhosa", "impersonate": true, "__yt_dlp_client": "tv"}, {"ext": "ttml", "url": "https://www.youtube.com/api/timedtext?v=gqAmIg0fcts&ei=T32DaNr0O9zXsfIP_qmmyAk&caps=asr&opi=112496729&xoaf=5&xospf=1&hl=en&ip=0.0.0.0&ipbits=0&expire=1753472960&sparams=ip%2Cipbits%2Cexpire%2Cv%2Cei%2Ccaps%2Copi%2Cxoaf&signature=BF6AAB3D4430CACE152B9187312DC84373EE659D.A4720C5E9D32CB844611A6CC9D701A6F66CF4CEC&key=yt8&kind=asr&lang=en&variant=punctuated&tlang=xh&fmt=ttml", "name": "Xhosa", "impersonate": true, "__yt_dlp_client": "tv"}, {"ext": "srt", "url": "https://www.youtube.com/api/timedtext?v=gqAmIg0fcts&ei=T32DaNr0O9zXsfIP_qmmyAk&caps=asr&opi=112496729&xoaf=5&xospf=1&hl=en&ip=0.0.0.0&ipbits=0&expire=1753472960&sparams=ip%2Cipbits%2Cexpire%2Cv%2Cei%2Ccaps%2Copi%2Cxoaf&signature=BF6AAB3D4430CACE152B9187312DC84373EE659D.A4720C5E9D32CB844611A6CC9D701A6F66CF4CEC&key=yt8&kind=asr&lang=en&variant=punctuated&tlang=xh&fmt=srt", "name": "Xhosa", "impersonate": true, "__yt_dlp_client": "tv"}, {"ext": "vtt", "url": "https://www.youtube.com/api/timedtext?v=gqAmIg0fcts&ei=T32DaNr0O9zXsfIP_qmmyAk&caps=asr&opi=112496729&xoaf=5&xospf=1&hl=en&ip=0.0.0.0&ipbits=0&expire=1753472960&sparams=ip%2Cipbits%2Cexpire%2Cv%2Cei%2Ccaps%2Copi%2Cxoaf&signature=BF6AAB3D4430CACE152B9187312DC84373EE659D.A4720C5E9D32CB844611A6CC9D701A6F66CF4CEC&key=yt8&kind=asr&lang=en&variant=punctuated&tlang=xh&fmt=vtt", "name": "Xhosa", "impersonate": true, "__yt_dlp_client": "tv"}], "yi": [{"ext": "json3", "url": "https://www.youtube.com/api/timedtext?v=gqAmIg0fcts&ei=T32DaNr0O9zXsfIP_qmmyAk&caps=asr&opi=112496729&xoaf=5&xospf=1&hl=en&ip=0.0.0.0&ipbits=0&expire=1753472960&sparams=ip%2Cipbits%2Cexpire%2Cv%2Cei%2Ccaps%2Copi%2Cxoaf&signature=BF6AAB3D4430CACE152B9187312DC84373EE659D.A4720C5E9D32CB844611A6CC9D701A6F66CF4CEC&key=yt8&kind=asr&lang=en&variant=punctuated&tlang=yi&fmt=json3", "name": "Yiddish", "impersonate": true, "__yt_dlp_client": "tv"}, {"ext": "srv1", "url": "https://www.youtube.com/api/timedtext?v=gqAmIg0fcts&ei=T32DaNr0O9zXsfIP_qmmyAk&caps=asr&opi=112496729&xoaf=5&xospf=1&hl=en&ip=0.0.0.0&ipbits=0&expire=1753472960&sparams=ip%2Cipbits%2Cexpire%2Cv%2Cei%2Ccaps%2Copi%2Cxoaf&signature=BF6AAB3D4430CACE152B9187312DC84373EE659D.A4720C5E9D32CB844611A6CC9D701A6F66CF4CEC&key=yt8&kind=asr&lang=en&variant=punctuated&tlang=yi&fmt=srv1", "name": "Yiddish", "impersonate": true, "__yt_dlp_client": "tv"}, {"ext": "srv2", "url": "https://www.youtube.com/api/timedtext?v=gqAmIg0fcts&ei=T32DaNr0O9zXsfIP_qmmyAk&caps=asr&opi=112496729&xoaf=5&xospf=1&hl=en&ip=0.0.0.0&ipbits=0&expire=1753472960&sparams=ip%2Cipbits%2Cexpire%2Cv%2Cei%2Ccaps%2Copi%2Cxoaf&signature=BF6AAB3D4430CACE152B9187312DC84373EE659D.A4720C5E9D32CB844611A6CC9D701A6F66CF4CEC&key=yt8&kind=asr&lang=en&variant=punctuated&tlang=yi&fmt=srv2", "name": "Yiddish", "impersonate": true, "__yt_dlp_client": "tv"}, {"ext": "srv3", "url": "https://www.youtube.com/api/timedtext?v=gqAmIg0fcts&ei=T32DaNr0O9zXsfIP_qmmyAk&caps=asr&opi=112496729&xoaf=5&xospf=1&hl=en&ip=0.0.0.0&ipbits=0&expire=1753472960&sparams=ip%2Cipbits%2Cexpire%2Cv%2Cei%2Ccaps%2Copi%2Cxoaf&signature=BF6AAB3D4430CACE152B9187312DC84373EE659D.A4720C5E9D32CB844611A6CC9D701A6F66CF4CEC&key=yt8&kind=asr&lang=en&variant=punctuated&tlang=yi&fmt=srv3", "name": "Yiddish", "impersonate": true, "__yt_dlp_client": "tv"}, {"ext": "ttml", "url": "https://www.youtube.com/api/timedtext?v=gqAmIg0fcts&ei=T32DaNr0O9zXsfIP_qmmyAk&caps=asr&opi=112496729&xoaf=5&xospf=1&hl=en&ip=0.0.0.0&ipbits=0&expire=1753472960&sparams=ip%2Cipbits%2Cexpire%2Cv%2Cei%2Ccaps%2Copi%2Cxoaf&signature=BF6AAB3D4430CACE152B9187312DC84373EE659D.A4720C5E9D32CB844611A6CC9D701A6F66CF4CEC&key=yt8&kind=asr&lang=en&variant=punctuated&tlang=yi&fmt=ttml", "name": "Yiddish", "impersonate": true, "__yt_dlp_client": "tv"}, {"ext": "srt", "url": "https://www.youtube.com/api/timedtext?v=gqAmIg0fcts&ei=T32DaNr0O9zXsfIP_qmmyAk&caps=asr&opi=112496729&xoaf=5&xospf=1&hl=en&ip=0.0.0.0&ipbits=0&expire=1753472960&sparams=ip%2Cipbits%2Cexpire%2Cv%2Cei%2Ccaps%2Copi%2Cxoaf&signature=BF6AAB3D4430CACE152B9187312DC84373EE659D.A4720C5E9D32CB844611A6CC9D701A6F66CF4CEC&key=yt8&kind=asr&lang=en&variant=punctuated&tlang=yi&fmt=srt", "name": "Yiddish", "impersonate": true, "__yt_dlp_client": "tv"}, {"ext": "vtt", "url": "https://www.youtube.com/api/timedtext?v=gqAmIg0fcts&ei=T32DaNr0O9zXsfIP_qmmyAk&caps=asr&opi=112496729&xoaf=5&xospf=1&hl=en&ip=0.0.0.0&ipbits=0&expire=1753472960&sparams=ip%2Cipbits%2Cexpire%2Cv%2Cei%2Ccaps%2Copi%2Cxoaf&signature=BF6AAB3D4430CACE152B9187312DC84373EE659D.A4720C5E9D32CB844611A6CC9D701A6F66CF4CEC&key=yt8&kind=asr&lang=en&variant=punctuated&tlang=yi&fmt=vtt", "name": "Yiddish", "impersonate": true, "__yt_dlp_client": "tv"}], "yo": [{"ext": "json3", "url": "https://www.youtube.com/api/timedtext?v=gqAmIg0fcts&ei=T32DaNr0O9zXsfIP_qmmyAk&caps=asr&opi=112496729&xoaf=5&xospf=1&hl=en&ip=0.0.0.0&ipbits=0&expire=1753472960&sparams=ip%2Cipbits%2Cexpire%2Cv%2Cei%2Ccaps%2Copi%2Cxoaf&signature=BF6AAB3D4430CACE152B9187312DC84373EE659D.A4720C5E9D32CB844611A6CC9D701A6F66CF4CEC&key=yt8&kind=asr&lang=en&variant=punctuated&tlang=yo&fmt=json3", "name": "Yoruba", "impersonate": true, "__yt_dlp_client": "tv"}, {"ext": "srv1", "url": "https://www.youtube.com/api/timedtext?v=gqAmIg0fcts&ei=T32DaNr0O9zXsfIP_qmmyAk&caps=asr&opi=112496729&xoaf=5&xospf=1&hl=en&ip=0.0.0.0&ipbits=0&expire=1753472960&sparams=ip%2Cipbits%2Cexpire%2Cv%2Cei%2Ccaps%2Copi%2Cxoaf&signature=BF6AAB3D4430CACE152B9187312DC84373EE659D.A4720C5E9D32CB844611A6CC9D701A6F66CF4CEC&key=yt8&kind=asr&lang=en&variant=punctuated&tlang=yo&fmt=srv1", "name": "Yoruba", "impersonate": true, "__yt_dlp_client": "tv"}, {"ext": "srv2", "url": "https://www.youtube.com/api/timedtext?v=gqAmIg0fcts&ei=T32DaNr0O9zXsfIP_qmmyAk&caps=asr&opi=112496729&xoaf=5&xospf=1&hl=en&ip=0.0.0.0&ipbits=0&expire=1753472960&sparams=ip%2Cipbits%2Cexpire%2Cv%2Cei%2Ccaps%2Copi%2Cxoaf&signature=BF6AAB3D4430CACE152B9187312DC84373EE659D.A4720C5E9D32CB844611A6CC9D701A6F66CF4CEC&key=yt8&kind=asr&lang=en&variant=punctuated&tlang=yo&fmt=srv2", "name": "Yoruba", "impersonate": true, "__yt_dlp_client": "tv"}, {"ext": "srv3", "url": "https://www.youtube.com/api/timedtext?v=gqAmIg0fcts&ei=T32DaNr0O9zXsfIP_qmmyAk&caps=asr&opi=112496729&xoaf=5&xospf=1&hl=en&ip=0.0.0.0&ipbits=0&expire=1753472960&sparams=ip%2Cipbits%2Cexpire%2Cv%2Cei%2Ccaps%2Copi%2Cxoaf&signature=BF6AAB3D4430CACE152B9187312DC84373EE659D.A4720C5E9D32CB844611A6CC9D701A6F66CF4CEC&key=yt8&kind=asr&lang=en&variant=punctuated&tlang=yo&fmt=srv3", "name": "Yoruba", "impersonate": true, "__yt_dlp_client": "tv"}, {"ext": "ttml", "url": "https://www.youtube.com/api/timedtext?v=gqAmIg0fcts&ei=T32DaNr0O9zXsfIP_qmmyAk&caps=asr&opi=112496729&xoaf=5&xospf=1&hl=en&ip=0.0.0.0&ipbits=0&expire=1753472960&sparams=ip%2Cipbits%2Cexpire%2Cv%2Cei%2Ccaps%2Copi%2Cxoaf&signature=BF6AAB3D4430CACE152B9187312DC84373EE659D.A4720C5E9D32CB844611A6CC9D701A6F66CF4CEC&key=yt8&kind=asr&lang=en&variant=punctuated&tlang=yo&fmt=ttml", "name": "Yoruba", "impersonate": true, "__yt_dlp_client": "tv"}, {"ext": "srt", "url": "https://www.youtube.com/api/timedtext?v=gqAmIg0fcts&ei=T32DaNr0O9zXsfIP_qmmyAk&caps=asr&opi=112496729&xoaf=5&xospf=1&hl=en&ip=0.0.0.0&ipbits=0&expire=1753472960&sparams=ip%2Cipbits%2Cexpire%2Cv%2Cei%2Ccaps%2Copi%2Cxoaf&signature=BF6AAB3D4430CACE152B9187312DC84373EE659D.A4720C5E9D32CB844611A6CC9D701A6F66CF4CEC&key=yt8&kind=asr&lang=en&variant=punctuated&tlang=yo&fmt=srt", "name": "Yoruba", "impersonate": true, "__yt_dlp_client": "tv"}, {"ext": "vtt", "url": "https://www.youtube.com/api/timedtext?v=gqAmIg0fcts&ei=T32DaNr0O9zXsfIP_qmmyAk&caps=asr&opi=112496729&xoaf=5&xospf=1&hl=en&ip=0.0.0.0&ipbits=0&expire=1753472960&sparams=ip%2Cipbits%2Cexpire%2Cv%2Cei%2Ccaps%2Copi%2Cxoaf&signature=BF6AAB3D4430CACE152B9187312DC84373EE659D.A4720C5E9D32CB844611A6CC9D701A6F66CF4CEC&key=yt8&kind=asr&lang=en&variant=punctuated&tlang=yo&fmt=vtt", "name": "Yoruba", "impersonate": true, "__yt_dlp_client": "tv"}], "zu": [{"ext": "json3", "url": "https://www.youtube.com/api/timedtext?v=gqAmIg0fcts&ei=T32DaNr0O9zXsfIP_qmmyAk&caps=asr&opi=112496729&xoaf=5&xospf=1&hl=en&ip=0.0.0.0&ipbits=0&expire=1753472960&sparams=ip%2Cipbits%2Cexpire%2Cv%2Cei%2Ccaps%2Copi%2Cxoaf&signature=BF6AAB3D4430CACE152B9187312DC84373EE659D.A4720C5E9D32CB844611A6CC9D701A6F66CF4CEC&key=yt8&kind=asr&lang=en&variant=punctuated&tlang=zu&fmt=json3", "name": "Zulu", "impersonate": true, "__yt_dlp_client": "tv"}, {"ext": "srv1", "url": "https://www.youtube.com/api/timedtext?v=gqAmIg0fcts&ei=T32DaNr0O9zXsfIP_qmmyAk&caps=asr&opi=112496729&xoaf=5&xospf=1&hl=en&ip=0.0.0.0&ipbits=0&expire=1753472960&sparams=ip%2Cipbits%2Cexpire%2Cv%2Cei%2Ccaps%2Copi%2Cxoaf&signature=BF6AAB3D4430CACE152B9187312DC84373EE659D.A4720C5E9D32CB844611A6CC9D701A6F66CF4CEC&key=yt8&kind=asr&lang=en&variant=punctuated&tlang=zu&fmt=srv1", "name": "Zulu", "impersonate": true, "__yt_dlp_client": "tv"}, {"ext": "srv2", "url": "https://www.youtube.com/api/timedtext?v=gqAmIg0fcts&ei=T32DaNr0O9zXsfIP_qmmyAk&caps=asr&opi=112496729&xoaf=5&xospf=1&hl=en&ip=0.0.0.0&ipbits=0&expire=1753472960&sparams=ip%2Cipbits%2Cexpire%2Cv%2Cei%2Ccaps%2Copi%2Cxoaf&signature=BF6AAB3D4430CACE152B9187312DC84373EE659D.A4720C5E9D32CB844611A6CC9D701A6F66CF4CEC&key=yt8&kind=asr&lang=en&variant=punctuated&tlang=zu&fmt=srv2", "name": "Zulu", "impersonate": true, "__yt_dlp_client": "tv"}, {"ext": "srv3", "url": "https://www.youtube.com/api/timedtext?v=gqAmIg0fcts&ei=T32DaNr0O9zXsfIP_qmmyAk&caps=asr&opi=112496729&xoaf=5&xospf=1&hl=en&ip=0.0.0.0&ipbits=0&expire=1753472960&sparams=ip%2Cipbits%2Cexpire%2Cv%2Cei%2Ccaps%2Copi%2Cxoaf&signature=BF6AAB3D4430CACE152B9187312DC84373EE659D.A4720C5E9D32CB844611A6CC9D701A6F66CF4CEC&key=yt8&kind=asr&lang=en&variant=punctuated&tlang=zu&fmt=srv3", "name": "Zulu", "impersonate": true, "__yt_dlp_client": "tv"}, {"ext": "ttml", "url": "https://www.youtube.com/api/timedtext?v=gqAmIg0fcts&ei=T32DaNr0O9zXsfIP_qmmyAk&caps=asr&opi=112496729&xoaf=5&xospf=1&hl=en&ip=0.0.0.0&ipbits=0&expire=1753472960&sparams=ip%2Cipbits%2Cexpire%2Cv%2Cei%2Ccaps%2Copi%2Cxoaf&signature=BF6AAB3D4430CACE152B9187312DC84373EE659D.A4720C5E9D32CB844611A6CC9D701A6F66CF4CEC&key=yt8&kind=asr&lang=en&variant=punctuated&tlang=zu&fmt=ttml", "name": "Zulu", "impersonate": true, "__yt_dlp_client": "tv"}, {"ext": "srt", "url": "https://www.youtube.com/api/timedtext?v=gqAmIg0fcts&ei=T32DaNr0O9zXsfIP_qmmyAk&caps=asr&opi=112496729&xoaf=5&xospf=1&hl=en&ip=0.0.0.0&ipbits=0&expire=1753472960&sparams=ip%2Cipbits%2Cexpire%2Cv%2Cei%2Ccaps%2Copi%2Cxoaf&signature=BF6AAB3D4430CACE152B9187312DC84373EE659D.A4720C5E9D32CB844611A6CC9D701A6F66CF4CEC&key=yt8&kind=asr&lang=en&variant=punctuated&tlang=zu&fmt=srt", "name": "Zulu", "impersonate": true, "__yt_dlp_client": "tv"}, {"ext": "vtt", "url": "https://www.youtube.com/api/timedtext?v=gqAmIg0fcts&ei=T32DaNr0O9zXsfIP_qmmyAk&caps=asr&opi=112496729&xoaf=5&xospf=1&hl=en&ip=0.0.0.0&ipbits=0&expire=1753472960&sparams=ip%2Cipbits%2Cexpire%2Cv%2Cei%2Ccaps%2Copi%2Cxoaf&signature=BF6AAB3D4430CACE152B9187312DC84373EE659D.A4720C5E9D32CB844611A6CC9D701A6F66CF4CEC&key=yt8&kind=asr&lang=en&variant=punctuated&tlang=zu&fmt=vtt", "name": "Zulu", "impersonate": true, "__yt_dlp_client": "tv"}]}, "subtitles": {"en": [{"ext": "json3", "url": "https://www.youtube.com/api/timedtext?v=gqAmIg0fcts&ei=T32DaNr0O9zXsfIP_qmmyAk&caps=asr&opi=112496729&xoaf=5&xospf=1&hl=en&ip=0.0.0.0&ipbits=0&expire=1753472960&sparams=ip%2Cipbits%2Cexpire%2Cv%2Cei%2Ccaps%2Copi%2Cxoaf&signature=BF6AAB3D4430CACE152B9187312DC84373EE659D.A4720C5E9D32CB844611A6CC9D701A6F66CF4CEC&key=yt8&lang=en&fmt=json3", "name": "English", "impersonate": true, "__yt_dlp_client": "tv"}, {"ext": "srv1", "url": "https://www.youtube.com/api/timedtext?v=gqAmIg0fcts&ei=T32DaNr0O9zXsfIP_qmmyAk&caps=asr&opi=112496729&xoaf=5&xospf=1&hl=en&ip=0.0.0.0&ipbits=0&expire=1753472960&sparams=ip%2Cipbits%2Cexpire%2Cv%2Cei%2Ccaps%2Copi%2Cxoaf&signature=BF6AAB3D4430CACE152B9187312DC84373EE659D.A4720C5E9D32CB844611A6CC9D701A6F66CF4CEC&key=yt8&lang=en&fmt=srv1", "name": "English", "impersonate": true, "__yt_dlp_client": "tv"}, {"ext": "srv2", "url": "https://www.youtube.com/api/timedtext?v=gqAmIg0fcts&ei=T32DaNr0O9zXsfIP_qmmyAk&caps=asr&opi=112496729&xoaf=5&xospf=1&hl=en&ip=0.0.0.0&ipbits=0&expire=1753472960&sparams=ip%2Cipbits%2Cexpire%2Cv%2Cei%2Ccaps%2Copi%2Cxoaf&signature=BF6AAB3D4430CACE152B9187312DC84373EE659D.A4720C5E9D32CB844611A6CC9D701A6F66CF4CEC&key=yt8&lang=en&fmt=srv2", "name": "English", "impersonate": true, "__yt_dlp_client": "tv"}, {"ext": "srv3", "url": "https://www.youtube.com/api/timedtext?v=gqAmIg0fcts&ei=T32DaNr0O9zXsfIP_qmmyAk&caps=asr&opi=112496729&xoaf=5&xospf=1&hl=en&ip=0.0.0.0&ipbits=0&expire=1753472960&sparams=ip%2Cipbits%2Cexpire%2Cv%2Cei%2Ccaps%2Copi%2Cxoaf&signature=BF6AAB3D4430CACE152B9187312DC84373EE659D.A4720C5E9D32CB844611A6CC9D701A6F66CF4CEC&key=yt8&lang=en&fmt=srv3", "name": "English", "impersonate": true, "__yt_dlp_client": "tv"}, {"ext": "ttml", "url": "https://www.youtube.com/api/timedtext?v=gqAmIg0fcts&ei=T32DaNr0O9zXsfIP_qmmyAk&caps=asr&opi=112496729&xoaf=5&xospf=1&hl=en&ip=0.0.0.0&ipbits=0&expire=1753472960&sparams=ip%2Cipbits%2Cexpire%2Cv%2Cei%2Ccaps%2Copi%2Cxoaf&signature=BF6AAB3D4430CACE152B9187312DC84373EE659D.A4720C5E9D32CB844611A6CC9D701A6F66CF4CEC&key=yt8&lang=en&fmt=ttml", "name": "English", "impersonate": true, "__yt_dlp_client": "tv"}, {"ext": "srt", "url": "https://www.youtube.com/api/timedtext?v=gqAmIg0fcts&ei=T32DaNr0O9zXsfIP_qmmyAk&caps=asr&opi=112496729&xoaf=5&xospf=1&hl=en&ip=0.0.0.0&ipbits=0&expire=1753472960&sparams=ip%2Cipbits%2Cexpire%2Cv%2Cei%2Ccaps%2Copi%2Cxoaf&signature=BF6AAB3D4430CACE152B9187312DC84373EE659D.A4720C5E9D32CB844611A6CC9D701A6F66CF4CEC&key=yt8&lang=en&fmt=srt", "name": "English", "impersonate": true, "__yt_dlp_client": "tv"}, {"ext": "vtt", "url": "https://www.youtube.com/api/timedtext?v=gqAmIg0fcts&ei=T32DaNr0O9zXsfIP_qmmyAk&caps=asr&opi=112496729&xoaf=5&xospf=1&hl=en&ip=0.0.0.0&ipbits=0&expire=1753472960&sparams=ip%2Cipbits%2Cexpire%2Cv%2Cei%2Ccaps%2Copi%2Cxoaf&signature=BF6AAB3D4430CACE152B9187312DC84373EE659D.A4720C5E9D32CB844611A6CC9D701A6F66CF4CEC&key=yt8&lang=en&fmt=vtt", "name": "English", "impersonate": true, "__yt_dlp_client": "tv"}]}, "comment_count": 12, "chapters": [{"start_time": 0.0, "title": "Bloomberg Market: The Close", "end_time": 179.0}, {"start_time": 179.0, "title": "Rockefeller Asset Management\u2019s Alex Petrone", "end_time": 577.0}, {"start_time": 577.0, "title": "J.P. Morgan\u2019s Natasha Kaneva", "end_time": 983.0}, {"start_time": 983.0, "title": "Top Calls", "end_time": 1051.0}, {"start_time": 1051.0, "title": "Citi\u2019s Stephen Trent", "end_time": 1428.0}, {"start_time": 1428.0, "title": "Crow Holdings\u2019 Michael Levy", "end_time": 1879.0}, {"start_time": 1879.0, "title": "Lee Klaskow, Bloomberg News", "end_time": 2225.0}, {"start_time": 2225.0, "title": "The Bahnsen Group\u2019s David Bahnsen", "end_time": 2608.0}, {"start_time": 2608.0, "title": "The Closing Bell", "end_time": 3463.0}, {"start_time": 3463.0, "title": "Catarina Sariva, Bloomberg News", "end_time": 3736.0}, {"start_time": 3736.0, "title": "New Century Advisors\u2019 Claudia Sahm", "end_time": 4288.0}, {"start_time": 4288.0, "title": "Joe Mathieu, Bloomberg News", "end_time": 4502.0}, {"start_time": 4502.0, "title": "Wedbush Securities\u2019 Matt Bryson", "end_time": 5537.0}, {"start_time": 5537.0, "title": "AlixPartners\u2019a Rob Hornby", "end_time": 6015}], "heatmap": null, "like_count": 70, "channel": "Bloomberg Television", "channel_follower_count": 2770000, "channel_is_verified": true, "uploader": "Bloomberg Television", "uploader_id": "@markets", "uploader_url": "https://www.youtube.com/@markets", "upload_date": "20250724", "timestamp": 1753399865, "availability": "public", "original_url": "https://www.youtube.com/watch?v=gqAmIg0fcts", "webpage_url_basename": "watch", "webpage_url_domain": "youtube.com", "extractor": "youtube", "extractor_key": "Youtube", "playlist": null, "playlist_index": null, "display_id": "gqAmIg0fcts", "fulltitle": "Jobless Claim Falls For a Sixth Straight Week | The Close 7/24/2025", "duration_string": "1:40:15", "release_year": null, "is_live": false, "was_live": false, "requested_subtitles": null, "_has_drm": null, "epoch": 1753447761, "asr": 48000, "filesize": 83871015, "format_id": "251", "format_note": "medium", "source_preference": -1, "fps": null, "audio_channels": 2, "height": null, "quality": 3.0, "has_drm": false, "tbr": 111.545, "filesize_approx": 83870978, "url": "https://rr4---sn-a5mlrnek.googlevideo.com/videoplayback?expire=1753469360&ei=T32DaNr0O9zXsfIP_qmmyAk&ip=194.146.14.42&id=o-ADP616ZXNM_2NkbN_5RfopJP3RRAA0JwgtGYQQwlL_xB&itag=251&source=youtube&requiressl=yes&xpc=EgVo2aDSNQ%3D%3D&met=1753447760%2C&mh=56&mm=31%2C29&mn=sn-a5mlrnek%2Csn-a5mekndz&ms=au%2Crdu&mv=m&mvi=4&pl=24&rms=au%2Cau&initcwndbps=2520000&bui=AY1jyLMbYens3xC6p44TDDvI0HOi7MDtK1HeJPplcLMUNcx894LQUeGcGOk-yb7gD4CDH8a9CODMbfcp&vprv=1&svpuc=1&mime=audio%2Fwebm&ns=9J1BEuU_X8kAFKi-TaXbAfoQ&rqh=1&gir=yes&clen=83871015&dur=6015.221&lmt=1753419710790025&mt=1753447267&fvip=2&keepalive=yes&lmw=1&fexp=51542236%2C51543008&c=TVHTML5&sefc=1&txp=4432534&n=xa19pLuDrwYulA&sparams=expire%2Cei%2Cip%2Cid%2Citag%2Csource%2Crequiressl%2Cxpc%2Cbui%2Cvprv%2Csvpuc%2Cmime%2Cns%2Crqh%2Cgir%2Cclen%2Cdur%2Clmt&sig=AJfQdSswRgIhAN6coMQUGharPeY-9oKN3hlu0AN2yBWwx4N09WOZ0Fk6AiEA9uHtpp5DhJ7ueMoMuCzFUIlOcUJkKUwWIIsKjkM23XA%3D&lsparams=met%2Cmh%2Cmm%2Cmn%2Cms%2Cmv%2Cmvi%2Cpl%2Crms%2Cinitcwndbps&lsig=APaTxxMwRQIgOE_RSS7xTtXnW7NTQSneeLTFMKbcOUq4kXvv8I_8zbECIQDL1-vntlXI6uAxvoDCbzGfOG0a1F-hezOn4IX7fZ4cTg%3D%3D", "width": null, "language": "en", "language_preference": -1, "preference": null, "ext": "webm", "vcodec": "none", "acodec": "opus", "dynamic_range": null, "container": "webm_dash", "downloader_options": {"http_chunk_size": 10485760}, "protocol": "https", "audio_ext": "webm", "video_ext": "none", "vbr": 0, "abr": 111.545, "resolution": "audio only", "aspect_ratio": null, "http_headers": {"User-Agent": "Mozilla/5.0 (Windows NT 10.0; Win64; x64) AppleWebKit/537.36 (KHTML, like Gecko) Chrome/92.0.4515.159 Safari/537.36", "Accept": "text/html,application/xhtml+xml,application/xml;q=0.9,*/*;q=0.8", "Accept-Language": "en-us,en;q=0.5", "Sec-Fetch-Mode": "navigate"}, "format": "251 - audio only (medium)", "_filename": "Jobless Claim Falls For a Sixth Straight Week \uff5c The Close 7\u29f824\u29f82025 [gqAmIg0fcts].webm", "filename": "Jobless Claim Falls For a Sixth Straight Week \uff5c The Close 7\u29f824\u29f82025 [gqAmIg0fcts].webm", "_type": "video", "_version": {"version": "2025.07.21", "current_git_head": null, "release_git_head": "9951fdd0d08b655cb1af8cd7f32a3fb7e2b1324e", "repository": "yt-dlp/yt-dlp"}}
